Archive member included to satisfy reference by file (symbol)

c:/program files (x86)/gnu arm embedded toolchain/10 2021.10/bin/../lib/gcc/arm-none-eabi/10.3.1/../../../../arm-none-eabi/lib/thumb/v6-m/nofp\libc_nano.a(lib_a-exit.o)
                              c:/program files (x86)/gnu arm embedded toolchain/10 2021.10/bin/../lib/gcc/arm-none-eabi/10.3.1/../../../../arm-none-eabi/lib/thumb/v6-m/nofp/crt0.o (exit)
c:/program files (x86)/gnu arm embedded toolchain/10 2021.10/bin/../lib/gcc/arm-none-eabi/10.3.1/../../../../arm-none-eabi/lib/thumb/v6-m/nofp\libc_nano.a(lib_a-impure.o)
                              c:/program files (x86)/gnu arm embedded toolchain/10 2021.10/bin/../lib/gcc/arm-none-eabi/10.3.1/../../../../arm-none-eabi/lib/thumb/v6-m/nofp\libc_nano.a(lib_a-exit.o) (_global_impure_ptr)
c:/program files (x86)/gnu arm embedded toolchain/10 2021.10/bin/../lib/gcc/arm-none-eabi/10.3.1/../../../../arm-none-eabi/lib/thumb/v6-m/nofp\libc_nano.a(lib_a-init.o)
                              c:/program files (x86)/gnu arm embedded toolchain/10 2021.10/bin/../lib/gcc/arm-none-eabi/10.3.1/../../../../arm-none-eabi/lib/thumb/v6-m/nofp/crt0.o (__libc_init_array)
c:/program files (x86)/gnu arm embedded toolchain/10 2021.10/bin/../lib/gcc/arm-none-eabi/10.3.1/../../../../arm-none-eabi/lib/thumb/v6-m/nofp\libc_nano.a(lib_a-memset.o)
                              c:/program files (x86)/gnu arm embedded toolchain/10 2021.10/bin/../lib/gcc/arm-none-eabi/10.3.1/../../../../arm-none-eabi/lib/thumb/v6-m/nofp/crt0.o (memset)
c:/program files (x86)/gnu arm embedded toolchain/10 2021.10/bin/../lib/gcc/arm-none-eabi/10.3.1/thumb/v6-m/nofp\libgcc.a(_udivsi3.o)
                              CMakeFiles/Ethernet2SPI.dir/main.c.obj (__aeabi_uidiv)
c:/program files (x86)/gnu arm embedded toolchain/10 2021.10/bin/../lib/gcc/arm-none-eabi/10.3.1/thumb/v6-m/nofp\libgcc.a(_dvmd_tls.o)
                              c:/program files (x86)/gnu arm embedded toolchain/10 2021.10/bin/../lib/gcc/arm-none-eabi/10.3.1/thumb/v6-m/nofp\libgcc.a(_udivsi3.o) (__aeabi_idiv0)
c:/program files (x86)/gnu arm embedded toolchain/10 2021.10/bin/../lib/gcc/arm-none-eabi/10.3.1/thumb/v6-m/nofp\libgcc.a(_fixunssfsi.o)
                              CMakeFiles/Ethernet2SPI.dir/__/__/__/__/Libraries/W7500x_stdPeriph_Driver/src/W7500x_uart.c.obj (__aeabi_f2uiz)
c:/program files (x86)/gnu arm embedded toolchain/10 2021.10/bin/../lib/gcc/arm-none-eabi/10.3.1/thumb/v6-m/nofp\libgcc.a(_fixunsdfsi.o)
                              CMakeFiles/Ethernet2SPI.dir/__/__/__/__/Libraries/W7500x_stdPeriph_Driver/src/W7500x_uart.c.obj (__aeabi_d2uiz)
c:/program files (x86)/gnu arm embedded toolchain/10 2021.10/bin/../lib/gcc/arm-none-eabi/10.3.1/thumb/v6-m/nofp\libgcc.a(divsf3.o)
                              CMakeFiles/Ethernet2SPI.dir/__/__/__/__/Libraries/W7500x_stdPeriph_Driver/src/W7500x_uart.c.obj (__aeabi_fdiv)
c:/program files (x86)/gnu arm embedded toolchain/10 2021.10/bin/../lib/gcc/arm-none-eabi/10.3.1/thumb/v6-m/nofp\libgcc.a(mulsf3.o)
                              CMakeFiles/Ethernet2SPI.dir/__/__/__/__/Libraries/W7500x_stdPeriph_Driver/src/W7500x_uart.c.obj (__aeabi_fmul)
c:/program files (x86)/gnu arm embedded toolchain/10 2021.10/bin/../lib/gcc/arm-none-eabi/10.3.1/thumb/v6-m/nofp\libgcc.a(subsf3.o)
                              CMakeFiles/Ethernet2SPI.dir/__/__/__/__/Libraries/W7500x_stdPeriph_Driver/src/W7500x_uart.c.obj (__aeabi_fsub)
c:/program files (x86)/gnu arm embedded toolchain/10 2021.10/bin/../lib/gcc/arm-none-eabi/10.3.1/thumb/v6-m/nofp\libgcc.a(fixsfsi.o)
                              c:/program files (x86)/gnu arm embedded toolchain/10 2021.10/bin/../lib/gcc/arm-none-eabi/10.3.1/thumb/v6-m/nofp\libgcc.a(_fixunssfsi.o) (__aeabi_f2iz)
c:/program files (x86)/gnu arm embedded toolchain/10 2021.10/bin/../lib/gcc/arm-none-eabi/10.3.1/thumb/v6-m/nofp\libgcc.a(floatunsisf.o)
                              CMakeFiles/Ethernet2SPI.dir/__/__/__/__/Libraries/W7500x_stdPeriph_Driver/src/W7500x_uart.c.obj (__aeabi_ui2f)
c:/program files (x86)/gnu arm embedded toolchain/10 2021.10/bin/../lib/gcc/arm-none-eabi/10.3.1/thumb/v6-m/nofp\libgcc.a(adddf3.o)
                              CMakeFiles/Ethernet2SPI.dir/__/__/__/__/Libraries/W7500x_stdPeriph_Driver/src/W7500x_uart.c.obj (__aeabi_dadd)
c:/program files (x86)/gnu arm embedded toolchain/10 2021.10/bin/../lib/gcc/arm-none-eabi/10.3.1/thumb/v6-m/nofp\libgcc.a(subdf3.o)
                              c:/program files (x86)/gnu arm embedded toolchain/10 2021.10/bin/../lib/gcc/arm-none-eabi/10.3.1/thumb/v6-m/nofp\libgcc.a(_fixunsdfsi.o) (__aeabi_dsub)
c:/program files (x86)/gnu arm embedded toolchain/10 2021.10/bin/../lib/gcc/arm-none-eabi/10.3.1/thumb/v6-m/nofp\libgcc.a(fixdfsi.o)
                              c:/program files (x86)/gnu arm embedded toolchain/10 2021.10/bin/../lib/gcc/arm-none-eabi/10.3.1/thumb/v6-m/nofp\libgcc.a(_fixunsdfsi.o) (__aeabi_d2iz)
[...]
Memory Configuration

Name             Origin             Length             Attributes
FLASH            0x00000000         0x00020000         xr
RAM              0x20000000         0x00003fc0         xrw
*default*        0x00000000         0xffffffff

Linker script and memory map

LOAD c:/program files (x86)/gnu arm embedded toolchain/10 2021.10/bin/../lib/gcc/arm-none-eabi/10.3.1/thumb/v6-m/nofp/crti.o
LOAD c:/program files (x86)/gnu arm embedded toolchain/10 2021.10/bin/../lib/gcc/arm-none-eabi/10.3.1/thumb/v6-m/nofp/crtbegin.o
LOAD c:/program files (x86)/gnu arm embedded toolchain/10 2021.10/bin/../lib/gcc/arm-none-eabi/10.3.1/../../../../arm-none-eabi/lib/thumb/v6-m/nofp/crt0.o
LOAD c:/program files (x86)/gnu arm embedded toolchain/10 2021.10/bin/../lib/gcc/arm-none-eabi/10.3.1/../../../../arm-none-eabi/lib/thumb/v6-m/nofp\libc_nano.a
LOAD c:/program files (x86)/gnu arm embedded toolchain/10 2021.10/bin/../lib/gcc/arm-none-eabi/10.3.1/../../../../arm-none-eabi/lib/thumb/v6-m/nofp\libm.a
LOAD CMakeFiles/Ethernet2SPI.dir/main.c.obj
LOAD CMakeFiles/Ethernet2SPI.dir/W7500x_it.c.obj
LOAD CMakeFiles/Ethernet2SPI.dir/retarget.c.obj
LOAD CMakeFiles/Ethernet2SPI.dir/__/__/__/__/Libraries/Startup/startup_W7500.s.obj
LOAD CMakeFiles/Ethernet2SPI.dir/__/__/__/__/Libraries/W7500x_stdPeriph_Driver/src/W7500x_wztoe.c.obj
LOAD CMakeFiles/Ethernet2SPI.dir/__/__/__/__/Libraries/CMSIS/Device/WIZnet/W7500/Source/system_W7500x.c.obj
LOAD CMakeFiles/Ethernet2SPI.dir/__/__/__/__/Libraries/W7500x_stdPeriph_Driver/src/W7500x_crg.c.obj
LOAD CMakeFiles/Ethernet2SPI.dir/__/__/__/__/Libraries/W7500x_stdPeriph_Driver/src/W7500x_uart.c.obj
LOAD CMakeFiles/Ethernet2SPI.dir/__/__/__/__/Libraries/W7500x_stdPeriph_Driver/src/W7500x_gpio.c.obj
LOAD CMakeFiles/Ethernet2SPI.dir/__/__/__/__/ioLibrary/MDIO/W7500x_miim.c.obj
LOAD CMakeFiles/Ethernet2SPI.dir/__/__/__/__/Libraries/W7500x_stdPeriph_Driver/src/W7500x_ssp.c.obj
LOAD CMakeFiles/Ethernet2SPI.dir/__/__/__/__/ioLibrary/Ethernet/socket.c.obj
LOAD ../../../../Libraries/libWZTOE_FILES.a
LOAD ../../../../Libraries/libCRG_FILES.a
LOAD ../../../../Libraries/libUART_FILES.a
LOAD ../../../../Libraries/libGPIO_FILES.a
LOAD ../../../../ioLibrary/MDIO/libW7500X_MIIM_FILES.a
LOAD ../../../../Libraries/libSYSTEM_W7500X_FILES.a
LOAD ../../../../Libraries/libSSP_FILES.a
LOAD ../../../../ioLibrary/Ethernet/libSOCKET_FILES.a
LOAD ../../../../Libraries/libGPIO_FILES.a
LOAD ../../../../Libraries/libWZTOE_FILES.a
LOAD ../../../../Libraries/libSYSTEM_W7500X_FILES.a
START GROUP
LOAD c:/program files (x86)/gnu arm embedded toolchain/10 2021.10/bin/../lib/gcc/arm-none-eabi/10.3.1/thumb/v6-m/nofp\libgcc.a
LOAD c:/program files (x86)/gnu arm embedded toolchain/10 2021.10/bin/../lib/gcc/arm-none-eabi/10.3.1/../../../../arm-none-eabi/lib/thumb/v6-m/nofp\libg_nano.a
LOAD c:/program files (x86)/gnu arm embedded toolchain/10 2021.10/bin/../lib/gcc/arm-none-eabi/10.3.1/../../../../arm-none-eabi/lib/thumb/v6-m/nofp\libc_nano.a
END GROUP
START GROUP
LOAD c:/program files (x86)/gnu arm embedded toolchain/10 2021.10/bin/../lib/gcc/arm-none-eabi/10.3.1/thumb/v6-m/nofp\libgcc.a
LOAD c:/program files (x86)/gnu arm embedded toolchain/10 2021.10/bin/../lib/gcc/arm-none-eabi/10.3.1/../../../../arm-none-eabi/lib/thumb/v6-m/nofp\libc_nano.a
END GROUP
LOAD c:/program files (x86)/gnu arm embedded toolchain/10 2021.10/bin/../lib/gcc/arm-none-eabi/10.3.1/thumb/v6-m/nofp/crtend.o
LOAD c:/program files (x86)/gnu arm embedded toolchain/10 2021.10/bin/../lib/gcc/arm-none-eabi/10.3.1/thumb/v6-m/nofp/crtn.o
START GROUP
LOAD c:/program files (x86)/gnu arm embedded toolchain/10 2021.10/bin/../lib/gcc/arm-none-eabi/10.3.1/thumb/v6-m/nofp\libgcc.a
LOAD c:/program files (x86)/gnu arm embedded toolchain/10 2021.10/bin/../lib/gcc/arm-none-eabi/10.3.1/../../../../arm-none-eabi/lib/thumb/v6-m/nofp\libc.a
LOAD c:/program files (x86)/gnu arm embedded toolchain/10 2021.10/bin/../lib/gcc/arm-none-eabi/10.3.1/../../../../arm-none-eabi/lib/thumb/v6-m/nofp\libm.a
LOAD c:/program files (x86)/gnu arm embedded toolchain/10 2021.10/bin/../lib/gcc/arm-none-eabi/10.3.1/../../../../arm-none-eabi/lib/thumb/v6-m/nofp\libnosys.a
END GROUP

.text           0x00000000     0x5500
 *(.isr_vector)
 .isr_vector    0x00000000       0xa8 CMakeFiles/Ethernet2SPI.dir/__/__/__/__/Libraries/Startup/startup_W7500.s.obj
                0x00000000                __isr_vector
 *(.text*)
 .text          0x000000a8       0x48 c:/program files (x86)/gnu arm embedded toolchain/10 2021.10/bin/../lib/gcc/arm-none-eabi/10.3.1/thumb/v6-m/nofp/crtbegin.o
 .text.memset   0x000000f0       0x10 c:/program files (x86)/gnu arm embedded toolchain/10 2021.10/bin/../lib/gcc/arm-none-eabi/10.3.1/../../../../arm-none-eabi/lib/thumb/v6-m/nofp\libc_nano.a(lib_a-memset.o)
                0x000000f0                memset
 .text.NVIC_SetPriority
                0x00000100       0xdc CMakeFiles/Ethernet2SPI.dir/main.c.obj
 .text.SysTick_Config
                0x000001dc       0x48 CMakeFiles/Ethernet2SPI.dir/main.c.obj
 .text.main     0x00000224      0x708 CMakeFiles/Ethernet2SPI.dir/main.c.obj
                0x00000224                main
 .text.delay    0x0000092c       0x28 CMakeFiles/Ethernet2SPI.dir/main.c.obj
                0x0000092c                delay
 .text.TimingDelay_Decrement
                0x00000954       0x20 CMakeFiles/Ethernet2SPI.dir/main.c.obj
                0x00000954                TimingDelay_Decrement
 .text.SSP0_Initialize
                0x00000974       0x34 CMakeFiles/Ethernet2SPI.dir/main.c.obj
                0x00000974                SSP0_Initialize
 .text.SSP1_Initialize
                0x000009a8       0x34 CMakeFiles/Ethernet2SPI.dir/main.c.obj
                0x000009a8                SSP1_Initialize
 .text.GPIO_Initialize
                0x000009dc       0x64 CMakeFiles/Ethernet2SPI.dir/main.c.obj
                0x000009dc                GPIO_Initialize
 .text.NMI_Handler
                0x00000a40        0xa CMakeFiles/Ethernet2SPI.dir/W7500x_it.c.obj
                0x00000a40                NMI_Handler
 .text.HardFault_Handler
                0x00000a4a        0xa CMakeFiles/Ethernet2SPI.dir/W7500x_it.c.obj
                0x00000a4a                HardFault_Handler
 .text.SVC_Handler
                0x00000a54        0xa CMakeFiles/Ethernet2SPI.dir/W7500x_it.c.obj
                0x00000a54                SVC_Handler
 .text.PendSV_Handler
                0x00000a5e        0xa CMakeFiles/Ethernet2SPI.dir/W7500x_it.c.obj
                0x00000a5e                PendSV_Handler
 .text.SysTick_Handler
                0x00000a68        0xe CMakeFiles/Ethernet2SPI.dir/W7500x_it.c.obj
                0x00000a68                SysTick_Handler
 .text.SSP0_Handler
                0x00000a76        0xa CMakeFiles/Ethernet2SPI.dir/W7500x_it.c.obj
                0x00000a76                SSP0_Handler
 .text.SSP1_Handler
                0x00000a80        0xa CMakeFiles/Ethernet2SPI.dir/W7500x_it.c.obj
                0x00000a80                SSP1_Handler
 .text.UART0_Handler
                0x00000a8a        0xa CMakeFiles/Ethernet2SPI.dir/W7500x_it.c.obj
                0x00000a8a                UART0_Handler
 .text.UART1_Handler
                0x00000a94        0xa CMakeFiles/Ethernet2SPI.dir/W7500x_it.c.obj
                0x00000a94                UART1_Handler
 .text.UART2_Handler
                0x00000a9e        0xa CMakeFiles/Ethernet2SPI.dir/W7500x_it.c.obj
                0x00000a9e                UART2_Handler
 .text.I2C0_Handler
                0x00000aa8        0xa CMakeFiles/Ethernet2SPI.dir/W7500x_it.c.obj
                0x00000aa8                I2C0_Handler
 .text.I2C1_Handler
                0x00000ab2        0xa CMakeFiles/Ethernet2SPI.dir/W7500x_it.c.obj
                0x00000ab2                I2C1_Handler
 .text.PORT0_Handler
                0x00000abc        0xa CMakeFiles/Ethernet2SPI.dir/W7500x_it.c.obj
                0x00000abc                PORT0_Handler
 .text.PORT1_Handler
                0x00000ac6        0xa CMakeFiles/Ethernet2SPI.dir/W7500x_it.c.obj
                0x00000ac6                PORT1_Handler
 .text.PORT2_Handler
                0x00000ad0        0xa CMakeFiles/Ethernet2SPI.dir/W7500x_it.c.obj
                0x00000ad0                PORT2_Handler
 .text.PORT3_Handler
                0x00000ada        0xa CMakeFiles/Ethernet2SPI.dir/W7500x_it.c.obj
                0x00000ada                PORT3_Handler
 .text.DMA_Handler
                0x00000ae4        0xa CMakeFiles/Ethernet2SPI.dir/W7500x_it.c.obj
                0x00000ae4                DMA_Handler
 .text.DUALTIMER0_Handler
                0x00000aee        0xa CMakeFiles/Ethernet2SPI.dir/W7500x_it.c.obj
                0x00000aee                DUALTIMER0_Handler
 .text.DUALTIMER1_Handler
                0x00000af8        0xa CMakeFiles/Ethernet2SPI.dir/W7500x_it.c.obj
                0x00000af8                DUALTIMER1_Handler
 .text.PWM0_Handler
                0x00000b02        0xa CMakeFiles/Ethernet2SPI.dir/W7500x_it.c.obj
                0x00000b02                PWM0_Handler
 .text.PWM1_Handler
                0x00000b0c        0xa CMakeFiles/Ethernet2SPI.dir/W7500x_it.c.obj
                0x00000b0c                PWM1_Handler
 .text.PWM2_Handler
                0x00000b16        0xa CMakeFiles/Ethernet2SPI.dir/W7500x_it.c.obj
                0x00000b16                PWM2_Handler
 .text.PWM3_Handler
                0x00000b20        0xa CMakeFiles/Ethernet2SPI.dir/W7500x_it.c.obj
                0x00000b20                PWM3_Handler
 .text.PWM4_Handler
                0x00000b2a        0xa CMakeFiles/Ethernet2SPI.dir/W7500x_it.c.obj
                0x00000b2a                PWM4_Handler
 .text.PWM5_Handler
                0x00000b34        0xa CMakeFiles/Ethernet2SPI.dir/W7500x_it.c.obj
                0x00000b34                PWM5_Handler
 .text.PWM6_Handler
                0x00000b3e        0xa CMakeFiles/Ethernet2SPI.dir/W7500x_it.c.obj
                0x00000b3e                PWM6_Handler
 .text.PWM7_Handler
                0x00000b48        0xa CMakeFiles/Ethernet2SPI.dir/W7500x_it.c.obj
                0x00000b48                PWM7_Handler
 .text.ADC_Handler
                0x00000b52        0xa CMakeFiles/Ethernet2SPI.dir/W7500x_it.c.obj
                0x00000b52                ADC_Handler
 .text.WZTOE_Handler
                0x00000b5c        0xa CMakeFiles/Ethernet2SPI.dir/W7500x_it.c.obj
                0x00000b5c                WZTOE_Handler
 .text.EXTI_Handler
                0x00000b66        0xa CMakeFiles/Ethernet2SPI.dir/W7500x_it.c.obj
                0x00000b66                EXTI_Handler
 .text._write   0x00000b70       0x40 CMakeFiles/Ethernet2SPI.dir/retarget.c.obj
                0x00000b70                _write
 .text          0x00000bb0       0x84 CMakeFiles/Ethernet2SPI.dir/__/__/__/__/Libraries/Startup/startup_W7500.s.obj
                0x00000bb0                Reset_Handler
                0x00000bf0                MemManage_Handler
                0x00000bf2                BusFault_Handler
                0x00000bf4                UsageFault_Handler
                0x00000bf8                DebugMon_Handler
                0x00000c2a                RTC_Handler
 .text.WIZCHIP_READ
                0x00000c34       0x1e CMakeFiles/Ethernet2SPI.dir/__/__/__/__/Libraries/W7500x_stdPeriph_Driver/src/W7500x_wztoe.c.obj
                0x00000c34                WIZCHIP_READ
 .text.WIZCHIP_WRITE
                0x00000c52       0x1e CMakeFiles/Ethernet2SPI.dir/__/__/__/__/Libraries/W7500x_stdPeriph_Driver/src/W7500x_wztoe.c.obj
                0x00000c52                WIZCHIP_WRITE
 .text.WIZCHIP_READ_BUF
                0x00000c70       0x66 CMakeFiles/Ethernet2SPI.dir/__/__/__/__/Libraries/W7500x_stdPeriph_Driver/src/W7500x_wztoe.c.obj
                0x00000c70                WIZCHIP_READ_BUF
 .text.WIZCHIP_WRITE_BUF
                0x00000cd6       0x62 CMakeFiles/Ethernet2SPI.dir/__/__/__/__/Libraries/W7500x_stdPeriph_Driver/src/W7500x_wztoe.c.obj
                0x00000cd6                WIZCHIP_WRITE_BUF
 .text.wiz_send_data
                0x00000d38       0x84 CMakeFiles/Ethernet2SPI.dir/__/__/__/__/Libraries/W7500x_stdPeriph_Driver/src/W7500x_wztoe.c.obj
                0x00000d38                wiz_send_data
 .text.wiz_recv_data
                0x00000dbc       0x84 CMakeFiles/Ethernet2SPI.dir/__/__/__/__/Libraries/W7500x_stdPeriph_Driver/src/W7500x_wztoe.c.obj
                0x00000dbc                wiz_recv_data
 .text.GetSystemClock
                0x00000e40       0x14 CMakeFiles/Ethernet2SPI.dir/__/__/__/__/Libraries/CMSIS/Device/WIZnet/W7500/Source/system_W7500x.c.obj
                0x00000e40                GetSystemClock
 .text.SystemInit
                0x00000e54       0xb4 CMakeFiles/Ethernet2SPI.dir/__/__/__/__/Libraries/CMSIS/Device/WIZnet/W7500/Source/system_W7500x.c.obj
                0x00000e54                SystemInit
 .text.UART_StructInit
                0x00000f08       0x38 CMakeFiles/Ethernet2SPI.dir/__/__/__/__/Libraries/W7500x_stdPeriph_Driver/src/W7500x_uart.c.obj
                0x00000f08                UART_StructInit
 .text.UART_Init
                0x00000f40      0x134 CMakeFiles/Ethernet2SPI.dir/__/__/__/__/Libraries/W7500x_stdPeriph_Driver/src/W7500x_uart.c.obj
                0x00000f40                UART_Init
 .text.UART_SendData
                0x00001074       0x1e CMakeFiles/Ethernet2SPI.dir/__/__/__/__/Libraries/W7500x_stdPeriph_Driver/src/W7500x_uart.c.obj
                0x00001074                UART_SendData
 .text.UartPutc
                0x00001092       0x36 CMakeFiles/Ethernet2SPI.dir/__/__/__/__/Libraries/W7500x_stdPeriph_Driver/src/W7500x_uart.c.obj
                0x00001092                UartPutc
 .text.GPIO_Init
                0x000010c8      0x1b8 CMakeFiles/Ethernet2SPI.dir/__/__/__/__/Libraries/W7500x_stdPeriph_Driver/src/W7500x_gpio.c.obj
                0x000010c8                GPIO_Init
 .text.GPIO_StructInit
                0x00001280       0x28 CMakeFiles/Ethernet2SPI.dir/__/__/__/__/Libraries/W7500x_stdPeriph_Driver/src/W7500x_gpio.c.obj
                0x00001280                GPIO_StructInit
 .text.GPIO_ReadInputDataBit
                0x000012a8       0x40 CMakeFiles/Ethernet2SPI.dir/__/__/__/__/Libraries/W7500x_stdPeriph_Driver/src/W7500x_gpio.c.obj
                0x000012a8                GPIO_ReadInputDataBit
 .text.GPIO_SetBits
                0x000012e8       0x4a CMakeFiles/Ethernet2SPI.dir/__/__/__/__/Libraries/W7500x_stdPeriph_Driver/src/W7500x_gpio.c.obj
                0x000012e8                GPIO_SetBits
 .text.GPIO_ResetBits
                0x00001332       0x4e CMakeFiles/Ethernet2SPI.dir/__/__/__/__/Libraries/W7500x_stdPeriph_Driver/src/W7500x_gpio.c.obj
                0x00001332                GPIO_ResetBits
 .text.PAD_AFConfig
                0x00001380       0xfc CMakeFiles/Ethernet2SPI.dir/__/__/__/__/Libraries/W7500x_stdPeriph_Driver/src/W7500x_gpio.c.obj
                0x00001380                PAD_AFConfig
 .text.link     0x0000147c       0x2a CMakeFiles/Ethernet2SPI.dir/__/__/__/__/ioLibrary/MDIO/W7500x_miim.c.obj
                0x0000147c                link
 *fill*         0x000014a6        0x2 
 .text.mdio_init
                0x000014a8       0x7c CMakeFiles/Ethernet2SPI.dir/__/__/__/__/ioLibrary/MDIO/W7500x_miim.c.obj
                0x000014a8                mdio_init
 .text.output_MDIO
                0x00001524       0x84 CMakeFiles/Ethernet2SPI.dir/__/__/__/__/ioLibrary/MDIO/W7500x_miim.c.obj
                0x00001524                output_MDIO
 .text.input_MDIO
                0x000015a8       0x6e CMakeFiles/Ethernet2SPI.dir/__/__/__/__/ioLibrary/MDIO/W7500x_miim.c.obj
                0x000015a8                input_MDIO
 .text.turnaround_MDIO
                0x00001616       0x46 CMakeFiles/Ethernet2SPI.dir/__/__/__/__/ioLibrary/MDIO/W7500x_miim.c.obj
                0x00001616                turnaround_MDIO
 .text.idle_MDIO
                0x0000165c       0x40 CMakeFiles/Ethernet2SPI.dir/__/__/__/__/ioLibrary/MDIO/W7500x_miim.c.obj
                0x0000165c                idle_MDIO
 .text.mdio_read
                0x0000169c       0x6c CMakeFiles/Ethernet2SPI.dir/__/__/__/__/ioLibrary/MDIO/W7500x_miim.c.obj
                0x0000169c                mdio_read
 .text.mdio_write
                0x00001708       0x6c CMakeFiles/Ethernet2SPI.dir/__/__/__/__/ioLibrary/MDIO/W7500x_miim.c.obj
                0x00001708                mdio_write
 .text.phy_id   0x00001774       0xb4 CMakeFiles/Ethernet2SPI.dir/__/__/__/__/ioLibrary/MDIO/W7500x_miim.c.obj
                0x00001774                phy_id
 .text.PHY_Init
                0x00001828       0x88 CMakeFiles/Ethernet2SPI.dir/__/__/__/__/ioLibrary/MDIO/W7500x_miim.c.obj
                0x00001828                PHY_Init
 .text.SSP_StructInit
                0x000018b0       0x52 CMakeFiles/Ethernet2SPI.dir/__/__/__/__/Libraries/W7500x_stdPeriph_Driver/src/W7500x_ssp.c.obj
                0x000018b0                SSP_StructInit
 .text.SSP_Init
                0x00001902       0x7a CMakeFiles/Ethernet2SPI.dir/__/__/__/__/Libraries/W7500x_stdPeriph_Driver/src/W7500x_ssp.c.obj
                0x00001902                SSP_Init
 .text.SSP_SendData
                0x0000197c       0x1e CMakeFiles/Ethernet2SPI.dir/__/__/__/__/Libraries/W7500x_stdPeriph_Driver/src/W7500x_ssp.c.obj
                0x0000197c                SSP_SendData
 .text.SSP_ReceiveData
                0x0000199a       0x16 CMakeFiles/Ethernet2SPI.dir/__/__/__/__/Libraries/W7500x_stdPeriph_Driver/src/W7500x_ssp.c.obj
                0x0000199a                SSP_ReceiveData
 .text.SSP_GetFlagStatus
                0x000019b0       0x3a CMakeFiles/Ethernet2SPI.dir/__/__/__/__/Libraries/W7500x_stdPeriph_Driver/src/W7500x_ssp.c.obj
                0x000019b0                SSP_GetFlagStatus
 *fill*         0x000019ea        0x2 
 .text.socket   0x000019ec      0x1f0 CMakeFiles/Ethernet2SPI.dir/__/__/__/__/ioLibrary/Ethernet/socket.c.obj
                0x000019ec                socket
 .text.close    0x00001bdc       0xcc CMakeFiles/Ethernet2SPI.dir/__/__/__/__/ioLibrary/Ethernet/socket.c.obj
                0x00001bdc                close
 .text.listen   0x00001ca8       0xc8 CMakeFiles/Ethernet2SPI.dir/__/__/__/__/ioLibrary/Ethernet/socket.c.obj
                0x00001ca8                listen
 .text.disconnect
                0x00001d70      0x108 CMakeFiles/Ethernet2SPI.dir/__/__/__/__/ioLibrary/Ethernet/socket.c.obj
                0x00001d70                disconnect
 .text.send     0x00001e78      0x26c CMakeFiles/Ethernet2SPI.dir/__/__/__/__/ioLibrary/Ethernet/socket.c.obj
                0x00001e78                send
 .text.recv     0x000020e4      0x1dc CMakeFiles/Ethernet2SPI.dir/__/__/__/__/ioLibrary/Ethernet/socket.c.obj
                0x000020e4                recv
 .text          0x000022c0      0x114 c:/program files (x86)/gnu arm embedded toolchain/10 2021.10/bin/../lib/gcc/arm-none-eabi/10.3.1/thumb/v6-m/nofp\libgcc.a(_udivsi3.o)
                0x000022c0                __aeabi_uidiv
                0x000022c0                __udivsi3
                0x000023cc                __aeabi_uidivmod
 .text          0x000023d4        0x4 c:/program files (x86)/gnu arm embedded toolchain/10 2021.10/bin/../lib/gcc/arm-none-eabi/10.3.1/thumb/v6-m/nofp\libgcc.a(_dvmd_tls.o)
                0x000023d4                __aeabi_idiv0
                0x000023d4                __aeabi_ldiv0
 .text          0x000023d8       0x30 c:/program files (x86)/gnu arm embedded toolchain/10 2021.10/bin/../lib/gcc/arm-none-eabi/10.3.1/thumb/v6-m/nofp\libgcc.a(_fixunssfsi.o)
                0x000023d8                __fixunssfsi
                0x000023d8                __aeabi_f2uiz
 .text          0x00002408       0x3c c:/program files (x86)/gnu arm embedded toolchain/10 2021.10/bin/../lib/gcc/arm-none-eabi/10.3.1/thumb/v6-m/nofp\libgcc.a(_fixunsdfsi.o)
                0x00002408                __aeabi_d2uiz
                0x00002408                __fixunsdfsi
 .text          0x00002444      0x230 c:/program files (x86)/gnu arm embedded toolchain/10 2021.10/bin/../lib/gcc/arm-none-eabi/10.3.1/thumb/v6-m/nofp\libgcc.a(divsf3.o)
                0x00002444                __aeabi_fdiv
 .text          0x00002674      0x24c c:/program files (x86)/gnu arm embedded toolchain/10 2021.10/bin/../lib/gcc/arm-none-eabi/10.3.1/thumb/v6-m/nofp\libgcc.a(mulsf3.o)
                0x00002674                __aeabi_fmul
 .text          0x000028c0      0x35c c:/program files (x86)/gnu arm embedded toolchain/10 2021.10/bin/../lib/gcc/arm-none-eabi/10.3.1/thumb/v6-m/nofp\libgcc.a(subsf3.o)
                0x000028c0                __aeabi_fsub
 .text          0x00002c1c       0x40 c:/program files (x86)/gnu arm embedded toolchain/10 2021.10/bin/../lib/gcc/arm-none-eabi/10.3.1/thumb/v6-m/nofp\libgcc.a(fixsfsi.o)
                0x00002c1c                __aeabi_f2iz
 .text          0x00002c5c       0x84 c:/program files (x86)/gnu arm embedded toolchain/10 2021.10/bin/../lib/gcc/arm-none-eabi/10.3.1/thumb/v6-m/nofp\libgcc.a(floatunsisf.o)
                0x00002c5c                __aeabi_ui2f
 .text          0x00002ce0      0x678 c:/program files (x86)/gnu arm embedded toolchain/10 2021.10/bin/../lib/gcc/arm-none-eabi/10.3.1/thumb/v6-m/nofp\libgcc.a(adddf3.o)
                0x00002ce0                __aeabi_dadd
 .text          0x00003358      0x724 c:/program files (x86)/gnu arm embedded toolchain/10 2021.10/bin/../lib/gcc/arm-none-eabi/10.3.1/thumb/v6-m/nofp\libgcc.a(subdf3.o)
                0x00003358                __aeabi_dsub
 .text          0x00003a7c       0x6c c:/program files (x86)/gnu arm embedded toolchain/10 2021.10/bin/../lib/gcc/arm-none-eabi/10.3.1/thumb/v6-m/nofp\libgcc.a(fixdfsi.o)
                0x00003a7c                __aeabi_d2iz
 .text          0x00003ae8       0x90 c:/program files (x86)/gnu arm embedded toolchain/10 2021.10/bin/../lib/gcc/arm-none-eabi/10.3.1/thumb/v6-m/nofp\libgcc.a(extendsfdf2.o)
                0x00003ae8                __aeabi_f2d
 .text          0x00003b78       0x7c c:/program files (x86)/gnu arm embedded toolchain/10 2021.10/bin/../lib/gcc/arm-none-eabi/10.3.1/thumb/v6-m/nofp\libgcc.a(_arm_cmpdf2.o)
                0x00003b78                __aeabi_cdrcmple
                0x00003b88                __aeabi_cdcmple
                0x00003b88                __aeabi_cdcmpeq
                0x00003b98                __aeabi_dcmpeq
                0x00003ba4                __aeabi_dcmplt
                0x00003bb8                __aeabi_dcmple
                0x00003bcc                __aeabi_dcmpgt
                0x00003be0                __aeabi_dcmpge
 .text          0x00003bf4       0x74 c:/program files (x86)/gnu arm embedded toolchain/10 2021.10/bin/../lib/gcc/arm-none-eabi/10.3.1/thumb/v6-m/nofp\libgcc.a(_arm_cmpsf2.o)
                0x00003bf4                __aeabi_cfrcmple
                0x00003bfc                __aeabi_cfcmpeq
                0x00003bfc                __aeabi_cfcmple
                0x00003c0c                __aeabi_fcmpeq
                0x00003c18                __aeabi_fcmplt
                0x00003c2c                __aeabi_fcmple
                0x00003c40                __aeabi_fcmpgt
                0x00003c54                __aeabi_fcmpge
 .text          0x00003c68       0x3c c:/program files (x86)/gnu arm embedded toolchain/10 2021.10/bin/../lib/gcc/arm-none-eabi/10.3.1/thumb/v6-m/nofp\libgcc.a(_clzsi2.o)
                0x00003c68                __clzsi2
 .text          0x00003ca4       0x4c c:/program files (x86)/gnu arm embedded toolchain/10 2021.10/bin/../lib/gcc/arm-none-eabi/10.3.1/thumb/v6-m/nofp\libgcc.a(eqsf2.o)
                0x00003ca4                __eqsf2
                0x00003ca4                __nesf2
 .text          0x00003cf0       0x8c c:/program files (x86)/gnu arm embedded toolchain/10 2021.10/bin/../lib/gcc/arm-none-eabi/10.3.1/thumb/v6-m/nofp\libgcc.a(gesf2.o)
                0x00003cf0                __gesf2
                0x00003cf0                __gtsf2
 .text          0x00003d7c       0x88 c:/program files (x86)/gnu arm embedded toolchain/10 2021.10/bin/../lib/gcc/arm-none-eabi/10.3.1/thumb/v6-m/nofp\libgcc.a(lesf2.o)
                0x00003d7c                __ltsf2
                0x00003d7c                __lesf2
 .text          0x00003e04       0x84 c:/program files (x86)/gnu arm embedded toolchain/10 2021.10/bin/../lib/gcc/arm-none-eabi/10.3.1/thumb/v6-m/nofp\libgcc.a(eqdf2.o)
                0x00003e04                __nedf2
                0x00003e04                __eqdf2
 .text          0x00003e88       0xcc c:/program files (x86)/gnu arm embedded toolchain/10 2021.10/bin/../lib/gcc/arm-none-eabi/10.3.1/thumb/v6-m/nofp\libgcc.a(gedf2.o)
                0x00003e88                __gedf2
                0x00003e88                __gtdf2
 .text          0x00003f54       0xc8 c:/program files (x86)/gnu arm embedded toolchain/10 2021.10/bin/../lib/gcc/arm-none-eabi/10.3.1/thumb/v6-m/nofp\libgcc.a(ledf2.o)
                0x00003f54                __ledf2
                0x00003f54                __ltdf2
 .text.printf   0x0000401c       0x34 c:/program files (x86)/gnu arm embedded toolchain/10 2021.10/bin/../lib/gcc/arm-none-eabi/10.3.1/../../../../arm-none-eabi/lib/thumb/v6-m/nofp\libg_nano.a(lib_a-printf.o)
                0x0000401c                iprintf
                0x0000401c                printf
 .text.putchar  0x00004050       0x28 c:/program files (x86)/gnu arm embedded toolchain/10 2021.10/bin/../lib/gcc/arm-none-eabi/10.3.1/../../../../arm-none-eabi/lib/thumb/v6-m/nofp\libg_nano.a(lib_a-putchar.o)
                0x00004050                putchar
 .text._puts_r  0x00004078       0xe4 c:/program files (x86)/gnu arm embedded toolchain/10 2021.10/bin/../lib/gcc/arm-none-eabi/10.3.1/../../../../arm-none-eabi/lib/thumb/v6-m/nofp\libg_nano.a(lib_a-puts.o)
                0x00004078                _puts_r
 .text.puts     0x0000415c       0x14 c:/program files (x86)/gnu arm embedded toolchain/10 2021.10/bin/../lib/gcc/arm-none-eabi/10.3.1/../../../../arm-none-eabi/lib/thumb/v6-m/nofp\libg_nano.a(lib_a-puts.o)
                0x0000415c                puts
 .text.__swbuf_r
                0x00004170       0xac c:/program files (x86)/gnu arm embedded toolchain/10 2021.10/bin/../lib/gcc/arm-none-eabi/10.3.1/../../../../arm-none-eabi/lib/thumb/v6-m/nofp\libg_nano.a(lib_a-wbuf.o)
                0x00004170                __swbuf_r
 .text.__swsetup_r
                0x0000421c       0xf0 c:/program files (x86)/gnu arm embedded toolchain/10 2021.10/bin/../lib/gcc/arm-none-eabi/10.3.1/../../../../arm-none-eabi/lib/thumb/v6-m/nofp\libg_nano.a(lib_a-wsetup.o)
                0x0000421c                __swsetup_r
 .text.__sflush_r
                0x0000430c      0x118 c:/program files (x86)/gnu arm embedded toolchain/10 2021.10/bin/../lib/gcc/arm-none-eabi/10.3.1/../../../../arm-none-eabi/lib/thumb/v6-m/nofp\libg_nano.a(lib_a-fflush.o)
                0x0000430c                __sflush_r
 .text._fflush_r
                0x00004424       0x80 c:/program files (x86)/gnu arm embedded toolchain/10 2021.10/bin/../lib/gcc/arm-none-eabi/10.3.1/../../../../arm-none-eabi/lib/thumb/v6-m/nofp\libg_nano.a(lib_a-fflush.o)
                0x00004424                _fflush_r
 .text.std      0x000044a4       0x48 c:/program files (x86)/gnu arm embedded toolchain/10 2021.10/bin/../lib/gcc/arm-none-eabi/10.3.1/../../../../arm-none-eabi/lib/thumb/v6-m/nofp\libg_nano.a(lib_a-findfp.o)
 .text._cleanup_r
                0x000044ec       0x10 c:/program files (x86)/gnu arm embedded toolchain/10 2021.10/bin/../lib/gcc/arm-none-eabi/10.3.1/../../../../arm-none-eabi/lib/thumb/v6-m/nofp\libg_nano.a(lib_a-findfp.o)
                0x000044ec                _cleanup_r
 .text.__sfmoreglue
                0x000044fc       0x2c c:/program files (x86)/gnu arm embedded toolchain/10 2021.10/bin/../lib/gcc/arm-none-eabi/10.3.1/../../../../arm-none-eabi/lib/thumb/v6-m/nofp\libg_nano.a(lib_a-findfp.o)
                0x000044fc                __sfmoreglue
 .text.__sfp_lock_acquire
                0x00004528       0x10 c:/program files (x86)/gnu arm embedded toolchain/10 2021.10/bin/../lib/gcc/arm-none-eabi/10.3.1/../../../../arm-none-eabi/lib/thumb/v6-m/nofp\libg_nano.a(lib_a-findfp.o)
                0x00004528                __sfp_lock_acquire
 .text.__sfp_lock_release
                0x00004538       0x10 c:/program files (x86)/gnu arm embedded toolchain/10 2021.10/bin/../lib/gcc/arm-none-eabi/10.3.1/../../../../arm-none-eabi/lib/thumb/v6-m/nofp\libg_nano.a(lib_a-findfp.o)
                0x00004538                __sfp_lock_release
 .text.__sinit_lock_acquire
                0x00004548       0x10 c:/program files (x86)/gnu arm embedded toolchain/10 2021.10/bin/../lib/gcc/arm-none-eabi/10.3.1/../../../../arm-none-eabi/lib/thumb/v6-m/nofp\libg_nano.a(lib_a-findfp.o)
                0x00004548                __sinit_lock_acquire
 .text.__sinit_lock_release
                0x00004558       0x10 c:/program files (x86)/gnu arm embedded toolchain/10 2021.10/bin/../lib/gcc/arm-none-eabi/10.3.1/../../../../arm-none-eabi/lib/thumb/v6-m/nofp\libg_nano.a(lib_a-findfp.o)
                0x00004558                __sinit_lock_release
 .text.__sinit  0x00004568       0x70 c:/program files (x86)/gnu arm embedded toolchain/10 2021.10/bin/../lib/gcc/arm-none-eabi/10.3.1/../../../../arm-none-eabi/lib/thumb/v6-m/nofp\libg_nano.a(lib_a-findfp.o)
                0x00004568                __sinit
 .text.__sfp    0x000045d8       0x90 c:/program files (x86)/gnu arm embedded toolchain/10 2021.10/bin/../lib/gcc/arm-none-eabi/10.3.1/../../../../arm-none-eabi/lib/thumb/v6-m/nofp\libg_nano.a(lib_a-findfp.o)
                0x000045d8                __sfp
 .text._fwalk_reent
                0x00004668       0x40 c:/program files (x86)/gnu arm embedded toolchain/10 2021.10/bin/../lib/gcc/arm-none-eabi/10.3.1/../../../../arm-none-eabi/lib/thumb/v6-m/nofp\libg_nano.a(lib_a-fwalk.o)
                0x00004668                _fwalk_reent
 .text.__retarget_lock_init_recursive
                0x000046a8        0x2 c:/program files (x86)/gnu arm embedded toolchain/10 2021.10/bin/../lib/gcc/arm-none-eabi/10.3.1/../../../../arm-none-eabi/lib/thumb/v6-m/nofp\libg_nano.a(lib_a-lock.o)
                0x000046a8                __retarget_lock_init_recursive
 .text.__retarget_lock_acquire_recursive
                0x000046aa        0x2 c:/program files (x86)/gnu arm embedded toolchain/10 2021.10/bin/../lib/gcc/arm-none-eabi/10.3.1/../../../../arm-none-eabi/lib/thumb/v6-m/nofp\libg_nano.a(lib_a-lock.o)
                0x000046aa                __retarget_lock_acquire_recursive
 .text.__retarget_lock_release_recursive
                0x000046ac        0x2 c:/program files (x86)/gnu arm embedded toolchain/10 2021.10/bin/../lib/gcc/arm-none-eabi/10.3.1/../../../../arm-none-eabi/lib/thumb/v6-m/nofp\libg_nano.a(lib_a-lock.o)
                0x000046ac                __retarget_lock_release_recursive
 *fill*         0x000046ae        0x2 
 .text.__swhatbuf_r
                0x000046b0       0x50 c:/program files (x86)/gnu arm embedded toolchain/10 2021.10/bin/../lib/gcc/arm-none-eabi/10.3.1/../../../../arm-none-eabi/lib/thumb/v6-m/nofp\libg_nano.a(lib_a-makebuf.o)
                0x000046b0                __swhatbuf_r
 .text.__smakebuf_r
                0x00004700       0x88 c:/program files (x86)/gnu arm embedded toolchain/10 2021.10/bin/../lib/gcc/arm-none-eabi/10.3.1/../../../../arm-none-eabi/lib/thumb/v6-m/nofp\libg_nano.a(lib_a-makebuf.o)
                0x00004700                __smakebuf_r
 .text._free_r  0x00004788       0x94 c:/program files (x86)/gnu arm embedded toolchain/10 2021.10/bin/../lib/gcc/arm-none-eabi/10.3.1/../../../../arm-none-eabi/lib/thumb/v6-m/nofp\libg_nano.a(lib_a-nano-freer.o)
                0x00004788                _free_r
 .text.sbrk_aligned
                0x0000481c       0x44 c:/program files (x86)/gnu arm embedded toolchain/10 2021.10/bin/../lib/gcc/arm-none-eabi/10.3.1/../../../../arm-none-eabi/lib/thumb/v6-m/nofp\libg_nano.a(lib_a-nano-mallocr.o)
 .text._malloc_r
                0x00004860       0xec c:/program files (x86)/gnu arm embedded toolchain/10 2021.10/bin/../lib/gcc/arm-none-eabi/10.3.1/../../../../arm-none-eabi/lib/thumb/v6-m/nofp\libg_nano.a(lib_a-nano-mallocr.o)
                0x00004860                _malloc_r
 .text.__sfputc_r
                0x0000494c       0x2a c:/program files (x86)/gnu arm embedded toolchain/10 2021.10/bin/../lib/gcc/arm-none-eabi/10.3.1/../../../../arm-none-eabi/lib/thumb/v6-m/nofp\libg_nano.a(lib_a-nano-vfprintf.o)
 .text.__sfputs_r
                0x00004976       0x24 c:/program files (x86)/gnu arm embedded toolchain/10 2021.10/bin/../lib/gcc/arm-none-eabi/10.3.1/../../../../arm-none-eabi/lib/thumb/v6-m/nofp\libg_nano.a(lib_a-nano-vfprintf.o)
                0x00004976                __sfputs_r
 *fill*         0x0000499a        0x2 
 .text._vfprintf_r
                0x0000499c      0x274 c:/program files (x86)/gnu arm embedded toolchain/10 2021.10/bin/../lib/gcc/arm-none-eabi/10.3.1/../../../../arm-none-eabi/lib/thumb/v6-m/nofp\libg_nano.a(lib_a-nano-vfprintf.o)
                0x0000499c                _vfprintf_r
                0x0000499c                _vfiprintf_r
 .text._printf_common
                0x00004c10       0xde c:/program files (x86)/gnu arm embedded toolchain/10 2021.10/bin/../lib/gcc/arm-none-eabi/10.3.1/../../../../arm-none-eabi/lib/thumb/v6-m/nofp\libg_nano.a(lib_a-nano-vfprintf_i.o)
                0x00004c10                _printf_common
 *fill*         0x00004cee        0x2 
 .text._printf_i
                0x00004cf0      0x224 c:/program files (x86)/gnu arm embedded toolchain/10 2021.10/bin/../lib/gcc/arm-none-eabi/10.3.1/../../../../arm-none-eabi/lib/thumb/v6-m/nofp\libg_nano.a(lib_a-nano-vfprintf_i.o)
                0x00004cf0                _printf_i
 .text._putc_r  0x00004f14       0x94 c:/program files (x86)/gnu arm embedded toolchain/10 2021.10/bin/../lib/gcc/arm-none-eabi/10.3.1/../../../../arm-none-eabi/lib/thumb/v6-m/nofp\libg_nano.a(lib_a-putc.o)
                0x00004f14                _putc_r
 .text._sbrk_r  0x00004fa8       0x24 c:/program files (x86)/gnu arm embedded toolchain/10 2021.10/bin/../lib/gcc/arm-none-eabi/10.3.1/../../../../arm-none-eabi/lib/thumb/v6-m/nofp\libg_nano.a(lib_a-sbrkr.o)
                0x00004fa8                _sbrk_r
 .text.__sread  0x00004fcc       0x28 c:/program files (x86)/gnu arm embedded toolchain/10 2021.10/bin/../lib/gcc/arm-none-eabi/10.3.1/../../../../arm-none-eabi/lib/thumb/v6-m/nofp\libg_nano.a(lib_a-stdio.o)
                0x00004fcc                __sread
 .text.__swrite
                0x00004ff4       0x38 c:/program files (x86)/gnu arm embedded toolchain/10 2021.10/bin/../lib/gcc/arm-none-eabi/10.3.1/../../../../arm-none-eabi/lib/thumb/v6-m/nofp\libg_nano.a(lib_a-stdio.o)
                0x00004ff4                __swrite
 .text.__sseek  0x0000502c       0x2c c:/program files (x86)/gnu arm embedded toolchain/10 2021.10/bin/../lib/gcc/arm-none-eabi/10.3.1/../../../../arm-none-eabi/lib/thumb/v6-m/nofp\libg_nano.a(lib_a-stdio.o)
                0x0000502c                __sseek
 .text.__sclose
                0x00005058        0xc c:/program files (x86)/gnu arm embedded toolchain/10 2021.10/bin/../lib/gcc/arm-none-eabi/10.3.1/../../../../arm-none-eabi/lib/thumb/v6-m/nofp\libg_nano.a(lib_a-stdio.o)
                0x00005058                __sclose
 .text._write_r
                0x00005064       0x28 c:/program files (x86)/gnu arm embedded toolchain/10 2021.10/bin/../lib/gcc/arm-none-eabi/10.3.1/../../../../arm-none-eabi/lib/thumb/v6-m/nofp\libg_nano.a(lib_a-writer.o)
                0x00005064                _write_r
 .text._close_r
                0x0000508c       0x24 c:/program files (x86)/gnu arm embedded toolchain/10 2021.10/bin/../lib/gcc/arm-none-eabi/10.3.1/../../../../arm-none-eabi/lib/thumb/v6-m/nofp\libg_nano.a(lib_a-closer.o)
                0x0000508c                _close_r
 .text._fstat_r
                0x000050b0       0x24 c:/program files (x86)/gnu arm embedded toolchain/10 2021.10/bin/../lib/gcc/arm-none-eabi/10.3.1/../../../../arm-none-eabi/lib/thumb/v6-m/nofp\libg_nano.a(lib_a-fstatr.o)
                0x000050b0                _fstat_r
 .text._isatty_r
                0x000050d4       0x24 c:/program files (x86)/gnu arm embedded toolchain/10 2021.10/bin/../lib/gcc/arm-none-eabi/10.3.1/../../../../arm-none-eabi/lib/thumb/v6-m/nofp\libg_nano.a(lib_a-isattyr.o)
                0x000050d4                _isatty_r
 .text._lseek_r
                0x000050f8       0x28 c:/program files (x86)/gnu arm embedded toolchain/10 2021.10/bin/../lib/gcc/arm-none-eabi/10.3.1/../../../../arm-none-eabi/lib/thumb/v6-m/nofp\libg_nano.a(lib_a-lseekr.o)
                0x000050f8                _lseek_r
 .text.memchr   0x00005120       0x16 c:/program files (x86)/gnu arm embedded toolchain/10 2021.10/bin/../lib/gcc/arm-none-eabi/10.3.1/../../../../arm-none-eabi/lib/thumb/v6-m/nofp\libg_nano.a(lib_a-memchr-stub.o)
                0x00005120                memchr
 *fill*         0x00005136        0x2 
 .text.__malloc_lock
                0x00005138       0x10 c:/program files (x86)/gnu arm embedded toolchain/10 2021.10/bin/../lib/gcc/arm-none-eabi/10.3.1/../../../../arm-none-eabi/lib/thumb/v6-m/nofp\libg_nano.a(lib_a-mlock.o)
                0x00005138                __malloc_lock
 .text.__malloc_unlock
                0x00005148       0x10 c:/program files (x86)/gnu arm embedded toolchain/10 2021.10/bin/../lib/gcc/arm-none-eabi/10.3.1/../../../../arm-none-eabi/lib/thumb/v6-m/nofp\libg_nano.a(lib_a-mlock.o)
                0x00005148                __malloc_unlock
 .text._read_r  0x00005158       0x28 c:/program files (x86)/gnu arm embedded toolchain/10 2021.10/bin/../lib/gcc/arm-none-eabi/10.3.1/../../../../arm-none-eabi/lib/thumb/v6-m/nofp\libg_nano.a(lib_a-readr.o)
                0x00005158                _read_r
 .text          0x00005180       0x14 c:/program files (x86)/gnu arm embedded toolchain/10 2021.10/bin/../lib/gcc/arm-none-eabi/10.3.1/thumb/v6-m/nofp\libgcc.a(_thumb1_case_shi.o)
                0x00005180                __gnu_thumb1_case_shi
 .text._close   0x00005194       0x10 c:/program files (x86)/gnu arm embedded toolchain/10 2021.10/bin/../lib/gcc/arm-none-eabi/10.3.1/../../../../arm-none-eabi/lib/thumb/v6-m/nofp\libnosys.a(close.o)
                0x00005194                _close
 .text._fstat   0x000051a4       0x10 c:/program files (x86)/gnu arm embedded toolchain/10 2021.10/bin/../lib/gcc/arm-none-eabi/10.3.1/../../../../arm-none-eabi/lib/thumb/v6-m/nofp\libnosys.a(fstat.o)
                0x000051a4                _fstat
 .text._isatty  0x000051b4       0x10 c:/program files (x86)/gnu arm embedded toolchain/10 2021.10/bin/../lib/gcc/arm-none-eabi/10.3.1/../../../../arm-none-eabi/lib/thumb/v6-m/nofp\libnosys.a(isatty.o)
                0x000051b4                _isatty
 .text._lseek   0x000051c4       0x10 c:/program files (x86)/gnu arm embedded toolchain/10 2021.10/bin/../lib/gcc/arm-none-eabi/10.3.1/../../../../arm-none-eabi/lib/thumb/v6-m/nofp\libnosys.a(lseek.o)
                0x000051c4                _lseek
 .text._read    0x000051d4       0x10 c:/program files (x86)/gnu arm embedded toolchain/10 2021.10/bin/../lib/gcc/arm-none-eabi/10.3.1/../../../../arm-none-eabi/lib/thumb/v6-m/nofp\libnosys.a(read.o)
                0x000051d4                _read
 .text._sbrk    0x000051e4       0x1c c:/program files (x86)/gnu arm embedded toolchain/10 2021.10/bin/../lib/gcc/arm-none-eabi/10.3.1/../../../../arm-none-eabi/lib/thumb/v6-m/nofp\libnosys.a(sbrk.o)
                0x000051e4                _sbrk
 *(.init)
 .init          0x00005200        0x4 c:/program files (x86)/gnu arm embedded toolchain/10 2021.10/bin/../lib/gcc/arm-none-eabi/10.3.1/thumb/v6-m/nofp/crti.o
                0x00005200                _init
 .init          0x00005204        0x8 c:/program files (x86)/gnu arm embedded toolchain/10 2021.10/bin/../lib/gcc/arm-none-eabi/10.3.1/thumb/v6-m/nofp/crtn.o
 *(.fini)
 .fini          0x0000520c        0x4 c:/program files (x86)/gnu arm embedded toolchain/10 2021.10/bin/../lib/gcc/arm-none-eabi/10.3.1/thumb/v6-m/nofp/crti.o
                0x0000520c                _fini
 .fini          0x00005210        0x8 c:/program files (x86)/gnu arm embedded toolchain/10 2021.10/bin/../lib/gcc/arm-none-eabi/10.3.1/thumb/v6-m/nofp/crtn.o
 *crtbegin.o(.ctors)
 *crtbegin?.o(.ctors)
 *(EXCLUDE_FILE(*crtend.o *crtend?.o) .ctors)
 *(SORT_BY_NAME(.ctors.*))
 *(.ctors)
 *crtbegin.o(.dtors)
 *crtbegin?.o(.dtors)
 *(EXCLUDE_FILE(*crtend.o *crtend?.o) .dtors)
 *(SORT_BY_NAME(.dtors.*))
 *(.dtors)
 *(.rodata*)
 .rodata._global_impure_ptr
                0x00005218        0x4 c:/program files (x86)/gnu arm embedded toolchain/10 2021.10/bin/../lib/gcc/arm-none-eabi/10.3.1/../../../../arm-none-eabi/lib/thumb/v6-m/nofp\libc_nano.a(lib_a-impure.o)
                0x00005218                _global_impure_ptr
 .rodata        0x0000521c      0x152 CMakeFiles/Ethernet2SPI.dir/main.c.obj
 *fill*         0x0000536e        0x2 
 .rodata        0x00005370       0x35 CMakeFiles/Ethernet2SPI.dir/__/__/__/__/ioLibrary/MDIO/W7500x_miim.c.obj
 *fill*         0x000053a5        0x3 
 .rodata        0x000053a8       0x80 c:/program files (x86)/gnu arm embedded toolchain/10 2021.10/bin/../lib/gcc/arm-none-eabi/10.3.1/thumb/v6-m/nofp\libgcc.a(divsf3.o)
 .rodata        0x00005428       0x40 c:/program files (x86)/gnu arm embedded toolchain/10 2021.10/bin/../lib/gcc/arm-none-eabi/10.3.1/thumb/v6-m/nofp\libgcc.a(mulsf3.o)
 .rodata.__sf_fake_stderr
                0x00005468       0x20 c:/program files (x86)/gnu arm embedded toolchain/10 2021.10/bin/../lib/gcc/arm-none-eabi/10.3.1/../../../../arm-none-eabi/lib/thumb/v6-m/nofp\libg_nano.a(lib_a-findfp.o)
                0x00005468                __sf_fake_stderr
 .rodata.__sf_fake_stdin
                0x00005488       0x20 c:/program files (x86)/gnu arm embedded toolchain/10 2021.10/bin/../lib/gcc/arm-none-eabi/10.3.1/../../../../arm-none-eabi/lib/thumb/v6-m/nofp\libg_nano.a(lib_a-findfp.o)
                0x00005488                __sf_fake_stdin
 .rodata.__sf_fake_stdout
                0x000054a8       0x20 c:/program files (x86)/gnu arm embedded toolchain/10 2021.10/bin/../lib/gcc/arm-none-eabi/10.3.1/../../../../arm-none-eabi/lib/thumb/v6-m/nofp\libg_nano.a(lib_a-findfp.o)
                0x000054a8                __sf_fake_stdout
 .rodata._vfprintf_r.str1.1
                0x000054c8       0x11 c:/program files (x86)/gnu arm embedded toolchain/10 2021.10/bin/../lib/gcc/arm-none-eabi/10.3.1/../../../../arm-none-eabi/lib/thumb/v6-m/nofp\libg_nano.a(lib_a-nano-vfprintf.o)
 .rodata._printf_i.str1.1
                0x000054d9       0x22 c:/program files (x86)/gnu arm embedded toolchain/10 2021.10/bin/../lib/gcc/arm-none-eabi/10.3.1/../../../../arm-none-eabi/lib/thumb/v6-m/nofp\libg_nano.a(lib_a-nano-vfprintf_i.o)
 *(.eh_frame*)
 *fill*         0x000054fb        0x1 
 .eh_frame      0x000054fc        0x0 c:/program files (x86)/gnu arm embedded toolchain/10 2021.10/bin/../lib/gcc/arm-none-eabi/10.3.1/thumb/v6-m/nofp/crtbegin.o
 .eh_frame      0x000054fc        0x4 c:/program files (x86)/gnu arm embedded toolchain/10 2021.10/bin/../lib/gcc/arm-none-eabi/10.3.1/thumb/v6-m/nofp/crtend.o

.glue_7         0x00005500        0x0
 .glue_7        0x00005500        0x0 linker stubs

.glue_7t        0x00005500        0x0
 .glue_7t       0x00005500        0x0 linker stubs

.vfp11_veneer   0x00005500        0x0
 .vfp11_veneer  0x00005500        0x0 linker stubs

.v4_bx          0x00005500        0x0
 .v4_bx         0x00005500        0x0 linker stubs

.iplt           0x00005500        0x0
 .iplt          0x00005500        0x0 c:/program files (x86)/gnu arm embedded toolchain/10 2021.10/bin/../lib/gcc/arm-none-eabi/10.3.1/thumb/v6-m/nofp/crtbegin.o

.rel.dyn        0x00005500        0x0
 .rel.iplt      0x00005500        0x0 c:/program files (x86)/gnu arm embedded toolchain/10 2021.10/bin/../lib/gcc/arm-none-eabi/10.3.1/thumb/v6-m/nofp/crtbegin.o

.ARM.extab
 *(.ARM.extab* .gnu.linkonce.armextab.*)
                0x00005500                __exidx_start = .

.ARM.exidx
 *(.ARM.exidx* .gnu.linkonce.armexidx.*)
                0x00005500                __exidx_end = .
                0x00005500                __etext = .

.data           0x20000000       0x70 load address 0x00005500
                0x20000000                __data_start__ = .
 *(vtable)
 *(.data*)
 .data._impure_ptr
                0x20000000        0x4 c:/program files (x86)/gnu arm embedded toolchain/10 2021.10/bin/../lib/gcc/arm-none-eabi/10.3.1/../../../../arm-none-eabi/lib/thumb/v6-m/nofp\libc_nano.a(lib_a-impure.o)
                0x20000000                _impure_ptr
 .data.impure_data
                0x20000004       0x60 c:/program files (x86)/gnu arm embedded toolchain/10 2021.10/bin/../lib/gcc/arm-none-eabi/10.3.1/../../../../arm-none-eabi/lib/thumb/v6-m/nofp\libc_nano.a(lib_a-impure.o)
 .data.sock_any_port
                0x20000064        0x2 CMakeFiles/Ethernet2SPI.dir/__/__/__/__/ioLibrary/Ethernet/socket.c.obj
                0x20000068                . = ALIGN (0x4)
 *fill*         0x20000066        0x2 
                0x20000068                PROVIDE (__preinit_array_start = .)
 *(.preinit_array)
                0x20000068                PROVIDE (__preinit_array_end = .)
                0x20000068                . = ALIGN (0x4)
                0x20000068                PROVIDE (__init_array_start = .)
 *(SORT_BY_NAME(.init_array.*))
 *(.init_array)
 .init_array    0x20000068        0x4 c:/program files (x86)/gnu arm embedded toolchain/10 2021.10/bin/../lib/gcc/arm-none-eabi/10.3.1/thumb/v6-m/nofp/crtbegin.o
                0x2000006c                PROVIDE (__init_array_end = .)
                0x2000006c                . = ALIGN (0x4)
                [!provide]                PROVIDE (__fini_array_start = .)
 *(SORT_BY_NAME(.fini_array.*))
 *(.fini_array)
 .fini_array    0x2000006c        0x4 c:/program files (x86)/gnu arm embedded toolchain/10 2021.10/bin/../lib/gcc/arm-none-eabi/10.3.1/thumb/v6-m/nofp/crtbegin.o
                [!provide]                PROVIDE (__fini_array_end = .)
 *(.jcr*)
                0x20000070                . = ALIGN (0x4)
                0x20000070                __data_end__ = .

.igot.plt       0x20000070        0x0 load address 0x00005570
 .igot.plt      0x20000070        0x0 c:/program files (x86)/gnu arm embedded toolchain/10 2021.10/bin/../lib/gcc/arm-none-eabi/10.3.1/thumb/v6-m/nofp/crtbegin.o

.bss            0x20000070       0xe0 load address 0x00005570
                0x20000070                . = ALIGN (0x4)
                0x20000070                __bss_start__ = .
 *(.bss*)
 .bss           0x20000070       0x1c c:/program files (x86)/gnu arm embedded toolchain/10 2021.10/bin/../lib/gcc/arm-none-eabi/10.3.1/thumb/v6-m/nofp/crtbegin.o
 .bss.UART_InitStructure
                0x2000008c       0x10 CMakeFiles/Ethernet2SPI.dir/main.c.obj
                0x2000008c                UART_InitStructure
 .bss.SSP0_InitStructure
                0x2000009c       0x2c CMakeFiles/Ethernet2SPI.dir/main.c.obj
                0x2000009c                SSP0_InitStructure
 .bss.SSP1_InitStructure
                0x200000c8       0x2c CMakeFiles/Ethernet2SPI.dir/main.c.obj
                0x200000c8                SSP1_InitStructure
 .bss.GPIO_InitDef
                0x200000f4        0x8 CMakeFiles/Ethernet2SPI.dir/main.c.obj
                0x200000f4                GPIO_InitDef
 .bss.TimingDelay
                0x200000fc        0x4 CMakeFiles/Ethernet2SPI.dir/main.c.obj
 .bss.test_buf  0x20000100        0x8 CMakeFiles/Ethernet2SPI.dir/main.c.obj
                0x20000100                test_buf
 .bss.SSP1_Buffer_Rx
                0x20000108        0x8 CMakeFiles/Ethernet2SPI.dir/main.c.obj
                0x20000108                SSP1_Buffer_Rx
 .bss.TxIdx     0x20000110        0x4 CMakeFiles/Ethernet2SPI.dir/main.c.obj
                0x20000110                TxIdx
 .bss.RxIdx     0x20000114        0x4 CMakeFiles/Ethernet2SPI.dir/main.c.obj
                0x20000114                RxIdx
 .bss.SystemFrequency
                0x20000118        0x4 CMakeFiles/Ethernet2SPI.dir/__/__/__/__/Libraries/CMSIS/Device/WIZnet/W7500/Source/system_W7500x.c.obj
                0x20000118                SystemFrequency
 .bss.PHY_ADDR  0x2000011c        0x4 CMakeFiles/Ethernet2SPI.dir/__/__/__/__/ioLibrary/MDIO/W7500x_miim.c.obj
                0x2000011c                PHY_ADDR
 .bss.sock_io_mode
                0x20000120        0x2 CMakeFiles/Ethernet2SPI.dir/__/__/__/__/ioLibrary/Ethernet/socket.c.obj
 .bss.sock_is_sending
                0x20000122        0x2 CMakeFiles/Ethernet2SPI.dir/__/__/__/__/ioLibrary/Ethernet/socket.c.obj
 .bss.sock_remained_size
                0x20000124       0x10 CMakeFiles/Ethernet2SPI.dir/__/__/__/__/ioLibrary/Ethernet/socket.c.obj
 .bss.sock_pack_info
                0x20000134        0x8 CMakeFiles/Ethernet2SPI.dir/__/__/__/__/ioLibrary/Ethernet/socket.c.obj
 .bss.__lock___malloc_recursive_mutex
                0x2000013c        0x1 c:/program files (x86)/gnu arm embedded toolchain/10 2021.10/bin/../lib/gcc/arm-none-eabi/10.3.1/../../../../arm-none-eabi/lib/thumb/v6-m/nofp\libg_nano.a(lib_a-lock.o)
                0x2000013c                __lock___malloc_recursive_mutex
 .bss.__lock___sfp_recursive_mutex
                0x2000013d        0x1 c:/program files (x86)/gnu arm embedded toolchain/10 2021.10/bin/../lib/gcc/arm-none-eabi/10.3.1/../../../../arm-none-eabi/lib/thumb/v6-m/nofp\libg_nano.a(lib_a-lock.o)
                0x2000013d                __lock___sfp_recursive_mutex
 .bss.__lock___sinit_recursive_mutex
                0x2000013e        0x1 c:/program files (x86)/gnu arm embedded toolchain/10 2021.10/bin/../lib/gcc/arm-none-eabi/10.3.1/../../../../arm-none-eabi/lib/thumb/v6-m/nofp\libg_nano.a(lib_a-lock.o)
                0x2000013e                __lock___sinit_recursive_mutex
 *fill*         0x2000013f        0x1 
 .bss.__malloc_free_list
                0x20000140        0x4 c:/program files (x86)/gnu arm embedded toolchain/10 2021.10/bin/../lib/gcc/arm-none-eabi/10.3.1/../../../../arm-none-eabi/lib/thumb/v6-m/nofp\libg_nano.a(lib_a-nano-mallocr.o)
                0x20000140                __malloc_free_list
 .bss.__malloc_sbrk_start
                0x20000144        0x4 c:/program files (x86)/gnu arm embedded toolchain/10 2021.10/bin/../lib/gcc/arm-none-eabi/10.3.1/../../../../arm-none-eabi/lib/thumb/v6-m/nofp\libg_nano.a(lib_a-nano-mallocr.o)
                0x20000144                __malloc_sbrk_start
 .bss.errno     0x20000148        0x4 c:/program files (x86)/gnu arm embedded toolchain/10 2021.10/bin/../lib/gcc/arm-none-eabi/10.3.1/../../../../arm-none-eabi/lib/thumb/v6-m/nofp\libg_nano.a(lib_a-reent.o)
                0x20000148                errno
 .bss.heap_end.0
                0x2000014c        0x4 c:/program files (x86)/gnu arm embedded toolchain/10 2021.10/bin/../lib/gcc/arm-none-eabi/10.3.1/../../../../arm-none-eabi/lib/thumb/v6-m/nofp\libnosys.a(sbrk.o)
 *(COMMON)
                0x20000150                . = ALIGN (0x4)
                0x20000150                __bss_end__ = .

.heap           0x20000150        0x0
                0x20000150                __end__ = .
                0x20000150                end = __end__
 *(.heap*)
 .heap          0x20000150        0x0 CMakeFiles/Ethernet2SPI.dir/__/__/__/__/Libraries/Startup/startup_W7500.s.obj
                0x20000150                __HeapLimit = .

.stack_dummy    0x20000150      0x200
 *(.stack*)
 .stack         0x20000150      0x200 CMakeFiles/Ethernet2SPI.dir/__/__/__/__/Libraries/Startup/startup_W7500.s.obj
                0x20003fc0                __StackTop = (ORIGIN (RAM) + LENGTH (RAM))
                0x20003dc0                __StackLimit = (__StackTop - SIZEOF (.stack_dummy))
                0x20003fc0                PROVIDE (__stack = __StackTop)
                0x00000001                ASSERT ((__StackLimit >= __HeapLimit), region RAM overflowed with stack)
OUTPUT(Ethernet2SPI elf32-littlearm)
LOAD linker stubs

.ARM.attributes
                0x00000000       0x28
 .ARM.attributes
                0x00000000       0x1e c:/program files (x86)/gnu arm embedded toolchain/10 2021.10/bin/../lib/gcc/arm-none-eabi/10.3.1/thumb/v6-m/nofp/crti.o
 .ARM.attributes
                0x0000001e       0x2c c:/program files (x86)/gnu arm embedded toolchain/10 2021.10/bin/../lib/gcc/arm-none-eabi/10.3.1/thumb/v6-m/nofp/crtbegin.o
 .ARM.attributes
                0x0000004a       0x2c c:/program files (x86)/gnu arm embedded toolchain/10 2021.10/bin/../lib/gcc/arm-none-eabi/10.3.1/../../../../arm-none-eabi/lib/thumb/v6-m/nofp\libc_nano.a(lib_a-impure.o)
 .ARM.attributes
                0x00000076       0x2c c:/program files (x86)/gnu arm embedded toolchain/10 2021.10/bin/../lib/gcc/arm-none-eabi/10.3.1/../../../../arm-none-eabi/lib/thumb/v6-m/nofp\libc_nano.a(lib_a-memset.o)
 .ARM.attributes
                0x000000a2       0x2c CMakeFiles/Ethernet2SPI.dir/main.c.obj
 .ARM.attributes
                0x000000ce       0x2c CMakeFiles/Ethernet2SPI.dir/W7500x_it.c.obj
 .ARM.attributes
                0x000000fa       0x2c CMakeFiles/Ethernet2SPI.dir/retarget.c.obj
 .ARM.attributes
                0x00000126       0x1b CMakeFiles/Ethernet2SPI.dir/__/__/__/__/Libraries/Startup/startup_W7500.s.obj
 .ARM.attributes
                0x00000141       0x2c CMakeFiles/Ethernet2SPI.dir/__/__/__/__/Libraries/W7500x_stdPeriph_Driver/src/W7500x_wztoe.c.obj
 .ARM.attributes
                0x0000016d       0x2c CMakeFiles/Ethernet2SPI.dir/__/__/__/__/Libraries/CMSIS/Device/WIZnet/W7500/Source/system_W7500x.c.obj
 .ARM.attributes
                0x00000199       0x2c CMakeFiles/Ethernet2SPI.dir/__/__/__/__/Libraries/W7500x_stdPeriph_Driver/src/W7500x_uart.c.obj
 .ARM.attributes
                0x000001c5       0x2c CMakeFiles/Ethernet2SPI.dir/__/__/__/__/Libraries/W7500x_stdPeriph_Driver/src/W7500x_gpio.c.obj
 .ARM.attributes
                0x000001f1       0x2c CMakeFiles/Ethernet2SPI.dir/__/__/__/__/ioLibrary/MDIO/W7500x_miim.c.obj
 .ARM.attributes
                0x0000021d       0x2c CMakeFiles/Ethernet2SPI.dir/__/__/__/__/Libraries/W7500x_stdPeriph_Driver/src/W7500x_ssp.c.obj
 .ARM.attributes
                0x00000249       0x2c CMakeFiles/Ethernet2SPI.dir/__/__/__/__/ioLibrary/Ethernet/socket.c.obj
 .ARM.attributes
                0x00000275       0x1e c:/program files (x86)/gnu arm embedded toolchain/10 2021.10/bin/../lib/gcc/arm-none-eabi/10.3.1/thumb/v6-m/nofp\libgcc.a(_udivsi3.o)
 .ARM.attributes
                0x00000293       0x1e c:/program files (x86)/gnu arm embedded toolchain/10 2021.10/bin/../lib/gcc/arm-none-eabi/10.3.1/thumb/v6-m/nofp\libgcc.a(_dvmd_tls.o)
 .ARM.attributes
                0x000002b1       0x2c c:/program files (x86)/gnu arm embedded toolchain/10 2021.10/bin/../lib/gcc/arm-none-eabi/10.3.1/thumb/v6-m/nofp\libgcc.a(_fixunssfsi.o)
 .ARM.attributes
                0x000002dd       0x2c c:/program files (x86)/gnu arm embedded toolchain/10 2021.10/bin/../lib/gcc/arm-none-eabi/10.3.1/thumb/v6-m/nofp\libgcc.a(_fixunsdfsi.o)
 .ARM.attributes
                0x00000309       0x2c c:/program files (x86)/gnu arm embedded toolchain/10 2021.10/bin/../lib/gcc/arm-none-eabi/10.3.1/thumb/v6-m/nofp\libgcc.a(divsf3.o)
 .ARM.attributes
                0x00000335       0x2c c:/program files (x86)/gnu arm embedded toolchain/10 2021.10/bin/../lib/gcc/arm-none-eabi/10.3.1/thumb/v6-m/nofp\libgcc.a(mulsf3.o)
 .ARM.attributes
                0x00000361       0x2c c:/program files (x86)/gnu arm embedded toolchain/10 2021.10/bin/../lib/gcc/arm-none-eabi/10.3.1/thumb/v6-m/nofp\libgcc.a(subsf3.o)
 .ARM.attributes
                0x0000038d       0x2c c:/program files (x86)/gnu arm embedded toolchain/10 2021.10/bin/../lib/gcc/arm-none-eabi/10.3.1/thumb/v6-m/nofp\libgcc.a(fixsfsi.o)
 .ARM.attributes
                0x000003b9       0x2c c:/program files (x86)/gnu arm embedded toolchain/10 2021.10/bin/../lib/gcc/arm-none-eabi/10.3.1/thumb/v6-m/nofp\libgcc.a(floatunsisf.o)
 .ARM.attributes
                0x000003e5       0x2c c:/program files (x86)/gnu arm embedded toolchain/10 2021.10/bin/../lib/gcc/arm-none-eabi/10.3.1/thumb/v6-m/nofp\libgcc.a(adddf3.o)
 .ARM.attributes
                0x00000411       0x2c c:/program files (x86)/gnu arm embedded toolchain/10 2021.10/bin/../lib/gcc/arm-none-eabi/10.3.1/thumb/v6-m/nofp\libgcc.a(subdf3.o)
 .ARM.attributes
                0x0000043d       0x2c c:/program files (x86)/gnu arm embedded toolchain/10 2021.10/bin/../lib/gcc/arm-none-eabi/10.3.1/thumb/v6-m/nofp\libgcc.a(fixdfsi.o)
 .ARM.attributes
                0x00000469       0x2c c:/program files (x86)/gnu arm embedded toolchain/10 2021.10/bin/../lib/gcc/arm-none-eabi/10.3.1/thumb/v6-m/nofp\libgcc.a(extendsfdf2.o)
 .ARM.attributes
                0x00000495       0x1e c:/program files (x86)/gnu arm embedded toolchain/10 2021.10/bin/../lib/gcc/arm-none-eabi/10.3.1/thumb/v6-m/nofp\libgcc.a(_arm_cmpdf2.o)
 .ARM.attributes
                0x000004b3       0x1e c:/program files (x86)/gnu arm embedded toolchain/10 2021.10/bin/../lib/gcc/arm-none-eabi/10.3.1/thumb/v6-m/nofp\libgcc.a(_arm_cmpsf2.o)
 .ARM.attributes
                0x000004d1       0x1e c:/program files (x86)/gnu arm embedded toolchain/10 2021.10/bin/../lib/gcc/arm-none-eabi/10.3.1/thumb/v6-m/nofp\libgcc.a(_clzsi2.o)
 .ARM.attributes
                0x000004ef       0x2c c:/program files (x86)/gnu arm embedded toolchain/10 2021.10/bin/../lib/gcc/arm-none-eabi/10.3.1/thumb/v6-m/nofp\libgcc.a(eqsf2.o)
 .ARM.attributes
                0x0000051b       0x2c c:/program files (x86)/gnu arm embedded toolchain/10 2021.10/bin/../lib/gcc/arm-none-eabi/10.3.1/thumb/v6-m/nofp\libgcc.a(gesf2.o)
 .ARM.attributes
                0x00000547       0x2c c:/program files (x86)/gnu arm embedded toolchain/10 2021.10/bin/../lib/gcc/arm-none-eabi/10.3.1/thumb/v6-m/nofp\libgcc.a(lesf2.o)
 .ARM.attributes
                0x00000573       0x2c c:/program files (x86)/gnu arm embedded toolchain/10 2021.10/bin/../lib/gcc/arm-none-eabi/10.3.1/thumb/v6-m/nofp\libgcc.a(eqdf2.o)
 .ARM.attributes
                0x0000059f       0x2c c:/program files (x86)/gnu arm embedded toolchain/10 2021.10/bin/../lib/gcc/arm-none-eabi/10.3.1/thumb/v6-m/nofp\libgcc.a(gedf2.o)
 .ARM.attributes
                0x000005cb       0x2c c:/program files (x86)/gnu arm embedded toolchain/10 2021.10/bin/../lib/gcc/arm-none-eabi/10.3.1/thumb/v6-m/nofp\libgcc.a(ledf2.o)
 .ARM.attributes
                0x000005f7       0x2c c:/program files (x86)/gnu arm embedded toolchain/10 2021.10/bin/../lib/gcc/arm-none-eabi/10.3.1/../../../../arm-none-eabi/lib/thumb/v6-m/nofp\libg_nano.a(lib_a-printf.o)
 .ARM.attributes
                0x00000623       0x2c c:/program files (x86)/gnu arm embedded toolchain/10 2021.10/bin/../lib/gcc/arm-none-eabi/10.3.1/../../../../arm-none-eabi/lib/thumb/v6-m/nofp\libg_nano.a(lib_a-putchar.o)
 .ARM.attributes
                0x0000064f       0x2c c:/program files (x86)/gnu arm embedded toolchain/10 2021.10/bin/../lib/gcc/arm-none-eabi/10.3.1/../../../../arm-none-eabi/lib/thumb/v6-m/nofp\libg_nano.a(lib_a-puts.o)
 .ARM.attributes
                0x0000067b       0x2c c:/program files (x86)/gnu arm embedded toolchain/10 2021.10/bin/../lib/gcc/arm-none-eabi/10.3.1/../../../../arm-none-eabi/lib/thumb/v6-m/nofp\libg_nano.a(lib_a-wbuf.o)
 .ARM.attributes
                0x000006a7       0x2c c:/program files (x86)/gnu arm embedded toolchain/10 2021.10/bin/../lib/gcc/arm-none-eabi/10.3.1/../../../../arm-none-eabi/lib/thumb/v6-m/nofp\libg_nano.a(lib_a-wsetup.o)
 .ARM.attributes
                0x000006d3       0x2c c:/program files (x86)/gnu arm embedded toolchain/10 2021.10/bin/../lib/gcc/arm-none-eabi/10.3.1/../../../../arm-none-eabi/lib/thumb/v6-m/nofp\libg_nano.a(lib_a-fflush.o)
 .ARM.attributes
                0x000006ff       0x2c c:/program files (x86)/gnu arm embedded toolchain/10 2021.10/bin/../lib/gcc/arm-none-eabi/10.3.1/../../../../arm-none-eabi/lib/thumb/v6-m/nofp\libg_nano.a(lib_a-findfp.o)
 .ARM.attributes
                0x0000072b       0x2c c:/program files (x86)/gnu arm embedded toolchain/10 2021.10/bin/../lib/gcc/arm-none-eabi/10.3.1/../../../../arm-none-eabi/lib/thumb/v6-m/nofp\libg_nano.a(lib_a-fwalk.o)
 .ARM.attributes
                0x00000757       0x2c c:/program files (x86)/gnu arm embedded toolchain/10 2021.10/bin/../lib/gcc/arm-none-eabi/10.3.1/../../../../arm-none-eabi/lib/thumb/v6-m/nofp\libg_nano.a(lib_a-lock.o)
 .ARM.attributes
                0x00000783       0x2c c:/program files (x86)/gnu arm embedded toolchain/10 2021.10/bin/../lib/gcc/arm-none-eabi/10.3.1/../../../../arm-none-eabi/lib/thumb/v6-m/nofp\libg_nano.a(lib_a-makebuf.o)
 .ARM.attributes
                0x000007af       0x2c c:/program files (x86)/gnu arm embedded toolchain/10 2021.10/bin/../lib/gcc/arm-none-eabi/10.3.1/../../../../arm-none-eabi/lib/thumb/v6-m/nofp\libg_nano.a(lib_a-nano-freer.o)
 .ARM.attributes
                0x000007db       0x2c c:/program files (x86)/gnu arm embedded toolchain/10 2021.10/bin/../lib/gcc/arm-none-eabi/10.3.1/../../../../arm-none-eabi/lib/thumb/v6-m/nofp\libg_nano.a(lib_a-nano-mallocr.o)
 .ARM.attributes
                0x00000807       0x2c c:/program files (x86)/gnu arm embedded toolchain/10 2021.10/bin/../lib/gcc/arm-none-eabi/10.3.1/../../../../arm-none-eabi/lib/thumb/v6-m/nofp\libg_nano.a(lib_a-nano-vfprintf.o)
 .ARM.attributes
                0x00000833       0x2c c:/program files (x86)/gnu arm embedded toolchain/10 2021.10/bin/../lib/gcc/arm-none-eabi/10.3.1/../../../../arm-none-eabi/lib/thumb/v6-m/nofp\libg_nano.a(lib_a-nano-vfprintf_i.o)
 .ARM.attributes
                0x0000085f       0x2c c:/program files (x86)/gnu arm embedded toolchain/10 2021.10/bin/../lib/gcc/arm-none-eabi/10.3.1/../../../../arm-none-eabi/lib/thumb/v6-m/nofp\libg_nano.a(lib_a-putc.o)
 .ARM.attributes
                0x0000088b       0x2c c:/program files (x86)/gnu arm embedded toolchain/10 2021.10/bin/../lib/gcc/arm-none-eabi/10.3.1/../../../../arm-none-eabi/lib/thumb/v6-m/nofp\libg_nano.a(lib_a-sbrkr.o)
 .ARM.attributes
                0x000008b7       0x2c c:/program files (x86)/gnu arm embedded toolchain/10 2021.10/bin/../lib/gcc/arm-none-eabi/10.3.1/../../../../arm-none-eabi/lib/thumb/v6-m/nofp\libg_nano.a(lib_a-stdio.o)
 .ARM.attributes
                0x000008e3       0x2c c:/program files (x86)/gnu arm embedded toolchain/10 2021.10/bin/../lib/gcc/arm-none-eabi/10.3.1/../../../../arm-none-eabi/lib/thumb/v6-m/nofp\libg_nano.a(lib_a-writer.o)
 .ARM.attributes
                0x0000090f       0x2c c:/program files (x86)/gnu arm embedded toolchain/10 2021.10/bin/../lib/gcc/arm-none-eabi/10.3.1/../../../../arm-none-eabi/lib/thumb/v6-m/nofp\libg_nano.a(lib_a-closer.o)
 .ARM.attributes
                0x0000093b       0x2c c:/program files (x86)/gnu arm embedded toolchain/10 2021.10/bin/../lib/gcc/arm-none-eabi/10.3.1/../../../../arm-none-eabi/lib/thumb/v6-m/nofp\libg_nano.a(lib_a-fstatr.o)
 .ARM.attributes
                0x00000967       0x2c c:/program files (x86)/gnu arm embedded toolchain/10 2021.10/bin/../lib/gcc/arm-none-eabi/10.3.1/../../../../arm-none-eabi/lib/thumb/v6-m/nofp\libg_nano.a(lib_a-isattyr.o)
 .ARM.attributes
                0x00000993       0x2c c:/program files (x86)/gnu arm embedded toolchain/10 2021.10/bin/../lib/gcc/arm-none-eabi/10.3.1/../../../../arm-none-eabi/lib/thumb/v6-m/nofp\libg_nano.a(lib_a-lseekr.o)
 .ARM.attributes
                0x000009bf       0x2c c:/program files (x86)/gnu arm embedded toolchain/10 2021.10/bin/../lib/gcc/arm-none-eabi/10.3.1/../../../../arm-none-eabi/lib/thumb/v6-m/nofp\libg_nano.a(lib_a-memchr-stub.o)
 .ARM.attributes
                0x000009eb       0x2c c:/program files (x86)/gnu arm embedded toolchain/10 2021.10/bin/../lib/gcc/arm-none-eabi/10.3.1/../../../../arm-none-eabi/lib/thumb/v6-m/nofp\libg_nano.a(lib_a-mlock.o)
 .ARM.attributes
                0x00000a17       0x2c c:/program files (x86)/gnu arm embedded toolchain/10 2021.10/bin/../lib/gcc/arm-none-eabi/10.3.1/../../../../arm-none-eabi/lib/thumb/v6-m/nofp\libg_nano.a(lib_a-readr.o)
 .ARM.attributes
                0x00000a43       0x2c c:/program files (x86)/gnu arm embedded toolchain/10 2021.10/bin/../lib/gcc/arm-none-eabi/10.3.1/../../../../arm-none-eabi/lib/thumb/v6-m/nofp\libg_nano.a(lib_a-reent.o)
 .ARM.attributes
                0x00000a6f       0x1e c:/program files (x86)/gnu arm embedded toolchain/10 2021.10/bin/../lib/gcc/arm-none-eabi/10.3.1/thumb/v6-m/nofp\libgcc.a(_thumb1_case_shi.o)
 .ARM.attributes
                0x00000a8d       0x2c c:/program files (x86)/gnu arm embedded toolchain/10 2021.10/bin/../lib/gcc/arm-none-eabi/10.3.1/thumb/v6-m/nofp/crtend.o
 .ARM.attributes
                0x00000ab9       0x1e c:/program files (x86)/gnu arm embedded toolchain/10 2021.10/bin/../lib/gcc/arm-none-eabi/10.3.1/thumb/v6-m/nofp/crtn.o
 .ARM.attributes
                0x00000ad7       0x2c c:/program files (x86)/gnu arm embedded toolchain/10 2021.10/bin/../lib/gcc/arm-none-eabi/10.3.1/../../../../arm-none-eabi/lib/thumb/v6-m/nofp\libnosys.a(close.o)
 .ARM.attributes
                0x00000b03       0x2c c:/program files (x86)/gnu arm embedded toolchain/10 2021.10/bin/../lib/gcc/arm-none-eabi/10.3.1/../../../../arm-none-eabi/lib/thumb/v6-m/nofp\libnosys.a(fstat.o)
 .ARM.attributes
                0x00000b2f       0x2c c:/program files (x86)/gnu arm embedded toolchain/10 2021.10/bin/../lib/gcc/arm-none-eabi/10.3.1/../../../../arm-none-eabi/lib/thumb/v6-m/nofp\libnosys.a(isatty.o)
 .ARM.attributes
                0x00000b5b       0x2c c:/program files (x86)/gnu arm embedded toolchain/10 2021.10/bin/../lib/gcc/arm-none-eabi/10.3.1/../../../../arm-none-eabi/lib/thumb/v6-m/nofp\libnosys.a(lseek.o)
 .ARM.attributes
                0x00000b87       0x2c c:/program files (x86)/gnu arm embedded toolchain/10 2021.10/bin/../lib/gcc/arm-none-eabi/10.3.1/../../../../arm-none-eabi/lib/thumb/v6-m/nofp\libnosys.a(read.o)
 .ARM.attributes
                0x00000bb3       0x2c c:/program files (x86)/gnu arm embedded toolchain/10 2021.10/bin/../lib/gcc/arm-none-eabi/10.3.1/../../../../arm-none-eabi/lib/thumb/v6-m/nofp\libnosys.a(sbrk.o)

.comment        0x00000000       0x49
 .comment       0x00000000       0x49 CMakeFiles/Ethernet2SPI.dir/main.c.obj
                                 0x4a (size before relaxing)
 .comment       0x00000049       0x4a CMakeFiles/Ethernet2SPI.dir/W7500x_it.c.obj
 .comment       0x00000049       0x4a CMakeFiles/Ethernet2SPI.dir/retarget.c.obj
 .comment       0x00000049       0x4a CMakeFiles/Ethernet2SPI.dir/__/__/__/__/Libraries/W7500x_stdPeriph_Driver/src/W7500x_wztoe.c.obj
 .comment       0x00000049       0x4a CMakeFiles/Ethernet2SPI.dir/__/__/__/__/Libraries/CMSIS/Device/WIZnet/W7500/Source/system_W7500x.c.obj
 .comment       0x00000049       0x4a CMakeFiles/Ethernet2SPI.dir/__/__/__/__/Libraries/W7500x_stdPeriph_Driver/src/W7500x_uart.c.obj
 .comment       0x00000049       0x4a CMakeFiles/Ethernet2SPI.dir/__/__/__/__/Libraries/W7500x_stdPeriph_Driver/src/W7500x_gpio.c.obj
 .comment       0x00000049       0x4a CMakeFiles/Ethernet2SPI.dir/__/__/__/__/ioLibrary/MDIO/W7500x_miim.c.obj
 .comment       0x00000049       0x4a CMakeFiles/Ethernet2SPI.dir/__/__/__/__/Libraries/W7500x_stdPeriph_Driver/src/W7500x_ssp.c.obj
 .comment       0x00000049       0x4a CMakeFiles/Ethernet2SPI.dir/__/__/__/__/ioLibrary/Ethernet/socket.c.obj

.debug_frame    0x00000000     0x1eb4
 .debug_frame   0x00000000       0x20 c:/program files (x86)/gnu arm embedded toolchain/10 2021.10/bin/../lib/gcc/arm-none-eabi/10.3.1/../../../../arm-none-eabi/lib/thumb/v6-m/nofp\libc_nano.a(lib_a-memset.o)
 .debug_frame   0x00000020      0x144 CMakeFiles/Ethernet2SPI.dir/main.c.obj
 .debug_frame   0x00000164      0x358 CMakeFiles/Ethernet2SPI.dir/W7500x_it.c.obj
 .debug_frame   0x000004bc       0x30 CMakeFiles/Ethernet2SPI.dir/retarget.c.obj
 .debug_frame   0x000004ec      0x110 CMakeFiles/Ethernet2SPI.dir/__/__/__/__/Libraries/W7500x_stdPeriph_Driver/src/W7500x_wztoe.c.obj
 .debug_frame   0x000005fc       0x6c CMakeFiles/Ethernet2SPI.dir/__/__/__/__/Libraries/CMSIS/Device/WIZnet/W7500/Source/system_W7500x.c.obj
 .debug_frame   0x00000668      0x404 CMakeFiles/Ethernet2SPI.dir/__/__/__/__/Libraries/W7500x_stdPeriph_Driver/src/W7500x_uart.c.obj
 .debug_frame   0x00000a6c      0x2d0 CMakeFiles/Ethernet2SPI.dir/__/__/__/__/Libraries/W7500x_stdPeriph_Driver/src/W7500x_gpio.c.obj
 .debug_frame   0x00000d3c      0x16c CMakeFiles/Ethernet2SPI.dir/__/__/__/__/ioLibrary/MDIO/W7500x_miim.c.obj
 .debug_frame   0x00000ea8      0x1b0 CMakeFiles/Ethernet2SPI.dir/__/__/__/__/Libraries/W7500x_stdPeriph_Driver/src/W7500x_ssp.c.obj
 .debug_frame   0x00001058      0x1a4 CMakeFiles/Ethernet2SPI.dir/__/__/__/__/ioLibrary/Ethernet/socket.c.obj
 .debug_frame   0x000011fc       0x20 c:/program files (x86)/gnu arm embedded toolchain/10 2021.10/bin/../lib/gcc/arm-none-eabi/10.3.1/thumb/v6-m/nofp\libgcc.a(_udivsi3.o)
 .debug_frame   0x0000121c       0x28 c:/program files (x86)/gnu arm embedded toolchain/10 2021.10/bin/../lib/gcc/arm-none-eabi/10.3.1/thumb/v6-m/nofp\libgcc.a(_fixunssfsi.o)
 .debug_frame   0x00001244       0x2c c:/program files (x86)/gnu arm embedded toolchain/10 2021.10/bin/../lib/gcc/arm-none-eabi/10.3.1/thumb/v6-m/nofp\libgcc.a(_fixunsdfsi.o)
 .debug_frame   0x00001270       0x38 c:/program files (x86)/gnu arm embedded toolchain/10 2021.10/bin/../lib/gcc/arm-none-eabi/10.3.1/thumb/v6-m/nofp\libgcc.a(divsf3.o)
 .debug_frame   0x000012a8       0x38 c:/program files (x86)/gnu arm embedded toolchain/10 2021.10/bin/../lib/gcc/arm-none-eabi/10.3.1/thumb/v6-m/nofp\libgcc.a(mulsf3.o)
 .debug_frame   0x000012e0       0x38 c:/program files (x86)/gnu arm embedded toolchain/10 2021.10/bin/../lib/gcc/arm-none-eabi/10.3.1/thumb/v6-m/nofp\libgcc.a(subsf3.o)
 .debug_frame   0x00001318       0x20 c:/program files (x86)/gnu arm embedded toolchain/10 2021.10/bin/../lib/gcc/arm-none-eabi/10.3.1/thumb/v6-m/nofp\libgcc.a(fixsfsi.o)
 .debug_frame   0x00001338       0x2c c:/program files (x86)/gnu arm embedded toolchain/10 2021.10/bin/../lib/gcc/arm-none-eabi/10.3.1/thumb/v6-m/nofp\libgcc.a(floatunsisf.o)
 .debug_frame   0x00001364       0x38 c:/program files (x86)/gnu arm embedded toolchain/10 2021.10/bin/../lib/gcc/arm-none-eabi/10.3.1/thumb/v6-m/nofp\libgcc.a(adddf3.o)
 .debug_frame   0x0000139c       0x3c c:/program files (x86)/gnu arm embedded toolchain/10 2021.10/bin/../lib/gcc/arm-none-eabi/10.3.1/thumb/v6-m/nofp\libgcc.a(subdf3.o)
 .debug_frame   0x000013d8       0x2c c:/program files (x86)/gnu arm embedded toolchain/10 2021.10/bin/../lib/gcc/arm-none-eabi/10.3.1/thumb/v6-m/nofp\libgcc.a(fixdfsi.o)
 .debug_frame   0x00001404       0x2c c:/program files (x86)/gnu arm embedded toolchain/10 2021.10/bin/../lib/gcc/arm-none-eabi/10.3.1/thumb/v6-m/nofp\libgcc.a(extendsfdf2.o)
 .debug_frame   0x00001430       0x2c c:/program files (x86)/gnu arm embedded toolchain/10 2021.10/bin/../lib/gcc/arm-none-eabi/10.3.1/thumb/v6-m/nofp\libgcc.a(eqsf2.o)
 .debug_frame   0x0000145c       0x2c c:/program files (x86)/gnu arm embedded toolchain/10 2021.10/bin/../lib/gcc/arm-none-eabi/10.3.1/thumb/v6-m/nofp\libgcc.a(gesf2.o)
 .debug_frame   0x00001488       0x2c c:/program files (x86)/gnu arm embedded toolchain/10 2021.10/bin/../lib/gcc/arm-none-eabi/10.3.1/thumb/v6-m/nofp\libgcc.a(lesf2.o)
 .debug_frame   0x000014b4       0x38 c:/program files (x86)/gnu arm embedded toolchain/10 2021.10/bin/../lib/gcc/arm-none-eabi/10.3.1/thumb/v6-m/nofp\libgcc.a(eqdf2.o)
 .debug_frame   0x000014ec       0x34 c:/program files (x86)/gnu arm embedded toolchain/10 2021.10/bin/../lib/gcc/arm-none-eabi/10.3.1/thumb/v6-m/nofp\libgcc.a(gedf2.o)
 .debug_frame   0x00001520       0x34 c:/program files (x86)/gnu arm embedded toolchain/10 2021.10/bin/../lib/gcc/arm-none-eabi/10.3.1/thumb/v6-m/nofp\libgcc.a(ledf2.o)
 .debug_frame   0x00001554       0x50 c:/program files (x86)/gnu arm embedded toolchain/10 2021.10/bin/../lib/gcc/arm-none-eabi/10.3.1/../../../../arm-none-eabi/lib/thumb/v6-m/nofp\libg_nano.a(lib_a-printf.o)
 .debug_frame   0x000015a4       0x48 c:/program files (x86)/gnu arm embedded toolchain/10 2021.10/bin/../lib/gcc/arm-none-eabi/10.3.1/../../../../arm-none-eabi/lib/thumb/v6-m/nofp\libg_nano.a(lib_a-putchar.o)
 .debug_frame   0x000015ec       0x44 c:/program files (x86)/gnu arm embedded toolchain/10 2021.10/bin/../lib/gcc/arm-none-eabi/10.3.1/../../../../arm-none-eabi/lib/thumb/v6-m/nofp\libg_nano.a(lib_a-puts.o)
 .debug_frame   0x00001630       0x48 c:/program files (x86)/gnu arm embedded toolchain/10 2021.10/bin/../lib/gcc/arm-none-eabi/10.3.1/../../../../arm-none-eabi/lib/thumb/v6-m/nofp\libg_nano.a(lib_a-wbuf.o)
 .debug_frame   0x00001678       0x2c c:/program files (x86)/gnu arm embedded toolchain/10 2021.10/bin/../lib/gcc/arm-none-eabi/10.3.1/../../../../arm-none-eabi/lib/thumb/v6-m/nofp\libg_nano.a(lib_a-wsetup.o)
 .debug_frame   0x000016a4       0x68 c:/program files (x86)/gnu arm embedded toolchain/10 2021.10/bin/../lib/gcc/arm-none-eabi/10.3.1/../../../../arm-none-eabi/lib/thumb/v6-m/nofp\libg_nano.a(lib_a-fflush.o)
 .debug_frame   0x0000170c      0x170 c:/program files (x86)/gnu arm embedded toolchain/10 2021.10/bin/../lib/gcc/arm-none-eabi/10.3.1/../../../../arm-none-eabi/lib/thumb/v6-m/nofp\libg_nano.a(lib_a-findfp.o)
 .debug_frame   0x0000187c       0x58 c:/program files (x86)/gnu arm embedded toolchain/10 2021.10/bin/../lib/gcc/arm-none-eabi/10.3.1/../../../../arm-none-eabi/lib/thumb/v6-m/nofp\libg_nano.a(lib_a-fwalk.o)
 .debug_frame   0x000018d4       0xb0 c:/program files (x86)/gnu arm embedded toolchain/10 2021.10/bin/../lib/gcc/arm-none-eabi/10.3.1/../../../../arm-none-eabi/lib/thumb/v6-m/nofp\libg_nano.a(lib_a-lock.o)
 .debug_frame   0x00001984       0x54 c:/program files (x86)/gnu arm embedded toolchain/10 2021.10/bin/../lib/gcc/arm-none-eabi/10.3.1/../../../../arm-none-eabi/lib/thumb/v6-m/nofp\libg_nano.a(lib_a-makebuf.o)
 .debug_frame   0x000019d8       0x2c c:/program files (x86)/gnu arm embedded toolchain/10 2021.10/bin/../lib/gcc/arm-none-eabi/10.3.1/../../../../arm-none-eabi/lib/thumb/v6-m/nofp\libg_nano.a(lib_a-nano-freer.o)
 .debug_frame   0x00001a04       0x50 c:/program files (x86)/gnu arm embedded toolchain/10 2021.10/bin/../lib/gcc/arm-none-eabi/10.3.1/../../../../arm-none-eabi/lib/thumb/v6-m/nofp\libg_nano.a(lib_a-nano-mallocr.o)
 .debug_frame   0x00001a54       0x9c c:/program files (x86)/gnu arm embedded toolchain/10 2021.10/bin/../lib/gcc/arm-none-eabi/10.3.1/../../../../arm-none-eabi/lib/thumb/v6-m/nofp\libg_nano.a(lib_a-nano-vfprintf.o)
 .debug_frame   0x00001af0       0x54 c:/program files (x86)/gnu arm embedded toolchain/10 2021.10/bin/../lib/gcc/arm-none-eabi/10.3.1/../../../../arm-none-eabi/lib/thumb/v6-m/nofp\libg_nano.a(lib_a-nano-vfprintf_i.o)
 .debug_frame   0x00001b44       0x44 c:/program files (x86)/gnu arm embedded toolchain/10 2021.10/bin/../lib/gcc/arm-none-eabi/10.3.1/../../../../arm-none-eabi/lib/thumb/v6-m/nofp\libg_nano.a(lib_a-putc.o)
 .debug_frame   0x00001b88       0x2c c:/program files (x86)/gnu arm embedded toolchain/10 2021.10/bin/../lib/gcc/arm-none-eabi/10.3.1/../../../../arm-none-eabi/lib/thumb/v6-m/nofp\libg_nano.a(lib_a-sbrkr.o)
 .debug_frame   0x00001bb4       0x90 c:/program files (x86)/gnu arm embedded toolchain/10 2021.10/bin/../lib/gcc/arm-none-eabi/10.3.1/../../../../arm-none-eabi/lib/thumb/v6-m/nofp\libg_nano.a(lib_a-stdio.o)
 .debug_frame   0x00001c44       0x2c c:/program files (x86)/gnu arm embedded toolchain/10 2021.10/bin/../lib/gcc/arm-none-eabi/10.3.1/../../../../arm-none-eabi/lib/thumb/v6-m/nofp\libg_nano.a(lib_a-writer.o)
 .debug_frame   0x00001c70       0x2c c:/program files (x86)/gnu arm embedded toolchain/10 2021.10/bin/../lib/gcc/arm-none-eabi/10.3.1/../../../../arm-none-eabi/lib/thumb/v6-m/nofp\libg_nano.a(lib_a-closer.o)
 .debug_frame   0x00001c9c       0x2c c:/program files (x86)/gnu arm embedded toolchain/10 2021.10/bin/../lib/gcc/arm-none-eabi/10.3.1/../../../../arm-none-eabi/lib/thumb/v6-m/nofp\libg_nano.a(lib_a-fstatr.o)
 .debug_frame   0x00001cc8       0x2c c:/program files (x86)/gnu arm embedded toolchain/10 2021.10/bin/../lib/gcc/arm-none-eabi/10.3.1/../../../../arm-none-eabi/lib/thumb/v6-m/nofp\libg_nano.a(lib_a-isattyr.o)
 .debug_frame   0x00001cf4       0x2c c:/program files (x86)/gnu arm embedded toolchain/10 2021.10/bin/../lib/gcc/arm-none-eabi/10.3.1/../../../../arm-none-eabi/lib/thumb/v6-m/nofp\libg_nano.a(lib_a-lseekr.o)
 .debug_frame   0x00001d20       0x20 c:/program files (x86)/gnu arm embedded toolchain/10 2021.10/bin/../lib/gcc/arm-none-eabi/10.3.1/../../../../arm-none-eabi/lib/thumb/v6-m/nofp\libg_nano.a(lib_a-memchr-stub.o)
 .debug_frame   0x00001d40       0x40 c:/program files (x86)/gnu arm embedded toolchain/10 2021.10/bin/../lib/gcc/arm-none-eabi/10.3.1/../../../../arm-none-eabi/lib/thumb/v6-m/nofp\libg_nano.a(lib_a-mlock.o)
 .debug_frame   0x00001d80       0x2c c:/program files (x86)/gnu arm embedded toolchain/10 2021.10/bin/../lib/gcc/arm-none-eabi/10.3.1/../../../../arm-none-eabi/lib/thumb/v6-m/nofp\libg_nano.a(lib_a-readr.o)
 .debug_frame   0x00001dac       0x48 c:/program files (x86)/gnu arm embedded toolchain/10 2021.10/bin/../lib/gcc/arm-none-eabi/10.3.1/../../../../arm-none-eabi/lib/thumb/v6-m/nofp\libg_nano.a(lib_a-reent.o)
 .debug_frame   0x00001df4       0x20 c:/program files (x86)/gnu arm embedded toolchain/10 2021.10/bin/../lib/gcc/arm-none-eabi/10.3.1/../../../../arm-none-eabi/lib/thumb/v6-m/nofp\libnosys.a(close.o)
 .debug_frame   0x00001e14       0x20 c:/program files (x86)/gnu arm embedded toolchain/10 2021.10/bin/../lib/gcc/arm-none-eabi/10.3.1/../../../../arm-none-eabi/lib/thumb/v6-m/nofp\libnosys.a(fstat.o)
 .debug_frame   0x00001e34       0x20 c:/program files (x86)/gnu arm embedded toolchain/10 2021.10/bin/../lib/gcc/arm-none-eabi/10.3.1/../../../../arm-none-eabi/lib/thumb/v6-m/nofp\libnosys.a(isatty.o)
 .debug_frame   0x00001e54       0x20 c:/program files (x86)/gnu arm embedded toolchain/10 2021.10/bin/../lib/gcc/arm-none-eabi/10.3.1/../../../../arm-none-eabi/lib/thumb/v6-m/nofp\libnosys.a(lseek.o)
 .debug_frame   0x00001e74       0x20 c:/program files (x86)/gnu arm embedded toolchain/10 2021.10/bin/../lib/gcc/arm-none-eabi/10.3.1/../../../../arm-none-eabi/lib/thumb/v6-m/nofp\libnosys.a(read.o)
 .debug_frame   0x00001e94       0x20 c:/program files (x86)/gnu arm embedded toolchain/10 2021.10/bin/../lib/gcc/arm-none-eabi/10.3.1/../../../../arm-none-eabi/lib/thumb/v6-m/nofp\libnosys.a(sbrk.o)

.debug_info     0x00000000     0x4465
 .debug_info    0x00000000      0xc22 CMakeFiles/Ethernet2SPI.dir/main.c.obj
 .debug_info    0x00000c22      0x293 CMakeFiles/Ethernet2SPI.dir/W7500x_it.c.obj
 .debug_info    0x00000eb5      0x217 CMakeFiles/Ethernet2SPI.dir/retarget.c.obj
 .debug_info    0x000010cc       0x26 CMakeFiles/Ethernet2SPI.dir/__/__/__/__/Libraries/Startup/startup_W7500.s.obj
 .debug_info    0x000010f2      0x36b CMakeFiles/Ethernet2SPI.dir/__/__/__/__/Libraries/W7500x_stdPeriph_Driver/src/W7500x_wztoe.c.obj
 .debug_info    0x0000145d      0x4f2 CMakeFiles/Ethernet2SPI.dir/__/__/__/__/Libraries/CMSIS/Device/WIZnet/W7500/Source/system_W7500x.c.obj
 .debug_info    0x0000194f      0xd7a CMakeFiles/Ethernet2SPI.dir/__/__/__/__/Libraries/W7500x_stdPeriph_Driver/src/W7500x_uart.c.obj
 .debug_info    0x000026c9      0xbda CMakeFiles/Ethernet2SPI.dir/__/__/__/__/Libraries/W7500x_stdPeriph_Driver/src/W7500x_gpio.c.obj
 .debug_info    0x000032a3      0x5f2 CMakeFiles/Ethernet2SPI.dir/__/__/__/__/ioLibrary/MDIO/W7500x_miim.c.obj
 .debug_info    0x00003895      0x53d CMakeFiles/Ethernet2SPI.dir/__/__/__/__/Libraries/W7500x_stdPeriph_Driver/src/W7500x_ssp.c.obj
 .debug_info    0x00003dd2      0x693 CMakeFiles/Ethernet2SPI.dir/__/__/__/__/ioLibrary/Ethernet/socket.c.obj

.debug_abbrev   0x00000000     0x101b
 .debug_abbrev  0x00000000      0x2e3 CMakeFiles/Ethernet2SPI.dir/main.c.obj
 .debug_abbrev  0x000002e3       0x7b CMakeFiles/Ethernet2SPI.dir/W7500x_it.c.obj
 .debug_abbrev  0x0000035e       0xf2 CMakeFiles/Ethernet2SPI.dir/retarget.c.obj
 .debug_abbrev  0x00000450       0x14 CMakeFiles/Ethernet2SPI.dir/__/__/__/__/Libraries/Startup/startup_W7500.s.obj
 .debug_abbrev  0x00000464       0xdd CMakeFiles/Ethernet2SPI.dir/__/__/__/__/Libraries/W7500x_stdPeriph_Driver/src/W7500x_wztoe.c.obj
 .debug_abbrev  0x00000541      0x10b CMakeFiles/Ethernet2SPI.dir/__/__/__/__/Libraries/CMSIS/Device/WIZnet/W7500/Source/system_W7500x.c.obj
 .debug_abbrev  0x0000064c      0x2b5 CMakeFiles/Ethernet2SPI.dir/__/__/__/__/Libraries/W7500x_stdPeriph_Driver/src/W7500x_uart.c.obj
 .debug_abbrev  0x00000901      0x247 CMakeFiles/Ethernet2SPI.dir/__/__/__/__/Libraries/W7500x_stdPeriph_Driver/src/W7500x_gpio.c.obj
 .debug_abbrev  0x00000b48      0x1cf CMakeFiles/Ethernet2SPI.dir/__/__/__/__/ioLibrary/MDIO/W7500x_miim.c.obj
 .debug_abbrev  0x00000d17      0x1a3 CMakeFiles/Ethernet2SPI.dir/__/__/__/__/Libraries/W7500x_stdPeriph_Driver/src/W7500x_ssp.c.obj
 .debug_abbrev  0x00000eba      0x161 CMakeFiles/Ethernet2SPI.dir/__/__/__/__/ioLibrary/Ethernet/socket.c.obj

.debug_aranges  0x00000000      0x580
 .debug_aranges
                0x00000000       0x68 CMakeFiles/Ethernet2SPI.dir/main.c.obj
 .debug_aranges
                0x00000068      0x108 CMakeFiles/Ethernet2SPI.dir/W7500x_it.c.obj
 .debug_aranges
                0x00000170       0x20 CMakeFiles/Ethernet2SPI.dir/retarget.c.obj
 .debug_aranges
                0x00000190       0x20 CMakeFiles/Ethernet2SPI.dir/__/__/__/__/Libraries/Startup/startup_W7500.s.obj
 .debug_aranges
                0x000001b0       0x58 CMakeFiles/Ethernet2SPI.dir/__/__/__/__/Libraries/W7500x_stdPeriph_Driver/src/W7500x_wztoe.c.obj
 .debug_aranges
                0x00000208       0x30 CMakeFiles/Ethernet2SPI.dir/__/__/__/__/Libraries/CMSIS/Device/WIZnet/W7500/Source/system_W7500x.c.obj
 .debug_aranges
                0x00000238      0x118 CMakeFiles/Ethernet2SPI.dir/__/__/__/__/Libraries/W7500x_stdPeriph_Driver/src/W7500x_uart.c.obj
 .debug_aranges
                0x00000350       0xc8 CMakeFiles/Ethernet2SPI.dir/__/__/__/__/Libraries/W7500x_stdPeriph_Driver/src/W7500x_gpio.c.obj
 .debug_aranges
                0x00000418       0x70 CMakeFiles/Ethernet2SPI.dir/__/__/__/__/ioLibrary/MDIO/W7500x_miim.c.obj
 .debug_aranges
                0x00000488       0x80 CMakeFiles/Ethernet2SPI.dir/__/__/__/__/Libraries/W7500x_stdPeriph_Driver/src/W7500x_ssp.c.obj
 .debug_aranges
                0x00000508       0x78 CMakeFiles/Ethernet2SPI.dir/__/__/__/__/ioLibrary/Ethernet/socket.c.obj

.debug_ranges   0x00000000      0x4c0
 .debug_ranges  0x00000000       0x58 CMakeFiles/Ethernet2SPI.dir/main.c.obj
 .debug_ranges  0x00000058       0xf8 CMakeFiles/Ethernet2SPI.dir/W7500x_it.c.obj
 .debug_ranges  0x00000150       0x10 CMakeFiles/Ethernet2SPI.dir/retarget.c.obj
 .debug_ranges  0x00000160       0x48 CMakeFiles/Ethernet2SPI.dir/__/__/__/__/Libraries/W7500x_stdPeriph_Driver/src/W7500x_wztoe.c.obj
 .debug_ranges  0x000001a8       0x20 CMakeFiles/Ethernet2SPI.dir/__/__/__/__/Libraries/CMSIS/Device/WIZnet/W7500/Source/system_W7500x.c.obj
 .debug_ranges  0x000001c8      0x108 CMakeFiles/Ethernet2SPI.dir/__/__/__/__/Libraries/W7500x_stdPeriph_Driver/src/W7500x_uart.c.obj
 .debug_ranges  0x000002d0       0xb8 CMakeFiles/Ethernet2SPI.dir/__/__/__/__/Libraries/W7500x_stdPeriph_Driver/src/W7500x_gpio.c.obj
 .debug_ranges  0x00000388       0x60 CMakeFiles/Ethernet2SPI.dir/__/__/__/__/ioLibrary/MDIO/W7500x_miim.c.obj
 .debug_ranges  0x000003e8       0x70 CMakeFiles/Ethernet2SPI.dir/__/__/__/__/Libraries/W7500x_stdPeriph_Driver/src/W7500x_ssp.c.obj
 .debug_ranges  0x00000458       0x68 CMakeFiles/Ethernet2SPI.dir/__/__/__/__/ioLibrary/Ethernet/socket.c.obj

.debug_macro    0x00000000     0x51af
 .debug_macro   0x00000000      0x267 CMakeFiles/Ethernet2SPI.dir/main.c.obj
 .debug_macro   0x00000267      0xa3c CMakeFiles/Ethernet2SPI.dir/main.c.obj
 .debug_macro   0x00000ca3       0x22 CMakeFiles/Ethernet2SPI.dir/main.c.obj
 .debug_macro   0x00000cc5       0x5e CMakeFiles/Ethernet2SPI.dir/main.c.obj
 .debug_macro   0x00000d23       0x18 CMakeFiles/Ethernet2SPI.dir/main.c.obj
 .debug_macro   0x00000d3b       0x94 CMakeFiles/Ethernet2SPI.dir/main.c.obj
 .debug_macro   0x00000dcf       0x35 CMakeFiles/Ethernet2SPI.dir/main.c.obj
 .debug_macro   0x00000e04       0x34 CMakeFiles/Ethernet2SPI.dir/main.c.obj
 .debug_macro   0x00000e38       0x16 CMakeFiles/Ethernet2SPI.dir/main.c.obj
 .debug_macro   0x00000e4e       0x57 CMakeFiles/Ethernet2SPI.dir/main.c.obj
 .debug_macro   0x00000ea5       0x97 CMakeFiles/Ethernet2SPI.dir/main.c.obj
 .debug_macro   0x00000f3c      0x341 CMakeFiles/Ethernet2SPI.dir/main.c.obj
 .debug_macro   0x0000127d       0xfd CMakeFiles/Ethernet2SPI.dir/main.c.obj
 .debug_macro   0x0000137a       0x10 CMakeFiles/Ethernet2SPI.dir/main.c.obj
 .debug_macro   0x0000138a       0x16 CMakeFiles/Ethernet2SPI.dir/main.c.obj
 .debug_macro   0x000013a0       0x43 CMakeFiles/Ethernet2SPI.dir/main.c.obj
 .debug_macro   0x000013e3       0x34 CMakeFiles/Ethernet2SPI.dir/main.c.obj
 .debug_macro   0x00001417       0x10 CMakeFiles/Ethernet2SPI.dir/main.c.obj
 .debug_macro   0x00001427       0x58 CMakeFiles/Ethernet2SPI.dir/main.c.obj
 .debug_macro   0x0000147f      0x182 CMakeFiles/Ethernet2SPI.dir/main.c.obj
 .debug_macro   0x00001601       0x10 CMakeFiles/Ethernet2SPI.dir/main.c.obj
 .debug_macro   0x00001611       0x6a CMakeFiles/Ethernet2SPI.dir/main.c.obj
 .debug_macro   0x0000167b       0x1c CMakeFiles/Ethernet2SPI.dir/main.c.obj
 .debug_macro   0x00001697       0x52 CMakeFiles/Ethernet2SPI.dir/main.c.obj
 .debug_macro   0x000016e9       0x22 CMakeFiles/Ethernet2SPI.dir/main.c.obj
 .debug_macro   0x0000170b       0x10 CMakeFiles/Ethernet2SPI.dir/main.c.obj
 .debug_macro   0x0000171b       0x52 CMakeFiles/Ethernet2SPI.dir/main.c.obj
 .debug_macro   0x0000176d       0xd5 CMakeFiles/Ethernet2SPI.dir/main.c.obj
 .debug_macro   0x00001842       0x1c CMakeFiles/Ethernet2SPI.dir/main.c.obj
 .debug_macro   0x0000185e       0x3d CMakeFiles/Ethernet2SPI.dir/main.c.obj
 .debug_macro   0x0000189b       0x16 CMakeFiles/Ethernet2SPI.dir/main.c.obj
 .debug_macro   0x000018b1      0x16f CMakeFiles/Ethernet2SPI.dir/main.c.obj
 .debug_macro   0x00001a20       0x22 CMakeFiles/Ethernet2SPI.dir/main.c.obj
 .debug_macro   0x00001a42       0x3a CMakeFiles/Ethernet2SPI.dir/main.c.obj
 .debug_macro   0x00001a7c      0x103 CMakeFiles/Ethernet2SPI.dir/main.c.obj
 .debug_macro   0x00001b7f      0x1df CMakeFiles/Ethernet2SPI.dir/main.c.obj
 .debug_macro   0x00001d5e       0x1f CMakeFiles/Ethernet2SPI.dir/main.c.obj
 .debug_macro   0x00001d7d      0x242 CMakeFiles/Ethernet2SPI.dir/main.c.obj
 .debug_macro   0x00001fbf       0x10 CMakeFiles/Ethernet2SPI.dir/main.c.obj
 .debug_macro   0x00001fcf      0xa22 CMakeFiles/Ethernet2SPI.dir/main.c.obj
 .debug_macro   0x000029f1       0xac CMakeFiles/Ethernet2SPI.dir/main.c.obj
 .debug_macro   0x00002a9d      0x233 CMakeFiles/Ethernet2SPI.dir/main.c.obj
 .debug_macro   0x00002cd0       0xbe CMakeFiles/Ethernet2SPI.dir/main.c.obj
 .debug_macro   0x00002d8e      0x603 CMakeFiles/Ethernet2SPI.dir/main.c.obj
 .debug_macro   0x00003391       0x52 CMakeFiles/Ethernet2SPI.dir/main.c.obj
 .debug_macro   0x000033e3      0x1f6 CMakeFiles/Ethernet2SPI.dir/main.c.obj
 .debug_macro   0x000035d9       0xaa CMakeFiles/Ethernet2SPI.dir/main.c.obj
 .debug_macro   0x00003683       0xd5 CMakeFiles/Ethernet2SPI.dir/main.c.obj
 .debug_macro   0x00003758       0xa6 CMakeFiles/Ethernet2SPI.dir/W7500x_it.c.obj
 .debug_macro   0x000037fe       0x8e CMakeFiles/Ethernet2SPI.dir/W7500x_it.c.obj
 .debug_macro   0x0000388c       0x51 CMakeFiles/Ethernet2SPI.dir/W7500x_it.c.obj
 .debug_macro   0x000038dd      0x254 CMakeFiles/Ethernet2SPI.dir/retarget.c.obj
 .debug_macro   0x00003b31      0x22d CMakeFiles/Ethernet2SPI.dir/retarget.c.obj
 .debug_macro   0x00003d5e       0x16 CMakeFiles/Ethernet2SPI.dir/retarget.c.obj
 .debug_macro   0x00003d74       0x35 CMakeFiles/Ethernet2SPI.dir/retarget.c.obj
 .debug_macro   0x00003da9       0x10 CMakeFiles/Ethernet2SPI.dir/retarget.c.obj
 .debug_macro   0x00003db9       0x10 CMakeFiles/Ethernet2SPI.dir/retarget.c.obj
 .debug_macro   0x00003dc9       0x35 CMakeFiles/Ethernet2SPI.dir/retarget.c.obj
 .debug_macro   0x00003dfe      0x12c CMakeFiles/Ethernet2SPI.dir/retarget.c.obj
 .debug_macro   0x00003f2a      0x20a CMakeFiles/Ethernet2SPI.dir/__/__/__/__/Libraries/W7500x_stdPeriph_Driver/src/W7500x_wztoe.c.obj
 .debug_macro   0x00004134       0x64 CMakeFiles/Ethernet2SPI.dir/__/__/__/__/Libraries/W7500x_stdPeriph_Driver/src/W7500x_wztoe.c.obj
 .debug_macro   0x00004198      0x5fd CMakeFiles/Ethernet2SPI.dir/__/__/__/__/Libraries/W7500x_stdPeriph_Driver/src/W7500x_wztoe.c.obj
 .debug_macro   0x00004795       0xa6 CMakeFiles/Ethernet2SPI.dir/__/__/__/__/Libraries/CMSIS/Device/WIZnet/W7500/Source/system_W7500x.c.obj
 .debug_macro   0x0000483b       0xb5 CMakeFiles/Ethernet2SPI.dir/__/__/__/__/Libraries/W7500x_stdPeriph_Driver/src/W7500x_uart.c.obj
 .debug_macro   0x000048f0       0xb5 CMakeFiles/Ethernet2SPI.dir/__/__/__/__/Libraries/W7500x_stdPeriph_Driver/src/W7500x_gpio.c.obj
 .debug_macro   0x000049a5      0x219 CMakeFiles/Ethernet2SPI.dir/__/__/__/__/ioLibrary/MDIO/W7500x_miim.c.obj
 .debug_macro   0x00004bbe       0x4c CMakeFiles/Ethernet2SPI.dir/__/__/__/__/ioLibrary/MDIO/W7500x_miim.c.obj
 .debug_macro   0x00004c0a       0xc1 CMakeFiles/Ethernet2SPI.dir/__/__/__/__/Libraries/W7500x_stdPeriph_Driver/src/W7500x_ssp.c.obj
 .debug_macro   0x00004ccb      0x1f0 CMakeFiles/Ethernet2SPI.dir/__/__/__/__/Libraries/W7500x_stdPeriph_Driver/src/W7500x_ssp.c.obj
 .debug_macro   0x00004ebb      0x24c CMakeFiles/Ethernet2SPI.dir/__/__/__/__/ioLibrary/Ethernet/socket.c.obj
 .debug_macro   0x00005107       0x42 CMakeFiles/Ethernet2SPI.dir/__/__/__/__/ioLibrary/Ethernet/socket.c.obj
 .debug_macro   0x00005149       0x66 CMakeFiles/Ethernet2SPI.dir/__/__/__/__/ioLibrary/Ethernet/socket.c.obj

.debug_line     0x00000000     0x44f6
 .debug_line    0x00000000      0x8af CMakeFiles/Ethernet2SPI.dir/main.c.obj
 .debug_line    0x000008af      0x556 CMakeFiles/Ethernet2SPI.dir/W7500x_it.c.obj
 .debug_line    0x00000e05      0x4a9 CMakeFiles/Ethernet2SPI.dir/retarget.c.obj
 .debug_line    0x000012ae       0x9d CMakeFiles/Ethernet2SPI.dir/__/__/__/__/Libraries/Startup/startup_W7500.s.obj
 .debug_line    0x0000134b      0x62b CMakeFiles/Ethernet2SPI.dir/__/__/__/__/Libraries/W7500x_stdPeriph_Driver/src/W7500x_wztoe.c.obj
 .debug_line    0x00001976      0x3b3 CMakeFiles/Ethernet2SPI.dir/__/__/__/__/Libraries/CMSIS/Device/WIZnet/W7500/Source/system_W7500x.c.obj
 .debug_line    0x00001d29      0x7c7 CMakeFiles/Ethernet2SPI.dir/__/__/__/__/Libraries/W7500x_stdPeriph_Driver/src/W7500x_uart.c.obj
 .debug_line    0x000024f0      0x773 CMakeFiles/Ethernet2SPI.dir/__/__/__/__/Libraries/W7500x_stdPeriph_Driver/src/W7500x_gpio.c.obj
 .debug_line    0x00002c63      0x68f CMakeFiles/Ethernet2SPI.dir/__/__/__/__/ioLibrary/MDIO/W7500x_miim.c.obj
 .debug_line    0x000032f2      0x50d CMakeFiles/Ethernet2SPI.dir/__/__/__/__/Libraries/W7500x_stdPeriph_Driver/src/W7500x_ssp.c.obj
 .debug_line    0x000037ff      0xcf7 CMakeFiles/Ethernet2SPI.dir/__/__/__/__/ioLibrary/Ethernet/socket.c.obj

.debug_str      0x00000000    0x1401c
 .debug_str     0x00000000    0x127c3 CMakeFiles/Ethernet2SPI.dir/main.c.obj
                              0x129fc (size before relaxing)
 .debug_str     0x000127c3      0x1e6 CMakeFiles/Ethernet2SPI.dir/W7500x_it.c.obj
                               0x7b8e (size before relaxing)
 .debug_str     0x000129a9      0x605 CMakeFiles/Ethernet2SPI.dir/retarget.c.obj
                               0xd249 (size before relaxing)
 .debug_str     0x00012fae       0x3a CMakeFiles/Ethernet2SPI.dir/__/__/__/__/Libraries/Startup/startup_W7500.s.obj
                                 0x7a (size before relaxing)
 .debug_str     0x00012fe8       0xea CMakeFiles/Ethernet2SPI.dir/__/__/__/__/Libraries/W7500x_stdPeriph_Driver/src/W7500x_wztoe.c.obj
                               0xe5b7 (size before relaxing)
 .debug_str     0x000130d2      0x319 CMakeFiles/Ethernet2SPI.dir/__/__/__/__/Libraries/CMSIS/Device/WIZnet/W7500/Source/system_W7500x.c.obj
                               0x7d19 (size before relaxing)
 .debug_str     0x000133eb      0x2ae CMakeFiles/Ethernet2SPI.dir/__/__/__/__/Libraries/W7500x_stdPeriph_Driver/src/W7500x_uart.c.obj
                               0x9793 (size before relaxing)
 .debug_str     0x00013699      0x2b8 CMakeFiles/Ethernet2SPI.dir/__/__/__/__/Libraries/W7500x_stdPeriph_Driver/src/W7500x_gpio.c.obj
                               0x8686 (size before relaxing)
 .debug_str     0x00013951      0x14a CMakeFiles/Ethernet2SPI.dir/__/__/__/__/ioLibrary/MDIO/W7500x_miim.c.obj
                               0xc04e (size before relaxing)
 .debug_str     0x00013a9b      0x198 CMakeFiles/Ethernet2SPI.dir/__/__/__/__/Libraries/W7500x_stdPeriph_Driver/src/W7500x_ssp.c.obj
                               0x8c6d (size before relaxing)
 .debug_str     0x00013c33      0x3e9 CMakeFiles/Ethernet2SPI.dir/__/__/__/__/ioLibrary/Ethernet/socket.c.obj
                               0xeee3 (size before relaxing)

.stab           0x00000000       0x84
 .stab          0x00000000       0x24 c:/program files (x86)/gnu arm embedded toolchain/10 2021.10/bin/../lib/gcc/arm-none-eabi/10.3.1/../../../../arm-none-eabi/lib/thumb/v6-m/nofp\libnosys.a(close.o)
 .stab          0x00000024       0x18 c:/program files (x86)/gnu arm embedded toolchain/10 2021.10/bin/../lib/gcc/arm-none-eabi/10.3.1/../../../../arm-none-eabi/lib/thumb/v6-m/nofp\libnosys.a(fstat.o)
                                 0x24 (size before relaxing)
 .stab          0x0000003c       0x18 c:/program files (x86)/gnu arm embedded toolchain/10 2021.10/bin/../lib/gcc/arm-none-eabi/10.3.1/../../../../arm-none-eabi/lib/thumb/v6-m/nofp\libnosys.a(isatty.o)
                                 0x24 (size before relaxing)
 .stab          0x00000054       0x18 c:/program files (x86)/gnu arm embedded toolchain/10 2021.10/bin/../lib/gcc/arm-none-eabi/10.3.1/../../../../arm-none-eabi/lib/thumb/v6-m/nofp\libnosys.a(lseek.o)
                                 0x24 (size before relaxing)