Archive member included to satisfy reference by file (symbol)

c:/program files (x86)/gnu arm embedded toolchain/10 2021.10/bin/../lib/gcc/arm-none-eabi/10.3.1/../../../../arm-none-eabi/lib/thumb/v6-m/nofp\libc_nano.a(lib_a-exit.o)
                              c:/program files (x86)/gnu arm embedded toolchain/10 2021.10/bin/../lib/gcc/arm-none-eabi/10.3.1/../../../../arm-none-eabi/lib/thumb/v6-m/nofp/crt0.o (exit)
c:/program files (x86)/gnu arm embedded toolchain/10 2021.10/bin/../lib/gcc/arm-none-eabi/10.3.1/../../../../arm-none-eabi/lib/thumb/v6-m/nofp\libc_nano.a(lib_a-impure.o)
                              c:/program files (x86)/gnu arm embedded toolchain/10 2021.10/bin/../lib/gcc/arm-none-eabi/10.3.1/../../../../arm-none-eabi/lib/thumb/v6-m/nofp\libc_nano.a(lib_a-exit.o) (_global_impure_ptr)
c:/program files (x86)/gnu arm embedded toolchain/10 2021.10/bin/../lib/gcc/arm-none-eabi/10.3.1/../../../../arm-none-eabi/lib/thumb/v6-m/nofp\libc_nano.a(lib_a-init.o)
                              c:/program files (x86)/gnu arm embedded toolchain/10 2021.10/bin/../lib/gcc/arm-none-eabi/10.3.1/../../../../arm-none-eabi/lib/thumb/v6-m/nofp/crt0.o (__libc_init_array)
c:/program files (x86)/gnu arm embedded toolchain/10 2021.10/bin/../lib/gcc/arm-none-eabi/10.3.1/../../../../arm-none-eabi/lib/thumb/v6-m/nofp\libc_nano.a(lib_a-memset.o)
                              c:/program files (x86)/gnu arm embedded toolchain/10 2021.10/bin/../lib/gcc/arm-none-eabi/10.3.1/../../../../arm-none-eabi/lib/thumb/v6-m/nofp/crt0.o (memset)
c:/program files (x86)/gnu arm embedded toolchain/10 2021.10/bin/../lib/gcc/arm-none-eabi/10.3.1/thumb/v6-m/nofp\libgcc.a(_udivsi3.o)
                              CMakeFiles/DNSClient.dir/main.c.obj (__aeabi_uidiv)
c:/program files (x86)/gnu arm embedded toolchain/10 2021.10/bin/../lib/gcc/arm-none-eabi/10.3.1/thumb/v6-m/nofp\libgcc.a(_dvmd_tls.o)
                              c:/program files (x86)/gnu arm embedded toolchain/10 2021.10/bin/../lib/gcc/arm-none-eabi/10.3.1/thumb/v6-m/nofp\libgcc.a(_udivsi3.o) (__aeabi_idiv0)
c:/program files (x86)/gnu arm embedded toolchain/10 2021.10/bin/../lib/gcc/arm-none-eabi/10.3.1/thumb/v6-m/nofp\libgcc.a(_fixunssfsi.o)
                              CMakeFiles/DNSClient.dir/__/__/__/__/Libraries/W7500x_stdPeriph_Driver/src/W7500x_uart.c.obj (__aeabi_f2uiz)
c:/program files (x86)/gnu arm embedded toolchain/10 2021.10/bin/../lib/gcc/arm-none-eabi/10.3.1/thumb/v6-m/nofp\libgcc.a(_fixunsdfsi.o)
                              CMakeFiles/DNSClient.dir/__/__/__/__/Libraries/W7500x_stdPeriph_Driver/src/W7500x_uart.c.obj (__aeabi_d2uiz)
c:/program files (x86)/gnu arm embedded toolchain/10 2021.10/bin/../lib/gcc/arm-none-eabi/10.3.1/thumb/v6-m/nofp\libgcc.a(divsf3.o)
                              CMakeFiles/DNSClient.dir/__/__/__/__/Libraries/W7500x_stdPeriph_Driver/src/W7500x_uart.c.obj (__aeabi_fdiv)
c:/program files (x86)/gnu arm embedded toolchain/10 2021.10/bin/../lib/gcc/arm-none-eabi/10.3.1/thumb/v6-m/nofp\libgcc.a(mulsf3.o)
                              CMakeFiles/DNSClient.dir/__/__/__/__/Libraries/W7500x_stdPeriph_Driver/src/W7500x_uart.c.obj (__aeabi_fmul)
c:/program files (x86)/gnu arm embedded toolchain/10 2021.10/bin/../lib/gcc/arm-none-eabi/10.3.1/thumb/v6-m/nofp\libgcc.a(subsf3.o)
                              CMakeFiles/DNSClient.dir/__/__/__/__/Libraries/W7500x_stdPeriph_Driver/src/W7500x_uart.c.obj (__aeabi_fsub)
c:/program files (x86)/gnu arm embedded toolchain/10 2021.10/bin/../lib/gcc/arm-none-eabi/10.3.1/thumb/v6-m/nofp\libgcc.a(fixsfsi.o)
                              c:/program files (x86)/gnu arm embedded toolchain/10 2021.10/bin/../lib/gcc/arm-none-eabi/10.3.1/thumb/v6-m/nofp\libgcc.a(_fixunssfsi.o) (__aeabi_f2iz)
c:/program files (x86)/gnu arm embedded toolchain/10 2021.10/bin/../lib/gcc/arm-none-eabi/10.3.1/thumb/v6-m/nofp\libgcc.a(floatunsisf.o)
                              CMakeFiles/DNSClient.dir/__/__/__/__/Libraries/W7500x_stdPeriph_Driver/src/W7500x_uart.c.obj (__aeabi_ui2f)
c:/program files (x86)/gnu arm embedded toolchain/10 2021.10/bin/../lib/gcc/arm-none-eabi/10.3.1/thumb/v6-m/nofp\libgcc.a(adddf3.o)
                              CMakeFiles/DNSClient.dir/__/__/__/__/Libraries/W7500x_stdPeriph_Driver/src/W7500x_uart.c.obj (__aeabi_dadd)
c:/program files (x86)/gnu arm embedded toolchain/10 2021.10/bin/../lib/gcc/arm-none-eabi/10.3.1/thumb/v6-m/nofp\libgcc.a(subdf3.o)
                              c:/program files (x86)/gnu arm embedded toolchain/10 2021.10/bin/../lib/gcc/arm-none-eabi/10.3.1/thumb/v6-m/nofp\libgcc.a(_fixunsdfsi.o) (__aeabi_dsub)
c:/program files (x86)/gnu arm embedded toolchain/10 2021.10/bin/../lib/gcc/arm-none-eabi/10.3.1/thumb/v6-m/nofp\libgcc.a(fixdfsi.o)
                              c:/program files (x86)/gnu arm embedded toolchain/10 2021.10/bin/../lib/gcc/arm-none-eabi/10.3.1/thumb/v6-m/nofp\libgcc.a(_fixunsdfsi.o) (__aeabi_d2iz)
[...]
Memory Configuration

Name             Origin             Length             Attributes
FLASH            0x00000000         0x00020000         xr
RAM              0x20000000         0x00003fc0         xrw
*default*        0x00000000         0xffffffff

Linker script and memory map

LOAD c:/program files (x86)/gnu arm embedded toolchain/10 2021.10/bin/../lib/gcc/arm-none-eabi/10.3.1/thumb/v6-m/nofp/crti.o
LOAD c:/program files (x86)/gnu arm embedded toolchain/10 2021.10/bin/../lib/gcc/arm-none-eabi/10.3.1/thumb/v6-m/nofp/crtbegin.o
LOAD c:/program files (x86)/gnu arm embedded toolchain/10 2021.10/bin/../lib/gcc/arm-none-eabi/10.3.1/../../../../arm-none-eabi/lib/thumb/v6-m/nofp/crt0.o
LOAD c:/program files (x86)/gnu arm embedded toolchain/10 2021.10/bin/../lib/gcc/arm-none-eabi/10.3.1/../../../../arm-none-eabi/lib/thumb/v6-m/nofp\libc_nano.a
LOAD c:/program files (x86)/gnu arm embedded toolchain/10 2021.10/bin/../lib/gcc/arm-none-eabi/10.3.1/../../../../arm-none-eabi/lib/thumb/v6-m/nofp\libm.a
LOAD CMakeFiles/DNSClient.dir/main.c.obj
LOAD CMakeFiles/DNSClient.dir/W7500x_it.c.obj
LOAD CMakeFiles/DNSClient.dir/retarget.c.obj
LOAD CMakeFiles/DNSClient.dir/__/__/__/__/Libraries/Startup/startup_W7500.s.obj
LOAD CMakeFiles/DNSClient.dir/__/__/__/__/Libraries/W7500x_stdPeriph_Driver/src/W7500x_wztoe.c.obj
LOAD CMakeFiles/DNSClient.dir/__/__/__/__/Libraries/CMSIS/Device/WIZnet/W7500/Source/system_W7500x.c.obj
LOAD CMakeFiles/DNSClient.dir/__/__/__/__/Libraries/W7500x_stdPeriph_Driver/src/W7500x_crg.c.obj
LOAD CMakeFiles/DNSClient.dir/__/__/__/__/Libraries/W7500x_stdPeriph_Driver/src/W7500x_uart.c.obj
LOAD CMakeFiles/DNSClient.dir/__/__/__/__/Libraries/W7500x_stdPeriph_Driver/src/W7500x_gpio.c.obj
LOAD CMakeFiles/DNSClient.dir/__/__/__/__/ioLibrary/MDIO/W7500x_miim.c.obj
LOAD CMakeFiles/DNSClient.dir/__/__/__/__/ioLibrary/Application/loopback/loopback.c.obj
LOAD CMakeFiles/DNSClient.dir/__/__/__/__/ioLibrary/Ethernet/socket.c.obj
LOAD CMakeFiles/DNSClient.dir/__/__/__/__/ioLibrary/Ethernet/wizchip_conf.c.obj
LOAD CMakeFiles/DNSClient.dir/__/__/__/__/ioLibrary/Internet/DNS/dns.c.obj
LOAD CMakeFiles/DNSClient.dir/__/__/__/__/ioLibrary/Internet/DHCP/dhcp.c.obj
LOAD ../../../../Libraries/libWZTOE_FILES.a
LOAD ../../../../Libraries/libCRG_FILES.a
LOAD ../../../../Libraries/libUART_FILES.a
LOAD ../../../../Libraries/libGPIO_FILES.a
LOAD ../../../../ioLibrary/MDIO/libW7500X_MIIM_FILES.a
LOAD ../../../../Libraries/libSYSTEM_W7500X_FILES.a
LOAD ../../../../ioLibrary/Application/loopback/libLOOPBACK_FILES.a
LOAD ../../../../ioLibrary/Internet/DNS/libDNS_FILES.a
LOAD ../../../../ioLibrary/Internet/DHCP/libDHCP_FILES.a
LOAD ../../../../Libraries/libGPIO_FILES.a
LOAD ../../../../ioLibrary/Ethernet/libWIZCHIP_CONF_FILES.a
LOAD ../../../../ioLibrary/Ethernet/libSOCKET_FILES.a
LOAD ../../../../Libraries/libWZTOE_FILES.a
LOAD ../../../../Libraries/libSYSTEM_W7500X_FILES.a
START GROUP
LOAD c:/program files (x86)/gnu arm embedded toolchain/10 2021.10/bin/../lib/gcc/arm-none-eabi/10.3.1/thumb/v6-m/nofp\libgcc.a
LOAD c:/program files (x86)/gnu arm embedded toolchain/10 2021.10/bin/../lib/gcc/arm-none-eabi/10.3.1/../../../../arm-none-eabi/lib/thumb/v6-m/nofp\libg_nano.a
LOAD c:/program files (x86)/gnu arm embedded toolchain/10 2021.10/bin/../lib/gcc/arm-none-eabi/10.3.1/../../../../arm-none-eabi/lib/thumb/v6-m/nofp\libc_nano.a
END GROUP
START GROUP
LOAD c:/program files (x86)/gnu arm embedded toolchain/10 2021.10/bin/../lib/gcc/arm-none-eabi/10.3.1/thumb/v6-m/nofp\libgcc.a
LOAD c:/program files (x86)/gnu arm embedded toolchain/10 2021.10/bin/../lib/gcc/arm-none-eabi/10.3.1/../../../../arm-none-eabi/lib/thumb/v6-m/nofp\libc_nano.a
END GROUP
LOAD c:/program files (x86)/gnu arm embedded toolchain/10 2021.10/bin/../lib/gcc/arm-none-eabi/10.3.1/thumb/v6-m/nofp/crtend.o
LOAD c:/program files (x86)/gnu arm embedded toolchain/10 2021.10/bin/../lib/gcc/arm-none-eabi/10.3.1/thumb/v6-m/nofp/crtn.o
START GROUP
LOAD c:/program files (x86)/gnu arm embedded toolchain/10 2021.10/bin/../lib/gcc/arm-none-eabi/10.3.1/thumb/v6-m/nofp\libgcc.a
LOAD c:/program files (x86)/gnu arm embedded toolchain/10 2021.10/bin/../lib/gcc/arm-none-eabi/10.3.1/../../../../arm-none-eabi/lib/thumb/v6-m/nofp\libc.a
LOAD c:/program files (x86)/gnu arm embedded toolchain/10 2021.10/bin/../lib/gcc/arm-none-eabi/10.3.1/../../../../arm-none-eabi/lib/thumb/v6-m/nofp\libm.a
LOAD c:/program files (x86)/gnu arm embedded toolchain/10 2021.10/bin/../lib/gcc/arm-none-eabi/10.3.1/../../../../arm-none-eabi/lib/thumb/v6-m/nofp\libnosys.a
END GROUP

.text           0x00000000     0x5b94
 *(.isr_vector)
 .isr_vector    0x00000000       0xa8 CMakeFiles/DNSClient.dir/__/__/__/__/Libraries/Startup/startup_W7500.s.obj
                0x00000000                __isr_vector
 *(.text*)
 .text          0x000000a8       0x48 c:/program files (x86)/gnu arm embedded toolchain/10 2021.10/bin/../lib/gcc/arm-none-eabi/10.3.1/thumb/v6-m/nofp/crtbegin.o
 .text.memset   0x000000f0       0x10 c:/program files (x86)/gnu arm embedded toolchain/10 2021.10/bin/../lib/gcc/arm-none-eabi/10.3.1/../../../../arm-none-eabi/lib/thumb/v6-m/nofp\libc_nano.a(lib_a-memset.o)
                0x000000f0                memset
 .text.NVIC_SetPriority
                0x00000100       0xdc CMakeFiles/DNSClient.dir/main.c.obj
 .text.SysTick_Config
                0x000001dc       0x48 CMakeFiles/DNSClient.dir/main.c.obj
 .text.main     0x00000224      0x608 CMakeFiles/DNSClient.dir/main.c.obj
                0x00000224                main
 .text.delay    0x0000082c       0x28 CMakeFiles/DNSClient.dir/main.c.obj
                0x0000082c                delay
 .text.TimingDelay_Decrement
                0x00000854       0x20 CMakeFiles/DNSClient.dir/main.c.obj
                0x00000854                TimingDelay_Decrement
 .text.NMI_Handler
                0x00000874        0xa CMakeFiles/DNSClient.dir/W7500x_it.c.obj
                0x00000874                NMI_Handler
 .text.HardFault_Handler
                0x0000087e        0xa CMakeFiles/DNSClient.dir/W7500x_it.c.obj
                0x0000087e                HardFault_Handler
 .text.SVC_Handler
                0x00000888        0xa CMakeFiles/DNSClient.dir/W7500x_it.c.obj
                0x00000888                SVC_Handler
 .text.PendSV_Handler
                0x00000892        0xa CMakeFiles/DNSClient.dir/W7500x_it.c.obj
                0x00000892                PendSV_Handler
 .text.SysTick_Handler
                0x0000089c       0x38 CMakeFiles/DNSClient.dir/W7500x_it.c.obj
                0x0000089c                SysTick_Handler
 .text.SSP0_Handler
                0x000008d4        0xa CMakeFiles/DNSClient.dir/W7500x_it.c.obj
                0x000008d4                SSP0_Handler
 .text.SSP1_Handler
                0x000008de        0xa CMakeFiles/DNSClient.dir/W7500x_it.c.obj
                0x000008de                SSP1_Handler
 .text.UART0_Handler
                0x000008e8        0xa CMakeFiles/DNSClient.dir/W7500x_it.c.obj
                0x000008e8                UART0_Handler
 .text.UART1_Handler
                0x000008f2        0xa CMakeFiles/DNSClient.dir/W7500x_it.c.obj
                0x000008f2                UART1_Handler
 .text.UART2_Handler
                0x000008fc        0xa CMakeFiles/DNSClient.dir/W7500x_it.c.obj
                0x000008fc                UART2_Handler
 .text.I2C0_Handler
                0x00000906        0xa CMakeFiles/DNSClient.dir/W7500x_it.c.obj
                0x00000906                I2C0_Handler
 .text.I2C1_Handler
                0x00000910        0xa CMakeFiles/DNSClient.dir/W7500x_it.c.obj
                0x00000910                I2C1_Handler
 .text.PORT0_Handler
                0x0000091a        0xa CMakeFiles/DNSClient.dir/W7500x_it.c.obj
                0x0000091a                PORT0_Handler
 .text.PORT1_Handler
                0x00000924        0xa CMakeFiles/DNSClient.dir/W7500x_it.c.obj
                0x00000924                PORT1_Handler
 .text.PORT2_Handler
                0x0000092e        0xa CMakeFiles/DNSClient.dir/W7500x_it.c.obj
                0x0000092e                PORT2_Handler
 .text.PORT3_Handler
                0x00000938        0xa CMakeFiles/DNSClient.dir/W7500x_it.c.obj
                0x00000938                PORT3_Handler
 .text.DMA_Handler
                0x00000942        0xa CMakeFiles/DNSClient.dir/W7500x_it.c.obj
                0x00000942                DMA_Handler
 .text.DUALTIMER0_Handler
                0x0000094c        0xa CMakeFiles/DNSClient.dir/W7500x_it.c.obj
                0x0000094c                DUALTIMER0_Handler
 .text.DUALTIMER1_Handler
                0x00000956        0xa CMakeFiles/DNSClient.dir/W7500x_it.c.obj
                0x00000956                DUALTIMER1_Handler
 .text.PWM0_Handler
                0x00000960        0xa CMakeFiles/DNSClient.dir/W7500x_it.c.obj
                0x00000960                PWM0_Handler
 .text.PWM1_Handler
                0x0000096a        0xa CMakeFiles/DNSClient.dir/W7500x_it.c.obj
                0x0000096a                PWM1_Handler
 .text.PWM2_Handler
                0x00000974        0xa CMakeFiles/DNSClient.dir/W7500x_it.c.obj
                0x00000974                PWM2_Handler
 .text.PWM3_Handler
                0x0000097e        0xa CMakeFiles/DNSClient.dir/W7500x_it.c.obj
                0x0000097e                PWM3_Handler
 .text.PWM4_Handler
                0x00000988        0xa CMakeFiles/DNSClient.dir/W7500x_it.c.obj
                0x00000988                PWM4_Handler
 .text.PWM5_Handler
                0x00000992        0xa CMakeFiles/DNSClient.dir/W7500x_it.c.obj
                0x00000992                PWM5_Handler
 .text.PWM6_Handler
                0x0000099c        0xa CMakeFiles/DNSClient.dir/W7500x_it.c.obj
                0x0000099c                PWM6_Handler
 .text.PWM7_Handler
                0x000009a6        0xa CMakeFiles/DNSClient.dir/W7500x_it.c.obj
                0x000009a6                PWM7_Handler
 .text.ADC_Handler
                0x000009b0        0xa CMakeFiles/DNSClient.dir/W7500x_it.c.obj
                0x000009b0                ADC_Handler
 .text.WZTOE_Handler
                0x000009ba        0xa CMakeFiles/DNSClient.dir/W7500x_it.c.obj
                0x000009ba                WZTOE_Handler
 .text.EXTI_Handler
                0x000009c4        0xa CMakeFiles/DNSClient.dir/W7500x_it.c.obj
                0x000009c4                EXTI_Handler
 .text._write   0x000009ce       0x38 CMakeFiles/DNSClient.dir/retarget.c.obj
                0x000009ce                _write
 *fill*         0x00000a06        0x2 
 .text          0x00000a08       0x84 CMakeFiles/DNSClient.dir/__/__/__/__/Libraries/Startup/startup_W7500.s.obj
                0x00000a08                Reset_Handler
                0x00000a48                MemManage_Handler
                0x00000a4a                BusFault_Handler
                0x00000a4c                UsageFault_Handler
                0x00000a50                DebugMon_Handler
                0x00000a82                RTC_Handler
 .text.WIZCHIP_READ
                0x00000a8c       0x1e CMakeFiles/DNSClient.dir/__/__/__/__/Libraries/W7500x_stdPeriph_Driver/src/W7500x_wztoe.c.obj
                0x00000a8c                WIZCHIP_READ
 .text.WIZCHIP_WRITE
                0x00000aaa       0x1e CMakeFiles/DNSClient.dir/__/__/__/__/Libraries/W7500x_stdPeriph_Driver/src/W7500x_wztoe.c.obj
                0x00000aaa                WIZCHIP_WRITE
 .text.WIZCHIP_READ_BUF
                0x00000ac8       0x66 CMakeFiles/DNSClient.dir/__/__/__/__/Libraries/W7500x_stdPeriph_Driver/src/W7500x_wztoe.c.obj
                0x00000ac8                WIZCHIP_READ_BUF
 .text.WIZCHIP_WRITE_BUF
                0x00000b2e       0x62 CMakeFiles/DNSClient.dir/__/__/__/__/Libraries/W7500x_stdPeriph_Driver/src/W7500x_wztoe.c.obj
                0x00000b2e                WIZCHIP_WRITE_BUF
 .text.wiz_send_data
                0x00000b90       0x84 CMakeFiles/DNSClient.dir/__/__/__/__/Libraries/W7500x_stdPeriph_Driver/src/W7500x_wztoe.c.obj
                0x00000b90                wiz_send_data
 .text.wiz_recv_data
                0x00000c14       0x84 CMakeFiles/DNSClient.dir/__/__/__/__/Libraries/W7500x_stdPeriph_Driver/src/W7500x_wztoe.c.obj
                0x00000c14                wiz_recv_data
 .text.wiz_recv_macraw_data
                0x00000c98       0x98 CMakeFiles/DNSClient.dir/__/__/__/__/Libraries/W7500x_stdPeriph_Driver/src/W7500x_wztoe.c.obj
                0x00000c98                wiz_recv_macraw_data
 .text.wiz_recv_ignore
                0x00000d30       0x7c CMakeFiles/DNSClient.dir/__/__/__/__/Libraries/W7500x_stdPeriph_Driver/src/W7500x_wztoe.c.obj
                0x00000d30                wiz_recv_ignore
 .text.GetSystemClock
                0x00000dac       0x14 CMakeFiles/DNSClient.dir/__/__/__/__/Libraries/CMSIS/Device/WIZnet/W7500/Source/system_W7500x.c.obj
                0x00000dac                GetSystemClock
 .text.SystemInit
                0x00000dc0       0xb4 CMakeFiles/DNSClient.dir/__/__/__/__/Libraries/CMSIS/Device/WIZnet/W7500/Source/system_W7500x.c.obj
                0x00000dc0                SystemInit
 .text.S_UART_Init
                0x00000e74       0x40 CMakeFiles/DNSClient.dir/__/__/__/__/Libraries/W7500x_stdPeriph_Driver/src/W7500x_uart.c.obj
                0x00000e74                S_UART_Init
 .text.S_UART_SetBaud
                0x00000eb4       0x5c CMakeFiles/DNSClient.dir/__/__/__/__/Libraries/W7500x_stdPeriph_Driver/src/W7500x_uart.c.obj
                0x00000eb4                S_UART_SetBaud
 .text.S_UART_SendData
                0x00000f10       0x2c CMakeFiles/DNSClient.dir/__/__/__/__/Libraries/W7500x_stdPeriph_Driver/src/W7500x_uart.c.obj
                0x00000f10                S_UART_SendData
 .text.S_UartPutc
                0x00000f3c       0x24 CMakeFiles/DNSClient.dir/__/__/__/__/Libraries/W7500x_stdPeriph_Driver/src/W7500x_uart.c.obj
                0x00000f3c                S_UartPutc
 .text.GPIO_Init
                0x00000f60      0x1b8 CMakeFiles/DNSClient.dir/__/__/__/__/Libraries/W7500x_stdPeriph_Driver/src/W7500x_gpio.c.obj
                0x00000f60                GPIO_Init
 .text.GPIO_StructInit
                0x00001118       0x28 CMakeFiles/DNSClient.dir/__/__/__/__/Libraries/W7500x_stdPeriph_Driver/src/W7500x_gpio.c.obj
                0x00001118                GPIO_StructInit
 .text.GPIO_ReadInputDataBit
                0x00001140       0x40 CMakeFiles/DNSClient.dir/__/__/__/__/Libraries/W7500x_stdPeriph_Driver/src/W7500x_gpio.c.obj
                0x00001140                GPIO_ReadInputDataBit
 .text.GPIO_SetBits
                0x00001180       0x4a CMakeFiles/DNSClient.dir/__/__/__/__/Libraries/W7500x_stdPeriph_Driver/src/W7500x_gpio.c.obj
                0x00001180                GPIO_SetBits
 .text.GPIO_ResetBits
                0x000011ca       0x4e CMakeFiles/DNSClient.dir/__/__/__/__/Libraries/W7500x_stdPeriph_Driver/src/W7500x_gpio.c.obj
                0x000011ca                GPIO_ResetBits
 .text.PAD_AFConfig
                0x00001218       0xfc CMakeFiles/DNSClient.dir/__/__/__/__/Libraries/W7500x_stdPeriph_Driver/src/W7500x_gpio.c.obj
                0x00001218                PAD_AFConfig
 .text.link     0x00001314       0x2a CMakeFiles/DNSClient.dir/__/__/__/__/ioLibrary/MDIO/W7500x_miim.c.obj
                0x00001314                link
 *fill*         0x0000133e        0x2 
 .text.mdio_init
                0x00001340       0x7c CMakeFiles/DNSClient.dir/__/__/__/__/ioLibrary/MDIO/W7500x_miim.c.obj
                0x00001340                mdio_init
 .text.output_MDIO
                0x000013bc       0x84 CMakeFiles/DNSClient.dir/__/__/__/__/ioLibrary/MDIO/W7500x_miim.c.obj
                0x000013bc                output_MDIO
 .text.input_MDIO
                0x00001440       0x6e CMakeFiles/DNSClient.dir/__/__/__/__/ioLibrary/MDIO/W7500x_miim.c.obj
                0x00001440                input_MDIO
 .text.turnaround_MDIO
                0x000014ae       0x46 CMakeFiles/DNSClient.dir/__/__/__/__/ioLibrary/MDIO/W7500x_miim.c.obj
                0x000014ae                turnaround_MDIO
 .text.idle_MDIO
                0x000014f4       0x40 CMakeFiles/DNSClient.dir/__/__/__/__/ioLibrary/MDIO/W7500x_miim.c.obj
                0x000014f4                idle_MDIO
 .text.mdio_read
                0x00001534       0x6c CMakeFiles/DNSClient.dir/__/__/__/__/ioLibrary/MDIO/W7500x_miim.c.obj
                0x00001534                mdio_read
 .text.mdio_write
                0x000015a0       0x6c CMakeFiles/DNSClient.dir/__/__/__/__/ioLibrary/MDIO/W7500x_miim.c.obj
                0x000015a0                mdio_write
 .text.phy_id   0x0000160c       0xb4 CMakeFiles/DNSClient.dir/__/__/__/__/ioLibrary/MDIO/W7500x_miim.c.obj
                0x0000160c                phy_id
 .text.PHY_Init
                0x000016c0       0x88 CMakeFiles/DNSClient.dir/__/__/__/__/ioLibrary/MDIO/W7500x_miim.c.obj
                0x000016c0                PHY_Init
 .text.socket   0x00001748      0x1f0 CMakeFiles/DNSClient.dir/__/__/__/__/ioLibrary/Ethernet/socket.c.obj
                0x00001748                socket
 .text.close    0x00001938       0xcc CMakeFiles/DNSClient.dir/__/__/__/__/ioLibrary/Ethernet/socket.c.obj
                0x00001938                close
 .text.sendto   0x00001a04      0x348 CMakeFiles/DNSClient.dir/__/__/__/__/ioLibrary/Ethernet/socket.c.obj
                0x00001a04                sendto
 .text.recvfrom
                0x00001d4c      0x3f8 CMakeFiles/DNSClient.dir/__/__/__/__/ioLibrary/Ethernet/socket.c.obj
                0x00001d4c                recvfrom
 .text.get16    0x00002144       0x36 CMakeFiles/DNSClient.dir/__/__/__/__/ioLibrary/Internet/DNS/dns.c.obj
                0x00002144                get16
 .text.put16    0x0000217a       0x38 CMakeFiles/DNSClient.dir/__/__/__/__/ioLibrary/Internet/DNS/dns.c.obj
                0x0000217a                put16
 .text.parse_name
                0x000021b2      0x13c CMakeFiles/DNSClient.dir/__/__/__/__/ioLibrary/Internet/DNS/dns.c.obj
                0x000021b2                parse_name
 .text.dns_question
                0x000022ee       0x44 CMakeFiles/DNSClient.dir/__/__/__/__/ioLibrary/Internet/DNS/dns.c.obj
                0x000022ee                dns_question
 *fill*         0x00002332        0x2 
 .text.dns_answer
                0x00002334      0x190 CMakeFiles/DNSClient.dir/__/__/__/__/ioLibrary/Internet/DNS/dns.c.obj
                0x00002334                dns_answer
 .text.parseDNSMSG
                0x000024c4      0x1e8 CMakeFiles/DNSClient.dir/__/__/__/__/ioLibrary/Internet/DNS/dns.c.obj
                0x000024c4                parseDNSMSG
 .text.dns_makequery
                0x000026ac      0x188 CMakeFiles/DNSClient.dir/__/__/__/__/ioLibrary/Internet/DNS/dns.c.obj
                0x000026ac                dns_makequery
 .text.check_DNS_timeout
                0x00002834       0x48 CMakeFiles/DNSClient.dir/__/__/__/__/ioLibrary/Internet/DNS/dns.c.obj
                0x00002834                check_DNS_timeout
 .text.DNS_init
                0x0000287c       0x3c CMakeFiles/DNSClient.dir/__/__/__/__/ioLibrary/Internet/DNS/dns.c.obj
                0x0000287c                DNS_init
 .text.DNS_run  0x000028b8      0x120 CMakeFiles/DNSClient.dir/__/__/__/__/ioLibrary/Internet/DNS/dns.c.obj
                0x000028b8                DNS_run
 .text.DNS_time_handler
                0x000029d8       0x18 CMakeFiles/DNSClient.dir/__/__/__/__/ioLibrary/Internet/DNS/dns.c.obj
                0x000029d8                DNS_time_handler
 .text.default_ip_assign
                0x000029f0       0xf0 CMakeFiles/DNSClient.dir/__/__/__/__/ioLibrary/Internet/DHCP/dhcp.c.obj
                0x000029f0                default_ip_assign
 .text.default_ip_update
                0x00002ae0       0x94 CMakeFiles/DNSClient.dir/__/__/__/__/ioLibrary/Internet/DHCP/dhcp.c.obj
                0x00002ae0                default_ip_update
 .text.default_ip_conflict
                0x00002b74       0x90 CMakeFiles/DNSClient.dir/__/__/__/__/ioLibrary/Internet/DHCP/dhcp.c.obj
                0x00002b74                default_ip_conflict
 .text.makeDHCPMSG
                0x00002c04      0x284 CMakeFiles/DNSClient.dir/__/__/__/__/ioLibrary/Internet/DHCP/dhcp.c.obj
                0x00002c04                makeDHCPMSG
 .text.send_DHCP_DISCOVER
                0x00002e88      0x3bc CMakeFiles/DNSClient.dir/__/__/__/__/ioLibrary/Internet/DHCP/dhcp.c.obj
                0x00002e88                send_DHCP_DISCOVER
 .text.send_DHCP_REQUEST
                0x00003244      0x5a4 CMakeFiles/DNSClient.dir/__/__/__/__/ioLibrary/Internet/DHCP/dhcp.c.obj
                0x00003244                send_DHCP_REQUEST
 .text.send_DHCP_DECLINE
                0x000037e8      0x350 CMakeFiles/DNSClient.dir/__/__/__/__/ioLibrary/Internet/DHCP/dhcp.c.obj
                0x000037e8                send_DHCP_DECLINE
 .text.parseDHCPMSG
                0x00003b38      0x30c CMakeFiles/DNSClient.dir/__/__/__/__/ioLibrary/Internet/DHCP/dhcp.c.obj
                0x00003b38                parseDHCPMSG
 .text.DHCP_run
                0x00003e44      0x250 CMakeFiles/DNSClient.dir/__/__/__/__/ioLibrary/Internet/DHCP/dhcp.c.obj
                0x00003e44                DHCP_run
 .text.DHCP_stop
                0x00004094       0x24 CMakeFiles/DNSClient.dir/__/__/__/__/ioLibrary/Internet/DHCP/dhcp.c.obj
                0x00004094                DHCP_stop
 .text.check_DHCP_timeout
                0x000040b8       0xc4 CMakeFiles/DNSClient.dir/__/__/__/__/ioLibrary/Internet/DHCP/dhcp.c.obj
                0x000040b8                check_DHCP_timeout
 .text.check_DHCP_leasedIP
                0x0000417c       0x88 CMakeFiles/DNSClient.dir/__/__/__/__/ioLibrary/Internet/DHCP/dhcp.c.obj
                0x0000417c                check_DHCP_leasedIP
 .text.DHCP_init
                0x00004204      0x24c CMakeFiles/DNSClient.dir/__/__/__/__/ioLibrary/Internet/DHCP/dhcp.c.obj
                0x00004204                DHCP_init
 .text.reset_DHCP_timeout
                0x00004450       0x28 CMakeFiles/DNSClient.dir/__/__/__/__/ioLibrary/Internet/DHCP/dhcp.c.obj
                0x00004450                reset_DHCP_timeout
 .text.DHCP_time_handler
                0x00004478       0x18 CMakeFiles/DNSClient.dir/__/__/__/__/ioLibrary/Internet/DHCP/dhcp.c.obj
                0x00004478                DHCP_time_handler
 .text          0x00004490      0x114 c:/program files (x86)/gnu arm embedded toolchain/10 2021.10/bin/../lib/gcc/arm-none-eabi/10.3.1/thumb/v6-m/nofp\libgcc.a(_udivsi3.o)
                0x00004490                __aeabi_uidiv
                0x00004490                __udivsi3
                0x0000459c                __aeabi_uidivmod
 .text          0x000045a4        0x4 c:/program files (x86)/gnu arm embedded toolchain/10 2021.10/bin/../lib/gcc/arm-none-eabi/10.3.1/thumb/v6-m/nofp\libgcc.a(_dvmd_tls.o)
                0x000045a4                __aeabi_idiv0
                0x000045a4                __aeabi_ldiv0
 .text.printf   0x000045a8       0x34 c:/program files (x86)/gnu arm embedded toolchain/10 2021.10/bin/../lib/gcc/arm-none-eabi/10.3.1/../../../../arm-none-eabi/lib/thumb/v6-m/nofp\libg_nano.a(lib_a-printf.o)
                0x000045a8                iprintf
                0x000045a8                printf
 .text.putchar  0x000045dc       0x28 c:/program files (x86)/gnu arm embedded toolchain/10 2021.10/bin/../lib/gcc/arm-none-eabi/10.3.1/../../../../arm-none-eabi/lib/thumb/v6-m/nofp\libg_nano.a(lib_a-putchar.o)
                0x000045dc                putchar
 .text._puts_r  0x00004604       0xe4 c:/program files (x86)/gnu arm embedded toolchain/10 2021.10/bin/../lib/gcc/arm-none-eabi/10.3.1/../../../../arm-none-eabi/lib/thumb/v6-m/nofp\libg_nano.a(lib_a-puts.o)
                0x00004604                _puts_r
 .text.puts     0x000046e8       0x14 c:/program files (x86)/gnu arm embedded toolchain/10 2021.10/bin/../lib/gcc/arm-none-eabi/10.3.1/../../../../arm-none-eabi/lib/thumb/v6-m/nofp\libg_nano.a(lib_a-puts.o)
                0x000046e8                puts
 .text.strchr   0x000046fc       0x1c c:/program files (x86)/gnu arm embedded toolchain/10 2021.10/bin/../lib/gcc/arm-none-eabi/10.3.1/../../../../arm-none-eabi/lib/thumb/v6-m/nofp\libg_nano.a(lib_a-strchr.o)
                0x000046fc                strchr
 .text.strcpy   0x00004718       0x10 c:/program files (x86)/gnu arm embedded toolchain/10 2021.10/bin/../lib/gcc/arm-none-eabi/10.3.1/../../../../arm-none-eabi/lib/thumb/v6-m/nofp\libg_nano.a(lib_a-strcpy.o)
                0x00004718                strcpy
 .text          0x00004728        0xe c:/program files (x86)/gnu arm embedded toolchain/10 2021.10/bin/../lib/gcc/arm-none-eabi/10.3.1/../../../../arm-none-eabi/lib/thumb/v6-m/nofp\libg_nano.a(lib_a-strlen.o)
                0x00004728                strlen
 .text.strncpy  0x00004736       0x28 c:/program files (x86)/gnu arm embedded toolchain/10 2021.10/bin/../lib/gcc/arm-none-eabi/10.3.1/../../../../arm-none-eabi/lib/thumb/v6-m/nofp\libg_nano.a(lib_a-strncpy.o)
                0x00004736                strncpy
 *fill*         0x0000475e        0x2 
 .text.__swbuf_r
                0x00004760       0xac c:/program files (x86)/gnu arm embedded toolchain/10 2021.10/bin/../lib/gcc/arm-none-eabi/10.3.1/../../../../arm-none-eabi/lib/thumb/v6-m/nofp\libg_nano.a(lib_a-wbuf.o)
                0x00004760                __swbuf_r
 .text.__swsetup_r
                0x0000480c       0xf0 c:/program files (x86)/gnu arm embedded toolchain/10 2021.10/bin/../lib/gcc/arm-none-eabi/10.3.1/../../../../arm-none-eabi/lib/thumb/v6-m/nofp\libg_nano.a(lib_a-wsetup.o)
                0x0000480c                __swsetup_r
 .text.__sflush_r
                0x000048fc      0x118 c:/program files (x86)/gnu arm embedded toolchain/10 2021.10/bin/../lib/gcc/arm-none-eabi/10.3.1/../../../../arm-none-eabi/lib/thumb/v6-m/nofp\libg_nano.a(lib_a-fflush.o)
                0x000048fc                __sflush_r
 .text._fflush_r
                0x00004a14       0x80 c:/program files (x86)/gnu arm embedded toolchain/10 2021.10/bin/../lib/gcc/arm-none-eabi/10.3.1/../../../../arm-none-eabi/lib/thumb/v6-m/nofp\libg_nano.a(lib_a-fflush.o)
                0x00004a14                _fflush_r
 .text.std      0x00004a94       0x48 c:/program files (x86)/gnu arm embedded toolchain/10 2021.10/bin/../lib/gcc/arm-none-eabi/10.3.1/../../../../arm-none-eabi/lib/thumb/v6-m/nofp\libg_nano.a(lib_a-findfp.o)
 .text._cleanup_r
                0x00004adc       0x10 c:/program files (x86)/gnu arm embedded toolchain/10 2021.10/bin/../lib/gcc/arm-none-eabi/10.3.1/../../../../arm-none-eabi/lib/thumb/v6-m/nofp\libg_nano.a(lib_a-findfp.o)
                0x00004adc                _cleanup_r
 .text.__sfmoreglue
                0x00004aec       0x2c c:/program files (x86)/gnu arm embedded toolchain/10 2021.10/bin/../lib/gcc/arm-none-eabi/10.3.1/../../../../arm-none-eabi/lib/thumb/v6-m/nofp\libg_nano.a(lib_a-findfp.o)
                0x00004aec                __sfmoreglue
 .text.__sfp_lock_acquire
                0x00004b18       0x10 c:/program files (x86)/gnu arm embedded toolchain/10 2021.10/bin/../lib/gcc/arm-none-eabi/10.3.1/../../../../arm-none-eabi/lib/thumb/v6-m/nofp\libg_nano.a(lib_a-findfp.o)
                0x00004b18                __sfp_lock_acquire
 .text.__sfp_lock_release
                0x00004b28       0x10 c:/program files (x86)/gnu arm embedded toolchain/10 2021.10/bin/../lib/gcc/arm-none-eabi/10.3.1/../../../../arm-none-eabi/lib/thumb/v6-m/nofp\libg_nano.a(lib_a-findfp.o)
                0x00004b28                __sfp_lock_release
 .text.__sinit_lock_acquire
                0x00004b38       0x10 c:/program files (x86)/gnu arm embedded toolchain/10 2021.10/bin/../lib/gcc/arm-none-eabi/10.3.1/../../../../arm-none-eabi/lib/thumb/v6-m/nofp\libg_nano.a(lib_a-findfp.o)
                0x00004b38                __sinit_lock_acquire
 .text.__sinit_lock_release
                0x00004b48       0x10 c:/program files (x86)/gnu arm embedded toolchain/10 2021.10/bin/../lib/gcc/arm-none-eabi/10.3.1/../../../../arm-none-eabi/lib/thumb/v6-m/nofp\libg_nano.a(lib_a-findfp.o)
                0x00004b48                __sinit_lock_release
 .text.__sinit  0x00004b58       0x70 c:/program files (x86)/gnu arm embedded toolchain/10 2021.10/bin/../lib/gcc/arm-none-eabi/10.3.1/../../../../arm-none-eabi/lib/thumb/v6-m/nofp\libg_nano.a(lib_a-findfp.o)
                0x00004b58                __sinit
 .text.__sfp    0x00004bc8       0x90 c:/program files (x86)/gnu arm embedded toolchain/10 2021.10/bin/../lib/gcc/arm-none-eabi/10.3.1/../../../../arm-none-eabi/lib/thumb/v6-m/nofp\libg_nano.a(lib_a-findfp.o)
                0x00004bc8                __sfp
 .text._fwalk_reent
                0x00004c58       0x40 c:/program files (x86)/gnu arm embedded toolchain/10 2021.10/bin/../lib/gcc/arm-none-eabi/10.3.1/../../../../arm-none-eabi/lib/thumb/v6-m/nofp\libg_nano.a(lib_a-fwalk.o)
                0x00004c58                _fwalk_reent
 .text.__retarget_lock_init_recursive
                0x00004c98        0x2 c:/program files (x86)/gnu arm embedded toolchain/10 2021.10/bin/../lib/gcc/arm-none-eabi/10.3.1/../../../../arm-none-eabi/lib/thumb/v6-m/nofp\libg_nano.a(lib_a-lock.o)
                0x00004c98                __retarget_lock_init_recursive
 .text.__retarget_lock_acquire_recursive
                0x00004c9a        0x2 c:/program files (x86)/gnu arm embedded toolchain/10 2021.10/bin/../lib/gcc/arm-none-eabi/10.3.1/../../../../arm-none-eabi/lib/thumb/v6-m/nofp\libg_nano.a(lib_a-lock.o)
                0x00004c9a                __retarget_lock_acquire_recursive
 .text.__retarget_lock_release_recursive
                0x00004c9c        0x2 c:/program files (x86)/gnu arm embedded toolchain/10 2021.10/bin/../lib/gcc/arm-none-eabi/10.3.1/../../../../arm-none-eabi/lib/thumb/v6-m/nofp\libg_nano.a(lib_a-lock.o)
                0x00004c9c                __retarget_lock_release_recursive
 *fill*         0x00004c9e        0x2 
 .text.__swhatbuf_r
                0x00004ca0       0x50 c:/program files (x86)/gnu arm embedded toolchain/10 2021.10/bin/../lib/gcc/arm-none-eabi/10.3.1/../../../../arm-none-eabi/lib/thumb/v6-m/nofp\libg_nano.a(lib_a-makebuf.o)
                0x00004ca0                __swhatbuf_r
 .text.__smakebuf_r
                0x00004cf0       0x88 c:/program files (x86)/gnu arm embedded toolchain/10 2021.10/bin/../lib/gcc/arm-none-eabi/10.3.1/../../../../arm-none-eabi/lib/thumb/v6-m/nofp\libg_nano.a(lib_a-makebuf.o)
                0x00004cf0                __smakebuf_r
 .text._free_r  0x00004d78       0x94 c:/program files (x86)/gnu arm embedded toolchain/10 2021.10/bin/../lib/gcc/arm-none-eabi/10.3.1/../../../../arm-none-eabi/lib/thumb/v6-m/nofp\libg_nano.a(lib_a-nano-freer.o)
                0x00004d78                _free_r
 .text.sbrk_aligned
                0x00004e0c       0x44 c:/program files (x86)/gnu arm embedded toolchain/10 2021.10/bin/../lib/gcc/arm-none-eabi/10.3.1/../../../../arm-none-eabi/lib/thumb/v6-m/nofp\libg_nano.a(lib_a-nano-mallocr.o)
 .text._malloc_r
                0x00004e50       0xec c:/program files (x86)/gnu arm embedded toolchain/10 2021.10/bin/../lib/gcc/arm-none-eabi/10.3.1/../../../../arm-none-eabi/lib/thumb/v6-m/nofp\libg_nano.a(lib_a-nano-mallocr.o)
                0x00004e50                _malloc_r
 .text.__sfputc_r
                0x00004f3c       0x2a c:/program files (x86)/gnu arm embedded toolchain/10 2021.10/bin/../lib/gcc/arm-none-eabi/10.3.1/../../../../arm-none-eabi/lib/thumb/v6-m/nofp\libg_nano.a(lib_a-nano-vfprintf.o)
 .text.__sfputs_r
                0x00004f66       0x24 c:/program files (x86)/gnu arm embedded toolchain/10 2021.10/bin/../lib/gcc/arm-none-eabi/10.3.1/../../../../arm-none-eabi/lib/thumb/v6-m/nofp\libg_nano.a(lib_a-nano-vfprintf.o)
                0x00004f66                __sfputs_r
 *fill*         0x00004f8a        0x2 
 .text._vfprintf_r
                0x00004f8c      0x274 c:/program files (x86)/gnu arm embedded toolchain/10 2021.10/bin/../lib/gcc/arm-none-eabi/10.3.1/../../../../arm-none-eabi/lib/thumb/v6-m/nofp\libg_nano.a(lib_a-nano-vfprintf.o)
                0x00004f8c                _vfprintf_r
                0x00004f8c                _vfiprintf_r
 .text._printf_common
                0x00005200       0xde c:/program files (x86)/gnu arm embedded toolchain/10 2021.10/bin/../lib/gcc/arm-none-eabi/10.3.1/../../../../arm-none-eabi/lib/thumb/v6-m/nofp\libg_nano.a(lib_a-nano-vfprintf_i.o)
                0x00005200                _printf_common
 *fill*         0x000052de        0x2 
 .text._printf_i
                0x000052e0      0x224 c:/program files (x86)/gnu arm embedded toolchain/10 2021.10/bin/../lib/gcc/arm-none-eabi/10.3.1/../../../../arm-none-eabi/lib/thumb/v6-m/nofp\libg_nano.a(lib_a-nano-vfprintf_i.o)
                0x000052e0                _printf_i
 .text._putc_r  0x00005504       0x94 c:/program files (x86)/gnu arm embedded toolchain/10 2021.10/bin/../lib/gcc/arm-none-eabi/10.3.1/../../../../arm-none-eabi/lib/thumb/v6-m/nofp\libg_nano.a(lib_a-putc.o)
                0x00005504                _putc_r
 .text._sbrk_r  0x00005598       0x24 c:/program files (x86)/gnu arm embedded toolchain/10 2021.10/bin/../lib/gcc/arm-none-eabi/10.3.1/../../../../arm-none-eabi/lib/thumb/v6-m/nofp\libg_nano.a(lib_a-sbrkr.o)
                0x00005598                _sbrk_r
 .text.__sread  0x000055bc       0x28 c:/program files (x86)/gnu arm embedded toolchain/10 2021.10/bin/../lib/gcc/arm-none-eabi/10.3.1/../../../../arm-none-eabi/lib/thumb/v6-m/nofp\libg_nano.a(lib_a-stdio.o)
                0x000055bc                __sread
 .text.__swrite
                0x000055e4       0x38 c:/program files (x86)/gnu arm embedded toolchain/10 2021.10/bin/../lib/gcc/arm-none-eabi/10.3.1/../../../../arm-none-eabi/lib/thumb/v6-m/nofp\libg_nano.a(lib_a-stdio.o)
                0x000055e4                __swrite
 .text.__sseek  0x0000561c       0x2c c:/program files (x86)/gnu arm embedded toolchain/10 2021.10/bin/../lib/gcc/arm-none-eabi/10.3.1/../../../../arm-none-eabi/lib/thumb/v6-m/nofp\libg_nano.a(lib_a-stdio.o)
                0x0000561c                __sseek
 .text.__sclose
                0x00005648        0xc c:/program files (x86)/gnu arm embedded toolchain/10 2021.10/bin/../lib/gcc/arm-none-eabi/10.3.1/../../../../arm-none-eabi/lib/thumb/v6-m/nofp\libg_nano.a(lib_a-stdio.o)
                0x00005648                __sclose
 .text._write_r
                0x00005654       0x28 c:/program files (x86)/gnu arm embedded toolchain/10 2021.10/bin/../lib/gcc/arm-none-eabi/10.3.1/../../../../arm-none-eabi/lib/thumb/v6-m/nofp\libg_nano.a(lib_a-writer.o)
                0x00005654                _write_r
 .text._close_r
                0x0000567c       0x24 c:/program files (x86)/gnu arm embedded toolchain/10 2021.10/bin/../lib/gcc/arm-none-eabi/10.3.1/../../../../arm-none-eabi/lib/thumb/v6-m/nofp\libg_nano.a(lib_a-closer.o)
                0x0000567c                _close_r
 .text._fstat_r
                0x000056a0       0x24 c:/program files (x86)/gnu arm embedded toolchain/10 2021.10/bin/../lib/gcc/arm-none-eabi/10.3.1/../../../../arm-none-eabi/lib/thumb/v6-m/nofp\libg_nano.a(lib_a-fstatr.o)
                0x000056a0                _fstat_r
 .text._isatty_r
                0x000056c4       0x24 c:/program files (x86)/gnu arm embedded toolchain/10 2021.10/bin/../lib/gcc/arm-none-eabi/10.3.1/../../../../arm-none-eabi/lib/thumb/v6-m/nofp\libg_nano.a(lib_a-isattyr.o)
                0x000056c4                _isatty_r
 .text._lseek_r
                0x000056e8       0x28 c:/program files (x86)/gnu arm embedded toolchain/10 2021.10/bin/../lib/gcc/arm-none-eabi/10.3.1/../../../../arm-none-eabi/lib/thumb/v6-m/nofp\libg_nano.a(lib_a-lseekr.o)
                0x000056e8                _lseek_r
 .text.memchr   0x00005710       0x16 c:/program files (x86)/gnu arm embedded toolchain/10 2021.10/bin/../lib/gcc/arm-none-eabi/10.3.1/../../../../arm-none-eabi/lib/thumb/v6-m/nofp\libg_nano.a(lib_a-memchr-stub.o)
                0x00005710                memchr
 *fill*         0x00005726        0x2 
 .text.__malloc_lock
                0x00005728       0x10 c:/program files (x86)/gnu arm embedded toolchain/10 2021.10/bin/../lib/gcc/arm-none-eabi/10.3.1/../../../../arm-none-eabi/lib/thumb/v6-m/nofp\libg_nano.a(lib_a-mlock.o)
                0x00005728                __malloc_lock
 .text.__malloc_unlock
                0x00005738       0x10 c:/program files (x86)/gnu arm embedded toolchain/10 2021.10/bin/../lib/gcc/arm-none-eabi/10.3.1/../../../../arm-none-eabi/lib/thumb/v6-m/nofp\libg_nano.a(lib_a-mlock.o)
                0x00005738                __malloc_unlock
 .text._read_r  0x00005748       0x28 c:/program files (x86)/gnu arm embedded toolchain/10 2021.10/bin/../lib/gcc/arm-none-eabi/10.3.1/../../../../arm-none-eabi/lib/thumb/v6-m/nofp\libg_nano.a(lib_a-readr.o)
                0x00005748                _read_r
 .text          0x00005770       0x14 c:/program files (x86)/gnu arm embedded toolchain/10 2021.10/bin/../lib/gcc/arm-none-eabi/10.3.1/thumb/v6-m/nofp\libgcc.a(_thumb1_case_shi.o)
                0x00005770                __gnu_thumb1_case_shi
 .text._close   0x00005784       0x10 c:/program files (x86)/gnu arm embedded toolchain/10 2021.10/bin/../lib/gcc/arm-none-eabi/10.3.1/../../../../arm-none-eabi/lib/thumb/v6-m/nofp\libnosys.a(close.o)
                0x00005784                _close
 .text._fstat   0x00005794       0x10 c:/program files (x86)/gnu arm embedded toolchain/10 2021.10/bin/../lib/gcc/arm-none-eabi/10.3.1/../../../../arm-none-eabi/lib/thumb/v6-m/nofp\libnosys.a(fstat.o)
                0x00005794                _fstat
 .text._isatty  0x000057a4       0x10 c:/program files (x86)/gnu arm embedded toolchain/10 2021.10/bin/../lib/gcc/arm-none-eabi/10.3.1/../../../../arm-none-eabi/lib/thumb/v6-m/nofp\libnosys.a(isatty.o)
                0x000057a4                _isatty
 .text._lseek   0x000057b4       0x10 c:/program files (x86)/gnu arm embedded toolchain/10 2021.10/bin/../lib/gcc/arm-none-eabi/10.3.1/../../../../arm-none-eabi/lib/thumb/v6-m/nofp\libnosys.a(lseek.o)
                0x000057b4                _lseek
 .text._read    0x000057c4       0x10 c:/program files (x86)/gnu arm embedded toolchain/10 2021.10/bin/../lib/gcc/arm-none-eabi/10.3.1/../../../../arm-none-eabi/lib/thumb/v6-m/nofp\libnosys.a(read.o)
                0x000057c4                _read
 .text._sbrk    0x000057d4       0x1c c:/program files (x86)/gnu arm embedded toolchain/10 2021.10/bin/../lib/gcc/arm-none-eabi/10.3.1/../../../../arm-none-eabi/lib/thumb/v6-m/nofp\libnosys.a(sbrk.o)
                0x000057d4                _sbrk
 *(.init)
 .init          0x000057f0        0x4 c:/program files (x86)/gnu arm embedded toolchain/10 2021.10/bin/../lib/gcc/arm-none-eabi/10.3.1/thumb/v6-m/nofp/crti.o
                0x000057f0                _init
 .init          0x000057f4        0x8 c:/program files (x86)/gnu arm embedded toolchain/10 2021.10/bin/../lib/gcc/arm-none-eabi/10.3.1/thumb/v6-m/nofp/crtn.o
 *(.fini)
 .fini          0x000057fc        0x4 c:/program files (x86)/gnu arm embedded toolchain/10 2021.10/bin/../lib/gcc/arm-none-eabi/10.3.1/thumb/v6-m/nofp/crti.o
                0x000057fc                _fini
 .fini          0x00005800        0x8 c:/program files (x86)/gnu arm embedded toolchain/10 2021.10/bin/../lib/gcc/arm-none-eabi/10.3.1/thumb/v6-m/nofp/crtn.o
 *crtbegin.o(.ctors)
 *crtbegin?.o(.ctors)
 *(EXCLUDE_FILE(*crtend.o *crtend?.o) .ctors)
 *(SORT_BY_NAME(.ctors.*))
 *(.ctors)
 *crtbegin.o(.dtors)
 *crtbegin?.o(.dtors)
 *(EXCLUDE_FILE(*crtend.o *crtend?.o) .dtors)
 *(SORT_BY_NAME(.dtors.*))
 *(.dtors)
 *(.rodata*)
 .rodata._global_impure_ptr
                0x00005808        0x4 c:/program files (x86)/gnu arm embedded toolchain/10 2021.10/bin/../lib/gcc/arm-none-eabi/10.3.1/../../../../arm-none-eabi/lib/thumb/v6-m/nofp\libc_nano.a(lib_a-impure.o)
                0x00005808                _global_impure_ptr
 .rodata        0x0000580c      0x14b CMakeFiles/DNSClient.dir/main.c.obj
 *fill*         0x00005957        0x1 
 .rodata        0x00005958       0x35 CMakeFiles/DNSClient.dir/__/__/__/__/ioLibrary/MDIO/W7500x_miim.c.obj
 *fill*         0x0000598d        0x3 
 .rodata.dns_answer
                0x00005990       0x44 CMakeFiles/DNSClient.dir/__/__/__/__/ioLibrary/Internet/DNS/dns.c.obj
 .rodata.parseDHCPMSG
                0x000059d4       0xdc CMakeFiles/DNSClient.dir/__/__/__/__/ioLibrary/Internet/DHCP/dhcp.c.obj
 .rodata        0x00005ab0       0x37 CMakeFiles/DNSClient.dir/__/__/__/__/ioLibrary/Internet/DHCP/dhcp.c.obj
 *fill*         0x00005ae7        0x1 
 .rodata.DHCP_run
                0x00005ae8       0x14 CMakeFiles/DNSClient.dir/__/__/__/__/ioLibrary/Internet/DHCP/dhcp.c.obj
 .rodata.__sf_fake_stderr
                0x00005afc       0x20 c:/program files (x86)/gnu arm embedded toolchain/10 2021.10/bin/../lib/gcc/arm-none-eabi/10.3.1/../../../../arm-none-eabi/lib/thumb/v6-m/nofp\libg_nano.a(lib_a-findfp.o)
                0x00005afc                __sf_fake_stderr
 .rodata.__sf_fake_stdin
                0x00005b1c       0x20 c:/program files (x86)/gnu arm embedded toolchain/10 2021.10/bin/../lib/gcc/arm-none-eabi/10.3.1/../../../../arm-none-eabi/lib/thumb/v6-m/nofp\libg_nano.a(lib_a-findfp.o)
                0x00005b1c                __sf_fake_stdin
 .rodata.__sf_fake_stdout
                0x00005b3c       0x20 c:/program files (x86)/gnu arm embedded toolchain/10 2021.10/bin/../lib/gcc/arm-none-eabi/10.3.1/../../../../arm-none-eabi/lib/thumb/v6-m/nofp\libg_nano.a(lib_a-findfp.o)
                0x00005b3c                __sf_fake_stdout
 .rodata._vfprintf_r.str1.1
                0x00005b5c       0x11 c:/program files (x86)/gnu arm embedded toolchain/10 2021.10/bin/../lib/gcc/arm-none-eabi/10.3.1/../../../../arm-none-eabi/lib/thumb/v6-m/nofp\libg_nano.a(lib_a-nano-vfprintf.o)
 .rodata._printf_i.str1.1
                0x00005b6d       0x22 c:/program files (x86)/gnu arm embedded toolchain/10 2021.10/bin/../lib/gcc/arm-none-eabi/10.3.1/../../../../arm-none-eabi/lib/thumb/v6-m/nofp\libg_nano.a(lib_a-nano-vfprintf_i.o)
 *(.eh_frame*)
 *fill*         0x00005b8f        0x1 
 .eh_frame      0x00005b90        0x0 c:/program files (x86)/gnu arm embedded toolchain/10 2021.10/bin/../lib/gcc/arm-none-eabi/10.3.1/thumb/v6-m/nofp/crtbegin.o
 .eh_frame      0x00005b90        0x4 c:/program files (x86)/gnu arm embedded toolchain/10 2021.10/bin/../lib/gcc/arm-none-eabi/10.3.1/thumb/v6-m/nofp/crtend.o

.glue_7         0x00005b94        0x0
 .glue_7        0x00005b94        0x0 linker stubs

.glue_7t        0x00005b94        0x0
 .glue_7t       0x00005b94        0x0 linker stubs

.vfp11_veneer   0x00005b94        0x0
 .vfp11_veneer  0x00005b94        0x0 linker stubs

.v4_bx          0x00005b94        0x0
 .v4_bx         0x00005b94        0x0 linker stubs

.iplt           0x00005b94        0x0
 .iplt          0x00005b94        0x0 c:/program files (x86)/gnu arm embedded toolchain/10 2021.10/bin/../lib/gcc/arm-none-eabi/10.3.1/thumb/v6-m/nofp/crtbegin.o

.rel.dyn        0x00005b94        0x0
 .rel.iplt      0x00005b94        0x0 c:/program files (x86)/gnu arm embedded toolchain/10 2021.10/bin/../lib/gcc/arm-none-eabi/10.3.1/thumb/v6-m/nofp/crtbegin.o

.ARM.extab
 *(.ARM.extab* .gnu.linkonce.armextab.*)
                0x00005b94                __exidx_start = .

.ARM.exidx
 *(.ARM.exidx* .gnu.linkonce.armexidx.*)
                0x00005b94                __exidx_end = .
                0x00005b94                __etext = .

.data           0x20000000       0x8c load address 0x00005b94
                0x20000000                __data_start__ = .
 *(vtable)
 *(.data*)
 .data._impure_ptr
                0x20000000        0x4 c:/program files (x86)/gnu arm embedded toolchain/10 2021.10/bin/../lib/gcc/arm-none-eabi/10.3.1/../../../../arm-none-eabi/lib/thumb/v6-m/nofp\libc_nano.a(lib_a-impure.o)
                0x20000000                _impure_ptr
 .data.impure_data
                0x20000004       0x60 c:/program files (x86)/gnu arm embedded toolchain/10 2021.10/bin/../lib/gcc/arm-none-eabi/10.3.1/../../../../arm-none-eabi/lib/thumb/v6-m/nofp\libc_nano.a(lib_a-impure.o)
 .data.sock_any_port
                0x20000064        0x2 CMakeFiles/DNSClient.dir/__/__/__/__/ioLibrary/Ethernet/socket.c.obj
 *fill*         0x20000066        0x2 
 .data.dhcp_lease_time
                0x20000068        0x4 CMakeFiles/DNSClient.dir/__/__/__/__/ioLibrary/Internet/DHCP/dhcp.c.obj
                0x20000068                dhcp_lease_time
 .data.dhcp_tick_next
                0x2000006c        0x4 CMakeFiles/DNSClient.dir/__/__/__/__/ioLibrary/Internet/DHCP/dhcp.c.obj
                0x2000006c                dhcp_tick_next
 .data.HOST_NAME
                0x20000070        0x8 CMakeFiles/DNSClient.dir/__/__/__/__/ioLibrary/Internet/DHCP/dhcp.c.obj
                0x20000070                HOST_NAME
 .data.dhcp_ip_assign
                0x20000078        0x4 CMakeFiles/DNSClient.dir/__/__/__/__/ioLibrary/Internet/DHCP/dhcp.c.obj
                0x20000078                dhcp_ip_assign
 .data.dhcp_ip_update
                0x2000007c        0x4 CMakeFiles/DNSClient.dir/__/__/__/__/ioLibrary/Internet/DHCP/dhcp.c.obj
                0x2000007c                dhcp_ip_update
 .data.dhcp_ip_conflict
                0x20000080        0x4 CMakeFiles/DNSClient.dir/__/__/__/__/ioLibrary/Internet/DHCP/dhcp.c.obj
                0x20000080                dhcp_ip_conflict
                0x20000084                . = ALIGN (0x4)
                0x20000084                PROVIDE (__preinit_array_start = .)
 *(.preinit_array)
                0x20000084                PROVIDE (__preinit_array_end = .)
                0x20000084                . = ALIGN (0x4)
                0x20000084                PROVIDE (__init_array_start = .)
 *(SORT_BY_NAME(.init_array.*))
 *(.init_array)
 .init_array    0x20000084        0x4 c:/program files (x86)/gnu arm embedded toolchain/10 2021.10/bin/../lib/gcc/arm-none-eabi/10.3.1/thumb/v6-m/nofp/crtbegin.o
                0x20000088                PROVIDE (__init_array_end = .)
                0x20000088                . = ALIGN (0x4)
                [!provide]                PROVIDE (__fini_array_start = .)
 *(SORT_BY_NAME(.fini_array.*))
 *(.fini_array)
 .fini_array    0x20000088        0x4 c:/program files (x86)/gnu arm embedded toolchain/10 2021.10/bin/../lib/gcc/arm-none-eabi/10.3.1/thumb/v6-m/nofp/crtbegin.o
                [!provide]                PROVIDE (__fini_array_end = .)
 *(.jcr*)
                0x2000008c                . = ALIGN (0x4)
                0x2000008c                __data_end__ = .

.igot.plt       0x2000008c        0x0 load address 0x00005c20
 .igot.plt      0x2000008c        0x0 c:/program files (x86)/gnu arm embedded toolchain/10 2021.10/bin/../lib/gcc/arm-none-eabi/10.3.1/thumb/v6-m/nofp/crtbegin.o

.bss            0x2000008c      0x8a0 load address 0x00005c20
                0x2000008c                . = ALIGN (0x4)
                0x2000008c                __bss_start__ = .
 *(.bss*)
 .bss           0x2000008c       0x1c c:/program files (x86)/gnu arm embedded toolchain/10 2021.10/bin/../lib/gcc/arm-none-eabi/10.3.1/thumb/v6-m/nofp/crtbegin.o
 .bss.TimingDelay
                0x200000a8        0x4 CMakeFiles/DNSClient.dir/main.c.obj
 .bss.test_buf  0x200000ac      0x800 CMakeFiles/DNSClient.dir/main.c.obj
                0x200000ac                test_buf
 .bss.my_dhcp_retry
                0x200008ac        0x4 CMakeFiles/DNSClient.dir/main.c.obj
                0x200008ac                my_dhcp_retry
 .bss.systick   0x200008b0        0x4 CMakeFiles/DNSClient.dir/W7500x_it.c.obj
                0x200008b0                systick
 .bss.SystemFrequency
                0x200008b4        0x4 CMakeFiles/DNSClient.dir/__/__/__/__/Libraries/CMSIS/Device/WIZnet/W7500/Source/system_W7500x.c.obj
                0x200008b4                SystemFrequency
 .bss.PHY_ADDR  0x200008b8        0x4 CMakeFiles/DNSClient.dir/__/__/__/__/ioLibrary/MDIO/W7500x_miim.c.obj
                0x200008b8                PHY_ADDR
 .bss.sock_io_mode
                0x200008bc        0x2 CMakeFiles/DNSClient.dir/__/__/__/__/ioLibrary/Ethernet/socket.c.obj
 .bss.sock_is_sending
                0x200008be        0x2 CMakeFiles/DNSClient.dir/__/__/__/__/ioLibrary/Ethernet/socket.c.obj
 .bss.sock_remained_size
                0x200008c0       0x10 CMakeFiles/DNSClient.dir/__/__/__/__/ioLibrary/Ethernet/socket.c.obj
 .bss.sock_pack_info
                0x200008d0        0x8 CMakeFiles/DNSClient.dir/__/__/__/__/ioLibrary/Ethernet/socket.c.obj
 .bss.pDNSMSG   0x200008d8        0x4 CMakeFiles/DNSClient.dir/__/__/__/__/ioLibrary/Internet/DNS/dns.c.obj
                0x200008d8                pDNSMSG
 .bss.DNS_SOCKET
                0x200008dc        0x1 CMakeFiles/DNSClient.dir/__/__/__/__/ioLibrary/Internet/DNS/dns.c.obj
                0x200008dc                DNS_SOCKET
 *fill*         0x200008dd        0x1 
 .bss.DNS_MSGID
                0x200008de        0x2 CMakeFiles/DNSClient.dir/__/__/__/__/ioLibrary/Internet/DNS/dns.c.obj
                0x200008de                DNS_MSGID
 .bss.dns_1s_tick
                0x200008e0        0x4 CMakeFiles/DNSClient.dir/__/__/__/__/ioLibrary/Internet/DNS/dns.c.obj
                0x200008e0                dns_1s_tick
 .bss.retry_count.0
                0x200008e4        0x1 CMakeFiles/DNSClient.dir/__/__/__/__/ioLibrary/Internet/DNS/dns.c.obj
 .bss.DHCP_SOCKET
                0x200008e5        0x1 CMakeFiles/DNSClient.dir/__/__/__/__/ioLibrary/Internet/DHCP/dhcp.c.obj
                0x200008e5                DHCP_SOCKET
 *fill*         0x200008e6        0x2 
 .bss.DHCP_SIP  0x200008e8        0x4 CMakeFiles/DNSClient.dir/__/__/__/__/ioLibrary/Internet/DHCP/dhcp.c.obj
                0x200008e8                DHCP_SIP
 .bss.OLD_allocated_ip
                0x200008ec        0x4 CMakeFiles/DNSClient.dir/__/__/__/__/ioLibrary/Internet/DHCP/dhcp.c.obj
                0x200008ec                OLD_allocated_ip
 .bss.DHCP_allocated_ip
                0x200008f0        0x4 CMakeFiles/DNSClient.dir/__/__/__/__/ioLibrary/Internet/DHCP/dhcp.c.obj
                0x200008f0                DHCP_allocated_ip
 .bss.DHCP_allocated_gw
                0x200008f4        0x4 CMakeFiles/DNSClient.dir/__/__/__/__/ioLibrary/Internet/DHCP/dhcp.c.obj
                0x200008f4                DHCP_allocated_gw
 .bss.DHCP_allocated_sn
                0x200008f8        0x4 CMakeFiles/DNSClient.dir/__/__/__/__/ioLibrary/Internet/DHCP/dhcp.c.obj
                0x200008f8                DHCP_allocated_sn
 .bss.DHCP_allocated_dns
                0x200008fc        0x4 CMakeFiles/DNSClient.dir/__/__/__/__/ioLibrary/Internet/DHCP/dhcp.c.obj
                0x200008fc                DHCP_allocated_dns
 .bss.dhcp_state
                0x20000900        0x1 CMakeFiles/DNSClient.dir/__/__/__/__/ioLibrary/Internet/DHCP/dhcp.c.obj
                0x20000900                dhcp_state
 .bss.dhcp_retry_count
                0x20000901        0x1 CMakeFiles/DNSClient.dir/__/__/__/__/ioLibrary/Internet/DHCP/dhcp.c.obj
                0x20000901                dhcp_retry_count
 *fill*         0x20000902        0x2 
 .bss.dhcp_tick_1s
                0x20000904        0x4 CMakeFiles/DNSClient.dir/__/__/__/__/ioLibrary/Internet/DHCP/dhcp.c.obj
                0x20000904                dhcp_tick_1s
 .bss.DHCP_XID  0x20000908        0x4 CMakeFiles/DNSClient.dir/__/__/__/__/ioLibrary/Internet/DHCP/dhcp.c.obj
                0x20000908                DHCP_XID
 .bss.pDHCPMSG  0x2000090c        0x4 CMakeFiles/DNSClient.dir/__/__/__/__/ioLibrary/Internet/DHCP/dhcp.c.obj
                0x2000090c                pDHCPMSG
 .bss.DHCP_CHADDR
                0x20000910        0x6 CMakeFiles/DNSClient.dir/__/__/__/__/ioLibrary/Internet/DHCP/dhcp.c.obj
                0x20000910                DHCP_CHADDR
 .bss.__lock___malloc_recursive_mutex
                0x20000916        0x1 c:/program files (x86)/gnu arm embedded toolchain/10 2021.10/bin/../lib/gcc/arm-none-eabi/10.3.1/../../../../arm-none-eabi/lib/thumb/v6-m/nofp\libg_nano.a(lib_a-lock.o)
                0x20000916                __lock___malloc_recursive_mutex
 .bss.__lock___sfp_recursive_mutex
                0x20000917        0x1 c:/program files (x86)/gnu arm embedded toolchain/10 2021.10/bin/../lib/gcc/arm-none-eabi/10.3.1/../../../../arm-none-eabi/lib/thumb/v6-m/nofp\libg_nano.a(lib_a-lock.o)
                0x20000917                __lock___sfp_recursive_mutex
 .bss.__lock___sinit_recursive_mutex
                0x20000918        0x1 c:/program files (x86)/gnu arm embedded toolchain/10 2021.10/bin/../lib/gcc/arm-none-eabi/10.3.1/../../../../arm-none-eabi/lib/thumb/v6-m/nofp\libg_nano.a(lib_a-lock.o)
                0x20000918                __lock___sinit_recursive_mutex
 *fill*         0x20000919        0x3 
 .bss.__malloc_free_list
                0x2000091c        0x4 c:/program files (x86)/gnu arm embedded toolchain/10 2021.10/bin/../lib/gcc/arm-none-eabi/10.3.1/../../../../arm-none-eabi/lib/thumb/v6-m/nofp\libg_nano.a(lib_a-nano-mallocr.o)
                0x2000091c                __malloc_free_list
 .bss.__malloc_sbrk_start
                0x20000920        0x4 c:/program files (x86)/gnu arm embedded toolchain/10 2021.10/bin/../lib/gcc/arm-none-eabi/10.3.1/../../../../arm-none-eabi/lib/thumb/v6-m/nofp\libg_nano.a(lib_a-nano-mallocr.o)
                0x20000920                __malloc_sbrk_start
 .bss.errno     0x20000924        0x4 c:/program files (x86)/gnu arm embedded toolchain/10 2021.10/bin/../lib/gcc/arm-none-eabi/10.3.1/../../../../arm-none-eabi/lib/thumb/v6-m/nofp\libg_nano.a(lib_a-reent.o)
                0x20000924                errno
 .bss.heap_end.0
                0x20000928        0x4 c:/program files (x86)/gnu arm embedded toolchain/10 2021.10/bin/../lib/gcc/arm-none-eabi/10.3.1/../../../../arm-none-eabi/lib/thumb/v6-m/nofp\libnosys.a(sbrk.o)
 *(COMMON)
                0x2000092c                . = ALIGN (0x4)
                0x2000092c                __bss_end__ = .

.heap           0x20000930        0x0
                0x20000930                __end__ = .
                0x20000930                end = __end__
 *(.heap*)
 .heap          0x20000930        0x0 CMakeFiles/DNSClient.dir/__/__/__/__/Libraries/Startup/startup_W7500.s.obj
                0x20000930                __HeapLimit = .

.stack_dummy    0x20000930      0x200
 *(.stack*)
 .stack         0x20000930      0x200 CMakeFiles/DNSClient.dir/__/__/__/__/Libraries/Startup/startup_W7500.s.obj
                0x20003fc0                __StackTop = (ORIGIN (RAM) + LENGTH (RAM))
                0x20003dc0                __StackLimit = (__StackTop - SIZEOF (.stack_dummy))
                0x20003fc0                PROVIDE (__stack = __StackTop)
                0x00000001                ASSERT ((__StackLimit >= __HeapLimit), region RAM overflowed with stack)
OUTPUT(DNSClient elf32-littlearm)
LOAD linker stubs

.ARM.attributes
                0x00000000       0x28
 .ARM.attributes
                0x00000000       0x1e c:/program files (x86)/gnu arm embedded toolchain/10 2021.10/bin/../lib/gcc/arm-none-eabi/10.3.1/thumb/v6-m/nofp/crti.o
 .ARM.attributes
                0x0000001e       0x2c c:/program files (x86)/gnu arm embedded toolchain/10 2021.10/bin/../lib/gcc/arm-none-eabi/10.3.1/thumb/v6-m/nofp/crtbegin.o
 .ARM.attributes
                0x0000004a       0x2c c:/program files (x86)/gnu arm embedded toolchain/10 2021.10/bin/../lib/gcc/arm-none-eabi/10.3.1/../../../../arm-none-eabi/lib/thumb/v6-m/nofp\libc_nano.a(lib_a-impure.o)
 .ARM.attributes
                0x00000076       0x2c c:/program files (x86)/gnu arm embedded toolchain/10 2021.10/bin/../lib/gcc/arm-none-eabi/10.3.1/../../../../arm-none-eabi/lib/thumb/v6-m/nofp\libc_nano.a(lib_a-memset.o)
 .ARM.attributes
                0x000000a2       0x2c CMakeFiles/DNSClient.dir/main.c.obj
 .ARM.attributes
                0x000000ce       0x2c CMakeFiles/DNSClient.dir/W7500x_it.c.obj
 .ARM.attributes
                0x000000fa       0x2c CMakeFiles/DNSClient.dir/retarget.c.obj
 .ARM.attributes
                0x00000126       0x1b CMakeFiles/DNSClient.dir/__/__/__/__/Libraries/Startup/startup_W7500.s.obj
 .ARM.attributes
                0x00000141       0x2c CMakeFiles/DNSClient.dir/__/__/__/__/Libraries/W7500x_stdPeriph_Driver/src/W7500x_wztoe.c.obj
 .ARM.attributes
                0x0000016d       0x2c CMakeFiles/DNSClient.dir/__/__/__/__/Libraries/CMSIS/Device/WIZnet/W7500/Source/system_W7500x.c.obj
 .ARM.attributes
                0x00000199       0x2c CMakeFiles/DNSClient.dir/__/__/__/__/Libraries/W7500x_stdPeriph_Driver/src/W7500x_uart.c.obj
 .ARM.attributes
                0x000001c5       0x2c CMakeFiles/DNSClient.dir/__/__/__/__/Libraries/W7500x_stdPeriph_Driver/src/W7500x_gpio.c.obj
 .ARM.attributes
                0x000001f1       0x2c CMakeFiles/DNSClient.dir/__/__/__/__/ioLibrary/MDIO/W7500x_miim.c.obj
 .ARM.attributes
                0x0000021d       0x2c CMakeFiles/DNSClient.dir/__/__/__/__/ioLibrary/Ethernet/socket.c.obj
 .ARM.attributes
                0x00000249       0x2c CMakeFiles/DNSClient.dir/__/__/__/__/ioLibrary/Internet/DNS/dns.c.obj
 .ARM.attributes
                0x00000275       0x2c CMakeFiles/DNSClient.dir/__/__/__/__/ioLibrary/Internet/DHCP/dhcp.c.obj
 .ARM.attributes
                0x000002a1       0x1e c:/program files (x86)/gnu arm embedded toolchain/10 2021.10/bin/../lib/gcc/arm-none-eabi/10.3.1/thumb/v6-m/nofp\libgcc.a(_udivsi3.o)
 .ARM.attributes
                0x000002bf       0x1e c:/program files (x86)/gnu arm embedded toolchain/10 2021.10/bin/../lib/gcc/arm-none-eabi/10.3.1/thumb/v6-m/nofp\libgcc.a(_dvmd_tls.o)
 .ARM.attributes
                0x000002dd       0x2c c:/program files (x86)/gnu arm embedded toolchain/10 2021.10/bin/../lib/gcc/arm-none-eabi/10.3.1/../../../../arm-none-eabi/lib/thumb/v6-m/nofp\libg_nano.a(lib_a-printf.o)
 .ARM.attributes
                0x00000309       0x2c c:/program files (x86)/gnu arm embedded toolchain/10 2021.10/bin/../lib/gcc/arm-none-eabi/10.3.1/../../../../arm-none-eabi/lib/thumb/v6-m/nofp\libg_nano.a(lib_a-putchar.o)
 .ARM.attributes
                0x00000335       0x2c c:/program files (x86)/gnu arm embedded toolchain/10 2021.10/bin/../lib/gcc/arm-none-eabi/10.3.1/../../../../arm-none-eabi/lib/thumb/v6-m/nofp\libg_nano.a(lib_a-puts.o)
 .ARM.attributes
                0x00000361       0x2c c:/program files (x86)/gnu arm embedded toolchain/10 2021.10/bin/../lib/gcc/arm-none-eabi/10.3.1/../../../../arm-none-eabi/lib/thumb/v6-m/nofp\libg_nano.a(lib_a-strchr.o)
 .ARM.attributes
                0x0000038d       0x2c c:/program files (x86)/gnu arm embedded toolchain/10 2021.10/bin/../lib/gcc/arm-none-eabi/10.3.1/../../../../arm-none-eabi/lib/thumb/v6-m/nofp\libg_nano.a(lib_a-strcpy.o)
 .ARM.attributes
                0x000003b9       0x1c c:/program files (x86)/gnu arm embedded toolchain/10 2021.10/bin/../lib/gcc/arm-none-eabi/10.3.1/../../../../arm-none-eabi/lib/thumb/v6-m/nofp\libg_nano.a(lib_a-strlen.o)
 .ARM.attributes
                0x000003d5       0x2c c:/program files (x86)/gnu arm embedded toolchain/10 2021.10/bin/../lib/gcc/arm-none-eabi/10.3.1/../../../../arm-none-eabi/lib/thumb/v6-m/nofp\libg_nano.a(lib_a-strncpy.o)
 .ARM.attributes
                0x00000401       0x2c c:/program files (x86)/gnu arm embedded toolchain/10 2021.10/bin/../lib/gcc/arm-none-eabi/10.3.1/../../../../arm-none-eabi/lib/thumb/v6-m/nofp\libg_nano.a(lib_a-wbuf.o)
 .ARM.attributes
                0x0000042d       0x2c c:/program files (x86)/gnu arm embedded toolchain/10 2021.10/bin/../lib/gcc/arm-none-eabi/10.3.1/../../../../arm-none-eabi/lib/thumb/v6-m/nofp\libg_nano.a(lib_a-wsetup.o)
 .ARM.attributes
                0x00000459       0x2c c:/program files (x86)/gnu arm embedded toolchain/10 2021.10/bin/../lib/gcc/arm-none-eabi/10.3.1/../../../../arm-none-eabi/lib/thumb/v6-m/nofp\libg_nano.a(lib_a-fflush.o)
 .ARM.attributes
                0x00000485       0x2c c:/program files (x86)/gnu arm embedded toolchain/10 2021.10/bin/../lib/gcc/arm-none-eabi/10.3.1/../../../../arm-none-eabi/lib/thumb/v6-m/nofp\libg_nano.a(lib_a-findfp.o)
 .ARM.attributes
                0x000004b1       0x2c c:/program files (x86)/gnu arm embedded toolchain/10 2021.10/bin/../lib/gcc/arm-none-eabi/10.3.1/../../../../arm-none-eabi/lib/thumb/v6-m/nofp\libg_nano.a(lib_a-fwalk.o)
 .ARM.attributes
                0x000004dd       0x2c c:/program files (x86)/gnu arm embedded toolchain/10 2021.10/bin/../lib/gcc/arm-none-eabi/10.3.1/../../../../arm-none-eabi/lib/thumb/v6-m/nofp\libg_nano.a(lib_a-lock.o)
 .ARM.attributes
                0x00000509       0x2c c:/program files (x86)/gnu arm embedded toolchain/10 2021.10/bin/../lib/gcc/arm-none-eabi/10.3.1/../../../../arm-none-eabi/lib/thumb/v6-m/nofp\libg_nano.a(lib_a-makebuf.o)
 .ARM.attributes
                0x00000535       0x2c c:/program files (x86)/gnu arm embedded toolchain/10 2021.10/bin/../lib/gcc/arm-none-eabi/10.3.1/../../../../arm-none-eabi/lib/thumb/v6-m/nofp\libg_nano.a(lib_a-nano-freer.o)
 .ARM.attributes
                0x00000561       0x2c c:/program files (x86)/gnu arm embedded toolchain/10 2021.10/bin/../lib/gcc/arm-none-eabi/10.3.1/../../../../arm-none-eabi/lib/thumb/v6-m/nofp\libg_nano.a(lib_a-nano-mallocr.o)
 .ARM.attributes
                0x0000058d       0x2c c:/program files (x86)/gnu arm embedded toolchain/10 2021.10/bin/../lib/gcc/arm-none-eabi/10.3.1/../../../../arm-none-eabi/lib/thumb/v6-m/nofp\libg_nano.a(lib_a-nano-vfprintf.o)
 .ARM.attributes
                0x000005b9       0x2c c:/program files (x86)/gnu arm embedded toolchain/10 2021.10/bin/../lib/gcc/arm-none-eabi/10.3.1/../../../../arm-none-eabi/lib/thumb/v6-m/nofp\libg_nano.a(lib_a-nano-vfprintf_i.o)
 .ARM.attributes
                0x000005e5       0x2c c:/program files (x86)/gnu arm embedded toolchain/10 2021.10/bin/../lib/gcc/arm-none-eabi/10.3.1/../../../../arm-none-eabi/lib/thumb/v6-m/nofp\libg_nano.a(lib_a-putc.o)
 .ARM.attributes
                0x00000611       0x2c c:/program files (x86)/gnu arm embedded toolchain/10 2021.10/bin/../lib/gcc/arm-none-eabi/10.3.1/../../../../arm-none-eabi/lib/thumb/v6-m/nofp\libg_nano.a(lib_a-sbrkr.o)
 .ARM.attributes
                0x0000063d       0x2c c:/program files (x86)/gnu arm embedded toolchain/10 2021.10/bin/../lib/gcc/arm-none-eabi/10.3.1/../../../../arm-none-eabi/lib/thumb/v6-m/nofp\libg_nano.a(lib_a-stdio.o)
 .ARM.attributes
                0x00000669       0x2c c:/program files (x86)/gnu arm embedded toolchain/10 2021.10/bin/../lib/gcc/arm-none-eabi/10.3.1/../../../../arm-none-eabi/lib/thumb/v6-m/nofp\libg_nano.a(lib_a-writer.o)
 .ARM.attributes
                0x00000695       0x2c c:/program files (x86)/gnu arm embedded toolchain/10 2021.10/bin/../lib/gcc/arm-none-eabi/10.3.1/../../../../arm-none-eabi/lib/thumb/v6-m/nofp\libg_nano.a(lib_a-closer.o)
 .ARM.attributes
                0x000006c1       0x2c c:/program files (x86)/gnu arm embedded toolchain/10 2021.10/bin/../lib/gcc/arm-none-eabi/10.3.1/../../../../arm-none-eabi/lib/thumb/v6-m/nofp\libg_nano.a(lib_a-fstatr.o)
 .ARM.attributes
                0x000006ed       0x2c c:/program files (x86)/gnu arm embedded toolchain/10 2021.10/bin/../lib/gcc/arm-none-eabi/10.3.1/../../../../arm-none-eabi/lib/thumb/v6-m/nofp\libg_nano.a(lib_a-isattyr.o)
 .ARM.attributes
                0x00000719       0x2c c:/program files (x86)/gnu arm embedded toolchain/10 2021.10/bin/../lib/gcc/arm-none-eabi/10.3.1/../../../../arm-none-eabi/lib/thumb/v6-m/nofp\libg_nano.a(lib_a-lseekr.o)
 .ARM.attributes
                0x00000745       0x2c c:/program files (x86)/gnu arm embedded toolchain/10 2021.10/bin/../lib/gcc/arm-none-eabi/10.3.1/../../../../arm-none-eabi/lib/thumb/v6-m/nofp\libg_nano.a(lib_a-memchr-stub.o)
 .ARM.attributes
                0x00000771       0x2c c:/program files (x86)/gnu arm embedded toolchain/10 2021.10/bin/../lib/gcc/arm-none-eabi/10.3.1/../../../../arm-none-eabi/lib/thumb/v6-m/nofp\libg_nano.a(lib_a-mlock.o)
 .ARM.attributes
                0x0000079d       0x2c c:/program files (x86)/gnu arm embedded toolchain/10 2021.10/bin/../lib/gcc/arm-none-eabi/10.3.1/../../../../arm-none-eabi/lib/thumb/v6-m/nofp\libg_nano.a(lib_a-readr.o)
 .ARM.attributes
                0x000007c9       0x2c c:/program files (x86)/gnu arm embedded toolchain/10 2021.10/bin/../lib/gcc/arm-none-eabi/10.3.1/../../../../arm-none-eabi/lib/thumb/v6-m/nofp\libg_nano.a(lib_a-reent.o)
 .ARM.attributes
                0x000007f5       0x1e c:/program files (x86)/gnu arm embedded toolchain/10 2021.10/bin/../lib/gcc/arm-none-eabi/10.3.1/thumb/v6-m/nofp\libgcc.a(_thumb1_case_shi.o)
 .ARM.attributes
                0x00000813       0x2c c:/program files (x86)/gnu arm embedded toolchain/10 2021.10/bin/../lib/gcc/arm-none-eabi/10.3.1/thumb/v6-m/nofp/crtend.o
 .ARM.attributes
                0x0000083f       0x1e c:/program files (x86)/gnu arm embedded toolchain/10 2021.10/bin/../lib/gcc/arm-none-eabi/10.3.1/thumb/v6-m/nofp/crtn.o
 .ARM.attributes
                0x0000085d       0x2c c:/program files (x86)/gnu arm embedded toolchain/10 2021.10/bin/../lib/gcc/arm-none-eabi/10.3.1/../../../../arm-none-eabi/lib/thumb/v6-m/nofp\libnosys.a(close.o)
 .ARM.attributes
                0x00000889       0x2c c:/program files (x86)/gnu arm embedded toolchain/10 2021.10/bin/../lib/gcc/arm-none-eabi/10.3.1/../../../../arm-none-eabi/lib/thumb/v6-m/nofp\libnosys.a(fstat.o)
 .ARM.attributes
                0x000008b5       0x2c c:/program files (x86)/gnu arm embedded toolchain/10 2021.10/bin/../lib/gcc/arm-none-eabi/10.3.1/../../../../arm-none-eabi/lib/thumb/v6-m/nofp\libnosys.a(isatty.o)
 .ARM.attributes
                0x000008e1       0x2c c:/program files (x86)/gnu arm embedded toolchain/10 2021.10/bin/../lib/gcc/arm-none-eabi/10.3.1/../../../../arm-none-eabi/lib/thumb/v6-m/nofp\libnosys.a(lseek.o)
 .ARM.attributes
                0x0000090d       0x2c c:/program files (x86)/gnu arm embedded toolchain/10 2021.10/bin/../lib/gcc/arm-none-eabi/10.3.1/../../../../arm-none-eabi/lib/thumb/v6-m/nofp\libnosys.a(read.o)
 .ARM.attributes
                0x00000939       0x2c c:/program files (x86)/gnu arm embedded toolchain/10 2021.10/bin/../lib/gcc/arm-none-eabi/10.3.1/../../../../arm-none-eabi/lib/thumb/v6-m/nofp\libnosys.a(sbrk.o)

.comment        0x00000000       0x49
 .comment       0x00000000       0x49 CMakeFiles/DNSClient.dir/main.c.obj
                                 0x4a (size before relaxing)
 .comment       0x00000049       0x4a CMakeFiles/DNSClient.dir/W7500x_it.c.obj
 .comment       0x00000049       0x4a CMakeFiles/DNSClient.dir/retarget.c.obj
 .comment       0x00000049       0x4a CMakeFiles/DNSClient.dir/__/__/__/__/Libraries/W7500x_stdPeriph_Driver/src/W7500x_wztoe.c.obj
 .comment       0x00000049       0x4a CMakeFiles/DNSClient.dir/__/__/__/__/Libraries/CMSIS/Device/WIZnet/W7500/Source/system_W7500x.c.obj
 .comment       0x00000049       0x4a CMakeFiles/DNSClient.dir/__/__/__/__/Libraries/W7500x_stdPeriph_Driver/src/W7500x_uart.c.obj
 .comment       0x00000049       0x4a CMakeFiles/DNSClient.dir/__/__/__/__/Libraries/W7500x_stdPeriph_Driver/src/W7500x_gpio.c.obj
 .comment       0x00000049       0x4a CMakeFiles/DNSClient.dir/__/__/__/__/ioLibrary/MDIO/W7500x_miim.c.obj
 .comment       0x00000049       0x4a CMakeFiles/DNSClient.dir/__/__/__/__/ioLibrary/Ethernet/socket.c.obj
 .comment       0x00000049       0x4a CMakeFiles/DNSClient.dir/__/__/__/__/ioLibrary/Internet/DNS/dns.c.obj
 .comment       0x00000049       0x4a CMakeFiles/DNSClient.dir/__/__/__/__/ioLibrary/Internet/DHCP/dhcp.c.obj

.debug_frame    0x00000000     0x1db8
 .debug_frame   0x00000000       0x20 c:/program files (x86)/gnu arm embedded toolchain/10 2021.10/bin/../lib/gcc/arm-none-eabi/10.3.1/../../../../arm-none-eabi/lib/thumb/v6-m/nofp\libc_nano.a(lib_a-memset.o)
 .debug_frame   0x00000020       0xb0 CMakeFiles/DNSClient.dir/main.c.obj
 .debug_frame   0x000000d0      0x358 CMakeFiles/DNSClient.dir/W7500x_it.c.obj
 .debug_frame   0x00000428       0x30 CMakeFiles/DNSClient.dir/retarget.c.obj
 .debug_frame   0x00000458      0x110 CMakeFiles/DNSClient.dir/__/__/__/__/Libraries/W7500x_stdPeriph_Driver/src/W7500x_wztoe.c.obj
 .debug_frame   0x00000568       0x6c CMakeFiles/DNSClient.dir/__/__/__/__/Libraries/CMSIS/Device/WIZnet/W7500/Source/system_W7500x.c.obj
 .debug_frame   0x000005d4      0x404 CMakeFiles/DNSClient.dir/__/__/__/__/Libraries/W7500x_stdPeriph_Driver/src/W7500x_uart.c.obj
 .debug_frame   0x000009d8      0x2d0 CMakeFiles/DNSClient.dir/__/__/__/__/Libraries/W7500x_stdPeriph_Driver/src/W7500x_gpio.c.obj
 .debug_frame   0x00000ca8      0x16c CMakeFiles/DNSClient.dir/__/__/__/__/ioLibrary/MDIO/W7500x_miim.c.obj
 .debug_frame   0x00000e14      0x1a4 CMakeFiles/DNSClient.dir/__/__/__/__/ioLibrary/Ethernet/socket.c.obj
 .debug_frame   0x00000fb8      0x170 CMakeFiles/DNSClient.dir/__/__/__/__/ioLibrary/Internet/DNS/dns.c.obj
 .debug_frame   0x00001128      0x2a4 CMakeFiles/DNSClient.dir/__/__/__/__/ioLibrary/Internet/DHCP/dhcp.c.obj
 .debug_frame   0x000013cc       0x20 c:/program files (x86)/gnu arm embedded toolchain/10 2021.10/bin/../lib/gcc/arm-none-eabi/10.3.1/thumb/v6-m/nofp\libgcc.a(_udivsi3.o)
 .debug_frame   0x000013ec       0x50 c:/program files (x86)/gnu arm embedded toolchain/10 2021.10/bin/../lib/gcc/arm-none-eabi/10.3.1/../../../../arm-none-eabi/lib/thumb/v6-m/nofp\libg_nano.a(lib_a-printf.o)
 .debug_frame   0x0000143c       0x48 c:/program files (x86)/gnu arm embedded toolchain/10 2021.10/bin/../lib/gcc/arm-none-eabi/10.3.1/../../../../arm-none-eabi/lib/thumb/v6-m/nofp\libg_nano.a(lib_a-putchar.o)
 .debug_frame   0x00001484       0x44 c:/program files (x86)/gnu arm embedded toolchain/10 2021.10/bin/../lib/gcc/arm-none-eabi/10.3.1/../../../../arm-none-eabi/lib/thumb/v6-m/nofp\libg_nano.a(lib_a-puts.o)
 .debug_frame   0x000014c8       0x20 c:/program files (x86)/gnu arm embedded toolchain/10 2021.10/bin/../lib/gcc/arm-none-eabi/10.3.1/../../../../arm-none-eabi/lib/thumb/v6-m/nofp\libg_nano.a(lib_a-strchr.o)
 .debug_frame   0x000014e8       0x20 c:/program files (x86)/gnu arm embedded toolchain/10 2021.10/bin/../lib/gcc/arm-none-eabi/10.3.1/../../../../arm-none-eabi/lib/thumb/v6-m/nofp\libg_nano.a(lib_a-strcpy.o)
 .debug_frame   0x00001508       0x2c c:/program files (x86)/gnu arm embedded toolchain/10 2021.10/bin/../lib/gcc/arm-none-eabi/10.3.1/../../../../arm-none-eabi/lib/thumb/v6-m/nofp\libg_nano.a(lib_a-strncpy.o)
 .debug_frame   0x00001534       0x48 c:/program files (x86)/gnu arm embedded toolchain/10 2021.10/bin/../lib/gcc/arm-none-eabi/10.3.1/../../../../arm-none-eabi/lib/thumb/v6-m/nofp\libg_nano.a(lib_a-wbuf.o)
 .debug_frame   0x0000157c       0x2c c:/program files (x86)/gnu arm embedded toolchain/10 2021.10/bin/../lib/gcc/arm-none-eabi/10.3.1/../../../../arm-none-eabi/lib/thumb/v6-m/nofp\libg_nano.a(lib_a-wsetup.o)
 .debug_frame   0x000015a8       0x68 c:/program files (x86)/gnu arm embedded toolchain/10 2021.10/bin/../lib/gcc/arm-none-eabi/10.3.1/../../../../arm-none-eabi/lib/thumb/v6-m/nofp\libg_nano.a(lib_a-fflush.o)
 .debug_frame   0x00001610      0x170 c:/program files (x86)/gnu arm embedded toolchain/10 2021.10/bin/../lib/gcc/arm-none-eabi/10.3.1/../../../../arm-none-eabi/lib/thumb/v6-m/nofp\libg_nano.a(lib_a-findfp.o)
 .debug_frame   0x00001780       0x58 c:/program files (x86)/gnu arm embedded toolchain/10 2021.10/bin/../lib/gcc/arm-none-eabi/10.3.1/../../../../arm-none-eabi/lib/thumb/v6-m/nofp\libg_nano.a(lib_a-fwalk.o)
 .debug_frame   0x000017d8       0xb0 c:/program files (x86)/gnu arm embedded toolchain/10 2021.10/bin/../lib/gcc/arm-none-eabi/10.3.1/../../../../arm-none-eabi/lib/thumb/v6-m/nofp\libg_nano.a(lib_a-lock.o)
 .debug_frame   0x00001888       0x54 c:/program files (x86)/gnu arm embedded toolchain/10 2021.10/bin/../lib/gcc/arm-none-eabi/10.3.1/../../../../arm-none-eabi/lib/thumb/v6-m/nofp\libg_nano.a(lib_a-makebuf.o)
 .debug_frame   0x000018dc       0x2c c:/program files (x86)/gnu arm embedded toolchain/10 2021.10/bin/../lib/gcc/arm-none-eabi/10.3.1/../../../../arm-none-eabi/lib/thumb/v6-m/nofp\libg_nano.a(lib_a-nano-freer.o)
 .debug_frame   0x00001908       0x50 c:/program files (x86)/gnu arm embedded toolchain/10 2021.10/bin/../lib/gcc/arm-none-eabi/10.3.1/../../../../arm-none-eabi/lib/thumb/v6-m/nofp\libg_nano.a(lib_a-nano-mallocr.o)
 .debug_frame   0x00001958       0x9c c:/program files (x86)/gnu arm embedded toolchain/10 2021.10/bin/../lib/gcc/arm-none-eabi/10.3.1/../../../../arm-none-eabi/lib/thumb/v6-m/nofp\libg_nano.a(lib_a-nano-vfprintf.o)
 .debug_frame   0x000019f4       0x54 c:/program files (x86)/gnu arm embedded toolchain/10 2021.10/bin/../lib/gcc/arm-none-eabi/10.3.1/../../../../arm-none-eabi/lib/thumb/v6-m/nofp\libg_nano.a(lib_a-nano-vfprintf_i.o)
 .debug_frame   0x00001a48       0x44 c:/program files (x86)/gnu arm embedded toolchain/10 2021.10/bin/../lib/gcc/arm-none-eabi/10.3.1/../../../../arm-none-eabi/lib/thumb/v6-m/nofp\libg_nano.a(lib_a-putc.o)
 .debug_frame   0x00001a8c       0x2c c:/program files (x86)/gnu arm embedded toolchain/10 2021.10/bin/../lib/gcc/arm-none-eabi/10.3.1/../../../../arm-none-eabi/lib/thumb/v6-m/nofp\libg_nano.a(lib_a-sbrkr.o)
 .debug_frame   0x00001ab8       0x90 c:/program files (x86)/gnu arm embedded toolchain/10 2021.10/bin/../lib/gcc/arm-none-eabi/10.3.1/../../../../arm-none-eabi/lib/thumb/v6-m/nofp\libg_nano.a(lib_a-stdio.o)
 .debug_frame   0x00001b48       0x2c c:/program files (x86)/gnu arm embedded toolchain/10 2021.10/bin/../lib/gcc/arm-none-eabi/10.3.1/../../../../arm-none-eabi/lib/thumb/v6-m/nofp\libg_nano.a(lib_a-writer.o)
 .debug_frame   0x00001b74       0x2c c:/program files (x86)/gnu arm embedded toolchain/10 2021.10/bin/../lib/gcc/arm-none-eabi/10.3.1/../../../../arm-none-eabi/lib/thumb/v6-m/nofp\libg_nano.a(lib_a-closer.o)
 .debug_frame   0x00001ba0       0x2c c:/program files (x86)/gnu arm embedded toolchain/10 2021.10/bin/../lib/gcc/arm-none-eabi/10.3.1/../../../../arm-none-eabi/lib/thumb/v6-m/nofp\libg_nano.a(lib_a-fstatr.o)
 .debug_frame   0x00001bcc       0x2c c:/program files (x86)/gnu arm embedded toolchain/10 2021.10/bin/../lib/gcc/arm-none-eabi/10.3.1/../../../../arm-none-eabi/lib/thumb/v6-m/nofp\libg_nano.a(lib_a-isattyr.o)
 .debug_frame   0x00001bf8       0x2c c:/program files (x86)/gnu arm embedded toolchain/10 2021.10/bin/../lib/gcc/arm-none-eabi/10.3.1/../../../../arm-none-eabi/lib/thumb/v6-m/nofp\libg_nano.a(lib_a-lseekr.o)
 .debug_frame   0x00001c24       0x20 c:/program files (x86)/gnu arm embedded toolchain/10 2021.10/bin/../lib/gcc/arm-none-eabi/10.3.1/../../../../arm-none-eabi/lib/thumb/v6-m/nofp\libg_nano.a(lib_a-memchr-stub.o)
 .debug_frame   0x00001c44       0x40 c:/program files (x86)/gnu arm embedded toolchain/10 2021.10/bin/../lib/gcc/arm-none-eabi/10.3.1/../../../../arm-none-eabi/lib/thumb/v6-m/nofp\libg_nano.a(lib_a-mlock.o)
 .debug_frame   0x00001c84       0x2c c:/program files (x86)/gnu arm embedded toolchain/10 2021.10/bin/../lib/gcc/arm-none-eabi/10.3.1/../../../../arm-none-eabi/lib/thumb/v6-m/nofp\libg_nano.a(lib_a-readr.o)
 .debug_frame   0x00001cb0       0x48 c:/program files (x86)/gnu arm embedded toolchain/10 2021.10/bin/../lib/gcc/arm-none-eabi/10.3.1/../../../../arm-none-eabi/lib/thumb/v6-m/nofp\libg_nano.a(lib_a-reent.o)
 .debug_frame   0x00001cf8       0x20 c:/program files (x86)/gnu arm embedded toolchain/10 2021.10/bin/../lib/gcc/arm-none-eabi/10.3.1/../../../../arm-none-eabi/lib/thumb/v6-m/nofp\libnosys.a(close.o)
 .debug_frame   0x00001d18       0x20 c:/program files (x86)/gnu arm embedded toolchain/10 2021.10/bin/../lib/gcc/arm-none-eabi/10.3.1/../../../../arm-none-eabi/lib/thumb/v6-m/nofp\libnosys.a(fstat.o)
 .debug_frame   0x00001d38       0x20 c:/program files (x86)/gnu arm embedded toolchain/10 2021.10/bin/../lib/gcc/arm-none-eabi/10.3.1/../../../../arm-none-eabi/lib/thumb/v6-m/nofp\libnosys.a(isatty.o)
 .debug_frame   0x00001d58       0x20 c:/program files (x86)/gnu arm embedded toolchain/10 2021.10/bin/../lib/gcc/arm-none-eabi/10.3.1/../../../../arm-none-eabi/lib/thumb/v6-m/nofp\libnosys.a(lseek.o)
 .debug_frame   0x00001d78       0x20 c:/program files (x86)/gnu arm embedded toolchain/10 2021.10/bin/../lib/gcc/arm-none-eabi/10.3.1/../../../../arm-none-eabi/lib/thumb/v6-m/nofp\libnosys.a(read.o)
 .debug_frame   0x00001d98       0x20 c:/program files (x86)/gnu arm embedded toolchain/10 2021.10/bin/../lib/gcc/arm-none-eabi/10.3.1/../../../../arm-none-eabi/lib/thumb/v6-m/nofp\libnosys.a(sbrk.o)

.debug_info     0x00000000     0x47eb
 .debug_info    0x00000000      0x605 CMakeFiles/DNSClient.dir/main.c.obj
 .debug_info    0x00000605      0x2ed CMakeFiles/DNSClient.dir/W7500x_it.c.obj
 .debug_info    0x000008f2       0xe0 CMakeFiles/DNSClient.dir/retarget.c.obj
 .debug_info    0x000009d2       0x26 CMakeFiles/DNSClient.dir/__/__/__/__/Libraries/Startup/startup_W7500.s.obj
 .debug_info    0x000009f8      0x36b CMakeFiles/DNSClient.dir/__/__/__/__/Libraries/W7500x_stdPeriph_Driver/src/W7500x_wztoe.c.obj
 .debug_info    0x00000d63      0x4f2 CMakeFiles/DNSClient.dir/__/__/__/__/Libraries/CMSIS/Device/WIZnet/W7500/Source/system_W7500x.c.obj
 .debug_info    0x00001255      0xd7a CMakeFiles/DNSClient.dir/__/__/__/__/Libraries/W7500x_stdPeriph_Driver/src/W7500x_uart.c.obj
 .debug_info    0x00001fcf      0xbda CMakeFiles/DNSClient.dir/__/__/__/__/Libraries/W7500x_stdPeriph_Driver/src/W7500x_gpio.c.obj
 .debug_info    0x00002ba9      0x5f2 CMakeFiles/DNSClient.dir/__/__/__/__/ioLibrary/MDIO/W7500x_miim.c.obj
 .debug_info    0x0000319b      0x693 CMakeFiles/DNSClient.dir/__/__/__/__/ioLibrary/Ethernet/socket.c.obj
 .debug_info    0x0000382e      0x655 CMakeFiles/DNSClient.dir/__/__/__/__/ioLibrary/Internet/DNS/dns.c.obj
 .debug_info    0x00003e83      0x968 CMakeFiles/DNSClient.dir/__/__/__/__/ioLibrary/Internet/DHCP/dhcp.c.obj

.debug_abbrev   0x00000000     0x113d
 .debug_abbrev  0x00000000      0x20d CMakeFiles/DNSClient.dir/main.c.obj
 .debug_abbrev  0x0000020d       0xd5 CMakeFiles/DNSClient.dir/W7500x_it.c.obj
 .debug_abbrev  0x000002e2       0x83 CMakeFiles/DNSClient.dir/retarget.c.obj
 .debug_abbrev  0x00000365       0x14 CMakeFiles/DNSClient.dir/__/__/__/__/Libraries/Startup/startup_W7500.s.obj
 .debug_abbrev  0x00000379       0xdd CMakeFiles/DNSClient.dir/__/__/__/__/Libraries/W7500x_stdPeriph_Driver/src/W7500x_wztoe.c.obj
 .debug_abbrev  0x00000456      0x10b CMakeFiles/DNSClient.dir/__/__/__/__/Libraries/CMSIS/Device/WIZnet/W7500/Source/system_W7500x.c.obj
 .debug_abbrev  0x00000561      0x2b5 CMakeFiles/DNSClient.dir/__/__/__/__/Libraries/W7500x_stdPeriph_Driver/src/W7500x_uart.c.obj
 .debug_abbrev  0x00000816      0x247 CMakeFiles/DNSClient.dir/__/__/__/__/Libraries/W7500x_stdPeriph_Driver/src/W7500x_gpio.c.obj
 .debug_abbrev  0x00000a5d      0x1cf CMakeFiles/DNSClient.dir/__/__/__/__/ioLibrary/MDIO/W7500x_miim.c.obj
 .debug_abbrev  0x00000c2c      0x161 CMakeFiles/DNSClient.dir/__/__/__/__/ioLibrary/Ethernet/socket.c.obj
 .debug_abbrev  0x00000d8d      0x1ef CMakeFiles/DNSClient.dir/__/__/__/__/ioLibrary/Internet/DNS/dns.c.obj
 .debug_abbrev  0x00000f7c      0x1c1 CMakeFiles/DNSClient.dir/__/__/__/__/ioLibrary/Internet/DHCP/dhcp.c.obj

.debug_aranges  0x00000000      0x608
 .debug_aranges
                0x00000000       0x40 CMakeFiles/DNSClient.dir/main.c.obj
 .debug_aranges
                0x00000040      0x108 CMakeFiles/DNSClient.dir/W7500x_it.c.obj
 .debug_aranges
                0x00000148       0x20 CMakeFiles/DNSClient.dir/retarget.c.obj
 .debug_aranges
                0x00000168       0x20 CMakeFiles/DNSClient.dir/__/__/__/__/Libraries/Startup/startup_W7500.s.obj
 .debug_aranges
                0x00000188       0x58 CMakeFiles/DNSClient.dir/__/__/__/__/Libraries/W7500x_stdPeriph_Driver/src/W7500x_wztoe.c.obj
 .debug_aranges
                0x000001e0       0x30 CMakeFiles/DNSClient.dir/__/__/__/__/Libraries/CMSIS/Device/WIZnet/W7500/Source/system_W7500x.c.obj
 .debug_aranges
                0x00000210      0x118 CMakeFiles/DNSClient.dir/__/__/__/__/Libraries/W7500x_stdPeriph_Driver/src/W7500x_uart.c.obj
 .debug_aranges
                0x00000328       0xc8 CMakeFiles/DNSClient.dir/__/__/__/__/Libraries/W7500x_stdPeriph_Driver/src/W7500x_gpio.c.obj
 .debug_aranges
                0x000003f0       0x70 CMakeFiles/DNSClient.dir/__/__/__/__/ioLibrary/MDIO/W7500x_miim.c.obj
 .debug_aranges
                0x00000460       0x78 CMakeFiles/DNSClient.dir/__/__/__/__/ioLibrary/Ethernet/socket.c.obj
 .debug_aranges
                0x000004d8       0x70 CMakeFiles/DNSClient.dir/__/__/__/__/ioLibrary/Internet/DNS/dns.c.obj
 .debug_aranges
                0x00000548       0xc0 CMakeFiles/DNSClient.dir/__/__/__/__/ioLibrary/Internet/DHCP/dhcp.c.obj

.debug_ranges   0x00000000      0x538
 .debug_ranges  0x00000000       0x30 CMakeFiles/DNSClient.dir/main.c.obj
 .debug_ranges  0x00000030       0xf8 CMakeFiles/DNSClient.dir/W7500x_it.c.obj
 .debug_ranges  0x00000128       0x10 CMakeFiles/DNSClient.dir/retarget.c.obj
 .debug_ranges  0x00000138       0x48 CMakeFiles/DNSClient.dir/__/__/__/__/Libraries/W7500x_stdPeriph_Driver/src/W7500x_wztoe.c.obj
 .debug_ranges  0x00000180       0x20 CMakeFiles/DNSClient.dir/__/__/__/__/Libraries/CMSIS/Device/WIZnet/W7500/Source/system_W7500x.c.obj
 .debug_ranges  0x000001a0      0x108 CMakeFiles/DNSClient.dir/__/__/__/__/Libraries/W7500x_stdPeriph_Driver/src/W7500x_uart.c.obj
 .debug_ranges  0x000002a8       0xb8 CMakeFiles/DNSClient.dir/__/__/__/__/Libraries/W7500x_stdPeriph_Driver/src/W7500x_gpio.c.obj
 .debug_ranges  0x00000360       0x60 CMakeFiles/DNSClient.dir/__/__/__/__/ioLibrary/MDIO/W7500x_miim.c.obj
 .debug_ranges  0x000003c0       0x68 CMakeFiles/DNSClient.dir/__/__/__/__/ioLibrary/Ethernet/socket.c.obj
 .debug_ranges  0x00000428       0x60 CMakeFiles/DNSClient.dir/__/__/__/__/ioLibrary/Internet/DNS/dns.c.obj
 .debug_ranges  0x00000488       0xb0 CMakeFiles/DNSClient.dir/__/__/__/__/ioLibrary/Internet/DHCP/dhcp.c.obj

.debug_macro    0x00000000     0x544a
 .debug_macro   0x00000000      0x291 CMakeFiles/DNSClient.dir/main.c.obj
 .debug_macro   0x00000291      0xa3c CMakeFiles/DNSClient.dir/main.c.obj
 .debug_macro   0x00000ccd       0x22 CMakeFiles/DNSClient.dir/main.c.obj
 .debug_macro   0x00000cef       0x5e CMakeFiles/DNSClient.dir/main.c.obj
 .debug_macro   0x00000d4d       0x18 CMakeFiles/DNSClient.dir/main.c.obj
 .debug_macro   0x00000d65       0x94 CMakeFiles/DNSClient.dir/main.c.obj
 .debug_macro   0x00000df9       0x35 CMakeFiles/DNSClient.dir/main.c.obj
 .debug_macro   0x00000e2e       0x34 CMakeFiles/DNSClient.dir/main.c.obj
 .debug_macro   0x00000e62       0x16 CMakeFiles/DNSClient.dir/main.c.obj
 .debug_macro   0x00000e78       0x57 CMakeFiles/DNSClient.dir/main.c.obj
 .debug_macro   0x00000ecf       0x97 CMakeFiles/DNSClient.dir/main.c.obj
 .debug_macro   0x00000f66      0x341 CMakeFiles/DNSClient.dir/main.c.obj
 .debug_macro   0x000012a7       0xfd CMakeFiles/DNSClient.dir/main.c.obj
 .debug_macro   0x000013a4       0x10 CMakeFiles/DNSClient.dir/main.c.obj
 .debug_macro   0x000013b4       0x16 CMakeFiles/DNSClient.dir/main.c.obj
 .debug_macro   0x000013ca       0x43 CMakeFiles/DNSClient.dir/main.c.obj
 .debug_macro   0x0000140d       0x34 CMakeFiles/DNSClient.dir/main.c.obj
 .debug_macro   0x00001441       0x10 CMakeFiles/DNSClient.dir/main.c.obj
 .debug_macro   0x00001451       0x58 CMakeFiles/DNSClient.dir/main.c.obj
 .debug_macro   0x000014a9      0x182 CMakeFiles/DNSClient.dir/main.c.obj
 .debug_macro   0x0000162b       0x10 CMakeFiles/DNSClient.dir/main.c.obj
 .debug_macro   0x0000163b       0x6a CMakeFiles/DNSClient.dir/main.c.obj
 .debug_macro   0x000016a5       0x1c CMakeFiles/DNSClient.dir/main.c.obj
 .debug_macro   0x000016c1       0x52 CMakeFiles/DNSClient.dir/main.c.obj
 .debug_macro   0x00001713       0x22 CMakeFiles/DNSClient.dir/main.c.obj
 .debug_macro   0x00001735       0x10 CMakeFiles/DNSClient.dir/main.c.obj
 .debug_macro   0x00001745       0x52 CMakeFiles/DNSClient.dir/main.c.obj
 .debug_macro   0x00001797       0xd5 CMakeFiles/DNSClient.dir/main.c.obj
 .debug_macro   0x0000186c       0x1c CMakeFiles/DNSClient.dir/main.c.obj
 .debug_macro   0x00001888       0x3d CMakeFiles/DNSClient.dir/main.c.obj
 .debug_macro   0x000018c5       0x16 CMakeFiles/DNSClient.dir/main.c.obj
 .debug_macro   0x000018db      0x16f CMakeFiles/DNSClient.dir/main.c.obj
 .debug_macro   0x00001a4a       0x22 CMakeFiles/DNSClient.dir/main.c.obj
 .debug_macro   0x00001a6c       0x3a CMakeFiles/DNSClient.dir/main.c.obj
 .debug_macro   0x00001aa6      0x103 CMakeFiles/DNSClient.dir/main.c.obj
 .debug_macro   0x00001ba9      0x1df CMakeFiles/DNSClient.dir/main.c.obj
 .debug_macro   0x00001d88       0x1f CMakeFiles/DNSClient.dir/main.c.obj
 .debug_macro   0x00001da7      0x242 CMakeFiles/DNSClient.dir/main.c.obj
 .debug_macro   0x00001fe9       0x10 CMakeFiles/DNSClient.dir/main.c.obj
 .debug_macro   0x00001ff9      0xa22 CMakeFiles/DNSClient.dir/main.c.obj
 .debug_macro   0x00002a1b       0xac CMakeFiles/DNSClient.dir/main.c.obj
 .debug_macro   0x00002ac7      0x233 CMakeFiles/DNSClient.dir/main.c.obj
 .debug_macro   0x00002cfa       0xbe CMakeFiles/DNSClient.dir/main.c.obj
 .debug_macro   0x00002db8      0x603 CMakeFiles/DNSClient.dir/main.c.obj
 .debug_macro   0x000033bb       0x52 CMakeFiles/DNSClient.dir/main.c.obj
 .debug_macro   0x0000340d       0xaa CMakeFiles/DNSClient.dir/main.c.obj
 .debug_macro   0x000034b7       0xd5 CMakeFiles/DNSClient.dir/main.c.obj
 .debug_macro   0x0000358c       0x1c CMakeFiles/DNSClient.dir/main.c.obj
 .debug_macro   0x000035a8       0x2e CMakeFiles/DNSClient.dir/main.c.obj
 .debug_macro   0x000035d6       0x2e CMakeFiles/DNSClient.dir/main.c.obj
 .debug_macro   0x00003604       0xa6 CMakeFiles/DNSClient.dir/W7500x_it.c.obj
 .debug_macro   0x000036aa       0x8e CMakeFiles/DNSClient.dir/W7500x_it.c.obj
 .debug_macro   0x00003738       0x51 CMakeFiles/DNSClient.dir/W7500x_it.c.obj
 .debug_macro   0x00003789      0x254 CMakeFiles/DNSClient.dir/retarget.c.obj
 .debug_macro   0x000039dd      0x22d CMakeFiles/DNSClient.dir/retarget.c.obj
 .debug_macro   0x00003c0a       0x16 CMakeFiles/DNSClient.dir/retarget.c.obj
 .debug_macro   0x00003c20       0x35 CMakeFiles/DNSClient.dir/retarget.c.obj
 .debug_macro   0x00003c55       0x10 CMakeFiles/DNSClient.dir/retarget.c.obj
 .debug_macro   0x00003c65       0x10 CMakeFiles/DNSClient.dir/retarget.c.obj
 .debug_macro   0x00003c75       0x35 CMakeFiles/DNSClient.dir/retarget.c.obj
 .debug_macro   0x00003caa      0x12c CMakeFiles/DNSClient.dir/retarget.c.obj
 .debug_macro   0x00003dd6      0x20a CMakeFiles/DNSClient.dir/__/__/__/__/Libraries/W7500x_stdPeriph_Driver/src/W7500x_wztoe.c.obj
 .debug_macro   0x00003fe0       0x64 CMakeFiles/DNSClient.dir/__/__/__/__/Libraries/W7500x_stdPeriph_Driver/src/W7500x_wztoe.c.obj
 .debug_macro   0x00004044      0x5fd CMakeFiles/DNSClient.dir/__/__/__/__/Libraries/W7500x_stdPeriph_Driver/src/W7500x_wztoe.c.obj
 .debug_macro   0x00004641       0xa6 CMakeFiles/DNSClient.dir/__/__/__/__/Libraries/CMSIS/Device/WIZnet/W7500/Source/system_W7500x.c.obj
 .debug_macro   0x000046e7       0xb5 CMakeFiles/DNSClient.dir/__/__/__/__/Libraries/W7500x_stdPeriph_Driver/src/W7500x_uart.c.obj
 .debug_macro   0x0000479c       0xb5 CMakeFiles/DNSClient.dir/__/__/__/__/Libraries/W7500x_stdPeriph_Driver/src/W7500x_gpio.c.obj
 .debug_macro   0x00004851      0x219 CMakeFiles/DNSClient.dir/__/__/__/__/ioLibrary/MDIO/W7500x_miim.c.obj
 .debug_macro   0x00004a6a       0x4c CMakeFiles/DNSClient.dir/__/__/__/__/ioLibrary/MDIO/W7500x_miim.c.obj
 .debug_macro   0x00004ab6      0x24c CMakeFiles/DNSClient.dir/__/__/__/__/ioLibrary/Ethernet/socket.c.obj
 .debug_macro   0x00004d02       0x42 CMakeFiles/DNSClient.dir/__/__/__/__/ioLibrary/Ethernet/socket.c.obj
 .debug_macro   0x00004d44      0x35c CMakeFiles/DNSClient.dir/__/__/__/__/ioLibrary/Internet/DNS/dns.c.obj
 .debug_macro   0x000050a0       0x10 CMakeFiles/DNSClient.dir/__/__/__/__/ioLibrary/Internet/DNS/dns.c.obj
 .debug_macro   0x000050b0       0x16 CMakeFiles/DNSClient.dir/__/__/__/__/ioLibrary/Internet/DNS/dns.c.obj
 .debug_macro   0x000050c6       0x16 CMakeFiles/DNSClient.dir/__/__/__/__/ioLibrary/Internet/DNS/dns.c.obj
 .debug_macro   0x000050dc       0x29 CMakeFiles/DNSClient.dir/__/__/__/__/ioLibrary/Internet/DNS/dns.c.obj
 .debug_macro   0x00005105       0x1c CMakeFiles/DNSClient.dir/__/__/__/__/ioLibrary/Internet/DNS/dns.c.obj
 .debug_macro   0x00005121       0x28 CMakeFiles/DNSClient.dir/__/__/__/__/ioLibrary/Internet/DNS/dns.c.obj
 .debug_macro   0x00005149      0x2d9 CMakeFiles/DNSClient.dir/__/__/__/__/ioLibrary/Internet/DHCP/dhcp.c.obj
 .debug_macro   0x00005422       0x28 CMakeFiles/DNSClient.dir/__/__/__/__/ioLibrary/Internet/DHCP/dhcp.c.obj

.debug_line     0x00000000     0x5a7d
 .debug_line    0x00000000      0x7d4 CMakeFiles/DNSClient.dir/main.c.obj
 .debug_line    0x000007d4      0x560 CMakeFiles/DNSClient.dir/W7500x_it.c.obj
 .debug_line    0x00000d34      0x4a6 CMakeFiles/DNSClient.dir/retarget.c.obj
 .debug_line    0x000011da       0x9d CMakeFiles/DNSClient.dir/__/__/__/__/Libraries/Startup/startup_W7500.s.obj
 .debug_line    0x00001277      0x62b CMakeFiles/DNSClient.dir/__/__/__/__/Libraries/W7500x_stdPeriph_Driver/src/W7500x_wztoe.c.obj
 .debug_line    0x000018a2      0x3b3 CMakeFiles/DNSClient.dir/__/__/__/__/Libraries/CMSIS/Device/WIZnet/W7500/Source/system_W7500x.c.obj
 .debug_line    0x00001c55      0x7c7 CMakeFiles/DNSClient.dir/__/__/__/__/Libraries/W7500x_stdPeriph_Driver/src/W7500x_uart.c.obj
 .debug_line    0x0000241c      0x773 CMakeFiles/DNSClient.dir/__/__/__/__/Libraries/W7500x_stdPeriph_Driver/src/W7500x_gpio.c.obj
 .debug_line    0x00002b8f      0x68f CMakeFiles/DNSClient.dir/__/__/__/__/ioLibrary/MDIO/W7500x_miim.c.obj
 .debug_line    0x0000321e      0xcf7 CMakeFiles/DNSClient.dir/__/__/__/__/ioLibrary/Ethernet/socket.c.obj
 .debug_line    0x00003f15      0x95e CMakeFiles/DNSClient.dir/__/__/__/__/ioLibrary/Internet/DNS/dns.c.obj
 .debug_line    0x00004873     0x120a CMakeFiles/DNSClient.dir/__/__/__/__/ioLibrary/Internet/DHCP/dhcp.c.obj

.debug_str      0x00000000    0x13b2f
 .debug_str     0x00000000    0x11648 CMakeFiles/DNSClient.dir/main.c.obj
                              0x1185c (size before relaxing)
 .debug_str     0x00011648      0x20e CMakeFiles/DNSClient.dir/W7500x_it.c.obj
                               0x7bc7 (size before relaxing)
 .debug_str     0x00011856      0x5fb CMakeFiles/DNSClient.dir/retarget.c.obj
                               0xd1db (size before relaxing)
 .debug_str     0x00011e51       0x3a CMakeFiles/DNSClient.dir/__/__/__/__/Libraries/Startup/startup_W7500.s.obj
                                 0x77 (size before relaxing)
 .debug_str     0x00011e8b       0xea CMakeFiles/DNSClient.dir/__/__/__/__/Libraries/W7500x_stdPeriph_Driver/src/W7500x_wztoe.c.obj
                               0xe5b4 (size before relaxing)
 .debug_str     0x00011f75      0x319 CMakeFiles/DNSClient.dir/__/__/__/__/Libraries/CMSIS/Device/WIZnet/W7500/Source/system_W7500x.c.obj
                               0x7d16 (size before relaxing)
 .debug_str     0x0001228e      0x2d8 CMakeFiles/DNSClient.dir/__/__/__/__/Libraries/W7500x_stdPeriph_Driver/src/W7500x_uart.c.obj
                               0x9790 (size before relaxing)
 .debug_str     0x00012566      0x42c CMakeFiles/DNSClient.dir/__/__/__/__/Libraries/W7500x_stdPeriph_Driver/src/W7500x_gpio.c.obj
                               0x8683 (size before relaxing)
 .debug_str     0x00012992      0x161 CMakeFiles/DNSClient.dir/__/__/__/__/ioLibrary/MDIO/W7500x_miim.c.obj
                               0xc04b (size before relaxing)
 .debug_str     0x00012af3      0x3e9 CMakeFiles/DNSClient.dir/__/__/__/__/ioLibrary/Ethernet/socket.c.obj
                               0xeee0 (size before relaxing)
 .debug_str     0x00012edc      0x3e7 CMakeFiles/DNSClient.dir/__/__/__/__/ioLibrary/Internet/DNS/dns.c.obj
                               0xef79 (size before relaxing)
 .debug_str     0x000132c3      0x86c CMakeFiles/DNSClient.dir/__/__/__/__/ioLibrary/Internet/DHCP/dhcp.c.obj
                               0xf486 (size before relaxing)

.stab           0x00000000       0x84
 .stab          0x00000000       0x24 c:/program files (x86)/gnu arm embedded toolchain/10 2021.10/bin/../lib/gcc/arm-none-eabi/10.3.1/../../../../arm-none-eabi/lib/thumb/v6-m/nofp\libnosys.a(close.o)
 .stab          0x00000024       0x18 c:/program files (x86)/gnu arm embedded toolchain/10 2021.10/bin/../lib/gcc/arm-none-eabi/10.3.1/../../../../arm-none-eabi/lib/thumb/v6-m/nofp\libnosys.a(fstat.o)
                                 0x24 (size before relaxing)
 .stab          0x0000003c       0x18 c:/program files (x86)/gnu arm embedded toolchain/10 2021.10/bin/../lib/gcc/arm-none-eabi/10.3.1/../../../../arm-none-eabi/lib/thumb/v6-m/nofp\libnosys.a(isatty.o)
                                 0x24 (size before relaxing)
 .stab          0x00000054       0x18 c:/program files (x86)/gnu arm embedded toolchain/10 2021.10/bin/../lib/gcc/arm-none-eabi/10.3.1/../../../../arm-none-eabi/lib/thumb/v6-m/nofp\libnosys.a(lseek.o)
                                 0x24 (size before relaxing)
 .stab          0x0000006c       0x18 c:/program files (x86)/gnu arm embedded toolchain/10 2021.10/bin/../lib/gcc/arm-none-eabi/10.3.1/../../../../arm-none-eabi/lib/thumb/v6-m/nofp\libnosys.a(read.o)
                                 0x24 (size before relaxing)

.stabstr        0x00000000      0x117
 .stabstr       0x00000000      0x117 c:/program files (x86)/gnu arm embedded toolchain/10 2021.10/bin/../lib/gcc/arm-none-eabi/10.3.1/../../../../arm-none-eabi/lib/thumb/v6-m/nofp\libnosys.a(close.o)

Cross Reference Table

Symbol                                            File
ADC_Handler                                       CMakeFiles/DNSClient.dir/W7500x_it.c.obj
BusFault_Handler                                  CMakeFiles/DNSClient.dir/__/__/__/__/Libraries/Startup/startup_W7500.s.obj
CRG_ADCCLK_SetPrescale                            CMakeFiles/DNSClient.dir/__/__/__/__/Libraries/W7500x_stdPeriph_Driver/src/W7500x_crg.c.obj
CRG_ADCCLK_SourceSelect                           CMakeFiles/DNSClient.dir/__/__/__/__/Libraries/W7500x_stdPeriph_Driver/src/W7500x_crg.c.obj
CRG_DeInit                                        CMakeFiles/DNSClient.dir/__/__/__/__/Libraries/W7500x_stdPeriph_Driver/src/W7500x_crg.c.obj