Archive member included to satisfy reference by file (symbol)

c:/program files (x86)/gnu arm embedded toolchain/10 2021.10/bin/../lib/gcc/arm-none-eabi/10.3.1/../../../../arm-none-eabi/lib/thumb/v6-m/nofp\libc_nano.a(lib_a-exit.o)
                              c:/program files (x86)/gnu arm embedded toolchain/10 2021.10/bin/../lib/gcc/arm-none-eabi/10.3.1/../../../../arm-none-eabi/lib/thumb/v6-m/nofp/crt0.o (exit)
c:/program files (x86)/gnu arm embedded toolchain/10 2021.10/bin/../lib/gcc/arm-none-eabi/10.3.1/../../../../arm-none-eabi/lib/thumb/v6-m/nofp\libc_nano.a(lib_a-impure.o)
                              c:/program files (x86)/gnu arm embedded toolchain/10 2021.10/bin/../lib/gcc/arm-none-eabi/10.3.1/../../../../arm-none-eabi/lib/thumb/v6-m/nofp\libc_nano.a(lib_a-exit.o) (_global_impure_ptr)
c:/program files (x86)/gnu arm embedded toolchain/10 2021.10/bin/../lib/gcc/arm-none-eabi/10.3.1/../../../../arm-none-eabi/lib/thumb/v6-m/nofp\libc_nano.a(lib_a-init.o)
                              c:/program files (x86)/gnu arm embedded toolchain/10 2021.10/bin/../lib/gcc/arm-none-eabi/10.3.1/../../../../arm-none-eabi/lib/thumb/v6-m/nofp/crt0.o (__libc_init_array)
c:/program files (x86)/gnu arm embedded toolchain/10 2021.10/bin/../lib/gcc/arm-none-eabi/10.3.1/../../../../arm-none-eabi/lib/thumb/v6-m/nofp\libc_nano.a(lib_a-memset.o)
                              c:/program files (x86)/gnu arm embedded toolchain/10 2021.10/bin/../lib/gcc/arm-none-eabi/10.3.1/../../../../arm-none-eabi/lib/thumb/v6-m/nofp/crt0.o (memset)
c:/program files (x86)/gnu arm embedded toolchain/10 2021.10/bin/../lib/gcc/arm-none-eabi/10.3.1/thumb/v6-m/nofp\libgcc.a(_udivsi3.o)
                              CMakeFiles/httpServer.dir/main.c.obj (__aeabi_uidiv)
c:/program files (x86)/gnu arm embedded toolchain/10 2021.10/bin/../lib/gcc/arm-none-eabi/10.3.1/thumb/v6-m/nofp\libgcc.a(_dvmd_tls.o)
                              c:/program files (x86)/gnu arm embedded toolchain/10 2021.10/bin/../lib/gcc/arm-none-eabi/10.3.1/thumb/v6-m/nofp\libgcc.a(_udivsi3.o) (__aeabi_idiv0)
c:/program files (x86)/gnu arm embedded toolchain/10 2021.10/bin/../lib/gcc/arm-none-eabi/10.3.1/thumb/v6-m/nofp\libgcc.a(_fixunssfsi.o)
                              CMakeFiles/httpServer.dir/__/__/__/__/Libraries/W7500x_stdPeriph_Driver/src/W7500x_uart.c.obj (__aeabi_f2uiz)
c:/program files (x86)/gnu arm embedded toolchain/10 2021.10/bin/../lib/gcc/arm-none-eabi/10.3.1/thumb/v6-m/nofp\libgcc.a(_fixunsdfsi.o)
                              CMakeFiles/httpServer.dir/__/__/__/__/Libraries/W7500x_stdPeriph_Driver/src/W7500x_uart.c.obj (__aeabi_d2uiz)
c:/program files (x86)/gnu arm embedded toolchain/10 2021.10/bin/../lib/gcc/arm-none-eabi/10.3.1/thumb/v6-m/nofp\libgcc.a(divsf3.o)
                              CMakeFiles/httpServer.dir/__/__/__/__/Libraries/W7500x_stdPeriph_Driver/src/W7500x_uart.c.obj (__aeabi_fdiv)
c:/program files (x86)/gnu arm embedded toolchain/10 2021.10/bin/../lib/gcc/arm-none-eabi/10.3.1/thumb/v6-m/nofp\libgcc.a(mulsf3.o)
                              CMakeFiles/httpServer.dir/__/__/__/__/Libraries/W7500x_stdPeriph_Driver/src/W7500x_uart.c.obj (__aeabi_fmul)
c:/program files (x86)/gnu arm embedded toolchain/10 2021.10/bin/../lib/gcc/arm-none-eabi/10.3.1/thumb/v6-m/nofp\libgcc.a(subsf3.o)
                              CMakeFiles/httpServer.dir/__/__/__/__/Libraries/W7500x_stdPeriph_Driver/src/W7500x_uart.c.obj (__aeabi_fsub)
c:/program files (x86)/gnu arm embedded toolchain/10 2021.10/bin/../lib/gcc/arm-none-eabi/10.3.1/thumb/v6-m/nofp\libgcc.a(fixsfsi.o)
                              c:/program files (x86)/gnu arm embedded toolchain/10 2021.10/bin/../lib/gcc/arm-none-eabi/10.3.1/thumb/v6-m/nofp\libgcc.a(_fixunssfsi.o) (__aeabi_f2iz)
c:/program files (x86)/gnu arm embedded toolchain/10 2021.10/bin/../lib/gcc/arm-none-eabi/10.3.1/thumb/v6-m/nofp\libgcc.a(floatunsisf.o)
                              CMakeFiles/httpServer.dir/__/__/__/__/Libraries/W7500x_stdPeriph_Driver/src/W7500x_uart.c.obj (__aeabi_ui2f)
c:/program files (x86)/gnu arm embedded toolchain/10 2021.10/bin/../lib/gcc/arm-none-eabi/10.3.1/thumb/v6-m/nofp\libgcc.a(adddf3.o)
                              CMakeFiles/httpServer.dir/__/__/__/__/Libraries/W7500x_stdPeriph_Driver/src/W7500x_uart.c.obj (__aeabi_dadd)
c:/program files (x86)/gnu arm embedded toolchain/10 2021.10/bin/../lib/gcc/arm-none-eabi/10.3.1/thumb/v6-m/nofp\libgcc.a(subdf3.o)
                              c:/program files (x86)/gnu arm embedded toolchain/10 2021.10/bin/../lib/gcc/arm-none-eabi/10.3.1/thumb/v6-m/nofp\libgcc.a(_fixunsdfsi.o) (__aeabi_dsub)
c:/program files (x86)/gnu arm embedded toolchain/10 2021.10/bin/../lib/gcc/arm-none-eabi/10.3.1/thumb/v6-m/nofp\libgcc.a(fixdfsi.o)
                              c:/program files (x86)/gnu arm embedded toolchain/10 2021.10/bin/../lib/gcc/arm-none-eabi/10.3.1/thumb/v6-m/nofp\libgcc.a(_fixunsdfsi.o) (__aeabi_d2iz)
[...]
Memory Configuration

Name             Origin             Length             Attributes
FLASH            0x00000000         0x00020000         xr
RAM              0x20000000         0x00003fc0         xrw
*default*        0x00000000         0xffffffff

Linker script and memory map

LOAD c:/program files (x86)/gnu arm embedded toolchain/10 2021.10/bin/../lib/gcc/arm-none-eabi/10.3.1/thumb/v6-m/nofp/crti.o
LOAD c:/program files (x86)/gnu arm embedded toolchain/10 2021.10/bin/../lib/gcc/arm-none-eabi/10.3.1/thumb/v6-m/nofp/crtbegin.o
LOAD c:/program files (x86)/gnu arm embedded toolchain/10 2021.10/bin/../lib/gcc/arm-none-eabi/10.3.1/../../../../arm-none-eabi/lib/thumb/v6-m/nofp/crt0.o
LOAD c:/program files (x86)/gnu arm embedded toolchain/10 2021.10/bin/../lib/gcc/arm-none-eabi/10.3.1/../../../../arm-none-eabi/lib/thumb/v6-m/nofp\libc_nano.a
LOAD c:/program files (x86)/gnu arm embedded toolchain/10 2021.10/bin/../lib/gcc/arm-none-eabi/10.3.1/../../../../arm-none-eabi/lib/thumb/v6-m/nofp\libm.a
LOAD CMakeFiles/httpServer.dir/main.c.obj
LOAD CMakeFiles/httpServer.dir/W7500x_it.c.obj
LOAD CMakeFiles/httpServer.dir/retarget.c.obj
LOAD CMakeFiles/httpServer.dir/__/__/__/__/Libraries/Startup/startup_W7500.s.obj
LOAD CMakeFiles/httpServer.dir/__/__/__/__/Libraries/W7500x_stdPeriph_Driver/src/W7500x_wztoe.c.obj
LOAD CMakeFiles/httpServer.dir/__/__/__/__/Libraries/CMSIS/Device/WIZnet/W7500/Source/system_W7500x.c.obj
LOAD CMakeFiles/httpServer.dir/__/__/__/__/Libraries/W7500x_stdPeriph_Driver/src/W7500x_crg.c.obj
LOAD CMakeFiles/httpServer.dir/__/__/__/__/Libraries/W7500x_stdPeriph_Driver/src/W7500x_uart.c.obj
LOAD CMakeFiles/httpServer.dir/__/__/__/__/Libraries/W7500x_stdPeriph_Driver/src/W7500x_gpio.c.obj
LOAD CMakeFiles/httpServer.dir/__/__/__/__/ioLibrary/Application/loopback/loopback.c.obj
LOAD CMakeFiles/httpServer.dir/__/__/__/__/ioLibrary/Ethernet/socket.c.obj
LOAD CMakeFiles/httpServer.dir/__/__/__/__/ioLibrary/Ethernet/wizchip_conf.c.obj
LOAD CMakeFiles/httpServer.dir/__/__/__/__/ioLibrary/MDIO/W7500x_miim.c.obj
LOAD CMakeFiles/httpServer.dir/__/__/__/__/ioLibrary/Internet/httpServer/httpServer.c.obj
LOAD CMakeFiles/httpServer.dir/__/__/__/__/ioLibrary/Internet/httpServer/httpParser.c.obj
LOAD CMakeFiles/httpServer.dir/__/__/__/__/ioLibrary/Internet/httpServer/httpUtil.c.obj
LOAD ../../../../Libraries/libWZTOE_FILES.a
LOAD ../../../../Libraries/libCRG_FILES.a
LOAD ../../../../Libraries/libUART_FILES.a
LOAD ../../../../Libraries/libGPIO_FILES.a
LOAD ../../../../ioLibrary/Application/loopback/libLOOPBACK_FILES.a
LOAD ../../../../ioLibrary/MDIO/libW7500X_MIIM_FILES.a
LOAD ../../../../Libraries/libSYSTEM_W7500X_FILES.a
LOAD ../../../../ioLibrary/Internet/httpServer/libHTTP_SERVER_FILES.a
LOAD ../../../../ioLibrary/Internet/httpServer/libHTTP_PARSER_FILES.a
LOAD ../../../../ioLibrary/Ethernet/libSOCKET_FILES.a
LOAD ../../../../ioLibrary/Internet/httpServer/libHTTP_UTIL_FILES.a
LOAD ../../../../Libraries/libGPIO_FILES.a
LOAD ../../../../ioLibrary/Ethernet/libWIZCHIP_CONF_FILES.a
LOAD ../../../../Libraries/libWZTOE_FILES.a
LOAD ../../../../Libraries/libSYSTEM_W7500X_FILES.a
START GROUP
LOAD c:/program files (x86)/gnu arm embedded toolchain/10 2021.10/bin/../lib/gcc/arm-none-eabi/10.3.1/thumb/v6-m/nofp\libgcc.a
LOAD c:/program files (x86)/gnu arm embedded toolchain/10 2021.10/bin/../lib/gcc/arm-none-eabi/10.3.1/../../../../arm-none-eabi/lib/thumb/v6-m/nofp\libg_nano.a
LOAD c:/program files (x86)/gnu arm embedded toolchain/10 2021.10/bin/../lib/gcc/arm-none-eabi/10.3.1/../../../../arm-none-eabi/lib/thumb/v6-m/nofp\libc_nano.a
END GROUP
START GROUP
LOAD c:/program files (x86)/gnu arm embedded toolchain/10 2021.10/bin/../lib/gcc/arm-none-eabi/10.3.1/thumb/v6-m/nofp\libgcc.a
LOAD c:/program files (x86)/gnu arm embedded toolchain/10 2021.10/bin/../lib/gcc/arm-none-eabi/10.3.1/../../../../arm-none-eabi/lib/thumb/v6-m/nofp\libc_nano.a
END GROUP
LOAD c:/program files (x86)/gnu arm embedded toolchain/10 2021.10/bin/../lib/gcc/arm-none-eabi/10.3.1/thumb/v6-m/nofp/crtend.o
LOAD c:/program files (x86)/gnu arm embedded toolchain/10 2021.10/bin/../lib/gcc/arm-none-eabi/10.3.1/thumb/v6-m/nofp/crtn.o
START GROUP
LOAD c:/program files (x86)/gnu arm embedded toolchain/10 2021.10/bin/../lib/gcc/arm-none-eabi/10.3.1/thumb/v6-m/nofp\libgcc.a
LOAD c:/program files (x86)/gnu arm embedded toolchain/10 2021.10/bin/../lib/gcc/arm-none-eabi/10.3.1/../../../../arm-none-eabi/lib/thumb/v6-m/nofp\libc.a
LOAD c:/program files (x86)/gnu arm embedded toolchain/10 2021.10/bin/../lib/gcc/arm-none-eabi/10.3.1/../../../../arm-none-eabi/lib/thumb/v6-m/nofp\libm.a
LOAD c:/program files (x86)/gnu arm embedded toolchain/10 2021.10/bin/../lib/gcc/arm-none-eabi/10.3.1/../../../../arm-none-eabi/lib/thumb/v6-m/nofp\libnosys.a
END GROUP

.text           0x00000000     0x83e4
 *(.isr_vector)
 .isr_vector    0x00000000       0xa8 CMakeFiles/httpServer.dir/__/__/__/__/Libraries/Startup/startup_W7500.s.obj
                0x00000000                __isr_vector
 *(.text*)
 .text          0x000000a8       0x48 c:/program files (x86)/gnu arm embedded toolchain/10 2021.10/bin/../lib/gcc/arm-none-eabi/10.3.1/thumb/v6-m/nofp/crtbegin.o
 .text.memset   0x000000f0       0x10 c:/program files (x86)/gnu arm embedded toolchain/10 2021.10/bin/../lib/gcc/arm-none-eabi/10.3.1/../../../../arm-none-eabi/lib/thumb/v6-m/nofp\libc_nano.a(lib_a-memset.o)
                0x000000f0                memset
 .text.NVIC_SetPriority
                0x00000100       0xdc CMakeFiles/httpServer.dir/main.c.obj
 .text.NVIC_SystemReset
                0x000001dc       0x20 CMakeFiles/httpServer.dir/main.c.obj
 .text.SysTick_Config
                0x000001fc       0x48 CMakeFiles/httpServer.dir/main.c.obj
 .text.main     0x00000244      0x49c CMakeFiles/httpServer.dir/main.c.obj
                0x00000244                main
 .text.delay    0x000006e0       0x28 CMakeFiles/httpServer.dir/main.c.obj
                0x000006e0                delay
 .text.TimingDelay_Decrement
                0x00000708       0x20 CMakeFiles/httpServer.dir/main.c.obj
                0x00000708                TimingDelay_Decrement
 .text.GPIO_Setting
                0x00000728       0x6a CMakeFiles/httpServer.dir/main.c.obj
                0x00000728                GPIO_Setting
 .text.NMI_Handler
                0x00000792        0xa CMakeFiles/httpServer.dir/W7500x_it.c.obj
                0x00000792                NMI_Handler
 .text.HardFault_Handler
                0x0000079c        0xa CMakeFiles/httpServer.dir/W7500x_it.c.obj
                0x0000079c                HardFault_Handler
 .text.SVC_Handler
                0x000007a6        0xa CMakeFiles/httpServer.dir/W7500x_it.c.obj
                0x000007a6                SVC_Handler
 .text.PendSV_Handler
                0x000007b0        0xa CMakeFiles/httpServer.dir/W7500x_it.c.obj
                0x000007b0                PendSV_Handler
 *fill*         0x000007ba        0x2 
 .text.SysTick_Handler
                0x000007bc       0x1c CMakeFiles/httpServer.dir/W7500x_it.c.obj
                0x000007bc                SysTick_Handler
 .text.SSP0_Handler
                0x000007d8        0xa CMakeFiles/httpServer.dir/W7500x_it.c.obj
                0x000007d8                SSP0_Handler
 .text.SSP1_Handler
                0x000007e2        0xa CMakeFiles/httpServer.dir/W7500x_it.c.obj
                0x000007e2                SSP1_Handler
 .text.UART0_Handler
                0x000007ec        0xa CMakeFiles/httpServer.dir/W7500x_it.c.obj
                0x000007ec                UART0_Handler
 .text.UART1_Handler
                0x000007f6        0xa CMakeFiles/httpServer.dir/W7500x_it.c.obj
                0x000007f6                UART1_Handler
 .text.UART2_Handler
                0x00000800        0xa CMakeFiles/httpServer.dir/W7500x_it.c.obj
                0x00000800                UART2_Handler
 .text.I2C0_Handler
                0x0000080a        0xa CMakeFiles/httpServer.dir/W7500x_it.c.obj
                0x0000080a                I2C0_Handler
 .text.I2C1_Handler
                0x00000814        0xa CMakeFiles/httpServer.dir/W7500x_it.c.obj
                0x00000814                I2C1_Handler
 .text.PORT0_Handler
                0x0000081e        0xa CMakeFiles/httpServer.dir/W7500x_it.c.obj
                0x0000081e                PORT0_Handler
 .text.PORT1_Handler
                0x00000828        0xa CMakeFiles/httpServer.dir/W7500x_it.c.obj
                0x00000828                PORT1_Handler
 .text.PORT2_Handler
                0x00000832        0xa CMakeFiles/httpServer.dir/W7500x_it.c.obj
                0x00000832                PORT2_Handler
 .text.PORT3_Handler
                0x0000083c        0xa CMakeFiles/httpServer.dir/W7500x_it.c.obj
                0x0000083c                PORT3_Handler
 .text.DMA_Handler
                0x00000846        0xa CMakeFiles/httpServer.dir/W7500x_it.c.obj
                0x00000846                DMA_Handler
 .text.DUALTIMER0_Handler
                0x00000850        0xa CMakeFiles/httpServer.dir/W7500x_it.c.obj
                0x00000850                DUALTIMER0_Handler
 .text.DUALTIMER1_Handler
                0x0000085a        0xa CMakeFiles/httpServer.dir/W7500x_it.c.obj
                0x0000085a                DUALTIMER1_Handler
 .text.PWM0_Handler
                0x00000864        0xa CMakeFiles/httpServer.dir/W7500x_it.c.obj
                0x00000864                PWM0_Handler
 .text.PWM1_Handler
                0x0000086e        0xa CMakeFiles/httpServer.dir/W7500x_it.c.obj
                0x0000086e                PWM1_Handler
 .text.PWM2_Handler
                0x00000878        0xa CMakeFiles/httpServer.dir/W7500x_it.c.obj
                0x00000878                PWM2_Handler
 .text.PWM3_Handler
                0x00000882        0xa CMakeFiles/httpServer.dir/W7500x_it.c.obj
                0x00000882                PWM3_Handler
 .text.PWM4_Handler
                0x0000088c        0xa CMakeFiles/httpServer.dir/W7500x_it.c.obj
                0x0000088c                PWM4_Handler
 .text.PWM5_Handler
                0x00000896        0xa CMakeFiles/httpServer.dir/W7500x_it.c.obj
                0x00000896                PWM5_Handler
 .text.PWM6_Handler
                0x000008a0        0xa CMakeFiles/httpServer.dir/W7500x_it.c.obj
                0x000008a0                PWM6_Handler
 .text.PWM7_Handler
                0x000008aa        0xa CMakeFiles/httpServer.dir/W7500x_it.c.obj
                0x000008aa                PWM7_Handler
 .text.ADC_Handler
                0x000008b4        0xa CMakeFiles/httpServer.dir/W7500x_it.c.obj
                0x000008b4                ADC_Handler
 .text.WZTOE_Handler
                0x000008be        0xa CMakeFiles/httpServer.dir/W7500x_it.c.obj
                0x000008be                WZTOE_Handler
 .text.EXTI_Handler
                0x000008c8        0xa CMakeFiles/httpServer.dir/W7500x_it.c.obj
                0x000008c8                EXTI_Handler
 .text._write   0x000008d2       0x38 CMakeFiles/httpServer.dir/retarget.c.obj
                0x000008d2                _write
 *fill*         0x0000090a        0x2 
 .text          0x0000090c       0x84 CMakeFiles/httpServer.dir/__/__/__/__/Libraries/Startup/startup_W7500.s.obj
                0x0000090c                Reset_Handler
                0x0000094c                MemManage_Handler
                0x0000094e                BusFault_Handler
                0x00000950                UsageFault_Handler
                0x00000954                DebugMon_Handler
                0x00000986                RTC_Handler
 .text.WIZCHIP_READ
                0x00000990       0x1e CMakeFiles/httpServer.dir/__/__/__/__/Libraries/W7500x_stdPeriph_Driver/src/W7500x_wztoe.c.obj
                0x00000990                WIZCHIP_READ
 .text.WIZCHIP_WRITE
                0x000009ae       0x1e CMakeFiles/httpServer.dir/__/__/__/__/Libraries/W7500x_stdPeriph_Driver/src/W7500x_wztoe.c.obj
                0x000009ae                WIZCHIP_WRITE
 .text.WIZCHIP_READ_BUF
                0x000009cc       0x66 CMakeFiles/httpServer.dir/__/__/__/__/Libraries/W7500x_stdPeriph_Driver/src/W7500x_wztoe.c.obj
                0x000009cc                WIZCHIP_READ_BUF
 .text.WIZCHIP_WRITE_BUF
                0x00000a32       0x62 CMakeFiles/httpServer.dir/__/__/__/__/Libraries/W7500x_stdPeriph_Driver/src/W7500x_wztoe.c.obj
                0x00000a32                WIZCHIP_WRITE_BUF
 .text.wiz_send_data
                0x00000a94       0x84 CMakeFiles/httpServer.dir/__/__/__/__/Libraries/W7500x_stdPeriph_Driver/src/W7500x_wztoe.c.obj
                0x00000a94                wiz_send_data
 .text.wiz_recv_data
                0x00000b18       0x84 CMakeFiles/httpServer.dir/__/__/__/__/Libraries/W7500x_stdPeriph_Driver/src/W7500x_wztoe.c.obj
                0x00000b18                wiz_recv_data
 .text.GetSystemClock
                0x00000b9c       0x14 CMakeFiles/httpServer.dir/__/__/__/__/Libraries/CMSIS/Device/WIZnet/W7500/Source/system_W7500x.c.obj
                0x00000b9c                GetSystemClock
 .text.SystemInit
                0x00000bb0       0xb4 CMakeFiles/httpServer.dir/__/__/__/__/Libraries/CMSIS/Device/WIZnet/W7500/Source/system_W7500x.c.obj
                0x00000bb0                SystemInit
 .text.S_UART_Init
                0x00000c64       0x40 CMakeFiles/httpServer.dir/__/__/__/__/Libraries/W7500x_stdPeriph_Driver/src/W7500x_uart.c.obj
                0x00000c64                S_UART_Init
 .text.S_UART_SetBaud
                0x00000ca4       0x5c CMakeFiles/httpServer.dir/__/__/__/__/Libraries/W7500x_stdPeriph_Driver/src/W7500x_uart.c.obj
                0x00000ca4                S_UART_SetBaud
 .text.S_UART_SendData
                0x00000d00       0x2c CMakeFiles/httpServer.dir/__/__/__/__/Libraries/W7500x_stdPeriph_Driver/src/W7500x_uart.c.obj
                0x00000d00                S_UART_SendData
 .text.S_UartPutc
                0x00000d2c       0x24 CMakeFiles/httpServer.dir/__/__/__/__/Libraries/W7500x_stdPeriph_Driver/src/W7500x_uart.c.obj
                0x00000d2c                S_UartPutc
 .text.GPIO_Init
                0x00000d50      0x1b8 CMakeFiles/httpServer.dir/__/__/__/__/Libraries/W7500x_stdPeriph_Driver/src/W7500x_gpio.c.obj
                0x00000d50                GPIO_Init
 .text.GPIO_StructInit
                0x00000f08       0x28 CMakeFiles/httpServer.dir/__/__/__/__/Libraries/W7500x_stdPeriph_Driver/src/W7500x_gpio.c.obj
                0x00000f08                GPIO_StructInit
 .text.GPIO_ReadInputDataBit
                0x00000f30       0x40 CMakeFiles/httpServer.dir/__/__/__/__/Libraries/W7500x_stdPeriph_Driver/src/W7500x_gpio.c.obj
                0x00000f30                GPIO_ReadInputDataBit
 .text.GPIO_SetBits
                0x00000f70       0x4a CMakeFiles/httpServer.dir/__/__/__/__/Libraries/W7500x_stdPeriph_Driver/src/W7500x_gpio.c.obj
                0x00000f70                GPIO_SetBits
 .text.GPIO_ResetBits
                0x00000fba       0x4e CMakeFiles/httpServer.dir/__/__/__/__/Libraries/W7500x_stdPeriph_Driver/src/W7500x_gpio.c.obj
                0x00000fba                GPIO_ResetBits
 .text.PAD_AFConfig
                0x00001008       0xfc CMakeFiles/httpServer.dir/__/__/__/__/Libraries/W7500x_stdPeriph_Driver/src/W7500x_gpio.c.obj
                0x00001008                PAD_AFConfig
 .text.loopback_tcps
                0x00001104      0x2b0 CMakeFiles/httpServer.dir/__/__/__/__/ioLibrary/Application/loopback/loopback.c.obj
                0x00001104                loopback_tcps
 .text.socket   0x000013b4      0x1f0 CMakeFiles/httpServer.dir/__/__/__/__/ioLibrary/Ethernet/socket.c.obj
                0x000013b4                socket
 .text.close    0x000015a4       0xcc CMakeFiles/httpServer.dir/__/__/__/__/ioLibrary/Ethernet/socket.c.obj
                0x000015a4                close
 .text.listen   0x00001670       0xc8 CMakeFiles/httpServer.dir/__/__/__/__/ioLibrary/Ethernet/socket.c.obj
                0x00001670                listen
 .text.disconnect
                0x00001738      0x108 CMakeFiles/httpServer.dir/__/__/__/__/ioLibrary/Ethernet/socket.c.obj
                0x00001738                disconnect
 .text.send     0x00001840      0x26c CMakeFiles/httpServer.dir/__/__/__/__/ioLibrary/Ethernet/socket.c.obj
                0x00001840                send
 .text.recv     0x00001aac      0x1dc CMakeFiles/httpServer.dir/__/__/__/__/ioLibrary/Ethernet/socket.c.obj
                0x00001aac                recv
 .text.ctlnetwork
                0x00001c88       0x78 CMakeFiles/httpServer.dir/__/__/__/__/ioLibrary/Ethernet/wizchip_conf.c.obj
                0x00001c88                ctlnetwork
 .text.wizchip_setnetinfo
                0x00001d00      0x184 CMakeFiles/httpServer.dir/__/__/__/__/ioLibrary/Ethernet/wizchip_conf.c.obj
                0x00001d00                wizchip_setnetinfo
 .text.wizchip_getnetinfo
                0x00001e84      0x1a8 CMakeFiles/httpServer.dir/__/__/__/__/ioLibrary/Ethernet/wizchip_conf.c.obj
                0x00001e84                wizchip_getnetinfo
 .text.wizchip_setnetmode
                0x0000202c       0x60 CMakeFiles/httpServer.dir/__/__/__/__/ioLibrary/Ethernet/wizchip_conf.c.obj
                0x0000202c                wizchip_setnetmode
 .text.wizchip_getnetmode
                0x0000208c       0x18 CMakeFiles/httpServer.dir/__/__/__/__/ioLibrary/Ethernet/wizchip_conf.c.obj
                0x0000208c                wizchip_getnetmode
 .text.wizchip_settimeout
                0x000020a4       0x30 CMakeFiles/httpServer.dir/__/__/__/__/ioLibrary/Ethernet/wizchip_conf.c.obj
                0x000020a4                wizchip_settimeout
 .text.wizchip_gettimeout
                0x000020d4       0x34 CMakeFiles/httpServer.dir/__/__/__/__/ioLibrary/Ethernet/wizchip_conf.c.obj
                0x000020d4                wizchip_gettimeout
 .text.link     0x00002108       0x2a CMakeFiles/httpServer.dir/__/__/__/__/ioLibrary/MDIO/W7500x_miim.c.obj
                0x00002108                link
 *fill*         0x00002132        0x2 
 .text.mdio_init
                0x00002134       0x7c CMakeFiles/httpServer.dir/__/__/__/__/ioLibrary/MDIO/W7500x_miim.c.obj
                0x00002134                mdio_init
 .text.output_MDIO
                0x000021b0       0x84 CMakeFiles/httpServer.dir/__/__/__/__/ioLibrary/MDIO/W7500x_miim.c.obj
                0x000021b0                output_MDIO
 .text.input_MDIO
                0x00002234       0x6e CMakeFiles/httpServer.dir/__/__/__/__/ioLibrary/MDIO/W7500x_miim.c.obj
                0x00002234                input_MDIO
 .text.turnaround_MDIO
                0x000022a2       0x46 CMakeFiles/httpServer.dir/__/__/__/__/ioLibrary/MDIO/W7500x_miim.c.obj
                0x000022a2                turnaround_MDIO
 .text.idle_MDIO
                0x000022e8       0x40 CMakeFiles/httpServer.dir/__/__/__/__/ioLibrary/MDIO/W7500x_miim.c.obj
                0x000022e8                idle_MDIO
 .text.mdio_read
                0x00002328       0x6c CMakeFiles/httpServer.dir/__/__/__/__/ioLibrary/MDIO/W7500x_miim.c.obj
                0x00002328                mdio_read
 .text.mdio_write
                0x00002394       0x6c CMakeFiles/httpServer.dir/__/__/__/__/ioLibrary/MDIO/W7500x_miim.c.obj
                0x00002394                mdio_write
 .text.phy_id   0x00002400       0xb4 CMakeFiles/httpServer.dir/__/__/__/__/ioLibrary/MDIO/W7500x_miim.c.obj
                0x00002400                phy_id
 .text.PHY_Init
                0x000024b4       0x88 CMakeFiles/httpServer.dir/__/__/__/__/ioLibrary/MDIO/W7500x_miim.c.obj
                0x000024b4                PHY_Init
 .text.default_mcu_reset
                0x0000253c        0xa CMakeFiles/httpServer.dir/__/__/__/__/ioLibrary/Internet/httpServer/httpServer.c.obj
                0x0000253c                default_mcu_reset
 .text.default_wdt_reset
                0x00002546        0xa CMakeFiles/httpServer.dir/__/__/__/__/ioLibrary/Internet/httpServer/httpServer.c.obj
                0x00002546                default_wdt_reset
 .text.httpServer_Sockinit
                0x00002550       0x54 CMakeFiles/httpServer.dir/__/__/__/__/ioLibrary/Internet/httpServer/httpServer.c.obj
                0x00002550                httpServer_Sockinit
 .text.getHTTPSocketNum
                0x000025a4       0x20 CMakeFiles/httpServer.dir/__/__/__/__/ioLibrary/Internet/httpServer/httpServer.c.obj
 .text.getHTTPSequenceNum
                0x000025c4       0x58 CMakeFiles/httpServer.dir/__/__/__/__/ioLibrary/Internet/httpServer/httpServer.c.obj
 .text.httpServer_init
                0x0000261c       0x3c CMakeFiles/httpServer.dir/__/__/__/__/ioLibrary/Internet/httpServer/httpServer.c.obj
                0x0000261c                httpServer_init
 .text.reg_httpServer_cbfunc
                0x00002658       0x34 CMakeFiles/httpServer.dir/__/__/__/__/ioLibrary/Internet/httpServer/httpServer.c.obj
                0x00002658                reg_httpServer_cbfunc
 .text.httpServer_run
                0x0000268c      0x438 CMakeFiles/httpServer.dir/__/__/__/__/ioLibrary/Internet/httpServer/httpServer.c.obj
                0x0000268c                httpServer_run
 .text.send_http_response_header
                0x00002ac4      0x13c CMakeFiles/httpServer.dir/__/__/__/__/ioLibrary/Internet/httpServer/httpServer.c.obj
 .text.send_http_response_body
                0x00002c00      0x2f0 CMakeFiles/httpServer.dir/__/__/__/__/ioLibrary/Internet/httpServer/httpServer.c.obj
 .text.send_http_response_cgi
                0x00002ef0       0x84 CMakeFiles/httpServer.dir/__/__/__/__/ioLibrary/Internet/httpServer/httpServer.c.obj
 .text.http_disconnect
                0x00002f74       0x48 CMakeFiles/httpServer.dir/__/__/__/__/ioLibrary/Internet/httpServer/httpServer.c.obj
 .text.http_process_handler
                0x00002fbc      0x55c CMakeFiles/httpServer.dir/__/__/__/__/ioLibrary/Internet/httpServer/httpServer.c.obj
 .text.get_httpServer_timecount
                0x00003518       0x14 CMakeFiles/httpServer.dir/__/__/__/__/ioLibrary/Internet/httpServer/httpServer.c.obj
                0x00003518                get_httpServer_timecount
 .text.reg_httpServer_webContent
                0x0000352c       0xa8 CMakeFiles/httpServer.dir/__/__/__/__/ioLibrary/Internet/httpServer/httpServer.c.obj
                0x0000352c                reg_httpServer_webContent
 .text.display_reg_webContent_list
                0x000035d4      0x110 CMakeFiles/httpServer.dir/__/__/__/__/ioLibrary/Internet/httpServer/httpServer.c.obj
                0x000035d4                display_reg_webContent_list
 .text.find_userReg_webContent
                0x000036e4       0x9c CMakeFiles/httpServer.dir/__/__/__/__/ioLibrary/Internet/httpServer/httpServer.c.obj
                0x000036e4                find_userReg_webContent
 .text.read_userReg_webContent
                0x00003780       0x9c CMakeFiles/httpServer.dir/__/__/__/__/ioLibrary/Internet/httpServer/httpServer.c.obj
                0x00003780                read_userReg_webContent
 .text.unescape_http_url
                0x0000381c       0x8e CMakeFiles/httpServer.dir/__/__/__/__/ioLibrary/Internet/httpServer/httpParser.c.obj
                0x0000381c                unescape_http_url
 *fill*         0x000038aa        0x2 
 .text.make_http_response_head
                0x000038ac      0x1bc CMakeFiles/httpServer.dir/__/__/__/__/ioLibrary/Internet/httpServer/httpParser.c.obj
                0x000038ac                make_http_response_head
 .text.find_http_uri_type
                0x00003a68      0x350 CMakeFiles/httpServer.dir/__/__/__/__/ioLibrary/Internet/httpServer/httpParser.c.obj
                0x00003a68                find_http_uri_type
 .text.parse_http_request
                0x00003db8      0x114 CMakeFiles/httpServer.dir/__/__/__/__/ioLibrary/Internet/httpServer/httpParser.c.obj
                0x00003db8                parse_http_request
 .text.get_http_param_value
                0x00003ecc      0x140 CMakeFiles/httpServer.dir/__/__/__/__/ioLibrary/Internet/httpServer/httpParser.c.obj
                0x00003ecc                get_http_param_value
 .text.get_http_uri_name
                0x0000400c       0x64 CMakeFiles/httpServer.dir/__/__/__/__/ioLibrary/Internet/httpServer/httpParser.c.obj
                0x0000400c                get_http_uri_name
 .text.ATOI     0x00004070       0x4e CMakeFiles/httpServer.dir/__/__/__/__/ioLibrary/Internet/httpServer/httpParser.c.obj
                0x00004070                ATOI
 .text.mid      0x000040be       0x6c CMakeFiles/httpServer.dir/__/__/__/__/ioLibrary/Internet/httpServer/httpParser.c.obj
                0x000040be                mid
 .text.replacetochar
                0x0000412a       0x56 CMakeFiles/httpServer.dir/__/__/__/__/ioLibrary/Internet/httpServer/httpParser.c.obj
 .text.C2D      0x00004180       0x66 CMakeFiles/httpServer.dir/__/__/__/__/ioLibrary/Internet/httpServer/httpParser.c.obj
 *fill*         0x000041e6        0x2 
 .text.http_get_cgi_handler
                0x000041e8       0x6c CMakeFiles/httpServer.dir/__/__/__/__/ioLibrary/Internet/httpServer/httpUtil.c.obj
                0x000041e8                http_get_cgi_handler
 .text.http_post_cgi_handler
                0x00004254       0x9c CMakeFiles/httpServer.dir/__/__/__/__/ioLibrary/Internet/httpServer/httpUtil.c.obj
                0x00004254                http_post_cgi_handler
 .text.predefined_get_cgi_processor
                0x000042f0       0x7c CMakeFiles/httpServer.dir/__/__/__/__/ioLibrary/Internet/httpServer/httpUtil.c.obj
                0x000042f0                predefined_get_cgi_processor
 .text.predefined_set_cgi_processor
                0x0000436c       0x88 CMakeFiles/httpServer.dir/__/__/__/__/ioLibrary/Internet/httpServer/httpUtil.c.obj
                0x0000436c                predefined_set_cgi_processor
 .text.make_json_netinfo
                0x000043f4      0x154 CMakeFiles/httpServer.dir/__/__/__/__/ioLibrary/Internet/httpServer/httpUtil.c.obj
                0x000043f4                make_json_netinfo
 .text.set_LED  0x00004548      0x120 CMakeFiles/httpServer.dir/__/__/__/__/ioLibrary/Internet/httpServer/httpUtil.c.obj
                0x00004548                set_LED
 .text          0x00004668      0x114 c:/program files (x86)/gnu arm embedded toolchain/10 2021.10/bin/../lib/gcc/arm-none-eabi/10.3.1/thumb/v6-m/nofp\libgcc.a(_udivsi3.o)
                0x00004668                __aeabi_uidiv
                0x00004668                __udivsi3
                0x00004774                __aeabi_uidivmod
 .text          0x0000477c        0x4 c:/program files (x86)/gnu arm embedded toolchain/10 2021.10/bin/../lib/gcc/arm-none-eabi/10.3.1/thumb/v6-m/nofp\libgcc.a(_dvmd_tls.o)
                0x0000477c                __aeabi_idiv0
                0x0000477c                __aeabi_ldiv0
 .text.memcpy   0x00004780       0x12 c:/program files (x86)/gnu arm embedded toolchain/10 2021.10/bin/../lib/gcc/arm-none-eabi/10.3.1/../../../../arm-none-eabi/lib/thumb/v6-m/nofp\libg_nano.a(lib_a-memcpy-stub.o)
                0x00004780                memcpy
 *fill*         0x00004792        0x2 
 .text.printf   0x00004794       0x34 c:/program files (x86)/gnu arm embedded toolchain/10 2021.10/bin/../lib/gcc/arm-none-eabi/10.3.1/../../../../arm-none-eabi/lib/thumb/v6-m/nofp\libg_nano.a(lib_a-printf.o)
                0x00004794                iprintf
                0x00004794                printf
 .text.putchar  0x000047c8       0x28 c:/program files (x86)/gnu arm embedded toolchain/10 2021.10/bin/../lib/gcc/arm-none-eabi/10.3.1/../../../../arm-none-eabi/lib/thumb/v6-m/nofp\libg_nano.a(lib_a-putchar.o)
                0x000047c8                putchar
 .text._puts_r  0x000047f0       0xe4 c:/program files (x86)/gnu arm embedded toolchain/10 2021.10/bin/../lib/gcc/arm-none-eabi/10.3.1/../../../../arm-none-eabi/lib/thumb/v6-m/nofp\libg_nano.a(lib_a-puts.o)
                0x000047f0                _puts_r
 .text.puts     0x000048d4       0x14 c:/program files (x86)/gnu arm embedded toolchain/10 2021.10/bin/../lib/gcc/arm-none-eabi/10.3.1/../../../../arm-none-eabi/lib/thumb/v6-m/nofp\libg_nano.a(lib_a-puts.o)
                0x000048d4                puts
 .text.sprintf  0x000048e8       0x40 c:/program files (x86)/gnu arm embedded toolchain/10 2021.10/bin/../lib/gcc/arm-none-eabi/10.3.1/../../../../arm-none-eabi/lib/thumb/v6-m/nofp\libg_nano.a(lib_a-sprintf.o)
                0x000048e8                siprintf
                0x000048e8                sprintf
 .text.strcat   0x00004928       0x1a c:/program files (x86)/gnu arm embedded toolchain/10 2021.10/bin/../lib/gcc/arm-none-eabi/10.3.1/../../../../arm-none-eabi/lib/thumb/v6-m/nofp\libg_nano.a(lib_a-strcat.o)
                0x00004928                strcat
 .text.strchr   0x00004942       0x1c c:/program files (x86)/gnu arm embedded toolchain/10 2021.10/bin/../lib/gcc/arm-none-eabi/10.3.1/../../../../arm-none-eabi/lib/thumb/v6-m/nofp\libg_nano.a(lib_a-strchr.o)
                0x00004942                strchr
 .text          0x0000495e       0x14 c:/program files (x86)/gnu arm embedded toolchain/10 2021.10/bin/../lib/gcc/arm-none-eabi/10.3.1/../../../../arm-none-eabi/lib/thumb/v6-m/nofp\libg_nano.a(lib_a-strcmp.o)
                0x0000495e                strcmp
 .text.strcpy   0x00004972       0x10 c:/program files (x86)/gnu arm embedded toolchain/10 2021.10/bin/../lib/gcc/arm-none-eabi/10.3.1/../../../../arm-none-eabi/lib/thumb/v6-m/nofp\libg_nano.a(lib_a-strcpy.o)
                0x00004972                strcpy
 .text          0x00004982        0xe c:/program files (x86)/gnu arm embedded toolchain/10 2021.10/bin/../lib/gcc/arm-none-eabi/10.3.1/../../../../arm-none-eabi/lib/thumb/v6-m/nofp\libg_nano.a(lib_a-strlen.o)
                0x00004982                strlen
 .text.strncpy  0x00004990       0x28 c:/program files (x86)/gnu arm embedded toolchain/10 2021.10/bin/../lib/gcc/arm-none-eabi/10.3.1/../../../../arm-none-eabi/lib/thumb/v6-m/nofp\libg_nano.a(lib_a-strncpy.o)
                0x00004990                strncpy
 .text.strstr   0x000049b8       0x2c c:/program files (x86)/gnu arm embedded toolchain/10 2021.10/bin/../lib/gcc/arm-none-eabi/10.3.1/../../../../arm-none-eabi/lib/thumb/v6-m/nofp\libg_nano.a(lib_a-strstr.o)
                0x000049b8                strstr
 .text.strtok   0x000049e4       0x68 c:/program files (x86)/gnu arm embedded toolchain/10 2021.10/bin/../lib/gcc/arm-none-eabi/10.3.1/../../../../arm-none-eabi/lib/thumb/v6-m/nofp\libg_nano.a(lib_a-strtok.o)
                0x000049e4                strtok
 .text.__strtok_r
                0x00004a4c       0x5e c:/program files (x86)/gnu arm embedded toolchain/10 2021.10/bin/../lib/gcc/arm-none-eabi/10.3.1/../../../../arm-none-eabi/lib/thumb/v6-m/nofp\libg_nano.a(lib_a-strtok_r.o)
                0x00004a4c                __strtok_r
 *fill*         0x00004aaa        0x2 
 .text.__swbuf_r
                0x00004aac       0xac c:/program files (x86)/gnu arm embedded toolchain/10 2021.10/bin/../lib/gcc/arm-none-eabi/10.3.1/../../../../arm-none-eabi/lib/thumb/v6-m/nofp\libg_nano.a(lib_a-wbuf.o)
                0x00004aac                __swbuf_r
 .text.__swsetup_r
                0x00004b58       0xf0 c:/program files (x86)/gnu arm embedded toolchain/10 2021.10/bin/../lib/gcc/arm-none-eabi/10.3.1/../../../../arm-none-eabi/lib/thumb/v6-m/nofp\libg_nano.a(lib_a-wsetup.o)
                0x00004b58                __swsetup_r
 .text.__assert_func
                0x00004c48       0x3c c:/program files (x86)/gnu arm embedded toolchain/10 2021.10/bin/../lib/gcc/arm-none-eabi/10.3.1/../../../../arm-none-eabi/lib/thumb/v6-m/nofp\libg_nano.a(lib_a-assert.o)
                0x00004c48                __assert_func
 .text.__sflush_r
                0x00004c84      0x118 c:/program files (x86)/gnu arm embedded toolchain/10 2021.10/bin/../lib/gcc/arm-none-eabi/10.3.1/../../../../arm-none-eabi/lib/thumb/v6-m/nofp\libg_nano.a(lib_a-fflush.o)
                0x00004c84                __sflush_r
 .text._fflush_r
                0x00004d9c       0x80 c:/program files (x86)/gnu arm embedded toolchain/10 2021.10/bin/../lib/gcc/arm-none-eabi/10.3.1/../../../../arm-none-eabi/lib/thumb/v6-m/nofp\libg_nano.a(lib_a-fflush.o)
                0x00004d9c                _fflush_r
 .text.std      0x00004e1c       0x48 c:/program files (x86)/gnu arm embedded toolchain/10 2021.10/bin/../lib/gcc/arm-none-eabi/10.3.1/../../../../arm-none-eabi/lib/thumb/v6-m/nofp\libg_nano.a(lib_a-findfp.o)
 .text._cleanup_r
                0x00004e64       0x10 c:/program files (x86)/gnu arm embedded toolchain/10 2021.10/bin/../lib/gcc/arm-none-eabi/10.3.1/../../../../arm-none-eabi/lib/thumb/v6-m/nofp\libg_nano.a(lib_a-findfp.o)
                0x00004e64                _cleanup_r
 .text.__sfmoreglue
                0x00004e74       0x2c c:/program files (x86)/gnu arm embedded toolchain/10 2021.10/bin/../lib/gcc/arm-none-eabi/10.3.1/../../../../arm-none-eabi/lib/thumb/v6-m/nofp\libg_nano.a(lib_a-findfp.o)
                0x00004e74                __sfmoreglue
 .text.__sfp_lock_acquire
                0x00004ea0       0x10 c:/program files (x86)/gnu arm embedded toolchain/10 2021.10/bin/../lib/gcc/arm-none-eabi/10.3.1/../../../../arm-none-eabi/lib/thumb/v6-m/nofp\libg_nano.a(lib_a-findfp.o)
                0x00004ea0                __sfp_lock_acquire
 .text.__sfp_lock_release
                0x00004eb0       0x10 c:/program files (x86)/gnu arm embedded toolchain/10 2021.10/bin/../lib/gcc/arm-none-eabi/10.3.1/../../../../arm-none-eabi/lib/thumb/v6-m/nofp\libg_nano.a(lib_a-findfp.o)
                0x00004eb0                __sfp_lock_release
 .text.__sinit_lock_acquire
                0x00004ec0       0x10 c:/program files (x86)/gnu arm embedded toolchain/10 2021.10/bin/../lib/gcc/arm-none-eabi/10.3.1/../../../../arm-none-eabi/lib/thumb/v6-m/nofp\libg_nano.a(lib_a-findfp.o)
                0x00004ec0                __sinit_lock_acquire
 .text.__sinit_lock_release
                0x00004ed0       0x10 c:/program files (x86)/gnu arm embedded toolchain/10 2021.10/bin/../lib/gcc/arm-none-eabi/10.3.1/../../../../arm-none-eabi/lib/thumb/v6-m/nofp\libg_nano.a(lib_a-findfp.o)
                0x00004ed0                __sinit_lock_release
 .text.__sinit  0x00004ee0       0x70 c:/program files (x86)/gnu arm embedded toolchain/10 2021.10/bin/../lib/gcc/arm-none-eabi/10.3.1/../../../../arm-none-eabi/lib/thumb/v6-m/nofp\libg_nano.a(lib_a-findfp.o)
                0x00004ee0                __sinit
 .text.__sfp    0x00004f50       0x90 c:/program files (x86)/gnu arm embedded toolchain/10 2021.10/bin/../lib/gcc/arm-none-eabi/10.3.1/../../../../arm-none-eabi/lib/thumb/v6-m/nofp\libg_nano.a(lib_a-findfp.o)
                0x00004f50                __sfp
 .text.fprintf  0x00004fe0       0x20 c:/program files (x86)/gnu arm embedded toolchain/10 2021.10/bin/../lib/gcc/arm-none-eabi/10.3.1/../../../../arm-none-eabi/lib/thumb/v6-m/nofp\libg_nano.a(lib_a-fprintf.o)
                0x00004fe0                fiprintf
                0x00004fe0                fprintf
 .text._fwalk_reent
                0x00005000       0x40 c:/program files (x86)/gnu arm embedded toolchain/10 2021.10/bin/../lib/gcc/arm-none-eabi/10.3.1/../../../../arm-none-eabi/lib/thumb/v6-m/nofp\libg_nano.a(lib_a-fwalk.o)
                0x00005000                _fwalk_reent
 .text.__retarget_lock_init_recursive
                0x00005040        0x2 c:/program files (x86)/gnu arm embedded toolchain/10 2021.10/bin/../lib/gcc/arm-none-eabi/10.3.1/../../../../arm-none-eabi/lib/thumb/v6-m/nofp\libg_nano.a(lib_a-lock.o)
                0x00005040                __retarget_lock_init_recursive
 .text.__retarget_lock_acquire_recursive
                0x00005042        0x2 c:/program files (x86)/gnu arm embedded toolchain/10 2021.10/bin/../lib/gcc/arm-none-eabi/10.3.1/../../../../arm-none-eabi/lib/thumb/v6-m/nofp\libg_nano.a(lib_a-lock.o)
                0x00005042                __retarget_lock_acquire_recursive
 .text.__retarget_lock_release_recursive
                0x00005044        0x2 c:/program files (x86)/gnu arm embedded toolchain/10 2021.10/bin/../lib/gcc/arm-none-eabi/10.3.1/../../../../arm-none-eabi/lib/thumb/v6-m/nofp\libg_nano.a(lib_a-lock.o)
                0x00005044                __retarget_lock_release_recursive
 *fill*         0x00005046        0x2 
 .text.__swhatbuf_r
                0x00005048       0x50 c:/program files (x86)/gnu arm embedded toolchain/10 2021.10/bin/../lib/gcc/arm-none-eabi/10.3.1/../../../../arm-none-eabi/lib/thumb/v6-m/nofp\libg_nano.a(lib_a-makebuf.o)
                0x00005048                __swhatbuf_r
 .text.__smakebuf_r
                0x00005098       0x88 c:/program files (x86)/gnu arm embedded toolchain/10 2021.10/bin/../lib/gcc/arm-none-eabi/10.3.1/../../../../arm-none-eabi/lib/thumb/v6-m/nofp\libg_nano.a(lib_a-makebuf.o)
                0x00005098                __smakebuf_r
 .text.malloc   0x00005120       0x14 c:/program files (x86)/gnu arm embedded toolchain/10 2021.10/bin/../lib/gcc/arm-none-eabi/10.3.1/../../../../arm-none-eabi/lib/thumb/v6-m/nofp\libg_nano.a(lib_a-malloc.o)
                0x00005120                malloc
 .text._free_r  0x00005134       0x94 c:/program files (x86)/gnu arm embedded toolchain/10 2021.10/bin/../lib/gcc/arm-none-eabi/10.3.1/../../../../arm-none-eabi/lib/thumb/v6-m/nofp\libg_nano.a(lib_a-nano-freer.o)
                0x00005134                _free_r
 .text.sbrk_aligned
                0x000051c8       0x44 c:/program files (x86)/gnu arm embedded toolchain/10 2021.10/bin/../lib/gcc/arm-none-eabi/10.3.1/../../../../arm-none-eabi/lib/thumb/v6-m/nofp\libg_nano.a(lib_a-nano-mallocr.o)
 .text._malloc_r
                0x0000520c       0xec c:/program files (x86)/gnu arm embedded toolchain/10 2021.10/bin/../lib/gcc/arm-none-eabi/10.3.1/../../../../arm-none-eabi/lib/thumb/v6-m/nofp\libg_nano.a(lib_a-nano-mallocr.o)
                0x0000520c                _malloc_r
 .text.__ssputs_r
                0x000052f8       0xc4 c:/program files (x86)/gnu arm embedded toolchain/10 2021.10/bin/../lib/gcc/arm-none-eabi/10.3.1/../../../../arm-none-eabi/lib/thumb/v6-m/nofp\libg_nano.a(lib_a-nano-svfprintf.o)
                0x000052f8                __ssputs_r
 .text._svfprintf_r
                0x000053bc      0x200 c:/program files (x86)/gnu arm embedded toolchain/10 2021.10/bin/../lib/gcc/arm-none-eabi/10.3.1/../../../../arm-none-eabi/lib/thumb/v6-m/nofp\libg_nano.a(lib_a-nano-svfprintf.o)
                0x000053bc                _svfiprintf_r
                0x000053bc                _svfprintf_r
 .text.__sfputc_r
                0x000055bc       0x2a c:/program files (x86)/gnu arm embedded toolchain/10 2021.10/bin/../lib/gcc/arm-none-eabi/10.3.1/../../../../arm-none-eabi/lib/thumb/v6-m/nofp\libg_nano.a(lib_a-nano-vfprintf.o)
 .text.__sfputs_r
                0x000055e6       0x24 c:/program files (x86)/gnu arm embedded toolchain/10 2021.10/bin/../lib/gcc/arm-none-eabi/10.3.1/../../../../arm-none-eabi/lib/thumb/v6-m/nofp\libg_nano.a(lib_a-nano-vfprintf.o)
                0x000055e6                __sfputs_r
 *fill*         0x0000560a        0x2 
 .text._vfprintf_r
                0x0000560c      0x274 c:/program files (x86)/gnu arm embedded toolchain/10 2021.10/bin/../lib/gcc/arm-none-eabi/10.3.1/../../../../arm-none-eabi/lib/thumb/v6-m/nofp\libg_nano.a(lib_a-nano-vfprintf.o)
                0x0000560c                _vfprintf_r
                0x0000560c                _vfiprintf_r
 .text._printf_common
                0x00005880       0xde c:/program files (x86)/gnu arm embedded toolchain/10 2021.10/bin/../lib/gcc/arm-none-eabi/10.3.1/../../../../arm-none-eabi/lib/thumb/v6-m/nofp\libg_nano.a(lib_a-nano-vfprintf_i.o)
                0x00005880                _printf_common
 *fill*         0x0000595e        0x2 
 .text._printf_i
                0x00005960      0x224 c:/program files (x86)/gnu arm embedded toolchain/10 2021.10/bin/../lib/gcc/arm-none-eabi/10.3.1/../../../../arm-none-eabi/lib/thumb/v6-m/nofp\libg_nano.a(lib_a-nano-vfprintf_i.o)
                0x00005960                _printf_i
 .text._putc_r  0x00005b84       0x94 c:/program files (x86)/gnu arm embedded toolchain/10 2021.10/bin/../lib/gcc/arm-none-eabi/10.3.1/../../../../arm-none-eabi/lib/thumb/v6-m/nofp\libg_nano.a(lib_a-putc.o)
                0x00005b84                _putc_r
 .text._sbrk_r  0x00005c18       0x24 c:/program files (x86)/gnu arm embedded toolchain/10 2021.10/bin/../lib/gcc/arm-none-eabi/10.3.1/../../../../arm-none-eabi/lib/thumb/v6-m/nofp\libg_nano.a(lib_a-sbrkr.o)
                0x00005c18                _sbrk_r
 .text.__sread  0x00005c3c       0x28 c:/program files (x86)/gnu arm embedded toolchain/10 2021.10/bin/../lib/gcc/arm-none-eabi/10.3.1/../../../../arm-none-eabi/lib/thumb/v6-m/nofp\libg_nano.a(lib_a-stdio.o)
                0x00005c3c                __sread
 .text.__swrite
                0x00005c64       0x38 c:/program files (x86)/gnu arm embedded toolchain/10 2021.10/bin/../lib/gcc/arm-none-eabi/10.3.1/../../../../arm-none-eabi/lib/thumb/v6-m/nofp\libg_nano.a(lib_a-stdio.o)
                0x00005c64                __swrite
 .text.__sseek  0x00005c9c       0x2c c:/program files (x86)/gnu arm embedded toolchain/10 2021.10/bin/../lib/gcc/arm-none-eabi/10.3.1/../../../../arm-none-eabi/lib/thumb/v6-m/nofp\libg_nano.a(lib_a-stdio.o)
                0x00005c9c                __sseek
 .text.__sclose
                0x00005cc8        0xc c:/program files (x86)/gnu arm embedded toolchain/10 2021.10/bin/../lib/gcc/arm-none-eabi/10.3.1/../../../../arm-none-eabi/lib/thumb/v6-m/nofp\libg_nano.a(lib_a-stdio.o)
                0x00005cc8                __sclose
 .text._write_r
                0x00005cd4       0x28 c:/program files (x86)/gnu arm embedded toolchain/10 2021.10/bin/../lib/gcc/arm-none-eabi/10.3.1/../../../../arm-none-eabi/lib/thumb/v6-m/nofp\libg_nano.a(lib_a-writer.o)
                0x00005cd4                _write_r
 .text.abort    0x00005cfc        0xe c:/program files (x86)/gnu arm embedded toolchain/10 2021.10/bin/../lib/gcc/arm-none-eabi/10.3.1/../../../../arm-none-eabi/lib/thumb/v6-m/nofp\libg_nano.a(lib_a-abort.o)
                0x00005cfc                abort
 *fill*         0x00005d0a        0x2 
 .text._close_r
                0x00005d0c       0x24 c:/program files (x86)/gnu arm embedded toolchain/10 2021.10/bin/../lib/gcc/arm-none-eabi/10.3.1/../../../../arm-none-eabi/lib/thumb/v6-m/nofp\libg_nano.a(lib_a-closer.o)
                0x00005d0c                _close_r
 .text._fstat_r
                0x00005d30       0x24 c:/program files (x86)/gnu arm embedded toolchain/10 2021.10/bin/../lib/gcc/arm-none-eabi/10.3.1/../../../../arm-none-eabi/lib/thumb/v6-m/nofp\libg_nano.a(lib_a-fstatr.o)
                0x00005d30                _fstat_r
 .text._isatty_r
                0x00005d54       0x24 c:/program files (x86)/gnu arm embedded toolchain/10 2021.10/bin/../lib/gcc/arm-none-eabi/10.3.1/../../../../arm-none-eabi/lib/thumb/v6-m/nofp\libg_nano.a(lib_a-isattyr.o)
                0x00005d54                _isatty_r
 .text._lseek_r
                0x00005d78       0x28 c:/program files (x86)/gnu arm embedded toolchain/10 2021.10/bin/../lib/gcc/arm-none-eabi/10.3.1/../../../../arm-none-eabi/lib/thumb/v6-m/nofp\libg_nano.a(lib_a-lseekr.o)
                0x00005d78                _lseek_r
 .text.memchr   0x00005da0       0x16 c:/program files (x86)/gnu arm embedded toolchain/10 2021.10/bin/../lib/gcc/arm-none-eabi/10.3.1/../../../../arm-none-eabi/lib/thumb/v6-m/nofp\libg_nano.a(lib_a-memchr-stub.o)
                0x00005da0                memchr
 .text.memmove  0x00005db6       0x26 c:/program files (x86)/gnu arm embedded toolchain/10 2021.10/bin/../lib/gcc/arm-none-eabi/10.3.1/../../../../arm-none-eabi/lib/thumb/v6-m/nofp\libg_nano.a(lib_a-memmove.o)
                0x00005db6                memmove
 .text.__malloc_lock
                0x00005ddc       0x10 c:/program files (x86)/gnu arm embedded toolchain/10 2021.10/bin/../lib/gcc/arm-none-eabi/10.3.1/../../../../arm-none-eabi/lib/thumb/v6-m/nofp\libg_nano.a(lib_a-mlock.o)
                0x00005ddc                __malloc_lock
 .text.__malloc_unlock
                0x00005dec       0x10 c:/program files (x86)/gnu arm embedded toolchain/10 2021.10/bin/../lib/gcc/arm-none-eabi/10.3.1/../../../../arm-none-eabi/lib/thumb/v6-m/nofp\libg_nano.a(lib_a-mlock.o)
                0x00005dec                __malloc_unlock
 .text._realloc_r
                0x00005dfc       0x5e c:/program files (x86)/gnu arm embedded toolchain/10 2021.10/bin/../lib/gcc/arm-none-eabi/10.3.1/../../../../arm-none-eabi/lib/thumb/v6-m/nofp\libg_nano.a(lib_a-nano-reallocr.o)
                0x00005dfc                _realloc_r
 *fill*         0x00005e5a        0x2 
 .text._read_r  0x00005e5c       0x28 c:/program files (x86)/gnu arm embedded toolchain/10 2021.10/bin/../lib/gcc/arm-none-eabi/10.3.1/../../../../arm-none-eabi/lib/thumb/v6-m/nofp\libg_nano.a(lib_a-readr.o)
                0x00005e5c                _read_r
 .text._raise_r
                0x00005e84       0x54 c:/program files (x86)/gnu arm embedded toolchain/10 2021.10/bin/../lib/gcc/arm-none-eabi/10.3.1/../../../../arm-none-eabi/lib/thumb/v6-m/nofp\libg_nano.a(lib_a-signal.o)
                0x00005e84                _raise_r
 .text.raise    0x00005ed8       0x14 c:/program files (x86)/gnu arm embedded toolchain/10 2021.10/bin/../lib/gcc/arm-none-eabi/10.3.1/../../../../arm-none-eabi/lib/thumb/v6-m/nofp\libg_nano.a(lib_a-signal.o)
                0x00005ed8                raise
 .text._kill_r  0x00005eec       0x24 c:/program files (x86)/gnu arm embedded toolchain/10 2021.10/bin/../lib/gcc/arm-none-eabi/10.3.1/../../../../arm-none-eabi/lib/thumb/v6-m/nofp\libg_nano.a(lib_a-signalr.o)
                0x00005eec                _kill_r
 .text._getpid_r
                0x00005f10        0x8 c:/program files (x86)/gnu arm embedded toolchain/10 2021.10/bin/../lib/gcc/arm-none-eabi/10.3.1/../../../../arm-none-eabi/lib/thumb/v6-m/nofp\libg_nano.a(lib_a-signalr.o)
                0x00005f10                _getpid_r
 .text._malloc_usable_size_r
                0x00005f18       0x10 c:/program files (x86)/gnu arm embedded toolchain/10 2021.10/bin/../lib/gcc/arm-none-eabi/10.3.1/../../../../arm-none-eabi/lib/thumb/v6-m/nofp\libg_nano.a(lib_a-nano-msizer.o)
                0x00005f18                _malloc_usable_size_r
 .text          0x00005f28       0x14 c:/program files (x86)/gnu arm embedded toolchain/10 2021.10/bin/../lib/gcc/arm-none-eabi/10.3.1/thumb/v6-m/nofp\libgcc.a(_thumb1_case_shi.o)
                0x00005f28                __gnu_thumb1_case_shi
 .text._close   0x00005f3c       0x10 c:/program files (x86)/gnu arm embedded toolchain/10 2021.10/bin/../lib/gcc/arm-none-eabi/10.3.1/../../../../arm-none-eabi/lib/thumb/v6-m/nofp\libnosys.a(close.o)
                0x00005f3c                _close
 .text._fstat   0x00005f4c       0x10 c:/program files (x86)/gnu arm embedded toolchain/10 2021.10/bin/../lib/gcc/arm-none-eabi/10.3.1/../../../../arm-none-eabi/lib/thumb/v6-m/nofp\libnosys.a(fstat.o)
                0x00005f4c                _fstat
 .text._getpid  0x00005f5c       0x10 c:/program files (x86)/gnu arm embedded toolchain/10 2021.10/bin/../lib/gcc/arm-none-eabi/10.3.1/../../../../arm-none-eabi/lib/thumb/v6-m/nofp\libnosys.a(getpid.o)
                0x00005f5c                _getpid
 .text._isatty  0x00005f6c       0x10 c:/program files (x86)/gnu arm embedded toolchain/10 2021.10/bin/../lib/gcc/arm-none-eabi/10.3.1/../../../../arm-none-eabi/lib/thumb/v6-m/nofp\libnosys.a(isatty.o)
                0x00005f6c                _isatty
 .text._kill    0x00005f7c       0x10 c:/program files (x86)/gnu arm embedded toolchain/10 2021.10/bin/../lib/gcc/arm-none-eabi/10.3.1/../../../../arm-none-eabi/lib/thumb/v6-m/nofp\libnosys.a(kill.o)
                0x00005f7c                _kill
 .text._lseek   0x00005f8c       0x10 c:/program files (x86)/gnu arm embedded toolchain/10 2021.10/bin/../lib/gcc/arm-none-eabi/10.3.1/../../../../arm-none-eabi/lib/thumb/v6-m/nofp\libnosys.a(lseek.o)
                0x00005f8c                _lseek
 .text._read    0x00005f9c       0x10 c:/program files (x86)/gnu arm embedded toolchain/10 2021.10/bin/../lib/gcc/arm-none-eabi/10.3.1/../../../../arm-none-eabi/lib/thumb/v6-m/nofp\libnosys.a(read.o)
                0x00005f9c                _read
 .text._sbrk    0x00005fac       0x1c c:/program files (x86)/gnu arm embedded toolchain/10 2021.10/bin/../lib/gcc/arm-none-eabi/10.3.1/../../../../arm-none-eabi/lib/thumb/v6-m/nofp\libnosys.a(sbrk.o)
                0x00005fac                _sbrk
 .text._exit    0x00005fc8        0x4 c:/program files (x86)/gnu arm embedded toolchain/10 2021.10/bin/../lib/gcc/arm-none-eabi/10.3.1/../../../../arm-none-eabi/lib/thumb/v6-m/nofp\libnosys.a(_exit.o)
                0x00005fc8                _exit
 *(.init)
 .init          0x00005fcc        0x4 c:/program files (x86)/gnu arm embedded toolchain/10 2021.10/bin/../lib/gcc/arm-none-eabi/10.3.1/thumb/v6-m/nofp/crti.o
                0x00005fcc                _init
 .init          0x00005fd0        0x8 c:/program files (x86)/gnu arm embedded toolchain/10 2021.10/bin/../lib/gcc/arm-none-eabi/10.3.1/thumb/v6-m/nofp/crtn.o
 *(.fini)
 .fini          0x00005fd8        0x4 c:/program files (x86)/gnu arm embedded toolchain/10 2021.10/bin/../lib/gcc/arm-none-eabi/10.3.1/thumb/v6-m/nofp/crti.o
                0x00005fd8                _fini
 .fini          0x00005fdc        0x8 c:/program files (x86)/gnu arm embedded toolchain/10 2021.10/bin/../lib/gcc/arm-none-eabi/10.3.1/thumb/v6-m/nofp/crtn.o
 *crtbegin.o(.ctors)
 *crtbegin?.o(.ctors)
 *(EXCLUDE_FILE(*crtend.o *crtend?.o) .ctors)
 *(SORT_BY_NAME(.ctors.*))
 *(.ctors)
 *crtbegin.o(.dtors)
 *crtbegin?.o(.dtors)
 *(EXCLUDE_FILE(*crtend.o *crtend?.o) .dtors)
 *(SORT_BY_NAME(.dtors.*))
 *(.dtors)
 *(.rodata*)
 .rodata._global_impure_ptr
                0x00005fe4        0x4 c:/program files (x86)/gnu arm embedded toolchain/10 2021.10/bin/../lib/gcc/arm-none-eabi/10.3.1/../../../../arm-none-eabi/lib/thumb/v6-m/nofp\libc_nano.a(lib_a-impure.o)
                0x00005fe4                _global_impure_ptr
 .rodata        0x00005fe8     0x10be CMakeFiles/httpServer.dir/main.c.obj
 *fill*         0x000070a6        0x2 
 .rodata        0x000070a8      0x111 CMakeFiles/httpServer.dir/__/__/__/__/ioLibrary/Application/loopback/loopback.c.obj
 *fill*         0x000071b9        0x3 
 .rodata.ctlnetwork
                0x000071bc       0x18 CMakeFiles/httpServer.dir/__/__/__/__/ioLibrary/Ethernet/wizchip_conf.c.obj
 .rodata        0x000071d4       0x35 CMakeFiles/httpServer.dir/__/__/__/__/ioLibrary/MDIO/W7500x_miim.c.obj
 *fill*         0x00007209        0x3 
 .rodata.ERROR_HTML_PAGE
                0x0000720c       0x99 CMakeFiles/httpServer.dir/__/__/__/__/ioLibrary/Internet/httpServer/httpServer.c.obj
 *fill*         0x000072a5        0x3 
 .rodata.ERROR_REQUEST_PAGE
                0x000072a8       0x76 CMakeFiles/httpServer.dir/__/__/__/__/ioLibrary/Internet/httpServer/httpServer.c.obj
 *fill*         0x0000731e        0x2 
 .rodata        0x00007320      0x7cd CMakeFiles/httpServer.dir/__/__/__/__/ioLibrary/Internet/httpServer/httpServer.c.obj
 *fill*         0x00007aed        0x3 
 .rodata.httpServer_run
                0x00007af0       0x74 CMakeFiles/httpServer.dir/__/__/__/__/ioLibrary/Internet/httpServer/httpServer.c.obj
 .rodata        0x00007b64      0x5fa CMakeFiles/httpServer.dir/__/__/__/__/ioLibrary/Internet/httpServer/httpParser.c.obj
 *fill*         0x0000815e        0x2 
 .rodata        0x00008160      0x118 CMakeFiles/httpServer.dir/__/__/__/__/ioLibrary/Internet/httpServer/httpUtil.c.obj
 .rodata.strtok.str1.1
                0x00008278       0x97 c:/program files (x86)/gnu arm embedded toolchain/10 2021.10/bin/../lib/gcc/arm-none-eabi/10.3.1/../../../../arm-none-eabi/lib/thumb/v6-m/nofp\libg_nano.a(lib_a-strtok.o)
 .rodata.__assert_func.str1.1
                0x0000830f       0x3c c:/program files (x86)/gnu arm embedded toolchain/10 2021.10/bin/../lib/gcc/arm-none-eabi/10.3.1/../../../../arm-none-eabi/lib/thumb/v6-m/nofp\libg_nano.a(lib_a-assert.o)
                                 0x3d (size before relaxing)
 *fill*         0x0000834b        0x1 
 .rodata.__sf_fake_stderr
                0x0000834c       0x20 c:/program files (x86)/gnu arm embedded toolchain/10 2021.10/bin/../lib/gcc/arm-none-eabi/10.3.1/../../../../arm-none-eabi/lib/thumb/v6-m/nofp\libg_nano.a(lib_a-findfp.o)
                0x0000834c                __sf_fake_stderr
 .rodata.__sf_fake_stdin
                0x0000836c       0x20 c:/program files (x86)/gnu arm embedded toolchain/10 2021.10/bin/../lib/gcc/arm-none-eabi/10.3.1/../../../../arm-none-eabi/lib/thumb/v6-m/nofp\libg_nano.a(lib_a-findfp.o)
                0x0000836c                __sf_fake_stdin
 .rodata.__sf_fake_stdout
                0x0000838c       0x20 c:/program files (x86)/gnu arm embedded toolchain/10 2021.10/bin/../lib/gcc/arm-none-eabi/10.3.1/../../../../arm-none-eabi/lib/thumb/v6-m/nofp\libg_nano.a(lib_a-findfp.o)
                0x0000838c                __sf_fake_stdout
 .rodata._svfprintf_r.str1.1
                0x000083ac       0x11 c:/program files (x86)/gnu arm embedded toolchain/10 2021.10/bin/../lib/gcc/arm-none-eabi/10.3.1/../../../../arm-none-eabi/lib/thumb/v6-m/nofp\libg_nano.a(lib_a-nano-svfprintf.o)
 .rodata._vfprintf_r.str1.1
                0x000083bd       0x11 c:/program files (x86)/gnu arm embedded toolchain/10 2021.10/bin/../lib/gcc/arm-none-eabi/10.3.1/../../../../arm-none-eabi/lib/thumb/v6-m/nofp\libg_nano.a(lib_a-nano-vfprintf.o)
 .rodata._printf_i.str1.1
                0x000083bd       0x22 c:/program files (x86)/gnu arm embedded toolchain/10 2021.10/bin/../lib/gcc/arm-none-eabi/10.3.1/../../../../arm-none-eabi/lib/thumb/v6-m/nofp\libg_nano.a(lib_a-nano-vfprintf_i.o)
 *(.eh_frame*)
 *fill*         0x000083df        0x1 
 .eh_frame      0x000083e0        0x0 c:/program files (x86)/gnu arm embedded toolchain/10 2021.10/bin/../lib/gcc/arm-none-eabi/10.3.1/thumb/v6-m/nofp/crtbegin.o
 .eh_frame      0x000083e0        0x4 c:/program files (x86)/gnu arm embedded toolchain/10 2021.10/bin/../lib/gcc/arm-none-eabi/10.3.1/thumb/v6-m/nofp/crtend.o

.glue_7         0x000083e4        0x0
 .glue_7        0x000083e4        0x0 linker stubs

.glue_7t        0x000083e4        0x0
 .glue_7t       0x000083e4        0x0 linker stubs

.vfp11_veneer   0x000083e4        0x0
 .vfp11_veneer  0x000083e4        0x0 linker stubs

.v4_bx          0x000083e4        0x0
 .v4_bx         0x000083e4        0x0 linker stubs

.iplt           0x000083e4        0x0
 .iplt          0x000083e4        0x0 c:/program files (x86)/gnu arm embedded toolchain/10 2021.10/bin/../lib/gcc/arm-none-eabi/10.3.1/thumb/v6-m/nofp/crtbegin.o

.rel.dyn        0x000083e4        0x0
 .rel.iplt      0x000083e4        0x0 c:/program files (x86)/gnu arm embedded toolchain/10 2021.10/bin/../lib/gcc/arm-none-eabi/10.3.1/thumb/v6-m/nofp/crtbegin.o

.ARM.extab
 *(.ARM.extab* .gnu.linkonce.armextab.*)
                0x000083e4                __exidx_start = .

.ARM.exidx
 *(.ARM.exidx* .gnu.linkonce.armexidx.*)
                0x000083e4                __exidx_end = .
                0x000083e4                __etext = .

.data           0x20000000       0x7c load address 0x000083e4
                0x20000000                __data_start__ = .
 *(vtable)
 *(.data*)
 .data._impure_ptr
                0x20000000        0x4 c:/program files (x86)/gnu arm embedded toolchain/10 2021.10/bin/../lib/gcc/arm-none-eabi/10.3.1/../../../../arm-none-eabi/lib/thumb/v6-m/nofp\libc_nano.a(lib_a-impure.o)
                0x20000000                _impure_ptr
 .data.impure_data
                0x20000004       0x60 c:/program files (x86)/gnu arm embedded toolchain/10 2021.10/bin/../lib/gcc/arm-none-eabi/10.3.1/../../../../arm-none-eabi/lib/thumb/v6-m/nofp\libc_nano.a(lib_a-impure.o)
 .data.socknumlist
                0x20000064        0x6 CMakeFiles/httpServer.dir/main.c.obj
                0x20000064                socknumlist
 .data.sock_any_port
                0x2000006a        0x2 CMakeFiles/httpServer.dir/__/__/__/__/ioLibrary/Ethernet/socket.c.obj
 .data.HTTPServer_ReStart
                0x2000006c        0x4 CMakeFiles/httpServer.dir/__/__/__/__/ioLibrary/Internet/httpServer/httpServer.c.obj
                0x2000006c                HTTPServer_ReStart
 .data.HTTPServer_WDT_Reset
                0x20000070        0x4 CMakeFiles/httpServer.dir/__/__/__/__/ioLibrary/Internet/httpServer/httpServer.c.obj
                0x20000070                HTTPServer_WDT_Reset
                0x20000074                . = ALIGN (0x4)
                0x20000074                PROVIDE (__preinit_array_start = .)
 *(.preinit_array)
                0x20000074                PROVIDE (__preinit_array_end = .)
                0x20000074                . = ALIGN (0x4)
                0x20000074                PROVIDE (__init_array_start = .)
 *(SORT_BY_NAME(.init_array.*))
 *(.init_array)
 .init_array    0x20000074        0x4 c:/program files (x86)/gnu arm embedded toolchain/10 2021.10/bin/../lib/gcc/arm-none-eabi/10.3.1/thumb/v6-m/nofp/crtbegin.o
                0x20000078                PROVIDE (__init_array_end = .)
                0x20000078                . = ALIGN (0x4)
                [!provide]                PROVIDE (__fini_array_start = .)
 *(SORT_BY_NAME(.fini_array.*))
 *(.fini_array)
 .fini_array    0x20000078        0x4 c:/program files (x86)/gnu arm embedded toolchain/10 2021.10/bin/../lib/gcc/arm-none-eabi/10.3.1/thumb/v6-m/nofp/crtbegin.o
                [!provide]                PROVIDE (__fini_array_end = .)
 *(.jcr*)
                0x2000007c                . = ALIGN (0x4)
                0x2000007c                __data_end__ = .

.igot.plt       0x2000007c        0x0 load address 0x00008460
 .igot.plt      0x2000007c        0x0 c:/program files (x86)/gnu arm embedded toolchain/10 2021.10/bin/../lib/gcc/arm-none-eabi/10.3.1/thumb/v6-m/nofp/crtbegin.o

.bss            0x2000007c     0x1858 load address 0x00008460
                0x2000007c                . = ALIGN (0x4)
                0x2000007c                __bss_start__ = .
 *(.bss*)
 .bss           0x2000007c       0x1c c:/program files (x86)/gnu arm embedded toolchain/10 2021.10/bin/../lib/gcc/arm-none-eabi/10.3.1/thumb/v6-m/nofp/crtbegin.o
 .bss.TimingDelay
                0x20000098        0x4 CMakeFiles/httpServer.dir/main.c.obj
 .bss.RX_BUF    0x2000009c      0x800 CMakeFiles/httpServer.dir/main.c.obj
                0x2000009c                RX_BUF
 .bss.TX_BUF    0x2000089c      0x800 CMakeFiles/httpServer.dir/main.c.obj
                0x2000089c                TX_BUF
 .bss.systick   0x2000109c        0x4 CMakeFiles/httpServer.dir/W7500x_it.c.obj
                0x2000109c                systick
 .bss.SystemFrequency
                0x200010a0        0x4 CMakeFiles/httpServer.dir/__/__/__/__/Libraries/CMSIS/Device/WIZnet/W7500/Source/system_W7500x.c.obj
                0x200010a0                SystemFrequency
 .bss.sock_io_mode
                0x200010a4        0x2 CMakeFiles/httpServer.dir/__/__/__/__/ioLibrary/Ethernet/socket.c.obj
 .bss.sock_is_sending
                0x200010a6        0x2 CMakeFiles/httpServer.dir/__/__/__/__/ioLibrary/Ethernet/socket.c.obj
 .bss.sock_remained_size
                0x200010a8       0x10 CMakeFiles/httpServer.dir/__/__/__/__/ioLibrary/Ethernet/socket.c.obj
 .bss.sock_pack_info
                0x200010b8        0x8 CMakeFiles/httpServer.dir/__/__/__/__/ioLibrary/Ethernet/socket.c.obj
 .bss._DNS_     0x200010c0        0x4 CMakeFiles/httpServer.dir/__/__/__/__/ioLibrary/Ethernet/wizchip_conf.c.obj
 .bss._DHCP_    0x200010c4        0x1 CMakeFiles/httpServer.dir/__/__/__/__/ioLibrary/Ethernet/wizchip_conf.c.obj
 *fill*         0x200010c5        0x3 
 .bss.PHY_ADDR  0x200010c8        0x4 CMakeFiles/httpServer.dir/__/__/__/__/ioLibrary/MDIO/W7500x_miim.c.obj
                0x200010c8                PHY_ADDR
 .bss.HTTPSock_Num
                0x200010cc        0x8 CMakeFiles/httpServer.dir/__/__/__/__/ioLibrary/Internet/httpServer/httpServer.c.obj
 .bss.http_request
                0x200010d4        0x4 CMakeFiles/httpServer.dir/__/__/__/__/ioLibrary/Internet/httpServer/httpServer.c.obj
 .bss.parsed_http_request
                0x200010d8        0x4 CMakeFiles/httpServer.dir/__/__/__/__/ioLibrary/Internet/httpServer/httpServer.c.obj
 .bss.http_response
                0x200010dc        0x4 CMakeFiles/httpServer.dir/__/__/__/__/ioLibrary/Internet/httpServer/httpServer.c.obj
 .bss.total_content_cnt
                0x200010e0        0x2 CMakeFiles/httpServer.dir/__/__/__/__/ioLibrary/Internet/httpServer/httpServer.c.obj
 *fill*         0x200010e2        0x2 
 .bss.pHTTP_TX  0x200010e4        0x4 CMakeFiles/httpServer.dir/__/__/__/__/ioLibrary/Internet/httpServer/httpServer.c.obj
                0x200010e4                pHTTP_TX
 .bss.pHTTP_RX  0x200010e8        0x4 CMakeFiles/httpServer.dir/__/__/__/__/ioLibrary/Internet/httpServer/httpServer.c.obj
                0x200010e8                pHTTP_RX
 .bss.httpServer_tick_1s
                0x200010ec        0x4 CMakeFiles/httpServer.dir/__/__/__/__/ioLibrary/Internet/httpServer/httpServer.c.obj
                0x200010ec                httpServer_tick_1s
 .bss.HTTPSock_Status
                0x200010f0      0x4a0 CMakeFiles/httpServer.dir/__/__/__/__/ioLibrary/Internet/httpServer/httpServer.c.obj
                0x200010f0                HTTPSock_Status
 .bss.web_content
                0x20001590      0x230 CMakeFiles/httpServer.dir/__/__/__/__/ioLibrary/Internet/httpServer/httpServer.c.obj
                0x20001590                web_content
 .bss.BUFPUB    0x200017c0      0x100 CMakeFiles/httpServer.dir/__/__/__/__/ioLibrary/Internet/httpServer/httpParser.c.obj
                0x200017c0                BUFPUB
 .bss.__lock___malloc_recursive_mutex
                0x200018c0        0x1 c:/program files (x86)/gnu arm embedded toolchain/10 2021.10/bin/../lib/gcc/arm-none-eabi/10.3.1/../../../../arm-none-eabi/lib/thumb/v6-m/nofp\libg_nano.a(lib_a-lock.o)
                0x200018c0                __lock___malloc_recursive_mutex
 .bss.__lock___sfp_recursive_mutex
                0x200018c1        0x1 c:/program files (x86)/gnu arm embedded toolchain/10 2021.10/bin/../lib/gcc/arm-none-eabi/10.3.1/../../../../arm-none-eabi/lib/thumb/v6-m/nofp\libg_nano.a(lib_a-lock.o)
                0x200018c1                __lock___sfp_recursive_mutex
 .bss.__lock___sinit_recursive_mutex
                0x200018c2        0x1 c:/program files (x86)/gnu arm embedded toolchain/10 2021.10/bin/../lib/gcc/arm-none-eabi/10.3.1/../../../../arm-none-eabi/lib/thumb/v6-m/nofp\libg_nano.a(lib_a-lock.o)
                0x200018c2                __lock___sinit_recursive_mutex
 *fill*         0x200018c3        0x1 
 .bss.__malloc_free_list
                0x200018c4        0x4 c:/program files (x86)/gnu arm embedded toolchain/10 2021.10/bin/../lib/gcc/arm-none-eabi/10.3.1/../../../../arm-none-eabi/lib/thumb/v6-m/nofp\libg_nano.a(lib_a-nano-mallocr.o)
                0x200018c4                __malloc_free_list
 .bss.__malloc_sbrk_start
                0x200018c8        0x4 c:/program files (x86)/gnu arm embedded toolchain/10 2021.10/bin/../lib/gcc/arm-none-eabi/10.3.1/../../../../arm-none-eabi/lib/thumb/v6-m/nofp\libg_nano.a(lib_a-nano-mallocr.o)
                0x200018c8                __malloc_sbrk_start
 .bss.errno     0x200018cc        0x4 c:/program files (x86)/gnu arm embedded toolchain/10 2021.10/bin/../lib/gcc/arm-none-eabi/10.3.1/../../../../arm-none-eabi/lib/thumb/v6-m/nofp\libg_nano.a(lib_a-reent.o)
                0x200018cc                errno
 .bss.heap_end.0
                0x200018d0        0x4 c:/program files (x86)/gnu arm embedded toolchain/10 2021.10/bin/../lib/gcc/arm-none-eabi/10.3.1/../../../../arm-none-eabi/lib/thumb/v6-m/nofp\libnosys.a(sbrk.o)
 *(COMMON)
                0x200018d4                . = ALIGN (0x4)
                0x200018d4                __bss_end__ = .

.heap           0x200018d8        0x0
                0x200018d8                __end__ = .
                0x200018d8                end = __end__
 *(.heap*)
 .heap          0x200018d8        0x0 CMakeFiles/httpServer.dir/__/__/__/__/Libraries/Startup/startup_W7500.s.obj
                0x200018d8                __HeapLimit = .

.stack_dummy    0x200018d8      0x200
 *(.stack*)
 .stack         0x200018d8      0x200 CMakeFiles/httpServer.dir/__/__/__/__/Libraries/Startup/startup_W7500.s.obj
                0x20003fc0                __StackTop = (ORIGIN (RAM) + LENGTH (RAM))
                0x20003dc0                __StackLimit = (__StackTop - SIZEOF (.stack_dummy))
                0x20003fc0                PROVIDE (__stack = __StackTop)
                0x00000001                ASSERT ((__StackLimit >= __HeapLimit), region RAM overflowed with stack)
OUTPUT(httpServer elf32-littlearm)
LOAD linker stubs

.ARM.attributes
                0x00000000       0x28
 .ARM.attributes
                0x00000000       0x1e c:/program files (x86)/gnu arm embedded toolchain/10 2021.10/bin/../lib/gcc/arm-none-eabi/10.3.1/thumb/v6-m/nofp/crti.o
 .ARM.attributes
                0x0000001e       0x2c c:/program files (x86)/gnu arm embedded toolchain/10 2021.10/bin/../lib/gcc/arm-none-eabi/10.3.1/thumb/v6-m/nofp/crtbegin.o
 .ARM.attributes
                0x0000004a       0x2c c:/program files (x86)/gnu arm embedded toolchain/10 2021.10/bin/../lib/gcc/arm-none-eabi/10.3.1/../../../../arm-none-eabi/lib/thumb/v6-m/nofp\libc_nano.a(lib_a-impure.o)
 .ARM.attributes
                0x00000076       0x2c c:/program files (x86)/gnu arm embedded toolchain/10 2021.10/bin/../lib/gcc/arm-none-eabi/10.3.1/../../../../arm-none-eabi/lib/thumb/v6-m/nofp\libc_nano.a(lib_a-memset.o)
 .ARM.attributes
                0x000000a2       0x2c CMakeFiles/httpServer.dir/main.c.obj
 .ARM.attributes
                0x000000ce       0x2c CMakeFiles/httpServer.dir/W7500x_it.c.obj
 .ARM.attributes
                0x000000fa       0x2c CMakeFiles/httpServer.dir/retarget.c.obj
 .ARM.attributes
                0x00000126       0x1b CMakeFiles/httpServer.dir/__/__/__/__/Libraries/Startup/startup_W7500.s.obj
 .ARM.attributes
                0x00000141       0x2c CMakeFiles/httpServer.dir/__/__/__/__/Libraries/W7500x_stdPeriph_Driver/src/W7500x_wztoe.c.obj
 .ARM.attributes
                0x0000016d       0x2c CMakeFiles/httpServer.dir/__/__/__/__/Libraries/CMSIS/Device/WIZnet/W7500/Source/system_W7500x.c.obj
 .ARM.attributes
                0x00000199       0x2c CMakeFiles/httpServer.dir/__/__/__/__/Libraries/W7500x_stdPeriph_Driver/src/W7500x_uart.c.obj
 .ARM.attributes
                0x000001c5       0x2c CMakeFiles/httpServer.dir/__/__/__/__/Libraries/W7500x_stdPeriph_Driver/src/W7500x_gpio.c.obj
 .ARM.attributes
                0x000001f1       0x2c CMakeFiles/httpServer.dir/__/__/__/__/ioLibrary/Application/loopback/loopback.c.obj
 .ARM.attributes
                0x0000021d       0x2c CMakeFiles/httpServer.dir/__/__/__/__/ioLibrary/Ethernet/socket.c.obj
 .ARM.attributes
                0x00000249       0x2c CMakeFiles/httpServer.dir/__/__/__/__/ioLibrary/Ethernet/wizchip_conf.c.obj
 .ARM.attributes
                0x00000275       0x2c CMakeFiles/httpServer.dir/__/__/__/__/ioLibrary/MDIO/W7500x_miim.c.obj
 .ARM.attributes
                0x000002a1       0x2c CMakeFiles/httpServer.dir/__/__/__/__/ioLibrary/Internet/httpServer/httpServer.c.obj
 .ARM.attributes
                0x000002cd       0x2c CMakeFiles/httpServer.dir/__/__/__/__/ioLibrary/Internet/httpServer/httpParser.c.obj
 .ARM.attributes
                0x000002f9       0x2c CMakeFiles/httpServer.dir/__/__/__/__/ioLibrary/Internet/httpServer/httpUtil.c.obj
 .ARM.attributes
                0x00000325       0x1e c:/program files (x86)/gnu arm embedded toolchain/10 2021.10/bin/../lib/gcc/arm-none-eabi/10.3.1/thumb/v6-m/nofp\libgcc.a(_udivsi3.o)
 .ARM.attributes
                0x00000343       0x1e c:/program files (x86)/gnu arm embedded toolchain/10 2021.10/bin/../lib/gcc/arm-none-eabi/10.3.1/thumb/v6-m/nofp\libgcc.a(_dvmd_tls.o)
 .ARM.attributes
                0x00000361       0x2c c:/program files (x86)/gnu arm embedded toolchain/10 2021.10/bin/../lib/gcc/arm-none-eabi/10.3.1/../../../../arm-none-eabi/lib/thumb/v6-m/nofp\libg_nano.a(lib_a-memcpy-stub.o)
 .ARM.attributes
                0x0000038d       0x2c c:/program files (x86)/gnu arm embedded toolchain/10 2021.10/bin/../lib/gcc/arm-none-eabi/10.3.1/../../../../arm-none-eabi/lib/thumb/v6-m/nofp\libg_nano.a(lib_a-printf.o)
 .ARM.attributes
                0x000003b9       0x2c c:/program files (x86)/gnu arm embedded toolchain/10 2021.10/bin/../lib/gcc/arm-none-eabi/10.3.1/../../../../arm-none-eabi/lib/thumb/v6-m/nofp\libg_nano.a(lib_a-putchar.o)
 .ARM.attributes
                0x000003e5       0x2c c:/program files (x86)/gnu arm embedded toolchain/10 2021.10/bin/../lib/gcc/arm-none-eabi/10.3.1/../../../../arm-none-eabi/lib/thumb/v6-m/nofp\libg_nano.a(lib_a-puts.o)
 .ARM.attributes
                0x00000411       0x2c c:/program files (x86)/gnu arm embedded toolchain/10 2021.10/bin/../lib/gcc/arm-none-eabi/10.3.1/../../../../arm-none-eabi/lib/thumb/v6-m/nofp\libg_nano.a(lib_a-sprintf.o)
 .ARM.attributes
                0x0000043d       0x2c c:/program files (x86)/gnu arm embedded toolchain/10 2021.10/bin/../lib/gcc/arm-none-eabi/10.3.1/../../../../arm-none-eabi/lib/thumb/v6-m/nofp\libg_nano.a(lib_a-strcat.o)
 .ARM.attributes
                0x00000469       0x2c c:/program files (x86)/gnu arm embedded toolchain/10 2021.10/bin/../lib/gcc/arm-none-eabi/10.3.1/../../../../arm-none-eabi/lib/thumb/v6-m/nofp\libg_nano.a(lib_a-strchr.o)
 .ARM.attributes
                0x00000495       0x1c c:/program files (x86)/gnu arm embedded toolchain/10 2021.10/bin/../lib/gcc/arm-none-eabi/10.3.1/../../../../arm-none-eabi/lib/thumb/v6-m/nofp\libg_nano.a(lib_a-strcmp.o)
 .ARM.attributes
                0x000004b1       0x2c c:/program files (x86)/gnu arm embedded toolchain/10 2021.10/bin/../lib/gcc/arm-none-eabi/10.3.1/../../../../arm-none-eabi/lib/thumb/v6-m/nofp\libg_nano.a(lib_a-strcpy.o)
 .ARM.attributes
                0x000004dd       0x1c c:/program files (x86)/gnu arm embedded toolchain/10 2021.10/bin/../lib/gcc/arm-none-eabi/10.3.1/../../../../arm-none-eabi/lib/thumb/v6-m/nofp\libg_nano.a(lib_a-strlen.o)
 .ARM.attributes
                0x000004f9       0x2c c:/program files (x86)/gnu arm embedded toolchain/10 2021.10/bin/../lib/gcc/arm-none-eabi/10.3.1/../../../../arm-none-eabi/lib/thumb/v6-m/nofp\libg_nano.a(lib_a-strncpy.o)
 .ARM.attributes
                0x00000525       0x2c c:/program files (x86)/gnu arm embedded toolchain/10 2021.10/bin/../lib/gcc/arm-none-eabi/10.3.1/../../../../arm-none-eabi/lib/thumb/v6-m/nofp\libg_nano.a(lib_a-strstr.o)
 .ARM.attributes
                0x00000551       0x2c c:/program files (x86)/gnu arm embedded toolchain/10 2021.10/bin/../lib/gcc/arm-none-eabi/10.3.1/../../../../arm-none-eabi/lib/thumb/v6-m/nofp\libg_nano.a(lib_a-strtok.o)
 .ARM.attributes
                0x0000057d       0x2c c:/program files (x86)/gnu arm embedded toolchain/10 2021.10/bin/../lib/gcc/arm-none-eabi/10.3.1/../../../../arm-none-eabi/lib/thumb/v6-m/nofp\libg_nano.a(lib_a-strtok_r.o)
 .ARM.attributes
                0x000005a9       0x2c c:/program files (x86)/gnu arm embedded toolchain/10 2021.10/bin/../lib/gcc/arm-none-eabi/10.3.1/../../../../arm-none-eabi/lib/thumb/v6-m/nofp\libg_nano.a(lib_a-wbuf.o)
 .ARM.attributes
                0x000005d5       0x2c c:/program files (x86)/gnu arm embedded toolchain/10 2021.10/bin/../lib/gcc/arm-none-eabi/10.3.1/../../../../arm-none-eabi/lib/thumb/v6-m/nofp\libg_nano.a(lib_a-wsetup.o)
 .ARM.attributes
                0x00000601       0x2c c:/program files (x86)/gnu arm embedded toolchain/10 2021.10/bin/../lib/gcc/arm-none-eabi/10.3.1/../../../../arm-none-eabi/lib/thumb/v6-m/nofp\libg_nano.a(lib_a-assert.o)
 .ARM.attributes
                0x0000062d       0x2c c:/program files (x86)/gnu arm embedded toolchain/10 2021.10/bin/../lib/gcc/arm-none-eabi/10.3.1/../../../../arm-none-eabi/lib/thumb/v6-m/nofp\libg_nano.a(lib_a-fflush.o)
 .ARM.attributes
                0x00000659       0x2c c:/program files (x86)/gnu arm embedded toolchain/10 2021.10/bin/../lib/gcc/arm-none-eabi/10.3.1/../../../../arm-none-eabi/lib/thumb/v6-m/nofp\libg_nano.a(lib_a-findfp.o)
 .ARM.attributes
                0x00000685       0x2c c:/program files (x86)/gnu arm embedded toolchain/10 2021.10/bin/../lib/gcc/arm-none-eabi/10.3.1/../../../../arm-none-eabi/lib/thumb/v6-m/nofp\libg_nano.a(lib_a-fprintf.o)
 .ARM.attributes
                0x000006b1       0x2c c:/program files (x86)/gnu arm embedded toolchain/10 2021.10/bin/../lib/gcc/arm-none-eabi/10.3.1/../../../../arm-none-eabi/lib/thumb/v6-m/nofp\libg_nano.a(lib_a-fwalk.o)
 .ARM.attributes
                0x000006dd       0x2c c:/program files (x86)/gnu arm embedded toolchain/10 2021.10/bin/../lib/gcc/arm-none-eabi/10.3.1/../../../../arm-none-eabi/lib/thumb/v6-m/nofp\libg_nano.a(lib_a-lock.o)
 .ARM.attributes
                0x00000709       0x2c c:/program files (x86)/gnu arm embedded toolchain/10 2021.10/bin/../lib/gcc/arm-none-eabi/10.3.1/../../../../arm-none-eabi/lib/thumb/v6-m/nofp\libg_nano.a(lib_a-makebuf.o)
 .ARM.attributes
                0x00000735       0x2c c:/program files (x86)/gnu arm embedded toolchain/10 2021.10/bin/../lib/gcc/arm-none-eabi/10.3.1/../../../../arm-none-eabi/lib/thumb/v6-m/nofp\libg_nano.a(lib_a-malloc.o)
 .ARM.attributes
                0x00000761       0x2c c:/program files (x86)/gnu arm embedded toolchain/10 2021.10/bin/../lib/gcc/arm-none-eabi/10.3.1/../../../../arm-none-eabi/lib/thumb/v6-m/nofp\libg_nano.a(lib_a-nano-freer.o)
 .ARM.attributes
                0x0000078d       0x2c c:/program files (x86)/gnu arm embedded toolchain/10 2021.10/bin/../lib/gcc/arm-none-eabi/10.3.1/../../../../arm-none-eabi/lib/thumb/v6-m/nofp\libg_nano.a(lib_a-nano-mallocr.o)
 .ARM.attributes
                0x000007b9       0x2c c:/program files (x86)/gnu arm embedded toolchain/10 2021.10/bin/../lib/gcc/arm-none-eabi/10.3.1/../../../../arm-none-eabi/lib/thumb/v6-m/nofp\libg_nano.a(lib_a-nano-svfprintf.o)
 .ARM.attributes
                0x000007e5       0x2c c:/program files (x86)/gnu arm embedded toolchain/10 2021.10/bin/../lib/gcc/arm-none-eabi/10.3.1/../../../../arm-none-eabi/lib/thumb/v6-m/nofp\libg_nano.a(lib_a-nano-vfprintf.o)
 .ARM.attributes
                0x00000811       0x2c c:/program files (x86)/gnu arm embedded toolchain/10 2021.10/bin/../lib/gcc/arm-none-eabi/10.3.1/../../../../arm-none-eabi/lib/thumb/v6-m/nofp\libg_nano.a(lib_a-nano-vfprintf_i.o)
 .ARM.attributes
                0x0000083d       0x2c c:/program files (x86)/gnu arm embedded toolchain/10 2021.10/bin/../lib/gcc/arm-none-eabi/10.3.1/../../../../arm-none-eabi/lib/thumb/v6-m/nofp\libg_nano.a(lib_a-putc.o)
 .ARM.attributes
                0x00000869       0x2c c:/program files (x86)/gnu arm embedded toolchain/10 2021.10/bin/../lib/gcc/arm-none-eabi/10.3.1/../../../../arm-none-eabi/lib/thumb/v6-m/nofp\libg_nano.a(lib_a-sbrkr.o)
 .ARM.attributes
                0x00000895       0x2c c:/program files (x86)/gnu arm embedded toolchain/10 2021.10/bin/../lib/gcc/arm-none-eabi/10.3.1/../../../../arm-none-eabi/lib/thumb/v6-m/nofp\libg_nano.a(lib_a-stdio.o)
 .ARM.attributes
                0x000008c1       0x2c c:/program files (x86)/gnu arm embedded toolchain/10 2021.10/bin/../lib/gcc/arm-none-eabi/10.3.1/../../../../arm-none-eabi/lib/thumb/v6-m/nofp\libg_nano.a(lib_a-writer.o)
 .ARM.attributes
                0x000008ed       0x2c c:/program files (x86)/gnu arm embedded toolchain/10 2021.10/bin/../lib/gcc/arm-none-eabi/10.3.1/../../../../arm-none-eabi/lib/thumb/v6-m/nofp\libg_nano.a(lib_a-abort.o)
 .ARM.attributes
                0x00000919       0x2c c:/program files (x86)/gnu arm embedded toolchain/10 2021.10/bin/../lib/gcc/arm-none-eabi/10.3.1/../../../../arm-none-eabi/lib/thumb/v6-m/nofp\libg_nano.a(lib_a-closer.o)
 .ARM.attributes
                0x00000945       0x2c c:/program files (x86)/gnu arm embedded toolchain/10 2021.10/bin/../lib/gcc/arm-none-eabi/10.3.1/../../../../arm-none-eabi/lib/thumb/v6-m/nofp\libg_nano.a(lib_a-fstatr.o)
 .ARM.attributes
                0x00000971       0x2c c:/program files (x86)/gnu arm embedded toolchain/10 2021.10/bin/../lib/gcc/arm-none-eabi/10.3.1/../../../../arm-none-eabi/lib/thumb/v6-m/nofp\libg_nano.a(lib_a-isattyr.o)
 .ARM.attributes
                0x0000099d       0x2c c:/program files (x86)/gnu arm embedded toolchain/10 2021.10/bin/../lib/gcc/arm-none-eabi/10.3.1/../../../../arm-none-eabi/lib/thumb/v6-m/nofp\libg_nano.a(lib_a-lseekr.o)
 .ARM.attributes
                0x000009c9       0x2c c:/program files (x86)/gnu arm embedded toolchain/10 2021.10/bin/../lib/gcc/arm-none-eabi/10.3.1/../../../../arm-none-eabi/lib/thumb/v6-m/nofp\libg_nano.a(lib_a-memchr-stub.o)
 .ARM.attributes
                0x000009f5       0x2c c:/program files (x86)/gnu arm embedded toolchain/10 2021.10/bin/../lib/gcc/arm-none-eabi/10.3.1/../../../../arm-none-eabi/lib/thumb/v6-m/nofp\libg_nano.a(lib_a-memmove.o)
 .ARM.attributes
                0x00000a21       0x2c c:/program files (x86)/gnu arm embedded toolchain/10 2021.10/bin/../lib/gcc/arm-none-eabi/10.3.1/../../../../arm-none-eabi/lib/thumb/v6-m/nofp\libg_nano.a(lib_a-mlock.o)
 .ARM.attributes
                0x00000a4d       0x2c c:/program files (x86)/gnu arm embedded toolchain/10 2021.10/bin/../lib/gcc/arm-none-eabi/10.3.1/../../../../arm-none-eabi/lib/thumb/v6-m/nofp\libg_nano.a(lib_a-nano-reallocr.o)
 .ARM.attributes
                0x00000a79       0x2c c:/program files (x86)/gnu arm embedded toolchain/10 2021.10/bin/../lib/gcc/arm-none-eabi/10.3.1/../../../../arm-none-eabi/lib/thumb/v6-m/nofp\libg_nano.a(lib_a-readr.o)
 .ARM.attributes
                0x00000aa5       0x2c c:/program files (x86)/gnu arm embedded toolchain/10 2021.10/bin/../lib/gcc/arm-none-eabi/10.3.1/../../../../arm-none-eabi/lib/thumb/v6-m/nofp\libg_nano.a(lib_a-reent.o)
 .ARM.attributes
                0x00000ad1       0x2c c:/program files (x86)/gnu arm embedded toolchain/10 2021.10/bin/../lib/gcc/arm-none-eabi/10.3.1/../../../../arm-none-eabi/lib/thumb/v6-m/nofp\libg_nano.a(lib_a-signal.o)
 .ARM.attributes
                0x00000afd       0x2c c:/program files (x86)/gnu arm embedded toolchain/10 2021.10/bin/../lib/gcc/arm-none-eabi/10.3.1/../../../../arm-none-eabi/lib/thumb/v6-m/nofp\libg_nano.a(lib_a-signalr.o)
 .ARM.attributes
                0x00000b29       0x2c c:/program files (x86)/gnu arm embedded toolchain/10 2021.10/bin/../lib/gcc/arm-none-eabi/10.3.1/../../../../arm-none-eabi/lib/thumb/v6-m/nofp\libg_nano.a(lib_a-nano-msizer.o)
 .ARM.attributes
                0x00000b55       0x1e c:/program files (x86)/gnu arm embedded toolchain/10 2021.10/bin/../lib/gcc/arm-none-eabi/10.3.1/thumb/v6-m/nofp\libgcc.a(_thumb1_case_shi.o)
 .ARM.attributes
                0x00000b73       0x2c c:/program files (x86)/gnu arm embedded toolchain/10 2021.10/bin/../lib/gcc/arm-none-eabi/10.3.1/thumb/v6-m/nofp/crtend.o
 .ARM.attributes
                0x00000b9f       0x1e c:/program files (x86)/gnu arm embedded toolchain/10 2021.10/bin/../lib/gcc/arm-none-eabi/10.3.1/thumb/v6-m/nofp/crtn.o
 .ARM.attributes
                0x00000bbd       0x2c c:/program files (x86)/gnu arm embedded toolchain/10 2021.10/bin/../lib/gcc/arm-none-eabi/10.3.1/../../../../arm-none-eabi/lib/thumb/v6-m/nofp\libnosys.a(close.o)
 .ARM.attributes
                0x00000be9       0x2c c:/program files (x86)/gnu arm embedded toolchain/10 2021.10/bin/../lib/gcc/arm-none-eabi/10.3.1/../../../../arm-none-eabi/lib/thumb/v6-m/nofp\libnosys.a(fstat.o)
 .ARM.attributes
                0x00000c15       0x2c c:/program files (x86)/gnu arm embedded toolchain/10 2021.10/bin/../lib/gcc/arm-none-eabi/10.3.1/../../../../arm-none-eabi/lib/thumb/v6-m/nofp\libnosys.a(getpid.o)
 .ARM.attributes
                0x00000c41       0x2c c:/program files (x86)/gnu arm embedded toolchain/10 2021.10/bin/../lib/gcc/arm-none-eabi/10.3.1/../../../../arm-none-eabi/lib/thumb/v6-m/nofp\libnosys.a(isatty.o)
 .ARM.attributes
                0x00000c6d       0x2c c:/program files (x86)/gnu arm embedded toolchain/10 2021.10/bin/../lib/gcc/arm-none-eabi/10.3.1/../../../../arm-none-eabi/lib/thumb/v6-m/nofp\libnosys.a(kill.o)
 .ARM.attributes
                0x00000c99       0x2c c:/program files (x86)/gnu arm embedded toolchain/10 2021.10/bin/../lib/gcc/arm-none-eabi/10.3.1/../../../../arm-none-eabi/lib/thumb/v6-m/nofp\libnosys.a(lseek.o)
 .ARM.attributes
                0x00000cc5       0x2c c:/program files (x86)/gnu arm embedded toolchain/10 2021.10/bin/../lib/gcc/arm-none-eabi/10.3.1/../../../../arm-none-eabi/lib/thumb/v6-m/nofp\libnosys.a(read.o)
 .ARM.attributes
                0x00000cf1       0x2c c:/program files (x86)/gnu arm embedded toolchain/10 2021.10/bin/../lib/gcc/arm-none-eabi/10.3.1/../../../../arm-none-eabi/lib/thumb/v6-m/nofp\libnosys.a(sbrk.o)
 .ARM.attributes
                0x00000d1d       0x2c c:/program files (x86)/gnu arm embedded toolchain/10 2021.10/bin/../lib/gcc/arm-none-eabi/10.3.1/../../../../arm-none-eabi/lib/thumb/v6-m/nofp\libnosys.a(_exit.o)

.comment        0x00000000       0x49
 .comment       0x00000000       0x49 CMakeFiles/httpServer.dir/main.c.obj
                                 0x4a (size before relaxing)
 .comment       0x00000049       0x4a CMakeFiles/httpServer.dir/W7500x_it.c.obj
 .comment       0x00000049       0x4a CMakeFiles/httpServer.dir/retarget.c.obj
 .comment       0x00000049       0x4a CMakeFiles/httpServer.dir/__/__/__/__/Libraries/W7500x_stdPeriph_Driver/src/W7500x_wztoe.c.obj
 .comment       0x00000049       0x4a CMakeFiles/httpServer.dir/__/__/__/__/Libraries/CMSIS/Device/WIZnet/W7500/Source/system_W7500x.c.obj
 .comment       0x00000049       0x4a CMakeFiles/httpServer.dir/__/__/__/__/Libraries/W7500x_stdPeriph_Driver/src/W7500x_uart.c.obj
 .comment       0x00000049       0x4a CMakeFiles/httpServer.dir/__/__/__/__/Libraries/W7500x_stdPeriph_Driver/src/W7500x_gpio.c.obj
 .comment       0x00000049       0x4a CMakeFiles/httpServer.dir/__/__/__/__/ioLibrary/Application/loopback/loopback.c.obj
 .comment       0x00000049       0x4a CMakeFiles/httpServer.dir/__/__/__/__/ioLibrary/Ethernet/socket.c.obj
 .comment       0x00000049       0x4a CMakeFiles/httpServer.dir/__/__/__/__/ioLibrary/Ethernet/wizchip_conf.c.obj
 .comment       0x00000049       0x4a CMakeFiles/httpServer.dir/__/__/__/__/ioLibrary/MDIO/W7500x_miim.c.obj
 .comment       0x00000049       0x4a CMakeFiles/httpServer.dir/__/__/__/__/ioLibrary/Internet/httpServer/httpServer.c.obj
 .comment       0x00000049       0x4a CMakeFiles/httpServer.dir/__/__/__/__/ioLibrary/Internet/httpServer/httpParser.c.obj
 .comment       0x00000049       0x4a CMakeFiles/httpServer.dir/__/__/__/__/ioLibrary/Internet/httpServer/httpUtil.c.obj

.debug_frame    0x00000000     0x2794
 .debug_frame   0x00000000       0x20 c:/program files (x86)/gnu arm embedded toolchain/10 2021.10/bin/../lib/gcc/arm-none-eabi/10.3.1/../../../../arm-none-eabi/lib/thumb/v6-m/nofp\libc_nano.a(lib_a-memset.o)
 .debug_frame   0x00000020      0x10c CMakeFiles/httpServer.dir/main.c.obj
 .debug_frame   0x0000012c      0x358 CMakeFiles/httpServer.dir/W7500x_it.c.obj
 .debug_frame   0x00000484       0x30 CMakeFiles/httpServer.dir/retarget.c.obj
 .debug_frame   0x000004b4      0x110 CMakeFiles/httpServer.dir/__/__/__/__/Libraries/W7500x_stdPeriph_Driver/src/W7500x_wztoe.c.obj
 .debug_frame   0x000005c4       0x6c CMakeFiles/httpServer.dir/__/__/__/__/Libraries/CMSIS/Device/WIZnet/W7500/Source/system_W7500x.c.obj
 .debug_frame   0x00000630      0x404 CMakeFiles/httpServer.dir/__/__/__/__/Libraries/W7500x_stdPeriph_Driver/src/W7500x_uart.c.obj
 .debug_frame   0x00000a34      0x2d0 CMakeFiles/httpServer.dir/__/__/__/__/Libraries/W7500x_stdPeriph_Driver/src/W7500x_gpio.c.obj
 .debug_frame   0x00000d04       0x7c CMakeFiles/httpServer.dir/__/__/__/__/ioLibrary/Application/loopback/loopback.c.obj
 .debug_frame   0x00000d80      0x1a4 CMakeFiles/httpServer.dir/__/__/__/__/ioLibrary/Ethernet/socket.c.obj
 .debug_frame   0x00000f24      0x380 CMakeFiles/httpServer.dir/__/__/__/__/ioLibrary/Ethernet/wizchip_conf.c.obj
 .debug_frame   0x000012a4      0x16c CMakeFiles/httpServer.dir/__/__/__/__/ioLibrary/MDIO/W7500x_miim.c.obj
 .debug_frame   0x00001410      0x274 CMakeFiles/httpServer.dir/__/__/__/__/ioLibrary/Internet/httpServer/httpServer.c.obj
 .debug_frame   0x00001684      0x174 CMakeFiles/httpServer.dir/__/__/__/__/ioLibrary/Internet/httpServer/httpParser.c.obj
 .debug_frame   0x000017f8       0xe8 CMakeFiles/httpServer.dir/__/__/__/__/ioLibrary/Internet/httpServer/httpUtil.c.obj
 .debug_frame   0x000018e0       0x20 c:/program files (x86)/gnu arm embedded toolchain/10 2021.10/bin/../lib/gcc/arm-none-eabi/10.3.1/thumb/v6-m/nofp\libgcc.a(_udivsi3.o)
 .debug_frame   0x00001900       0x28 c:/program files (x86)/gnu arm embedded toolchain/10 2021.10/bin/../lib/gcc/arm-none-eabi/10.3.1/../../../../arm-none-eabi/lib/thumb/v6-m/nofp\libg_nano.a(lib_a-memcpy-stub.o)
 .debug_frame   0x00001928       0x50 c:/program files (x86)/gnu arm embedded toolchain/10 2021.10/bin/../lib/gcc/arm-none-eabi/10.3.1/../../../../arm-none-eabi/lib/thumb/v6-m/nofp\libg_nano.a(lib_a-printf.o)
 .debug_frame   0x00001978       0x48 c:/program files (x86)/gnu arm embedded toolchain/10 2021.10/bin/../lib/gcc/arm-none-eabi/10.3.1/../../../../arm-none-eabi/lib/thumb/v6-m/nofp\libg_nano.a(lib_a-putchar.o)
 .debug_frame   0x000019c0       0x44 c:/program files (x86)/gnu arm embedded toolchain/10 2021.10/bin/../lib/gcc/arm-none-eabi/10.3.1/../../../../arm-none-eabi/lib/thumb/v6-m/nofp\libg_nano.a(lib_a-puts.o)
 .debug_frame   0x00001a04       0x48 c:/program files (x86)/gnu arm embedded toolchain/10 2021.10/bin/../lib/gcc/arm-none-eabi/10.3.1/../../../../arm-none-eabi/lib/thumb/v6-m/nofp\libg_nano.a(lib_a-sprintf.o)
 .debug_frame   0x00001a4c       0x28 c:/program files (x86)/gnu arm embedded toolchain/10 2021.10/bin/../lib/gcc/arm-none-eabi/10.3.1/../../../../arm-none-eabi/lib/thumb/v6-m/nofp\libg_nano.a(lib_a-strcat.o)
 .debug_frame   0x00001a74       0x20 c:/program files (x86)/gnu arm embedded toolchain/10 2021.10/bin/../lib/gcc/arm-none-eabi/10.3.1/../../../../arm-none-eabi/lib/thumb/v6-m/nofp\libg_nano.a(lib_a-strchr.o)
 .debug_frame   0x00001a94       0x20 c:/program files (x86)/gnu arm embedded toolchain/10 2021.10/bin/../lib/gcc/arm-none-eabi/10.3.1/../../../../arm-none-eabi/lib/thumb/v6-m/nofp\libg_nano.a(lib_a-strcmp.o)
 .debug_frame   0x00001ab4       0x20 c:/program files (x86)/gnu arm embedded toolchain/10 2021.10/bin/../lib/gcc/arm-none-eabi/10.3.1/../../../../arm-none-eabi/lib/thumb/v6-m/nofp\libg_nano.a(lib_a-strcpy.o)
 .debug_frame   0x00001ad4       0x2c c:/program files (x86)/gnu arm embedded toolchain/10 2021.10/bin/../lib/gcc/arm-none-eabi/10.3.1/../../../../arm-none-eabi/lib/thumb/v6-m/nofp\libg_nano.a(lib_a-strncpy.o)
 .debug_frame   0x00001b00       0x2c c:/program files (x86)/gnu arm embedded toolchain/10 2021.10/bin/../lib/gcc/arm-none-eabi/10.3.1/../../../../arm-none-eabi/lib/thumb/v6-m/nofp\libg_nano.a(lib_a-strstr.o)
 .debug_frame   0x00001b2c       0x30 c:/program files (x86)/gnu arm embedded toolchain/10 2021.10/bin/../lib/gcc/arm-none-eabi/10.3.1/../../../../arm-none-eabi/lib/thumb/v6-m/nofp\libg_nano.a(lib_a-strtok.o)
 .debug_frame   0x00001b5c       0x48 c:/program files (x86)/gnu arm embedded toolchain/10 2021.10/bin/../lib/gcc/arm-none-eabi/10.3.1/../../../../arm-none-eabi/lib/thumb/v6-m/nofp\libg_nano.a(lib_a-strtok_r.o)
 .debug_frame   0x00001ba4       0x48 c:/program files (x86)/gnu arm embedded toolchain/10 2021.10/bin/../lib/gcc/arm-none-eabi/10.3.1/../../../../arm-none-eabi/lib/thumb/v6-m/nofp\libg_nano.a(lib_a-wbuf.o)
 .debug_frame   0x00001bec       0x2c c:/program files (x86)/gnu arm embedded toolchain/10 2021.10/bin/../lib/gcc/arm-none-eabi/10.3.1/../../../../arm-none-eabi/lib/thumb/v6-m/nofp\libg_nano.a(lib_a-wsetup.o)
 .debug_frame   0x00001c18       0x44 c:/program files (x86)/gnu arm embedded toolchain/10 2021.10/bin/../lib/gcc/arm-none-eabi/10.3.1/../../../../arm-none-eabi/lib/thumb/v6-m/nofp\libg_nano.a(lib_a-assert.o)
 .debug_frame   0x00001c5c       0x68 c:/program files (x86)/gnu arm embedded toolchain/10 2021.10/bin/../lib/gcc/arm-none-eabi/10.3.1/../../../../arm-none-eabi/lib/thumb/v6-m/nofp\libg_nano.a(lib_a-fflush.o)
 .debug_frame   0x00001cc4      0x170 c:/program files (x86)/gnu arm embedded toolchain/10 2021.10/bin/../lib/gcc/arm-none-eabi/10.3.1/../../../../arm-none-eabi/lib/thumb/v6-m/nofp\libg_nano.a(lib_a-findfp.o)
 .debug_frame   0x00001e34       0x4c c:/program files (x86)/gnu arm embedded toolchain/10 2021.10/bin/../lib/gcc/arm-none-eabi/10.3.1/../../../../arm-none-eabi/lib/thumb/v6-m/nofp\libg_nano.a(lib_a-fprintf.o)
 .debug_frame   0x00001e80       0x58 c:/program files (x86)/gnu arm embedded toolchain/10 2021.10/bin/../lib/gcc/arm-none-eabi/10.3.1/../../../../arm-none-eabi/lib/thumb/v6-m/nofp\libg_nano.a(lib_a-fwalk.o)
 .debug_frame   0x00001ed8       0xb0 c:/program files (x86)/gnu arm embedded toolchain/10 2021.10/bin/../lib/gcc/arm-none-eabi/10.3.1/../../../../arm-none-eabi/lib/thumb/v6-m/nofp\libg_nano.a(lib_a-lock.o)
 .debug_frame   0x00001f88       0x54 c:/program files (x86)/gnu arm embedded toolchain/10 2021.10/bin/../lib/gcc/arm-none-eabi/10.3.1/../../../../arm-none-eabi/lib/thumb/v6-m/nofp\libg_nano.a(lib_a-makebuf.o)
 .debug_frame   0x00001fdc       0x40 c:/program files (x86)/gnu arm embedded toolchain/10 2021.10/bin/../lib/gcc/arm-none-eabi/10.3.1/../../../../arm-none-eabi/lib/thumb/v6-m/nofp\libg_nano.a(lib_a-malloc.o)
 .debug_frame   0x0000201c       0x2c c:/program files (x86)/gnu arm embedded toolchain/10 2021.10/bin/../lib/gcc/arm-none-eabi/10.3.1/../../../../arm-none-eabi/lib/thumb/v6-m/nofp\libg_nano.a(lib_a-nano-freer.o)
 .debug_frame   0x00002048       0x50 c:/program files (x86)/gnu arm embedded toolchain/10 2021.10/bin/../lib/gcc/arm-none-eabi/10.3.1/../../../../arm-none-eabi/lib/thumb/v6-m/nofp\libg_nano.a(lib_a-nano-mallocr.o)
 .debug_frame   0x00002098       0x74 c:/program files (x86)/gnu arm embedded toolchain/10 2021.10/bin/../lib/gcc/arm-none-eabi/10.3.1/../../../../arm-none-eabi/lib/thumb/v6-m/nofp\libg_nano.a(lib_a-nano-svfprintf.o)
 .debug_frame   0x0000210c       0x9c c:/program files (x86)/gnu arm embedded toolchain/10 2021.10/bin/../lib/gcc/arm-none-eabi/10.3.1/../../../../arm-none-eabi/lib/thumb/v6-m/nofp\libg_nano.a(lib_a-nano-vfprintf.o)
 .debug_frame   0x000021a8       0x54 c:/program files (x86)/gnu arm embedded toolchain/10 2021.10/bin/../lib/gcc/arm-none-eabi/10.3.1/../../../../arm-none-eabi/lib/thumb/v6-m/nofp\libg_nano.a(lib_a-nano-vfprintf_i.o)
 .debug_frame   0x000021fc       0x44 c:/program files (x86)/gnu arm embedded toolchain/10 2021.10/bin/../lib/gcc/arm-none-eabi/10.3.1/../../../../arm-none-eabi/lib/thumb/v6-m/nofp\libg_nano.a(lib_a-putc.o)
 .debug_frame   0x00002240       0x2c c:/program files (x86)/gnu arm embedded toolchain/10 2021.10/bin/../lib/gcc/arm-none-eabi/10.3.1/../../../../arm-none-eabi/lib/thumb/v6-m/nofp\libg_nano.a(lib_a-sbrkr.o)
 .debug_frame   0x0000226c       0x90 c:/program files (x86)/gnu arm embedded toolchain/10 2021.10/bin/../lib/gcc/arm-none-eabi/10.3.1/../../../../arm-none-eabi/lib/thumb/v6-m/nofp\libg_nano.a(lib_a-stdio.o)
 .debug_frame   0x000022fc       0x2c c:/program files (x86)/gnu arm embedded toolchain/10 2021.10/bin/../lib/gcc/arm-none-eabi/10.3.1/../../../../arm-none-eabi/lib/thumb/v6-m/nofp\libg_nano.a(lib_a-writer.o)
 .debug_frame   0x00002328       0x28 c:/program files (x86)/gnu arm embedded toolchain/10 2021.10/bin/../lib/gcc/arm-none-eabi/10.3.1/../../../../arm-none-eabi/lib/thumb/v6-m/nofp\libg_nano.a(lib_a-abort.o)
 .debug_frame   0x00002350       0x2c c:/program files (x86)/gnu arm embedded toolchain/10 2021.10/bin/../lib/gcc/arm-none-eabi/10.3.1/../../../../arm-none-eabi/lib/thumb/v6-m/nofp\libg_nano.a(lib_a-closer.o)
 .debug_frame   0x0000237c       0x2c c:/program files (x86)/gnu arm embedded toolchain/10 2021.10/bin/../lib/gcc/arm-none-eabi/10.3.1/../../../../arm-none-eabi/lib/thumb/v6-m/nofp\libg_nano.a(lib_a-fstatr.o)
 .debug_frame   0x000023a8       0x2c c:/program files (x86)/gnu arm embedded toolchain/10 2021.10/bin/../lib/gcc/arm-none-eabi/10.3.1/../../../../arm-none-eabi/lib/thumb/v6-m/nofp\libg_nano.a(lib_a-isattyr.o)
 .debug_frame   0x000023d4       0x2c c:/program files (x86)/gnu arm embedded toolchain/10 2021.10/bin/../lib/gcc/arm-none-eabi/10.3.1/../../../../arm-none-eabi/lib/thumb/v6-m/nofp\libg_nano.a(lib_a-lseekr.o)
 .debug_frame   0x00002400       0x20 c:/program files (x86)/gnu arm embedded toolchain/10 2021.10/bin/../lib/gcc/arm-none-eabi/10.3.1/../../../../arm-none-eabi/lib/thumb/v6-m/nofp\libg_nano.a(lib_a-memchr-stub.o)
 .debug_frame   0x00002420       0x28 c:/program files (x86)/gnu arm embedded toolchain/10 2021.10/bin/../lib/gcc/arm-none-eabi/10.3.1/../../../../arm-none-eabi/lib/thumb/v6-m/nofp\libg_nano.a(lib_a-memmove.o)
 .debug_frame   0x00002448       0x40 c:/program files (x86)/gnu arm embedded toolchain/10 2021.10/bin/../lib/gcc/arm-none-eabi/10.3.1/../../../../arm-none-eabi/lib/thumb/v6-m/nofp\libg_nano.a(lib_a-mlock.o)
 .debug_frame   0x00002488       0x34 c:/program files (x86)/gnu arm embedded toolchain/10 2021.10/bin/../lib/gcc/arm-none-eabi/10.3.1/../../../../arm-none-eabi/lib/thumb/v6-m/nofp\libg_nano.a(lib_a-nano-reallocr.o)
 .debug_frame   0x000024bc       0x2c c:/program files (x86)/gnu arm embedded toolchain/10 2021.10/bin/../lib/gcc/arm-none-eabi/10.3.1/../../../../arm-none-eabi/lib/thumb/v6-m/nofp\libg_nano.a(lib_a-readr.o)
 .debug_frame   0x000024e8       0x48 c:/program files (x86)/gnu arm embedded toolchain/10 2021.10/bin/../lib/gcc/arm-none-eabi/10.3.1/../../../../arm-none-eabi/lib/thumb/v6-m/nofp\libg_nano.a(lib_a-reent.o)
 .debug_frame   0x00002530       0xe0 c:/program files (x86)/gnu arm embedded toolchain/10 2021.10/bin/../lib/gcc/arm-none-eabi/10.3.1/../../../../arm-none-eabi/lib/thumb/v6-m/nofp\libg_nano.a(lib_a-signal.o)
 .debug_frame   0x00002610       0x44 c:/program files (x86)/gnu arm embedded toolchain/10 2021.10/bin/../lib/gcc/arm-none-eabi/10.3.1/../../../../arm-none-eabi/lib/thumb/v6-m/nofp\libg_nano.a(lib_a-signalr.o)