Archive member included to satisfy reference by file (symbol)

c:/program files (x86)/gnu arm embedded toolchain/10 2021.10/bin/../lib/gcc/arm-none-eabi/10.3.1/../../../../arm-none-eabi/lib/thumb/v6-m/nofp\libc_nano.a(lib_a-exit.o)
                              c:/program files (x86)/gnu arm embedded toolchain/10 2021.10/bin/../lib/gcc/arm-none-eabi/10.3.1/../../../../arm-none-eabi/lib/thumb/v6-m/nofp/crt0.o (exit)
c:/program files (x86)/gnu arm embedded toolchain/10 2021.10/bin/../lib/gcc/arm-none-eabi/10.3.1/../../../../arm-none-eabi/lib/thumb/v6-m/nofp\libc_nano.a(lib_a-impure.o)
                              c:/program files (x86)/gnu arm embedded toolchain/10 2021.10/bin/../lib/gcc/arm-none-eabi/10.3.1/../../../../arm-none-eabi/lib/thumb/v6-m/nofp\libc_nano.a(lib_a-exit.o) (_global_impure_ptr)
c:/program files (x86)/gnu arm embedded toolchain/10 2021.10/bin/../lib/gcc/arm-none-eabi/10.3.1/../../../../arm-none-eabi/lib/thumb/v6-m/nofp\libc_nano.a(lib_a-init.o)
                              c:/program files (x86)/gnu arm embedded toolchain/10 2021.10/bin/../lib/gcc/arm-none-eabi/10.3.1/../../../../arm-none-eabi/lib/thumb/v6-m/nofp/crt0.o (__libc_init_array)
c:/program files (x86)/gnu arm embedded toolchain/10 2021.10/bin/../lib/gcc/arm-none-eabi/10.3.1/../../../../arm-none-eabi/lib/thumb/v6-m/nofp\libc_nano.a(lib_a-memset.o)
                              c:/program files (x86)/gnu arm embedded toolchain/10 2021.10/bin/../lib/gcc/arm-none-eabi/10.3.1/../../../../arm-none-eabi/lib/thumb/v6-m/nofp/crt0.o (memset)
c:/program files (x86)/gnu arm embedded toolchain/10 2021.10/bin/../lib/gcc/arm-none-eabi/10.3.1/thumb/v6-m/nofp\libgcc.a(_udivsi3.o)
                              CMakeFiles/MemoryToMemory.dir/main.c.obj (__aeabi_uidiv)
c:/program files (x86)/gnu arm embedded toolchain/10 2021.10/bin/../lib/gcc/arm-none-eabi/10.3.1/thumb/v6-m/nofp\libgcc.a(_dvmd_tls.o)
                              c:/program files (x86)/gnu arm embedded toolchain/10 2021.10/bin/../lib/gcc/arm-none-eabi/10.3.1/thumb/v6-m/nofp\libgcc.a(_udivsi3.o) (__aeabi_idiv0)
c:/program files (x86)/gnu arm embedded toolchain/10 2021.10/bin/../lib/gcc/arm-none-eabi/10.3.1/thumb/v6-m/nofp\libgcc.a(_fixunssfsi.o)
                              CMakeFiles/MemoryToMemory.dir/__/__/__/__/Libraries/W7500x_stdPeriph_Driver/src/W7500x_uart.c.obj (__aeabi_f2uiz)
c:/program files (x86)/gnu arm embedded toolchain/10 2021.10/bin/../lib/gcc/arm-none-eabi/10.3.1/thumb/v6-m/nofp\libgcc.a(_fixunsdfsi.o)
                              CMakeFiles/MemoryToMemory.dir/__/__/__/__/Libraries/W7500x_stdPeriph_Driver/src/W7500x_uart.c.obj (__aeabi_d2uiz)
c:/program files (x86)/gnu arm embedded toolchain/10 2021.10/bin/../lib/gcc/arm-none-eabi/10.3.1/thumb/v6-m/nofp\libgcc.a(divsf3.o)
                              CMakeFiles/MemoryToMemory.dir/__/__/__/__/Libraries/W7500x_stdPeriph_Driver/src/W7500x_uart.c.obj (__aeabi_fdiv)
c:/program files (x86)/gnu arm embedded toolchain/10 2021.10/bin/../lib/gcc/arm-none-eabi/10.3.1/thumb/v6-m/nofp\libgcc.a(mulsf3.o)
                              CMakeFiles/MemoryToMemory.dir/__/__/__/__/Libraries/W7500x_stdPeriph_Driver/src/W7500x_uart.c.obj (__aeabi_fmul)
c:/program files (x86)/gnu arm embedded toolchain/10 2021.10/bin/../lib/gcc/arm-none-eabi/10.3.1/thumb/v6-m/nofp\libgcc.a(subsf3.o)
                              CMakeFiles/MemoryToMemory.dir/__/__/__/__/Libraries/W7500x_stdPeriph_Driver/src/W7500x_uart.c.obj (__aeabi_fsub)
c:/program files (x86)/gnu arm embedded toolchain/10 2021.10/bin/../lib/gcc/arm-none-eabi/10.3.1/thumb/v6-m/nofp\libgcc.a(fixsfsi.o)
                              c:/program files (x86)/gnu arm embedded toolchain/10 2021.10/bin/../lib/gcc/arm-none-eabi/10.3.1/thumb/v6-m/nofp\libgcc.a(_fixunssfsi.o) (__aeabi_f2iz)
c:/program files (x86)/gnu arm embedded toolchain/10 2021.10/bin/../lib/gcc/arm-none-eabi/10.3.1/thumb/v6-m/nofp\libgcc.a(floatunsisf.o)
                              CMakeFiles/MemoryToMemory.dir/__/__/__/__/Libraries/W7500x_stdPeriph_Driver/src/W7500x_uart.c.obj (__aeabi_ui2f)
c:/program files (x86)/gnu arm embedded toolchain/10 2021.10/bin/../lib/gcc/arm-none-eabi/10.3.1/thumb/v6-m/nofp\libgcc.a(adddf3.o)
                              CMakeFiles/MemoryToMemory.dir/__/__/__/__/Libraries/W7500x_stdPeriph_Driver/src/W7500x_uart.c.obj (__aeabi_dadd)
c:/program files (x86)/gnu arm embedded toolchain/10 2021.10/bin/../lib/gcc/arm-none-eabi/10.3.1/thumb/v6-m/nofp\libgcc.a(subdf3.o)
                              c:/program files (x86)/gnu arm embedded toolchain/10 2021.10/bin/../lib/gcc/arm-none-eabi/10.3.1/thumb/v6-m/nofp\libgcc.a(_fixunsdfsi.o) (__aeabi_dsub)
c:/program files (x86)/gnu arm embedded toolchain/10 2021.10/bin/../lib/gcc/arm-none-eabi/10.3.1/thumb/v6-m/nofp\libgcc.a(fixdfsi.o)
                              c:/program files (x86)/gnu arm embedded toolchain/10 2021.10/bin/../lib/gcc/arm-none-eabi/10.3.1/thumb/v6-m/nofp\libgcc.a(_fixunsdfsi.o) (__aeabi_d2iz)
[...]
Memory Configuration

Name             Origin             Length             Attributes
FLASH            0x00000000         0x00020000         xr
RAM              0x20000000         0x00003fc0         xrw
*default*        0x00000000         0xffffffff

Linker script and memory map

LOAD c:/program files (x86)/gnu arm embedded toolchain/10 2021.10/bin/../lib/gcc/arm-none-eabi/10.3.1/thumb/v6-m/nofp/crti.o
LOAD c:/program files (x86)/gnu arm embedded toolchain/10 2021.10/bin/../lib/gcc/arm-none-eabi/10.3.1/thumb/v6-m/nofp/crtbegin.o
LOAD c:/program files (x86)/gnu arm embedded toolchain/10 2021.10/bin/../lib/gcc/arm-none-eabi/10.3.1/../../../../arm-none-eabi/lib/thumb/v6-m/nofp/crt0.o
LOAD c:/program files (x86)/gnu arm embedded toolchain/10 2021.10/bin/../lib/gcc/arm-none-eabi/10.3.1/../../../../arm-none-eabi/lib/thumb/v6-m/nofp\libc_nano.a
LOAD c:/program files (x86)/gnu arm embedded toolchain/10 2021.10/bin/../lib/gcc/arm-none-eabi/10.3.1/../../../../arm-none-eabi/lib/thumb/v6-m/nofp\libm.a
LOAD CMakeFiles/MemoryToMemory.dir/main.c.obj
LOAD CMakeFiles/MemoryToMemory.dir/W7500x_it.c.obj
LOAD CMakeFiles/MemoryToMemory.dir/retarget.c.obj
LOAD CMakeFiles/MemoryToMemory.dir/__/__/__/__/Libraries/Startup/startup_W7500.s.obj
LOAD CMakeFiles/MemoryToMemory.dir/__/__/__/__/Libraries/W7500x_stdPeriph_Driver/src/W7500x_dma.c.obj
LOAD CMakeFiles/MemoryToMemory.dir/__/__/__/__/Libraries/CMSIS/Device/WIZnet/W7500/Source/system_W7500x.c.obj
LOAD CMakeFiles/MemoryToMemory.dir/__/__/__/__/Libraries/W7500x_stdPeriph_Driver/src/W7500x_crg.c.obj
LOAD CMakeFiles/MemoryToMemory.dir/__/__/__/__/Libraries/W7500x_stdPeriph_Driver/src/W7500x_uart.c.obj
LOAD CMakeFiles/MemoryToMemory.dir/__/__/__/__/Libraries/W7500x_stdPeriph_Driver/src/W7500x_gpio.c.obj
LOAD ../../../../Libraries/libDMA_FILES.a
LOAD ../../../../Libraries/libCRG_FILES.a
LOAD ../../../../Libraries/libUART_FILES.a
LOAD ../../../../Libraries/libSYSTEM_W7500X_FILES.a
LOAD ../../../../Libraries/libGPIO_FILES.a
LOAD ../../../../Libraries/libSYSTEM_W7500X_FILES.a
START GROUP
LOAD c:/program files (x86)/gnu arm embedded toolchain/10 2021.10/bin/../lib/gcc/arm-none-eabi/10.3.1/thumb/v6-m/nofp\libgcc.a
LOAD c:/program files (x86)/gnu arm embedded toolchain/10 2021.10/bin/../lib/gcc/arm-none-eabi/10.3.1/../../../../arm-none-eabi/lib/thumb/v6-m/nofp\libg_nano.a
LOAD c:/program files (x86)/gnu arm embedded toolchain/10 2021.10/bin/../lib/gcc/arm-none-eabi/10.3.1/../../../../arm-none-eabi/lib/thumb/v6-m/nofp\libc_nano.a
END GROUP
START GROUP
LOAD c:/program files (x86)/gnu arm embedded toolchain/10 2021.10/bin/../lib/gcc/arm-none-eabi/10.3.1/thumb/v6-m/nofp\libgcc.a
LOAD c:/program files (x86)/gnu arm embedded toolchain/10 2021.10/bin/../lib/gcc/arm-none-eabi/10.3.1/../../../../arm-none-eabi/lib/thumb/v6-m/nofp\libc_nano.a
END GROUP
LOAD c:/program files (x86)/gnu arm embedded toolchain/10 2021.10/bin/../lib/gcc/arm-none-eabi/10.3.1/thumb/v6-m/nofp/crtend.o
LOAD c:/program files (x86)/gnu arm embedded toolchain/10 2021.10/bin/../lib/gcc/arm-none-eabi/10.3.1/thumb/v6-m/nofp/crtn.o
START GROUP
LOAD c:/program files (x86)/gnu arm embedded toolchain/10 2021.10/bin/../lib/gcc/arm-none-eabi/10.3.1/thumb/v6-m/nofp\libgcc.a
LOAD c:/program files (x86)/gnu arm embedded toolchain/10 2021.10/bin/../lib/gcc/arm-none-eabi/10.3.1/../../../../arm-none-eabi/lib/thumb/v6-m/nofp\libc.a
LOAD c:/program files (x86)/gnu arm embedded toolchain/10 2021.10/bin/../lib/gcc/arm-none-eabi/10.3.1/../../../../arm-none-eabi/lib/thumb/v6-m/nofp\libm.a
LOAD c:/program files (x86)/gnu arm embedded toolchain/10 2021.10/bin/../lib/gcc/arm-none-eabi/10.3.1/../../../../arm-none-eabi/lib/thumb/v6-m/nofp\libnosys.a
END GROUP

.text           0x00000000     0x2170
 *(.isr_vector)
 .isr_vector    0x00000000       0xa8 CMakeFiles/MemoryToMemory.dir/__/__/__/__/Libraries/Startup/startup_W7500.s.obj
                0x00000000                __isr_vector
 *(.text*)
 .text          0x000000a8       0x48 c:/program files (x86)/gnu arm embedded toolchain/10 2021.10/bin/../lib/gcc/arm-none-eabi/10.3.1/thumb/v6-m/nofp/crtbegin.o
 .text.memset   0x000000f0       0x10 c:/program files (x86)/gnu arm embedded toolchain/10 2021.10/bin/../lib/gcc/arm-none-eabi/10.3.1/../../../../arm-none-eabi/lib/thumb/v6-m/nofp\libc_nano.a(lib_a-memset.o)
                0x000000f0                memset
 .text.NVIC_SetPriority
                0x00000100       0xdc CMakeFiles/MemoryToMemory.dir/main.c.obj
 .text.SysTick_Config
                0x000001dc       0x48 CMakeFiles/MemoryToMemory.dir/main.c.obj
 .text.main     0x00000224       0xb8 CMakeFiles/MemoryToMemory.dir/main.c.obj
                0x00000224                main
 .text.dma_simple_test
                0x000002dc      0x108 CMakeFiles/MemoryToMemory.dir/main.c.obj
                0x000002dc                dma_simple_test
 .text.delay    0x000003e4       0x28 CMakeFiles/MemoryToMemory.dir/main.c.obj
                0x000003e4                delay
 .text.TimingDelay_Decrement
                0x0000040c       0x20 CMakeFiles/MemoryToMemory.dir/main.c.obj
                0x0000040c                TimingDelay_Decrement
 .text.NMI_Handler
                0x0000042c        0xa CMakeFiles/MemoryToMemory.dir/W7500x_it.c.obj
                0x0000042c                NMI_Handler
 *fill*         0x00000436        0x2 
 .text.HardFault_Handler
                0x00000438       0x14 CMakeFiles/MemoryToMemory.dir/W7500x_it.c.obj
                0x00000438                HardFault_Handler
 .text.SVC_Handler
                0x0000044c        0xa CMakeFiles/MemoryToMemory.dir/W7500x_it.c.obj
                0x0000044c                SVC_Handler
 .text.PendSV_Handler
                0x00000456        0xa CMakeFiles/MemoryToMemory.dir/W7500x_it.c.obj
                0x00000456                PendSV_Handler
 .text.SysTick_Handler
                0x00000460        0xe CMakeFiles/MemoryToMemory.dir/W7500x_it.c.obj
                0x00000460                SysTick_Handler
 .text.SSP0_Handler
                0x0000046e        0xa CMakeFiles/MemoryToMemory.dir/W7500x_it.c.obj
                0x0000046e                SSP0_Handler
 .text.SSP1_Handler
                0x00000478        0xa CMakeFiles/MemoryToMemory.dir/W7500x_it.c.obj
                0x00000478                SSP1_Handler
 .text.UART0_Handler
                0x00000482        0xa CMakeFiles/MemoryToMemory.dir/W7500x_it.c.obj
                0x00000482                UART0_Handler
 .text.UART1_Handler
                0x0000048c        0xa CMakeFiles/MemoryToMemory.dir/W7500x_it.c.obj
                0x0000048c                UART1_Handler
 .text.UART2_Handler
                0x00000496        0xa CMakeFiles/MemoryToMemory.dir/W7500x_it.c.obj
                0x00000496                UART2_Handler
 .text.I2C0_Handler
                0x000004a0        0xa CMakeFiles/MemoryToMemory.dir/W7500x_it.c.obj
                0x000004a0                I2C0_Handler
 .text.I2C1_Handler
                0x000004aa        0xa CMakeFiles/MemoryToMemory.dir/W7500x_it.c.obj
                0x000004aa                I2C1_Handler
 .text.PORT0_Handler
                0x000004b4        0xa CMakeFiles/MemoryToMemory.dir/W7500x_it.c.obj
                0x000004b4                PORT0_Handler
 .text.PORT1_Handler
                0x000004be        0xa CMakeFiles/MemoryToMemory.dir/W7500x_it.c.obj
                0x000004be                PORT1_Handler
 .text.PORT2_Handler
                0x000004c8        0xa CMakeFiles/MemoryToMemory.dir/W7500x_it.c.obj
                0x000004c8                PORT2_Handler
 .text.PORT3_Handler
                0x000004d2        0xa CMakeFiles/MemoryToMemory.dir/W7500x_it.c.obj
                0x000004d2                PORT3_Handler
 .text.DMA_Handler
                0x000004dc       0x70 CMakeFiles/MemoryToMemory.dir/W7500x_it.c.obj
                0x000004dc                DMA_Handler
 .text.DUALTIMER0_Handler
                0x0000054c        0xa CMakeFiles/MemoryToMemory.dir/W7500x_it.c.obj
                0x0000054c                DUALTIMER0_Handler
 .text.DUALTIMER1_Handler
                0x00000556        0xa CMakeFiles/MemoryToMemory.dir/W7500x_it.c.obj
                0x00000556                DUALTIMER1_Handler
 .text.PWM0_Handler
                0x00000560        0xa CMakeFiles/MemoryToMemory.dir/W7500x_it.c.obj
                0x00000560                PWM0_Handler
 .text.PWM1_Handler
                0x0000056a        0xa CMakeFiles/MemoryToMemory.dir/W7500x_it.c.obj
                0x0000056a                PWM1_Handler
 .text.PWM2_Handler
                0x00000574        0xa CMakeFiles/MemoryToMemory.dir/W7500x_it.c.obj
                0x00000574                PWM2_Handler
 .text.PWM3_Handler
                0x0000057e        0xa CMakeFiles/MemoryToMemory.dir/W7500x_it.c.obj
                0x0000057e                PWM3_Handler
 .text.PWM4_Handler
                0x00000588        0xa CMakeFiles/MemoryToMemory.dir/W7500x_it.c.obj
                0x00000588                PWM4_Handler
 .text.PWM5_Handler
                0x00000592        0xa CMakeFiles/MemoryToMemory.dir/W7500x_it.c.obj
                0x00000592                PWM5_Handler
 .text.PWM6_Handler
                0x0000059c        0xa CMakeFiles/MemoryToMemory.dir/W7500x_it.c.obj
                0x0000059c                PWM6_Handler
 .text.PWM7_Handler
                0x000005a6        0xa CMakeFiles/MemoryToMemory.dir/W7500x_it.c.obj
                0x000005a6                PWM7_Handler
 .text.ADC_Handler
                0x000005b0        0xa CMakeFiles/MemoryToMemory.dir/W7500x_it.c.obj
                0x000005b0                ADC_Handler
 .text.WZTOE_Handler
                0x000005ba        0xa CMakeFiles/MemoryToMemory.dir/W7500x_it.c.obj
                0x000005ba                WZTOE_Handler
 .text.EXTI_Handler
                0x000005c4        0xa CMakeFiles/MemoryToMemory.dir/W7500x_it.c.obj
                0x000005c4                EXTI_Handler
 .text._write   0x000005ce       0x38 CMakeFiles/MemoryToMemory.dir/retarget.c.obj
                0x000005ce                _write
 *fill*         0x00000606        0x2 
 .text          0x00000608       0x84 CMakeFiles/MemoryToMemory.dir/__/__/__/__/Libraries/Startup/startup_W7500.s.obj
                0x00000608                Reset_Handler
                0x00000648                MemManage_Handler
                0x0000064a                BusFault_Handler
                0x0000064c                UsageFault_Handler
                0x00000650                DebugMon_Handler
                0x00000682                RTC_Handler
 .text.dma_data_struct_init
                0x0000068c      0x118 CMakeFiles/MemoryToMemory.dir/__/__/__/__/Libraries/W7500x_stdPeriph_Driver/src/W7500x_dma.c.obj
                0x0000068c                dma_data_struct_init
 .text.dma_init
                0x000007a4       0xdc CMakeFiles/MemoryToMemory.dir/__/__/__/__/Libraries/W7500x_stdPeriph_Driver/src/W7500x_dma.c.obj
                0x000007a4                dma_init
 .text.dma_memory_copy
                0x00000880       0xe0 CMakeFiles/MemoryToMemory.dir/__/__/__/__/Libraries/W7500x_stdPeriph_Driver/src/W7500x_dma.c.obj
                0x00000880                dma_memory_copy
 .text.GetSystemClock
                0x00000960       0x14 CMakeFiles/MemoryToMemory.dir/__/__/__/__/Libraries/CMSIS/Device/WIZnet/W7500/Source/system_W7500x.c.obj
                0x00000960                GetSystemClock
 .text.SystemInit
                0x00000974       0xb4 CMakeFiles/MemoryToMemory.dir/__/__/__/__/Libraries/CMSIS/Device/WIZnet/W7500/Source/system_W7500x.c.obj
                0x00000974                SystemInit
 .text.CRG_PLL_InputFrequencySelect
                0x00000a28       0x30 CMakeFiles/MemoryToMemory.dir/__/__/__/__/Libraries/W7500x_stdPeriph_Driver/src/W7500x_crg.c.obj
                0x00000a28                CRG_PLL_InputFrequencySelect
 .text.S_UART_Init
                0x00000a58       0x40 CMakeFiles/MemoryToMemory.dir/__/__/__/__/Libraries/W7500x_stdPeriph_Driver/src/W7500x_uart.c.obj
                0x00000a58                S_UART_Init
 .text.S_UART_SetBaud
                0x00000a98       0x5c CMakeFiles/MemoryToMemory.dir/__/__/__/__/Libraries/W7500x_stdPeriph_Driver/src/W7500x_uart.c.obj
                0x00000a98                S_UART_SetBaud
 .text.S_UART_SendData
                0x00000af4       0x2c CMakeFiles/MemoryToMemory.dir/__/__/__/__/Libraries/W7500x_stdPeriph_Driver/src/W7500x_uart.c.obj
                0x00000af4                S_UART_SendData
 .text.S_UartPutc
                0x00000b20       0x24 CMakeFiles/MemoryToMemory.dir/__/__/__/__/Libraries/W7500x_stdPeriph_Driver/src/W7500x_uart.c.obj
                0x00000b20                S_UartPutc
 .text          0x00000b44      0x114 c:/program files (x86)/gnu arm embedded toolchain/10 2021.10/bin/../lib/gcc/arm-none-eabi/10.3.1/thumb/v6-m/nofp\libgcc.a(_udivsi3.o)
                0x00000b44                __aeabi_uidiv
                0x00000b44                __udivsi3
                0x00000c50                __aeabi_uidivmod
 .text          0x00000c58        0x4 c:/program files (x86)/gnu arm embedded toolchain/10 2021.10/bin/../lib/gcc/arm-none-eabi/10.3.1/thumb/v6-m/nofp\libgcc.a(_dvmd_tls.o)
                0x00000c58                __aeabi_idiv0
                0x00000c58                __aeabi_ldiv0
 .text.printf   0x00000c5c       0x34 c:/program files (x86)/gnu arm embedded toolchain/10 2021.10/bin/../lib/gcc/arm-none-eabi/10.3.1/../../../../arm-none-eabi/lib/thumb/v6-m/nofp\libg_nano.a(lib_a-printf.o)
                0x00000c5c                iprintf
                0x00000c5c                printf
 .text._puts_r  0x00000c90       0xe4 c:/program files (x86)/gnu arm embedded toolchain/10 2021.10/bin/../lib/gcc/arm-none-eabi/10.3.1/../../../../arm-none-eabi/lib/thumb/v6-m/nofp\libg_nano.a(lib_a-puts.o)
                0x00000c90                _puts_r
 .text.puts     0x00000d74       0x14 c:/program files (x86)/gnu arm embedded toolchain/10 2021.10/bin/../lib/gcc/arm-none-eabi/10.3.1/../../../../arm-none-eabi/lib/thumb/v6-m/nofp\libg_nano.a(lib_a-puts.o)
                0x00000d74                puts
 .text.__swbuf_r
                0x00000d88       0xac c:/program files (x86)/gnu arm embedded toolchain/10 2021.10/bin/../lib/gcc/arm-none-eabi/10.3.1/../../../../arm-none-eabi/lib/thumb/v6-m/nofp\libg_nano.a(lib_a-wbuf.o)
                0x00000d88                __swbuf_r
 .text.__swsetup_r
                0x00000e34       0xf0 c:/program files (x86)/gnu arm embedded toolchain/10 2021.10/bin/../lib/gcc/arm-none-eabi/10.3.1/../../../../arm-none-eabi/lib/thumb/v6-m/nofp\libg_nano.a(lib_a-wsetup.o)
                0x00000e34                __swsetup_r
 .text.__sflush_r
                0x00000f24      0x118 c:/program files (x86)/gnu arm embedded toolchain/10 2021.10/bin/../lib/gcc/arm-none-eabi/10.3.1/../../../../arm-none-eabi/lib/thumb/v6-m/nofp\libg_nano.a(lib_a-fflush.o)
                0x00000f24                __sflush_r
 .text._fflush_r
                0x0000103c       0x80 c:/program files (x86)/gnu arm embedded toolchain/10 2021.10/bin/../lib/gcc/arm-none-eabi/10.3.1/../../../../arm-none-eabi/lib/thumb/v6-m/nofp\libg_nano.a(lib_a-fflush.o)
                0x0000103c                _fflush_r
 .text.std      0x000010bc       0x48 c:/program files (x86)/gnu arm embedded toolchain/10 2021.10/bin/../lib/gcc/arm-none-eabi/10.3.1/../../../../arm-none-eabi/lib/thumb/v6-m/nofp\libg_nano.a(lib_a-findfp.o)
 .text._cleanup_r
                0x00001104       0x10 c:/program files (x86)/gnu arm embedded toolchain/10 2021.10/bin/../lib/gcc/arm-none-eabi/10.3.1/../../../../arm-none-eabi/lib/thumb/v6-m/nofp\libg_nano.a(lib_a-findfp.o)
                0x00001104                _cleanup_r
 .text.__sfmoreglue
                0x00001114       0x2c c:/program files (x86)/gnu arm embedded toolchain/10 2021.10/bin/../lib/gcc/arm-none-eabi/10.3.1/../../../../arm-none-eabi/lib/thumb/v6-m/nofp\libg_nano.a(lib_a-findfp.o)
                0x00001114                __sfmoreglue
 .text.__sfp_lock_acquire
                0x00001140       0x10 c:/program files (x86)/gnu arm embedded toolchain/10 2021.10/bin/../lib/gcc/arm-none-eabi/10.3.1/../../../../arm-none-eabi/lib/thumb/v6-m/nofp\libg_nano.a(lib_a-findfp.o)
                0x00001140                __sfp_lock_acquire
 .text.__sfp_lock_release
                0x00001150       0x10 c:/program files (x86)/gnu arm embedded toolchain/10 2021.10/bin/../lib/gcc/arm-none-eabi/10.3.1/../../../../arm-none-eabi/lib/thumb/v6-m/nofp\libg_nano.a(lib_a-findfp.o)
                0x00001150                __sfp_lock_release
 .text.__sinit_lock_acquire
                0x00001160       0x10 c:/program files (x86)/gnu arm embedded toolchain/10 2021.10/bin/../lib/gcc/arm-none-eabi/10.3.1/../../../../arm-none-eabi/lib/thumb/v6-m/nofp\libg_nano.a(lib_a-findfp.o)
                0x00001160                __sinit_lock_acquire
 .text.__sinit_lock_release
                0x00001170       0x10 c:/program files (x86)/gnu arm embedded toolchain/10 2021.10/bin/../lib/gcc/arm-none-eabi/10.3.1/../../../../arm-none-eabi/lib/thumb/v6-m/nofp\libg_nano.a(lib_a-findfp.o)
                0x00001170                __sinit_lock_release
 .text.__sinit  0x00001180       0x70 c:/program files (x86)/gnu arm embedded toolchain/10 2021.10/bin/../lib/gcc/arm-none-eabi/10.3.1/../../../../arm-none-eabi/lib/thumb/v6-m/nofp\libg_nano.a(lib_a-findfp.o)
                0x00001180                __sinit
 .text.__sfp    0x000011f0       0x90 c:/program files (x86)/gnu arm embedded toolchain/10 2021.10/bin/../lib/gcc/arm-none-eabi/10.3.1/../../../../arm-none-eabi/lib/thumb/v6-m/nofp\libg_nano.a(lib_a-findfp.o)
                0x000011f0                __sfp
 .text._fwalk_reent
                0x00001280       0x40 c:/program files (x86)/gnu arm embedded toolchain/10 2021.10/bin/../lib/gcc/arm-none-eabi/10.3.1/../../../../arm-none-eabi/lib/thumb/v6-m/nofp\libg_nano.a(lib_a-fwalk.o)
                0x00001280                _fwalk_reent
 .text.__retarget_lock_init_recursive
                0x000012c0        0x2 c:/program files (x86)/gnu arm embedded toolchain/10 2021.10/bin/../lib/gcc/arm-none-eabi/10.3.1/../../../../arm-none-eabi/lib/thumb/v6-m/nofp\libg_nano.a(lib_a-lock.o)
                0x000012c0                __retarget_lock_init_recursive
 .text.__retarget_lock_acquire_recursive
                0x000012c2        0x2 c:/program files (x86)/gnu arm embedded toolchain/10 2021.10/bin/../lib/gcc/arm-none-eabi/10.3.1/../../../../arm-none-eabi/lib/thumb/v6-m/nofp\libg_nano.a(lib_a-lock.o)
                0x000012c2                __retarget_lock_acquire_recursive
 .text.__retarget_lock_release_recursive
                0x000012c4        0x2 c:/program files (x86)/gnu arm embedded toolchain/10 2021.10/bin/../lib/gcc/arm-none-eabi/10.3.1/../../../../arm-none-eabi/lib/thumb/v6-m/nofp\libg_nano.a(lib_a-lock.o)
                0x000012c4                __retarget_lock_release_recursive
 *fill*         0x000012c6        0x2 
 .text.__swhatbuf_r
                0x000012c8       0x50 c:/program files (x86)/gnu arm embedded toolchain/10 2021.10/bin/../lib/gcc/arm-none-eabi/10.3.1/../../../../arm-none-eabi/lib/thumb/v6-m/nofp\libg_nano.a(lib_a-makebuf.o)
                0x000012c8                __swhatbuf_r
 .text.__smakebuf_r
                0x00001318       0x88 c:/program files (x86)/gnu arm embedded toolchain/10 2021.10/bin/../lib/gcc/arm-none-eabi/10.3.1/../../../../arm-none-eabi/lib/thumb/v6-m/nofp\libg_nano.a(lib_a-makebuf.o)
                0x00001318                __smakebuf_r
 .text._free_r  0x000013a0       0x94 c:/program files (x86)/gnu arm embedded toolchain/10 2021.10/bin/../lib/gcc/arm-none-eabi/10.3.1/../../../../arm-none-eabi/lib/thumb/v6-m/nofp\libg_nano.a(lib_a-nano-freer.o)
                0x000013a0                _free_r
 .text.sbrk_aligned
                0x00001434       0x44 c:/program files (x86)/gnu arm embedded toolchain/10 2021.10/bin/../lib/gcc/arm-none-eabi/10.3.1/../../../../arm-none-eabi/lib/thumb/v6-m/nofp\libg_nano.a(lib_a-nano-mallocr.o)
 .text._malloc_r
                0x00001478       0xec c:/program files (x86)/gnu arm embedded toolchain/10 2021.10/bin/../lib/gcc/arm-none-eabi/10.3.1/../../../../arm-none-eabi/lib/thumb/v6-m/nofp\libg_nano.a(lib_a-nano-mallocr.o)
                0x00001478                _malloc_r
 .text.__sfputc_r
                0x00001564       0x2a c:/program files (x86)/gnu arm embedded toolchain/10 2021.10/bin/../lib/gcc/arm-none-eabi/10.3.1/../../../../arm-none-eabi/lib/thumb/v6-m/nofp\libg_nano.a(lib_a-nano-vfprintf.o)
 .text.__sfputs_r
                0x0000158e       0x24 c:/program files (x86)/gnu arm embedded toolchain/10 2021.10/bin/../lib/gcc/arm-none-eabi/10.3.1/../../../../arm-none-eabi/lib/thumb/v6-m/nofp\libg_nano.a(lib_a-nano-vfprintf.o)
                0x0000158e                __sfputs_r
 *fill*         0x000015b2        0x2 
 .text._vfprintf_r
                0x000015b4      0x274 c:/program files (x86)/gnu arm embedded toolchain/10 2021.10/bin/../lib/gcc/arm-none-eabi/10.3.1/../../../../arm-none-eabi/lib/thumb/v6-m/nofp\libg_nano.a(lib_a-nano-vfprintf.o)
                0x000015b4                _vfprintf_r
                0x000015b4                _vfiprintf_r
 .text._printf_common
                0x00001828       0xde c:/program files (x86)/gnu arm embedded toolchain/10 2021.10/bin/../lib/gcc/arm-none-eabi/10.3.1/../../../../arm-none-eabi/lib/thumb/v6-m/nofp\libg_nano.a(lib_a-nano-vfprintf_i.o)
                0x00001828                _printf_common
 *fill*         0x00001906        0x2 
 .text._printf_i
                0x00001908      0x224 c:/program files (x86)/gnu arm embedded toolchain/10 2021.10/bin/../lib/gcc/arm-none-eabi/10.3.1/../../../../arm-none-eabi/lib/thumb/v6-m/nofp\libg_nano.a(lib_a-nano-vfprintf_i.o)
                0x00001908                _printf_i
 .text._sbrk_r  0x00001b2c       0x24 c:/program files (x86)/gnu arm embedded toolchain/10 2021.10/bin/../lib/gcc/arm-none-eabi/10.3.1/../../../../arm-none-eabi/lib/thumb/v6-m/nofp\libg_nano.a(lib_a-sbrkr.o)
                0x00001b2c                _sbrk_r
 .text.__sread  0x00001b50       0x28 c:/program files (x86)/gnu arm embedded toolchain/10 2021.10/bin/../lib/gcc/arm-none-eabi/10.3.1/../../../../arm-none-eabi/lib/thumb/v6-m/nofp\libg_nano.a(lib_a-stdio.o)
                0x00001b50                __sread
 .text.__swrite
                0x00001b78       0x38 c:/program files (x86)/gnu arm embedded toolchain/10 2021.10/bin/../lib/gcc/arm-none-eabi/10.3.1/../../../../arm-none-eabi/lib/thumb/v6-m/nofp\libg_nano.a(lib_a-stdio.o)
                0x00001b78                __swrite
 .text.__sseek  0x00001bb0       0x2c c:/program files (x86)/gnu arm embedded toolchain/10 2021.10/bin/../lib/gcc/arm-none-eabi/10.3.1/../../../../arm-none-eabi/lib/thumb/v6-m/nofp\libg_nano.a(lib_a-stdio.o)
                0x00001bb0                __sseek
 .text.__sclose
                0x00001bdc        0xc c:/program files (x86)/gnu arm embedded toolchain/10 2021.10/bin/../lib/gcc/arm-none-eabi/10.3.1/../../../../arm-none-eabi/lib/thumb/v6-m/nofp\libg_nano.a(lib_a-stdio.o)
                0x00001bdc                __sclose
 .text._write_r
                0x00001be8       0x28 c:/program files (x86)/gnu arm embedded toolchain/10 2021.10/bin/../lib/gcc/arm-none-eabi/10.3.1/../../../../arm-none-eabi/lib/thumb/v6-m/nofp\libg_nano.a(lib_a-writer.o)
                0x00001be8                _write_r
 .text._close_r
                0x00001c10       0x24 c:/program files (x86)/gnu arm embedded toolchain/10 2021.10/bin/../lib/gcc/arm-none-eabi/10.3.1/../../../../arm-none-eabi/lib/thumb/v6-m/nofp\libg_nano.a(lib_a-closer.o)
                0x00001c10                _close_r
 .text._fstat_r
                0x00001c34       0x24 c:/program files (x86)/gnu arm embedded toolchain/10 2021.10/bin/../lib/gcc/arm-none-eabi/10.3.1/../../../../arm-none-eabi/lib/thumb/v6-m/nofp\libg_nano.a(lib_a-fstatr.o)
                0x00001c34                _fstat_r
 .text._isatty_r
                0x00001c58       0x24 c:/program files (x86)/gnu arm embedded toolchain/10 2021.10/bin/../lib/gcc/arm-none-eabi/10.3.1/../../../../arm-none-eabi/lib/thumb/v6-m/nofp\libg_nano.a(lib_a-isattyr.o)
                0x00001c58                _isatty_r
 .text._lseek_r
                0x00001c7c       0x28 c:/program files (x86)/gnu arm embedded toolchain/10 2021.10/bin/../lib/gcc/arm-none-eabi/10.3.1/../../../../arm-none-eabi/lib/thumb/v6-m/nofp\libg_nano.a(lib_a-lseekr.o)
                0x00001c7c                _lseek_r
 .text.memchr   0x00001ca4       0x16 c:/program files (x86)/gnu arm embedded toolchain/10 2021.10/bin/../lib/gcc/arm-none-eabi/10.3.1/../../../../arm-none-eabi/lib/thumb/v6-m/nofp\libg_nano.a(lib_a-memchr-stub.o)
                0x00001ca4                memchr
 *fill*         0x00001cba        0x2 
 .text.__malloc_lock
                0x00001cbc       0x10 c:/program files (x86)/gnu arm embedded toolchain/10 2021.10/bin/../lib/gcc/arm-none-eabi/10.3.1/../../../../arm-none-eabi/lib/thumb/v6-m/nofp\libg_nano.a(lib_a-mlock.o)
                0x00001cbc                __malloc_lock
 .text.__malloc_unlock
                0x00001ccc       0x10 c:/program files (x86)/gnu arm embedded toolchain/10 2021.10/bin/../lib/gcc/arm-none-eabi/10.3.1/../../../../arm-none-eabi/lib/thumb/v6-m/nofp\libg_nano.a(lib_a-mlock.o)
                0x00001ccc                __malloc_unlock
 .text._read_r  0x00001cdc       0x28 c:/program files (x86)/gnu arm embedded toolchain/10 2021.10/bin/../lib/gcc/arm-none-eabi/10.3.1/../../../../arm-none-eabi/lib/thumb/v6-m/nofp\libg_nano.a(lib_a-readr.o)
                0x00001cdc                _read_r
 .text          0x00001d04       0x14 c:/program files (x86)/gnu arm embedded toolchain/10 2021.10/bin/../lib/gcc/arm-none-eabi/10.3.1/thumb/v6-m/nofp\libgcc.a(_thumb1_case_shi.o)
                0x00001d04                __gnu_thumb1_case_shi
 .text._close   0x00001d18       0x10 c:/program files (x86)/gnu arm embedded toolchain/10 2021.10/bin/../lib/gcc/arm-none-eabi/10.3.1/../../../../arm-none-eabi/lib/thumb/v6-m/nofp\libnosys.a(close.o)
                0x00001d18                _close
 .text._fstat   0x00001d28       0x10 c:/program files (x86)/gnu arm embedded toolchain/10 2021.10/bin/../lib/gcc/arm-none-eabi/10.3.1/../../../../arm-none-eabi/lib/thumb/v6-m/nofp\libnosys.a(fstat.o)
                0x00001d28                _fstat
 .text._isatty  0x00001d38       0x10 c:/program files (x86)/gnu arm embedded toolchain/10 2021.10/bin/../lib/gcc/arm-none-eabi/10.3.1/../../../../arm-none-eabi/lib/thumb/v6-m/nofp\libnosys.a(isatty.o)
                0x00001d38                _isatty
 .text._lseek   0x00001d48       0x10 c:/program files (x86)/gnu arm embedded toolchain/10 2021.10/bin/../lib/gcc/arm-none-eabi/10.3.1/../../../../arm-none-eabi/lib/thumb/v6-m/nofp\libnosys.a(lseek.o)
                0x00001d48                _lseek
 .text._read    0x00001d58       0x10 c:/program files (x86)/gnu arm embedded toolchain/10 2021.10/bin/../lib/gcc/arm-none-eabi/10.3.1/../../../../arm-none-eabi/lib/thumb/v6-m/nofp\libnosys.a(read.o)
                0x00001d58                _read
 .text._sbrk    0x00001d68       0x1c c:/program files (x86)/gnu arm embedded toolchain/10 2021.10/bin/../lib/gcc/arm-none-eabi/10.3.1/../../../../arm-none-eabi/lib/thumb/v6-m/nofp\libnosys.a(sbrk.o)
                0x00001d68                _sbrk
 *(.init)
 .init          0x00001d84        0x4 c:/program files (x86)/gnu arm embedded toolchain/10 2021.10/bin/../lib/gcc/arm-none-eabi/10.3.1/thumb/v6-m/nofp/crti.o
                0x00001d84                _init
 .init          0x00001d88        0x8 c:/program files (x86)/gnu arm embedded toolchain/10 2021.10/bin/../lib/gcc/arm-none-eabi/10.3.1/thumb/v6-m/nofp/crtn.o
 *(.fini)
 .fini          0x00001d90        0x4 c:/program files (x86)/gnu arm embedded toolchain/10 2021.10/bin/../lib/gcc/arm-none-eabi/10.3.1/thumb/v6-m/nofp/crti.o
                0x00001d90                _fini
 .fini          0x00001d94        0x8 c:/program files (x86)/gnu arm embedded toolchain/10 2021.10/bin/../lib/gcc/arm-none-eabi/10.3.1/thumb/v6-m/nofp/crtn.o
 *crtbegin.o(.ctors)
 *crtbegin?.o(.ctors)
 *(EXCLUDE_FILE(*crtend.o *crtend?.o) .ctors)
 *(SORT_BY_NAME(.ctors.*))
 *(.ctors)
 *crtbegin.o(.dtors)
 *crtbegin?.o(.dtors)
 *(EXCLUDE_FILE(*crtend.o *crtend?.o) .dtors)
 *(SORT_BY_NAME(.dtors.*))
 *(.dtors)
 *(.rodata*)
 .rodata._global_impure_ptr
                0x00001d9c        0x4 c:/program files (x86)/gnu arm embedded toolchain/10 2021.10/bin/../lib/gcc/arm-none-eabi/10.3.1/../../../../arm-none-eabi/lib/thumb/v6-m/nofp\libc_nano.a(lib_a-impure.o)
                0x00001d9c                _global_impure_ptr
 .rodata        0x00001da0      0x1c1 CMakeFiles/MemoryToMemory.dir/main.c.obj
 *fill*         0x00001f61        0x3 
 .rodata        0x00001f64       0x74 CMakeFiles/MemoryToMemory.dir/W7500x_it.c.obj
 .rodata        0x00001fd8       0xfe CMakeFiles/MemoryToMemory.dir/__/__/__/__/Libraries/W7500x_stdPeriph_Driver/src/W7500x_dma.c.obj
 *fill*         0x000020d6        0x2 
 .rodata.__sf_fake_stderr
                0x000020d8       0x20 c:/program files (x86)/gnu arm embedded toolchain/10 2021.10/bin/../lib/gcc/arm-none-eabi/10.3.1/../../../../arm-none-eabi/lib/thumb/v6-m/nofp\libg_nano.a(lib_a-findfp.o)
                0x000020d8                __sf_fake_stderr
 .rodata.__sf_fake_stdin
                0x000020f8       0x20 c:/program files (x86)/gnu arm embedded toolchain/10 2021.10/bin/../lib/gcc/arm-none-eabi/10.3.1/../../../../arm-none-eabi/lib/thumb/v6-m/nofp\libg_nano.a(lib_a-findfp.o)
                0x000020f8                __sf_fake_stdin
 .rodata.__sf_fake_stdout
                0x00002118       0x20 c:/program files (x86)/gnu arm embedded toolchain/10 2021.10/bin/../lib/gcc/arm-none-eabi/10.3.1/../../../../arm-none-eabi/lib/thumb/v6-m/nofp\libg_nano.a(lib_a-findfp.o)
                0x00002118                __sf_fake_stdout
 .rodata._vfprintf_r.str1.1
                0x00002138       0x11 c:/program files (x86)/gnu arm embedded toolchain/10 2021.10/bin/../lib/gcc/arm-none-eabi/10.3.1/../../../../arm-none-eabi/lib/thumb/v6-m/nofp\libg_nano.a(lib_a-nano-vfprintf.o)
 .rodata._printf_i.str1.1
                0x00002149       0x22 c:/program files (x86)/gnu arm embedded toolchain/10 2021.10/bin/../lib/gcc/arm-none-eabi/10.3.1/../../../../arm-none-eabi/lib/thumb/v6-m/nofp\libg_nano.a(lib_a-nano-vfprintf_i.o)
 *(.eh_frame*)
 *fill*         0x0000216b        0x1 
 .eh_frame      0x0000216c        0x0 c:/program files (x86)/gnu arm embedded toolchain/10 2021.10/bin/../lib/gcc/arm-none-eabi/10.3.1/thumb/v6-m/nofp/crtbegin.o
 .eh_frame      0x0000216c        0x4 c:/program files (x86)/gnu arm embedded toolchain/10 2021.10/bin/../lib/gcc/arm-none-eabi/10.3.1/thumb/v6-m/nofp/crtend.o

.glue_7         0x00002170        0x0
 .glue_7        0x00002170        0x0 linker stubs

.glue_7t        0x00002170        0x0
 .glue_7t       0x00002170        0x0 linker stubs

.vfp11_veneer   0x00002170        0x0
 .vfp11_veneer  0x00002170        0x0 linker stubs

.v4_bx          0x00002170        0x0
 .v4_bx         0x00002170        0x0 linker stubs

.iplt           0x00002170        0x0
 .iplt          0x00002170        0x0 c:/program files (x86)/gnu arm embedded toolchain/10 2021.10/bin/../lib/gcc/arm-none-eabi/10.3.1/thumb/v6-m/nofp/crtbegin.o

.rel.dyn        0x00002170        0x0
 .rel.iplt      0x00002170        0x0 c:/program files (x86)/gnu arm embedded toolchain/10 2021.10/bin/../lib/gcc/arm-none-eabi/10.3.1/thumb/v6-m/nofp/crtbegin.o

.ARM.extab
 *(.ARM.extab* .gnu.linkonce.armextab.*)
                0x00002170                __exidx_start = .

.ARM.exidx
 *(.ARM.exidx* .gnu.linkonce.armexidx.*)
                0x00002170                __exidx_end = .
                0x00002170                __etext = .

.data           0x20000000       0x70 load address 0x00002170
                0x20000000                __data_start__ = .
 *(vtable)
 *(.data*)
 .data._impure_ptr
                0x20000000        0x4 c:/program files (x86)/gnu arm embedded toolchain/10 2021.10/bin/../lib/gcc/arm-none-eabi/10.3.1/../../../../arm-none-eabi/lib/thumb/v6-m/nofp\libc_nano.a(lib_a-impure.o)
                0x20000000                _impure_ptr
 .data.impure_data
                0x20000004       0x60 c:/program files (x86)/gnu arm embedded toolchain/10 2021.10/bin/../lib/gcc/arm-none-eabi/10.3.1/../../../../arm-none-eabi/lib/thumb/v6-m/nofp\libc_nano.a(lib_a-impure.o)
 .data.cnum     0x20000064        0x4 CMakeFiles/MemoryToMemory.dir/main.c.obj
                0x20000064                cnum
                0x20000068                . = ALIGN (0x4)
                0x20000068                PROVIDE (__preinit_array_start = .)
 *(.preinit_array)
                0x20000068                PROVIDE (__preinit_array_end = .)
                0x20000068                . = ALIGN (0x4)
                0x20000068                PROVIDE (__init_array_start = .)
 *(SORT_BY_NAME(.init_array.*))
 *(.init_array)
 .init_array    0x20000068        0x4 c:/program files (x86)/gnu arm embedded toolchain/10 2021.10/bin/../lib/gcc/arm-none-eabi/10.3.1/thumb/v6-m/nofp/crtbegin.o
                0x2000006c                PROVIDE (__init_array_end = .)
                0x2000006c                . = ALIGN (0x4)
                [!provide]                PROVIDE (__fini_array_start = .)
 *(SORT_BY_NAME(.fini_array.*))
 *(.fini_array)
 .fini_array    0x2000006c        0x4 c:/program files (x86)/gnu arm embedded toolchain/10 2021.10/bin/../lib/gcc/arm-none-eabi/10.3.1/thumb/v6-m/nofp/crtbegin.o
                [!provide]                PROVIDE (__fini_array_end = .)
 *(.jcr*)
                0x20000070                . = ALIGN (0x4)
                0x20000070                __data_end__ = .

.igot.plt       0x20000070        0x0 load address 0x000021e0
 .igot.plt      0x20000070        0x0 c:/program files (x86)/gnu arm embedded toolchain/10 2021.10/bin/../lib/gcc/arm-none-eabi/10.3.1/thumb/v6-m/nofp/crtbegin.o

.bss            0x20000070       0x74 load address 0x000021e0
                0x20000070                . = ALIGN (0x4)
                0x20000070                __bss_start__ = .
 *(.bss*)
 .bss           0x20000070       0x1c c:/program files (x86)/gnu arm embedded toolchain/10 2021.10/bin/../lib/gcc/arm-none-eabi/10.3.1/thumb/v6-m/nofp/crtbegin.o
 .bss.result    0x2000008c        0x4 CMakeFiles/MemoryToMemory.dir/main.c.obj
                0x2000008c                result
 .bss.sysclock  0x20000090        0x4 CMakeFiles/MemoryToMemory.dir/main.c.obj
                0x20000090                sysclock
 .bss.TimingDelay
                0x20000094        0x4 CMakeFiles/MemoryToMemory.dir/main.c.obj
 .bss.source_data_array
                0x20000098       0x10 CMakeFiles/MemoryToMemory.dir/main.c.obj
                0x20000098                source_data_array
 .bss.dest_data_array
                0x200000a8       0x10 CMakeFiles/MemoryToMemory.dir/main.c.obj
                0x200000a8                dest_data_array
 .bss.dma_done_irq_occurred
                0x200000b8        0x4 CMakeFiles/MemoryToMemory.dir/W7500x_it.c.obj
                0x200000b8                dma_done_irq_occurred
 .bss.dma_done_irq_expected
                0x200000bc        0x4 CMakeFiles/MemoryToMemory.dir/W7500x_it.c.obj
                0x200000bc                dma_done_irq_expected
 .bss.dma_error_irq_occurred
                0x200000c0        0x4 CMakeFiles/MemoryToMemory.dir/W7500x_it.c.obj
                0x200000c0                dma_error_irq_occurred
 .bss.dma_error_irq_expected
                0x200000c4        0x4 CMakeFiles/MemoryToMemory.dir/W7500x_it.c.obj
                0x200000c4                dma_error_irq_expected
 .bss.dma_data  0x200000c8        0x4 CMakeFiles/MemoryToMemory.dir/__/__/__/__/Libraries/W7500x_stdPeriph_Driver/src/W7500x_dma.c.obj
                0x200000c8                dma_data
 .bss.SystemFrequency
                0x200000cc        0x4 CMakeFiles/MemoryToMemory.dir/__/__/__/__/Libraries/CMSIS/Device/WIZnet/W7500/Source/system_W7500x.c.obj
                0x200000cc                SystemFrequency
 .bss.__lock___malloc_recursive_mutex
                0x200000d0        0x1 c:/program files (x86)/gnu arm embedded toolchain/10 2021.10/bin/../lib/gcc/arm-none-eabi/10.3.1/../../../../arm-none-eabi/lib/thumb/v6-m/nofp\libg_nano.a(lib_a-lock.o)
                0x200000d0                __lock___malloc_recursive_mutex
 .bss.__lock___sfp_recursive_mutex
                0x200000d1        0x1 c:/program files (x86)/gnu arm embedded toolchain/10 2021.10/bin/../lib/gcc/arm-none-eabi/10.3.1/../../../../arm-none-eabi/lib/thumb/v6-m/nofp\libg_nano.a(lib_a-lock.o)
                0x200000d1                __lock___sfp_recursive_mutex
 .bss.__lock___sinit_recursive_mutex
                0x200000d2        0x1 c:/program files (x86)/gnu arm embedded toolchain/10 2021.10/bin/../lib/gcc/arm-none-eabi/10.3.1/../../../../arm-none-eabi/lib/thumb/v6-m/nofp\libg_nano.a(lib_a-lock.o)
                0x200000d2                __lock___sinit_recursive_mutex
 *fill*         0x200000d3        0x1 
 .bss.__malloc_free_list
                0x200000d4        0x4 c:/program files (x86)/gnu arm embedded toolchain/10 2021.10/bin/../lib/gcc/arm-none-eabi/10.3.1/../../../../arm-none-eabi/lib/thumb/v6-m/nofp\libg_nano.a(lib_a-nano-mallocr.o)
                0x200000d4                __malloc_free_list
 .bss.__malloc_sbrk_start
                0x200000d8        0x4 c:/program files (x86)/gnu arm embedded toolchain/10 2021.10/bin/../lib/gcc/arm-none-eabi/10.3.1/../../../../arm-none-eabi/lib/thumb/v6-m/nofp\libg_nano.a(lib_a-nano-mallocr.o)
                0x200000d8                __malloc_sbrk_start
 .bss.errno     0x200000dc        0x4 c:/program files (x86)/gnu arm embedded toolchain/10 2021.10/bin/../lib/gcc/arm-none-eabi/10.3.1/../../../../arm-none-eabi/lib/thumb/v6-m/nofp\libg_nano.a(lib_a-reent.o)
                0x200000dc                errno
 .bss.heap_end.0
                0x200000e0        0x4 c:/program files (x86)/gnu arm embedded toolchain/10 2021.10/bin/../lib/gcc/arm-none-eabi/10.3.1/../../../../arm-none-eabi/lib/thumb/v6-m/nofp\libnosys.a(sbrk.o)
 *(COMMON)
                0x200000e4                . = ALIGN (0x4)
                0x200000e4                __bss_end__ = .

.heap           0x200000e8        0x0
                0x200000e8                __end__ = .
                0x200000e8                end = __end__
 *(.heap*)
 .heap          0x200000e8        0x0 CMakeFiles/MemoryToMemory.dir/__/__/__/__/Libraries/Startup/startup_W7500.s.obj
                0x200000e8                __HeapLimit = .

.stack_dummy    0x200000e8      0x200
 *(.stack*)
 .stack         0x200000e8      0x200 CMakeFiles/MemoryToMemory.dir/__/__/__/__/Libraries/Startup/startup_W7500.s.obj
                0x20003fc0                __StackTop = (ORIGIN (RAM) + LENGTH (RAM))
                0x20003dc0                __StackLimit = (__StackTop - SIZEOF (.stack_dummy))
                0x20003fc0                PROVIDE (__stack = __StackTop)
                0x00000001                ASSERT ((__StackLimit >= __HeapLimit), region RAM overflowed with stack)
OUTPUT(MemoryToMemory elf32-littlearm)
LOAD linker stubs

.ARM.attributes
                0x00000000       0x28
 .ARM.attributes
                0x00000000       0x1e c:/program files (x86)/gnu arm embedded toolchain/10 2021.10/bin/../lib/gcc/arm-none-eabi/10.3.1/thumb/v6-m/nofp/crti.o
 .ARM.attributes
                0x0000001e       0x2c c:/program files (x86)/gnu arm embedded toolchain/10 2021.10/bin/../lib/gcc/arm-none-eabi/10.3.1/thumb/v6-m/nofp/crtbegin.o
 .ARM.attributes
                0x0000004a       0x2c c:/program files (x86)/gnu arm embedded toolchain/10 2021.10/bin/../lib/gcc/arm-none-eabi/10.3.1/../../../../arm-none-eabi/lib/thumb/v6-m/nofp\libc_nano.a(lib_a-impure.o)
 .ARM.attributes
                0x00000076       0x2c c:/program files (x86)/gnu arm embedded toolchain/10 2021.10/bin/../lib/gcc/arm-none-eabi/10.3.1/../../../../arm-none-eabi/lib/thumb/v6-m/nofp\libc_nano.a(lib_a-memset.o)
 .ARM.attributes
                0x000000a2       0x2c CMakeFiles/MemoryToMemory.dir/main.c.obj
 .ARM.attributes
                0x000000ce       0x2c CMakeFiles/MemoryToMemory.dir/W7500x_it.c.obj
 .ARM.attributes
                0x000000fa       0x2c CMakeFiles/MemoryToMemory.dir/retarget.c.obj
 .ARM.attributes
                0x00000126       0x1b CMakeFiles/MemoryToMemory.dir/__/__/__/__/Libraries/Startup/startup_W7500.s.obj
 .ARM.attributes
                0x00000141       0x2c CMakeFiles/MemoryToMemory.dir/__/__/__/__/Libraries/W7500x_stdPeriph_Driver/src/W7500x_dma.c.obj
 .ARM.attributes
                0x0000016d       0x2c CMakeFiles/MemoryToMemory.dir/__/__/__/__/Libraries/CMSIS/Device/WIZnet/W7500/Source/system_W7500x.c.obj
 .ARM.attributes
                0x00000199       0x2c CMakeFiles/MemoryToMemory.dir/__/__/__/__/Libraries/W7500x_stdPeriph_Driver/src/W7500x_crg.c.obj
 .ARM.attributes
                0x000001c5       0x2c CMakeFiles/MemoryToMemory.dir/__/__/__/__/Libraries/W7500x_stdPeriph_Driver/src/W7500x_uart.c.obj
 .ARM.attributes
                0x000001f1       0x1e c:/program files (x86)/gnu arm embedded toolchain/10 2021.10/bin/../lib/gcc/arm-none-eabi/10.3.1/thumb/v6-m/nofp\libgcc.a(_udivsi3.o)
 .ARM.attributes
                0x0000020f       0x1e c:/program files (x86)/gnu arm embedded toolchain/10 2021.10/bin/../lib/gcc/arm-none-eabi/10.3.1/thumb/v6-m/nofp\libgcc.a(_dvmd_tls.o)
 .ARM.attributes
                0x0000022d       0x2c c:/program files (x86)/gnu arm embedded toolchain/10 2021.10/bin/../lib/gcc/arm-none-eabi/10.3.1/../../../../arm-none-eabi/lib/thumb/v6-m/nofp\libg_nano.a(lib_a-printf.o)
 .ARM.attributes
                0x00000259       0x2c c:/program files (x86)/gnu arm embedded toolchain/10 2021.10/bin/../lib/gcc/arm-none-eabi/10.3.1/../../../../arm-none-eabi/lib/thumb/v6-m/nofp\libg_nano.a(lib_a-puts.o)
 .ARM.attributes
                0x00000285       0x2c c:/program files (x86)/gnu arm embedded toolchain/10 2021.10/bin/../lib/gcc/arm-none-eabi/10.3.1/../../../../arm-none-eabi/lib/thumb/v6-m/nofp\libg_nano.a(lib_a-wbuf.o)
 .ARM.attributes
                0x000002b1       0x2c c:/program files (x86)/gnu arm embedded toolchain/10 2021.10/bin/../lib/gcc/arm-none-eabi/10.3.1/../../../../arm-none-eabi/lib/thumb/v6-m/nofp\libg_nano.a(lib_a-wsetup.o)
 .ARM.attributes
                0x000002dd       0x2c c:/program files (x86)/gnu arm embedded toolchain/10 2021.10/bin/../lib/gcc/arm-none-eabi/10.3.1/../../../../arm-none-eabi/lib/thumb/v6-m/nofp\libg_nano.a(lib_a-fflush.o)
 .ARM.attributes
                0x00000309       0x2c c:/program files (x86)/gnu arm embedded toolchain/10 2021.10/bin/../lib/gcc/arm-none-eabi/10.3.1/../../../../arm-none-eabi/lib/thumb/v6-m/nofp\libg_nano.a(lib_a-findfp.o)
 .ARM.attributes
                0x00000335       0x2c c:/program files (x86)/gnu arm embedded toolchain/10 2021.10/bin/../lib/gcc/arm-none-eabi/10.3.1/../../../../arm-none-eabi/lib/thumb/v6-m/nofp\libg_nano.a(lib_a-fwalk.o)
 .ARM.attributes
                0x00000361       0x2c c:/program files (x86)/gnu arm embedded toolchain/10 2021.10/bin/../lib/gcc/arm-none-eabi/10.3.1/../../../../arm-none-eabi/lib/thumb/v6-m/nofp\libg_nano.a(lib_a-lock.o)
 .ARM.attributes
                0x0000038d       0x2c c:/program files (x86)/gnu arm embedded toolchain/10 2021.10/bin/../lib/gcc/arm-none-eabi/10.3.1/../../../../arm-none-eabi/lib/thumb/v6-m/nofp\libg_nano.a(lib_a-makebuf.o)
 .ARM.attributes
                0x000003b9       0x2c c:/program files (x86)/gnu arm embedded toolchain/10 2021.10/bin/../lib/gcc/arm-none-eabi/10.3.1/../../../../arm-none-eabi/lib/thumb/v6-m/nofp\libg_nano.a(lib_a-nano-freer.o)
 .ARM.attributes
                0x000003e5       0x2c c:/program files (x86)/gnu arm embedded toolchain/10 2021.10/bin/../lib/gcc/arm-none-eabi/10.3.1/../../../../arm-none-eabi/lib/thumb/v6-m/nofp\libg_nano.a(lib_a-nano-mallocr.o)
 .ARM.attributes
                0x00000411       0x2c c:/program files (x86)/gnu arm embedded toolchain/10 2021.10/bin/../lib/gcc/arm-none-eabi/10.3.1/../../../../arm-none-eabi/lib/thumb/v6-m/nofp\libg_nano.a(lib_a-nano-vfprintf.o)
 .ARM.attributes
                0x0000043d       0x2c c:/program files (x86)/gnu arm embedded toolchain/10 2021.10/bin/../lib/gcc/arm-none-eabi/10.3.1/../../../../arm-none-eabi/lib/thumb/v6-m/nofp\libg_nano.a(lib_a-nano-vfprintf_i.o)
 .ARM.attributes
                0x00000469       0x2c c:/program files (x86)/gnu arm embedded toolchain/10 2021.10/bin/../lib/gcc/arm-none-eabi/10.3.1/../../../../arm-none-eabi/lib/thumb/v6-m/nofp\libg_nano.a(lib_a-sbrkr.o)
 .ARM.attributes
                0x00000495       0x2c c:/program files (x86)/gnu arm embedded toolchain/10 2021.10/bin/../lib/gcc/arm-none-eabi/10.3.1/../../../../arm-none-eabi/lib/thumb/v6-m/nofp\libg_nano.a(lib_a-stdio.o)
 .ARM.attributes
                0x000004c1       0x2c c:/program files (x86)/gnu arm embedded toolchain/10 2021.10/bin/../lib/gcc/arm-none-eabi/10.3.1/../../../../arm-none-eabi/lib/thumb/v6-m/nofp\libg_nano.a(lib_a-writer.o)
 .ARM.attributes
                0x000004ed       0x2c c:/program files (x86)/gnu arm embedded toolchain/10 2021.10/bin/../lib/gcc/arm-none-eabi/10.3.1/../../../../arm-none-eabi/lib/thumb/v6-m/nofp\libg_nano.a(lib_a-closer.o)
 .ARM.attributes
                0x00000519       0x2c c:/program files (x86)/gnu arm embedded toolchain/10 2021.10/bin/../lib/gcc/arm-none-eabi/10.3.1/../../../../arm-none-eabi/lib/thumb/v6-m/nofp\libg_nano.a(lib_a-fstatr.o)
 .ARM.attributes
                0x00000545       0x2c c:/program files (x86)/gnu arm embedded toolchain/10 2021.10/bin/../lib/gcc/arm-none-eabi/10.3.1/../../../../arm-none-eabi/lib/thumb/v6-m/nofp\libg_nano.a(lib_a-isattyr.o)
 .ARM.attributes
                0x00000571       0x2c c:/program files (x86)/gnu arm embedded toolchain/10 2021.10/bin/../lib/gcc/arm-none-eabi/10.3.1/../../../../arm-none-eabi/lib/thumb/v6-m/nofp\libg_nano.a(lib_a-lseekr.o)
 .ARM.attributes
                0x0000059d       0x2c c:/program files (x86)/gnu arm embedded toolchain/10 2021.10/bin/../lib/gcc/arm-none-eabi/10.3.1/../../../../arm-none-eabi/lib/thumb/v6-m/nofp\libg_nano.a(lib_a-memchr-stub.o)
 .ARM.attributes
                0x000005c9       0x2c c:/program files (x86)/gnu arm embedded toolchain/10 2021.10/bin/../lib/gcc/arm-none-eabi/10.3.1/../../../../arm-none-eabi/lib/thumb/v6-m/nofp\libg_nano.a(lib_a-mlock.o)
 .ARM.attributes
                0x000005f5       0x2c c:/program files (x86)/gnu arm embedded toolchain/10 2021.10/bin/../lib/gcc/arm-none-eabi/10.3.1/../../../../arm-none-eabi/lib/thumb/v6-m/nofp\libg_nano.a(lib_a-readr.o)
 .ARM.attributes
                0x00000621       0x2c c:/program files (x86)/gnu arm embedded toolchain/10 2021.10/bin/../lib/gcc/arm-none-eabi/10.3.1/../../../../arm-none-eabi/lib/thumb/v6-m/nofp\libg_nano.a(lib_a-reent.o)
 .ARM.attributes
                0x0000064d       0x1e c:/program files (x86)/gnu arm embedded toolchain/10 2021.10/bin/../lib/gcc/arm-none-eabi/10.3.1/thumb/v6-m/nofp\libgcc.a(_thumb1_case_shi.o)
 .ARM.attributes
                0x0000066b       0x2c c:/program files (x86)/gnu arm embedded toolchain/10 2021.10/bin/../lib/gcc/arm-none-eabi/10.3.1/thumb/v6-m/nofp/crtend.o
 .ARM.attributes
                0x00000697       0x1e c:/program files (x86)/gnu arm embedded toolchain/10 2021.10/bin/../lib/gcc/arm-none-eabi/10.3.1/thumb/v6-m/nofp/crtn.o
 .ARM.attributes
                0x000006b5       0x2c c:/program files (x86)/gnu arm embedded toolchain/10 2021.10/bin/../lib/gcc/arm-none-eabi/10.3.1/../../../../arm-none-eabi/lib/thumb/v6-m/nofp\libnosys.a(close.o)
 .ARM.attributes
                0x000006e1       0x2c c:/program files (x86)/gnu arm embedded toolchain/10 2021.10/bin/../lib/gcc/arm-none-eabi/10.3.1/../../../../arm-none-eabi/lib/thumb/v6-m/nofp\libnosys.a(fstat.o)
 .ARM.attributes
                0x0000070d       0x2c c:/program files (x86)/gnu arm embedded toolchain/10 2021.10/bin/../lib/gcc/arm-none-eabi/10.3.1/../../../../arm-none-eabi/lib/thumb/v6-m/nofp\libnosys.a(isatty.o)
 .ARM.attributes
                0x00000739       0x2c c:/program files (x86)/gnu arm embedded toolchain/10 2021.10/bin/../lib/gcc/arm-none-eabi/10.3.1/../../../../arm-none-eabi/lib/thumb/v6-m/nofp\libnosys.a(lseek.o)
 .ARM.attributes
                0x00000765       0x2c c:/program files (x86)/gnu arm embedded toolchain/10 2021.10/bin/../lib/gcc/arm-none-eabi/10.3.1/../../../../arm-none-eabi/lib/thumb/v6-m/nofp\libnosys.a(read.o)
 .ARM.attributes
                0x00000791       0x2c c:/program files (x86)/gnu arm embedded toolchain/10 2021.10/bin/../lib/gcc/arm-none-eabi/10.3.1/../../../../arm-none-eabi/lib/thumb/v6-m/nofp\libnosys.a(sbrk.o)

.comment        0x00000000       0x49
 .comment       0x00000000       0x49 CMakeFiles/MemoryToMemory.dir/main.c.obj
                                 0x4a (size before relaxing)
 .comment       0x00000049       0x4a CMakeFiles/MemoryToMemory.dir/W7500x_it.c.obj
 .comment       0x00000049       0x4a CMakeFiles/MemoryToMemory.dir/retarget.c.obj
 .comment       0x00000049       0x4a CMakeFiles/MemoryToMemory.dir/__/__/__/__/Libraries/W7500x_stdPeriph_Driver/src/W7500x_dma.c.obj
 .comment       0x00000049       0x4a CMakeFiles/MemoryToMemory.dir/__/__/__/__/Libraries/CMSIS/Device/WIZnet/W7500/Source/system_W7500x.c.obj
 .comment       0x00000049       0x4a CMakeFiles/MemoryToMemory.dir/__/__/__/__/Libraries/W7500x_stdPeriph_Driver/src/W7500x_crg.c.obj
 .comment       0x00000049       0x4a CMakeFiles/MemoryToMemory.dir/__/__/__/__/Libraries/W7500x_stdPeriph_Driver/src/W7500x_uart.c.obj

.debug_frame    0x00000000     0x15ec
 .debug_frame   0x00000000       0x20 c:/program files (x86)/gnu arm embedded toolchain/10 2021.10/bin/../lib/gcc/arm-none-eabi/10.3.1/../../../../arm-none-eabi/lib/thumb/v6-m/nofp\libc_nano.a(lib_a-memset.o)
 .debug_frame   0x00000020      0x168 CMakeFiles/MemoryToMemory.dir/main.c.obj
 .debug_frame   0x00000188      0x358 CMakeFiles/MemoryToMemory.dir/W7500x_it.c.obj
 .debug_frame   0x000004e0       0x30 CMakeFiles/MemoryToMemory.dir/retarget.c.obj
 .debug_frame   0x00000510       0x90 CMakeFiles/MemoryToMemory.dir/__/__/__/__/Libraries/W7500x_stdPeriph_Driver/src/W7500x_dma.c.obj
 .debug_frame   0x000005a0       0x6c CMakeFiles/MemoryToMemory.dir/__/__/__/__/Libraries/CMSIS/Device/WIZnet/W7500/Source/system_W7500x.c.obj
 .debug_frame   0x0000060c      0x2e8 CMakeFiles/MemoryToMemory.dir/__/__/__/__/Libraries/W7500x_stdPeriph_Driver/src/W7500x_crg.c.obj
 .debug_frame   0x000008f4      0x404 CMakeFiles/MemoryToMemory.dir/__/__/__/__/Libraries/W7500x_stdPeriph_Driver/src/W7500x_uart.c.obj
 .debug_frame   0x00000cf8       0x20 c:/program files (x86)/gnu arm embedded toolchain/10 2021.10/bin/../lib/gcc/arm-none-eabi/10.3.1/thumb/v6-m/nofp\libgcc.a(_udivsi3.o)
 .debug_frame   0x00000d18       0x50 c:/program files (x86)/gnu arm embedded toolchain/10 2021.10/bin/../lib/gcc/arm-none-eabi/10.3.1/../../../../arm-none-eabi/lib/thumb/v6-m/nofp\libg_nano.a(lib_a-printf.o)
 .debug_frame   0x00000d68       0x44 c:/program files (x86)/gnu arm embedded toolchain/10 2021.10/bin/../lib/gcc/arm-none-eabi/10.3.1/../../../../arm-none-eabi/lib/thumb/v6-m/nofp\libg_nano.a(lib_a-puts.o)
 .debug_frame   0x00000dac       0x48 c:/program files (x86)/gnu arm embedded toolchain/10 2021.10/bin/../lib/gcc/arm-none-eabi/10.3.1/../../../../arm-none-eabi/lib/thumb/v6-m/nofp\libg_nano.a(lib_a-wbuf.o)
 .debug_frame   0x00000df4       0x2c c:/program files (x86)/gnu arm embedded toolchain/10 2021.10/bin/../lib/gcc/arm-none-eabi/10.3.1/../../../../arm-none-eabi/lib/thumb/v6-m/nofp\libg_nano.a(lib_a-wsetup.o)
 .debug_frame   0x00000e20       0x68 c:/program files (x86)/gnu arm embedded toolchain/10 2021.10/bin/../lib/gcc/arm-none-eabi/10.3.1/../../../../arm-none-eabi/lib/thumb/v6-m/nofp\libg_nano.a(lib_a-fflush.o)
 .debug_frame   0x00000e88      0x170 c:/program files (x86)/gnu arm embedded toolchain/10 2021.10/bin/../lib/gcc/arm-none-eabi/10.3.1/../../../../arm-none-eabi/lib/thumb/v6-m/nofp\libg_nano.a(lib_a-findfp.o)
 .debug_frame   0x00000ff8       0x58 c:/program files (x86)/gnu arm embedded toolchain/10 2021.10/bin/../lib/gcc/arm-none-eabi/10.3.1/../../../../arm-none-eabi/lib/thumb/v6-m/nofp\libg_nano.a(lib_a-fwalk.o)
 .debug_frame   0x00001050       0xb0 c:/program files (x86)/gnu arm embedded toolchain/10 2021.10/bin/../lib/gcc/arm-none-eabi/10.3.1/../../../../arm-none-eabi/lib/thumb/v6-m/nofp\libg_nano.a(lib_a-lock.o)
 .debug_frame   0x00001100       0x54 c:/program files (x86)/gnu arm embedded toolchain/10 2021.10/bin/../lib/gcc/arm-none-eabi/10.3.1/../../../../arm-none-eabi/lib/thumb/v6-m/nofp\libg_nano.a(lib_a-makebuf.o)
 .debug_frame   0x00001154       0x2c c:/program files (x86)/gnu arm embedded toolchain/10 2021.10/bin/../lib/gcc/arm-none-eabi/10.3.1/../../../../arm-none-eabi/lib/thumb/v6-m/nofp\libg_nano.a(lib_a-nano-freer.o)
 .debug_frame   0x00001180       0x50 c:/program files (x86)/gnu arm embedded toolchain/10 2021.10/bin/../lib/gcc/arm-none-eabi/10.3.1/../../../../arm-none-eabi/lib/thumb/v6-m/nofp\libg_nano.a(lib_a-nano-mallocr.o)
 .debug_frame   0x000011d0       0x9c c:/program files (x86)/gnu arm embedded toolchain/10 2021.10/bin/../lib/gcc/arm-none-eabi/10.3.1/../../../../arm-none-eabi/lib/thumb/v6-m/nofp\libg_nano.a(lib_a-nano-vfprintf.o)
 .debug_frame   0x0000126c       0x54 c:/program files (x86)/gnu arm embedded toolchain/10 2021.10/bin/../lib/gcc/arm-none-eabi/10.3.1/../../../../arm-none-eabi/lib/thumb/v6-m/nofp\libg_nano.a(lib_a-nano-vfprintf_i.o)
 .debug_frame   0x000012c0       0x2c c:/program files (x86)/gnu arm embedded toolchain/10 2021.10/bin/../lib/gcc/arm-none-eabi/10.3.1/../../../../arm-none-eabi/lib/thumb/v6-m/nofp\libg_nano.a(lib_a-sbrkr.o)
 .debug_frame   0x000012ec       0x90 c:/program files (x86)/gnu arm embedded toolchain/10 2021.10/bin/../lib/gcc/arm-none-eabi/10.3.1/../../../../arm-none-eabi/lib/thumb/v6-m/nofp\libg_nano.a(lib_a-stdio.o)
 .debug_frame   0x0000137c       0x2c c:/program files (x86)/gnu arm embedded toolchain/10 2021.10/bin/../lib/gcc/arm-none-eabi/10.3.1/../../../../arm-none-eabi/lib/thumb/v6-m/nofp\libg_nano.a(lib_a-writer.o)
 .debug_frame   0x000013a8       0x2c c:/program files (x86)/gnu arm embedded toolchain/10 2021.10/bin/../lib/gcc/arm-none-eabi/10.3.1/../../../../arm-none-eabi/lib/thumb/v6-m/nofp\libg_nano.a(lib_a-closer.o)
 .debug_frame   0x000013d4       0x2c c:/program files (x86)/gnu arm embedded toolchain/10 2021.10/bin/../lib/gcc/arm-none-eabi/10.3.1/../../../../arm-none-eabi/lib/thumb/v6-m/nofp\libg_nano.a(lib_a-fstatr.o)
 .debug_frame   0x00001400       0x2c c:/program files (x86)/gnu arm embedded toolchain/10 2021.10/bin/../lib/gcc/arm-none-eabi/10.3.1/../../../../arm-none-eabi/lib/thumb/v6-m/nofp\libg_nano.a(lib_a-isattyr.o)
 .debug_frame   0x0000142c       0x2c c:/program files (x86)/gnu arm embedded toolchain/10 2021.10/bin/../lib/gcc/arm-none-eabi/10.3.1/../../../../arm-none-eabi/lib/thumb/v6-m/nofp\libg_nano.a(lib_a-lseekr.o)
 .debug_frame   0x00001458       0x20 c:/program files (x86)/gnu arm embedded toolchain/10 2021.10/bin/../lib/gcc/arm-none-eabi/10.3.1/../../../../arm-none-eabi/lib/thumb/v6-m/nofp\libg_nano.a(lib_a-memchr-stub.o)
 .debug_frame   0x00001478       0x40 c:/program files (x86)/gnu arm embedded toolchain/10 2021.10/bin/../lib/gcc/arm-none-eabi/10.3.1/../../../../arm-none-eabi/lib/thumb/v6-m/nofp\libg_nano.a(lib_a-mlock.o)
 .debug_frame   0x000014b8       0x2c c:/program files (x86)/gnu arm embedded toolchain/10 2021.10/bin/../lib/gcc/arm-none-eabi/10.3.1/../../../../arm-none-eabi/lib/thumb/v6-m/nofp\libg_nano.a(lib_a-readr.o)
 .debug_frame   0x000014e4       0x48 c:/program files (x86)/gnu arm embedded toolchain/10 2021.10/bin/../lib/gcc/arm-none-eabi/10.3.1/../../../../arm-none-eabi/lib/thumb/v6-m/nofp\libg_nano.a(lib_a-reent.o)
 .debug_frame   0x0000152c       0x20 c:/program files (x86)/gnu arm embedded toolchain/10 2021.10/bin/../lib/gcc/arm-none-eabi/10.3.1/../../../../arm-none-eabi/lib/thumb/v6-m/nofp\libnosys.a(close.o)
 .debug_frame   0x0000154c       0x20 c:/program files (x86)/gnu arm embedded toolchain/10 2021.10/bin/../lib/gcc/arm-none-eabi/10.3.1/../../../../arm-none-eabi/lib/thumb/v6-m/nofp\libnosys.a(fstat.o)
 .debug_frame   0x0000156c       0x20 c:/program files (x86)/gnu arm embedded toolchain/10 2021.10/bin/../lib/gcc/arm-none-eabi/10.3.1/../../../../arm-none-eabi/lib/thumb/v6-m/nofp\libnosys.a(isatty.o)
 .debug_frame   0x0000158c       0x20 c:/program files (x86)/gnu arm embedded toolchain/10 2021.10/bin/../lib/gcc/arm-none-eabi/10.3.1/../../../../arm-none-eabi/lib/thumb/v6-m/nofp\libnosys.a(lseek.o)
 .debug_frame   0x000015ac       0x20 c:/program files (x86)/gnu arm embedded toolchain/10 2021.10/bin/../lib/gcc/arm-none-eabi/10.3.1/../../../../arm-none-eabi/lib/thumb/v6-m/nofp\libnosys.a(read.o)
 .debug_frame   0x000015cc       0x20 c:/program files (x86)/gnu arm embedded toolchain/10 2021.10/bin/../lib/gcc/arm-none-eabi/10.3.1/../../../../arm-none-eabi/lib/thumb/v6-m/nofp\libnosys.a(sbrk.o)

.debug_info     0x00000000     0x2cee
 .debug_info    0x00000000      0x872 CMakeFiles/MemoryToMemory.dir/main.c.obj
 .debug_info    0x00000872      0x41f CMakeFiles/MemoryToMemory.dir/W7500x_it.c.obj
 .debug_info    0x00000c91       0xe0 CMakeFiles/MemoryToMemory.dir/retarget.c.obj
 .debug_info    0x00000d71       0x26 CMakeFiles/MemoryToMemory.dir/__/__/__/__/Libraries/Startup/startup_W7500.s.obj
 .debug_info    0x00000d97      0x401 CMakeFiles/MemoryToMemory.dir/__/__/__/__/Libraries/W7500x_stdPeriph_Driver/src/W7500x_dma.c.obj
 .debug_info    0x00001198      0x4f2 CMakeFiles/MemoryToMemory.dir/__/__/__/__/Libraries/CMSIS/Device/WIZnet/W7500/Source/system_W7500x.c.obj
 .debug_info    0x0000168a      0x8ea CMakeFiles/MemoryToMemory.dir/__/__/__/__/Libraries/W7500x_stdPeriph_Driver/src/W7500x_crg.c.obj
 .debug_info    0x00001f74      0xd7a CMakeFiles/MemoryToMemory.dir/__/__/__/__/Libraries/W7500x_stdPeriph_Driver/src/W7500x_uart.c.obj

.debug_abbrev   0x00000000      0xa22
 .debug_abbrev  0x00000000      0x288 CMakeFiles/MemoryToMemory.dir/main.c.obj
 .debug_abbrev  0x00000288       0xdd CMakeFiles/MemoryToMemory.dir/W7500x_it.c.obj
 .debug_abbrev  0x00000365       0x83 CMakeFiles/MemoryToMemory.dir/retarget.c.obj
 .debug_abbrev  0x000003e8       0x14 CMakeFiles/MemoryToMemory.dir/__/__/__/__/Libraries/Startup/startup_W7500.s.obj
 .debug_abbrev  0x000003fc      0x112 CMakeFiles/MemoryToMemory.dir/__/__/__/__/Libraries/W7500x_stdPeriph_Driver/src/W7500x_dma.c.obj
 .debug_abbrev  0x0000050e      0x10b CMakeFiles/MemoryToMemory.dir/__/__/__/__/Libraries/CMSIS/Device/WIZnet/W7500/Source/system_W7500x.c.obj
 .debug_abbrev  0x00000619      0x154 CMakeFiles/MemoryToMemory.dir/__/__/__/__/Libraries/W7500x_stdPeriph_Driver/src/W7500x_crg.c.obj
 .debug_abbrev  0x0000076d      0x2b5 CMakeFiles/MemoryToMemory.dir/__/__/__/__/Libraries/W7500x_stdPeriph_Driver/src/W7500x_uart.c.obj

.debug_aranges  0x00000000      0x408
 .debug_aranges
                0x00000000       0x70 CMakeFiles/MemoryToMemory.dir/main.c.obj
 .debug_aranges
                0x00000070      0x108 CMakeFiles/MemoryToMemory.dir/W7500x_it.c.obj
 .debug_aranges
                0x00000178       0x20 CMakeFiles/MemoryToMemory.dir/retarget.c.obj
 .debug_aranges
                0x00000198       0x20 CMakeFiles/MemoryToMemory.dir/__/__/__/__/Libraries/Startup/startup_W7500.s.obj
 .debug_aranges
                0x000001b8       0x38 CMakeFiles/MemoryToMemory.dir/__/__/__/__/Libraries/W7500x_stdPeriph_Driver/src/W7500x_dma.c.obj
 .debug_aranges
                0x000001f0       0x30 CMakeFiles/MemoryToMemory.dir/__/__/__/__/Libraries/CMSIS/Device/WIZnet/W7500/Source/system_W7500x.c.obj
 .debug_aranges
                0x00000220       0xd0 CMakeFiles/MemoryToMemory.dir/__/__/__/__/Libraries/W7500x_stdPeriph_Driver/src/W7500x_crg.c.obj
 .debug_aranges
                0x000002f0      0x118 CMakeFiles/MemoryToMemory.dir/__/__/__/__/Libraries/W7500x_stdPeriph_Driver/src/W7500x_uart.c.obj

.debug_ranges   0x00000000      0x378
 .debug_ranges  0x00000000       0x60 CMakeFiles/MemoryToMemory.dir/main.c.obj
 .debug_ranges  0x00000060       0xf8 CMakeFiles/MemoryToMemory.dir/W7500x_it.c.obj
 .debug_ranges  0x00000158       0x10 CMakeFiles/MemoryToMemory.dir/retarget.c.obj
 .debug_ranges  0x00000168       0x28 CMakeFiles/MemoryToMemory.dir/__/__/__/__/Libraries/W7500x_stdPeriph_Driver/src/W7500x_dma.c.obj
 .debug_ranges  0x00000190       0x20 CMakeFiles/MemoryToMemory.dir/__/__/__/__/Libraries/CMSIS/Device/WIZnet/W7500/Source/system_W7500x.c.obj
 .debug_ranges  0x000001b0       0xc0 CMakeFiles/MemoryToMemory.dir/__/__/__/__/Libraries/W7500x_stdPeriph_Driver/src/W7500x_crg.c.obj
 .debug_ranges  0x00000270      0x108 CMakeFiles/MemoryToMemory.dir/__/__/__/__/Libraries/W7500x_stdPeriph_Driver/src/W7500x_uart.c.obj

.debug_macro    0x00000000     0x3d31
 .debug_macro   0x00000000      0x210 CMakeFiles/MemoryToMemory.dir/main.c.obj
 .debug_macro   0x00000210      0xa3c CMakeFiles/MemoryToMemory.dir/main.c.obj
 .debug_macro   0x00000c4c       0x22 CMakeFiles/MemoryToMemory.dir/main.c.obj
 .debug_macro   0x00000c6e       0x5e CMakeFiles/MemoryToMemory.dir/main.c.obj
 .debug_macro   0x00000ccc       0x18 CMakeFiles/MemoryToMemory.dir/main.c.obj
 .debug_macro   0x00000ce4       0x94 CMakeFiles/MemoryToMemory.dir/main.c.obj
 .debug_macro   0x00000d78       0x35 CMakeFiles/MemoryToMemory.dir/main.c.obj
 .debug_macro   0x00000dad       0x34 CMakeFiles/MemoryToMemory.dir/main.c.obj
 .debug_macro   0x00000de1       0x16 CMakeFiles/MemoryToMemory.dir/main.c.obj
 .debug_macro   0x00000df7       0x57 CMakeFiles/MemoryToMemory.dir/main.c.obj
 .debug_macro   0x00000e4e       0x97 CMakeFiles/MemoryToMemory.dir/main.c.obj
 .debug_macro   0x00000ee5      0x341 CMakeFiles/MemoryToMemory.dir/main.c.obj
 .debug_macro   0x00001226       0xfd CMakeFiles/MemoryToMemory.dir/main.c.obj
 .debug_macro   0x00001323       0x10 CMakeFiles/MemoryToMemory.dir/main.c.obj
 .debug_macro   0x00001333       0x16 CMakeFiles/MemoryToMemory.dir/main.c.obj
 .debug_macro   0x00001349       0x43 CMakeFiles/MemoryToMemory.dir/main.c.obj
 .debug_macro   0x0000138c       0x34 CMakeFiles/MemoryToMemory.dir/main.c.obj
 .debug_macro   0x000013c0       0x10 CMakeFiles/MemoryToMemory.dir/main.c.obj
 .debug_macro   0x000013d0       0x58 CMakeFiles/MemoryToMemory.dir/main.c.obj
 .debug_macro   0x00001428      0x182 CMakeFiles/MemoryToMemory.dir/main.c.obj
 .debug_macro   0x000015aa       0x10 CMakeFiles/MemoryToMemory.dir/main.c.obj
 .debug_macro   0x000015ba       0x6a CMakeFiles/MemoryToMemory.dir/main.c.obj
 .debug_macro   0x00001624       0x1c CMakeFiles/MemoryToMemory.dir/main.c.obj
 .debug_macro   0x00001640       0x52 CMakeFiles/MemoryToMemory.dir/main.c.obj
 .debug_macro   0x00001692       0x22 CMakeFiles/MemoryToMemory.dir/main.c.obj
 .debug_macro   0x000016b4       0x10 CMakeFiles/MemoryToMemory.dir/main.c.obj
 .debug_macro   0x000016c4       0x52 CMakeFiles/MemoryToMemory.dir/main.c.obj
 .debug_macro   0x00001716       0xd5 CMakeFiles/MemoryToMemory.dir/main.c.obj
 .debug_macro   0x000017eb       0x1c CMakeFiles/MemoryToMemory.dir/main.c.obj
 .debug_macro   0x00001807       0x3d CMakeFiles/MemoryToMemory.dir/main.c.obj
 .debug_macro   0x00001844       0x16 CMakeFiles/MemoryToMemory.dir/main.c.obj
 .debug_macro   0x0000185a      0x16f CMakeFiles/MemoryToMemory.dir/main.c.obj
 .debug_macro   0x000019c9       0x22 CMakeFiles/MemoryToMemory.dir/main.c.obj
 .debug_macro   0x000019eb       0x3a CMakeFiles/MemoryToMemory.dir/main.c.obj
 .debug_macro   0x00001a25      0x103 CMakeFiles/MemoryToMemory.dir/main.c.obj
 .debug_macro   0x00001b28      0x1df CMakeFiles/MemoryToMemory.dir/main.c.obj
 .debug_macro   0x00001d07       0x1f CMakeFiles/MemoryToMemory.dir/main.c.obj
 .debug_macro   0x00001d26      0x242 CMakeFiles/MemoryToMemory.dir/main.c.obj
 .debug_macro   0x00001f68       0x10 CMakeFiles/MemoryToMemory.dir/main.c.obj
 .debug_macro   0x00001f78      0xa22 CMakeFiles/MemoryToMemory.dir/main.c.obj
 .debug_macro   0x0000299a      0x153 CMakeFiles/MemoryToMemory.dir/main.c.obj
 .debug_macro   0x00002aed      0x233 CMakeFiles/MemoryToMemory.dir/main.c.obj
 .debug_macro   0x00002d20       0xbe CMakeFiles/MemoryToMemory.dir/main.c.obj
 .debug_macro   0x00002dde      0x208 CMakeFiles/MemoryToMemory.dir/W7500x_it.c.obj
 .debug_macro   0x00002fe6      0x254 CMakeFiles/MemoryToMemory.dir/retarget.c.obj
 .debug_macro   0x0000323a      0x22d CMakeFiles/MemoryToMemory.dir/retarget.c.obj
 .debug_macro   0x00003467       0x16 CMakeFiles/MemoryToMemory.dir/retarget.c.obj
 .debug_macro   0x0000347d       0x35 CMakeFiles/MemoryToMemory.dir/retarget.c.obj
 .debug_macro   0x000034b2       0x10 CMakeFiles/MemoryToMemory.dir/retarget.c.obj
 .debug_macro   0x000034c2       0x10 CMakeFiles/MemoryToMemory.dir/retarget.c.obj
 .debug_macro   0x000034d2       0x35 CMakeFiles/MemoryToMemory.dir/retarget.c.obj
 .debug_macro   0x00003507      0x12c CMakeFiles/MemoryToMemory.dir/retarget.c.obj
 .debug_macro   0x00003633      0x20a CMakeFiles/MemoryToMemory.dir/__/__/__/__/Libraries/W7500x_stdPeriph_Driver/src/W7500x_dma.c.obj
 .debug_macro   0x0000383d      0x14d CMakeFiles/MemoryToMemory.dir/__/__/__/__/Libraries/W7500x_stdPeriph_Driver/src/W7500x_dma.c.obj
 .debug_macro   0x0000398a       0xa6 CMakeFiles/MemoryToMemory.dir/__/__/__/__/Libraries/CMSIS/Device/WIZnet/W7500/Source/system_W7500x.c.obj
 .debug_macro   0x00003a30       0x8e CMakeFiles/MemoryToMemory.dir/__/__/__/__/Libraries/CMSIS/Device/WIZnet/W7500/Source/system_W7500x.c.obj
 .debug_macro   0x00003abe       0x51 CMakeFiles/MemoryToMemory.dir/__/__/__/__/Libraries/CMSIS/Device/WIZnet/W7500/Source/system_W7500x.c.obj
 .debug_macro   0x00003b0f       0xb5 CMakeFiles/MemoryToMemory.dir/__/__/__/__/Libraries/W7500x_stdPeriph_Driver/src/W7500x_crg.c.obj
 .debug_macro   0x00003bc4       0xb8 CMakeFiles/MemoryToMemory.dir/__/__/__/__/Libraries/W7500x_stdPeriph_Driver/src/W7500x_crg.c.obj
 .debug_macro   0x00003c7c       0xb5 CMakeFiles/MemoryToMemory.dir/__/__/__/__/Libraries/W7500x_stdPeriph_Driver/src/W7500x_uart.c.obj

.debug_line     0x00000000     0x316f
 .debug_line    0x00000000      0x887 CMakeFiles/MemoryToMemory.dir/main.c.obj
 .debug_line    0x00000887      0x707 CMakeFiles/MemoryToMemory.dir/W7500x_it.c.obj
 .debug_line    0x00000f8e      0x4a9 CMakeFiles/MemoryToMemory.dir/retarget.c.obj
 .debug_line    0x00001437       0x9d CMakeFiles/MemoryToMemory.dir/__/__/__/__/Libraries/Startup/startup_W7500.s.obj
 .debug_line    0x000014d4      0x6ac CMakeFiles/MemoryToMemory.dir/__/__/__/__/Libraries/W7500x_stdPeriph_Driver/src/W7500x_dma.c.obj
 .debug_line    0x00001b80      0x3b3 CMakeFiles/MemoryToMemory.dir/__/__/__/__/Libraries/CMSIS/Device/WIZnet/W7500/Source/system_W7500x.c.obj
 .debug_line    0x00001f33      0xa75 CMakeFiles/MemoryToMemory.dir/__/__/__/__/Libraries/W7500x_stdPeriph_Driver/src/W7500x_crg.c.obj
 .debug_line    0x000029a8      0x7c7 CMakeFiles/MemoryToMemory.dir/__/__/__/__/Libraries/W7500x_stdPeriph_Driver/src/W7500x_uart.c.obj

.debug_str      0x00000000     0xf413
 .debug_str     0x00000000     0xe11c CMakeFiles/MemoryToMemory.dir/main.c.obj
                               0xe32b (size before relaxing)
 .debug_str     0x0000e11c      0x1f5 CMakeFiles/MemoryToMemory.dir/W7500x_it.c.obj
                               0xc0d6 (size before relaxing)
 .debug_str     0x0000e311      0x605 CMakeFiles/MemoryToMemory.dir/retarget.c.obj
                               0xd1e1 (size before relaxing)
 .debug_str     0x0000e916       0x3a CMakeFiles/MemoryToMemory.dir/__/__/__/__/Libraries/Startup/startup_W7500.s.obj
                                 0x7a (size before relaxing)
 .debug_str     0x0000e950      0x163 CMakeFiles/MemoryToMemory.dir/__/__/__/__/Libraries/W7500x_stdPeriph_Driver/src/W7500x_dma.c.obj
                               0xc005 (size before relaxing)
 .debug_str     0x0000eab3      0x323 CMakeFiles/MemoryToMemory.dir/__/__/__/__/Libraries/CMSIS/Device/WIZnet/W7500/Source/system_W7500x.c.obj
                               0x7d19 (size before relaxing)
 .debug_str     0x0000edd6      0x381 CMakeFiles/MemoryToMemory.dir/__/__/__/__/Libraries/W7500x_stdPeriph_Driver/src/W7500x_crg.c.obj
                               0x8972 (size before relaxing)
 .debug_str     0x0000f157      0x2bc CMakeFiles/MemoryToMemory.dir/__/__/__/__/Libraries/W7500x_stdPeriph_Driver/src/W7500x_uart.c.obj
                               0x9793 (size before relaxing)

.stab           0x00000000       0x84
 .stab          0x00000000       0x24 c:/program files (x86)/gnu arm embedded toolchain/10 2021.10/bin/../lib/gcc/arm-none-eabi/10.3.1/../../../../arm-none-eabi/lib/thumb/v6-m/nofp\libnosys.a(close.o)
 .stab          0x00000024       0x18 c:/program files (x86)/gnu arm embedded toolchain/10 2021.10/bin/../lib/gcc/arm-none-eabi/10.3.1/../../../../arm-none-eabi/lib/thumb/v6-m/nofp\libnosys.a(fstat.o)
                                 0x24 (size before relaxing)
 .stab          0x0000003c       0x18 c:/program files (x86)/gnu arm embedded toolchain/10 2021.10/bin/../lib/gcc/arm-none-eabi/10.3.1/../../../../arm-none-eabi/lib/thumb/v6-m/nofp\libnosys.a(isatty.o)
                                 0x24 (size before relaxing)
 .stab          0x00000054       0x18 c:/program files (x86)/gnu arm embedded toolchain/10 2021.10/bin/../lib/gcc/arm-none-eabi/10.3.1/../../../../arm-none-eabi/lib/thumb/v6-m/nofp\libnosys.a(lseek.o)
                                 0x24 (size before relaxing)
 .stab          0x0000006c       0x18 c:/program files (x86)/gnu arm embedded toolchain/10 2021.10/bin/../lib/gcc/arm-none-eabi/10.3.1/../../../../arm-none-eabi/lib/thumb/v6-m/nofp\libnosys.a(read.o)
                                 0x24 (size before relaxing)

.stabstr        0x00000000      0x117
 .stabstr       0x00000000      0x117 c:/program files (x86)/gnu arm embedded toolchain/10 2021.10/bin/../lib/gcc/arm-none-eabi/10.3.1/../../../../arm-none-eabi/lib/thumb/v6-m/nofp\libnosys.a(close.o)

Cross Reference Table

Symbol                                            File
ADC_Handler                                       CMakeFiles/MemoryToMemory.dir/W7500x_it.c.obj
BusFault_Handler                                  CMakeFiles/MemoryToMemory.dir/__/__/__/__/Libraries/Startup/startup_W7500.s.obj
CRG_ADCCLK_SetPrescale                            CMakeFiles/MemoryToMemory.dir/__/__/__/__/Libraries/W7500x_stdPeriph_Driver/src/W7500x_crg.c.obj
CRG_ADCCLK_SourceSelect                           CMakeFiles/MemoryToMemory.dir/__/__/__/__/Libraries/W7500x_stdPeriph_Driver/src/W7500x_crg.c.obj
CRG_DeInit                                        CMakeFiles/MemoryToMemory.dir/__/__/__/__/Libraries/W7500x_stdPeriph_Driver/src/W7500x_crg.c.obj
CRG_FCLK_SetPrescale                              CMakeFiles/MemoryToMemory.dir/__/__/__/__/Libraries/W7500x_stdPeriph_Driver/src/W7500x_crg.c.obj
CRG_FCLK_SourceSelect                             CMakeFiles/MemoryToMemory.dir/__/__/__/__/Libraries/W7500x_stdPeriph_Driver/src/W7500x_crg.c.obj
CRG_GetMonitoringClock                            CMakeFiles/MemoryToMemory.dir/__/__/__/__/Libraries/W7500x_stdPeriph_Driver/src/W7500x_crg.c.obj
CRG_MII_Enable                                    CMakeFiles/MemoryToMemory.dir/__/__/__/__/Libraries/W7500x_stdPeriph_Driver/src/W7500x_crg.c.obj
CRG_OSC_PowerDownEnable                           CMakeFiles/MemoryToMemory.dir/__/__/__/__/Libraries/W7500x_stdPeriph_Driver/src/W7500x_crg.c.obj
CRG_PLL_BypassEnable                              CMakeFiles/MemoryToMemory.dir/__/__/__/__/Libraries/W7500x_stdPeriph_Driver/src/W7500x_crg.c.obj
CRG_PLL_InputFrequencySelect                      CMakeFiles/MemoryToMemory.dir/__/__/__/__/Libraries/W7500x_stdPeriph_Driver/src/W7500x_crg.c.obj
                                                  CMakeFiles/MemoryToMemory.dir/main.c.obj
CRG_PLL_OutputEnable                              CMakeFiles/MemoryToMemory.dir/__/__/__/__/Libraries/W7500x_stdPeriph_Driver/src/W7500x_crg.c.obj
CRG_PLL_PowerDownEnable                           CMakeFiles/MemoryToMemory.dir/__/__/__/__/Libraries/W7500x_stdPeriph_Driver/src/W7500x_crg.c.obj
CRG_PWMCLK_SetPrescale                            CMakeFiles/MemoryToMemory.dir/__/__/__/__/Libraries/W7500x_stdPeriph_Driver/src/W7500x_crg.c.obj
CRG_PWMCLK_SourceSelect                           CMakeFiles/MemoryToMemory.dir/__/__/__/__/Libraries/W7500x_stdPeriph_Driver/src/W7500x_crg.c.obj
CRG_SSPCLK_SetPrescale                            CMakeFiles/MemoryToMemory.dir/__/__/__/__/Libraries/W7500x_stdPeriph_Driver/src/W7500x_crg.c.obj
CRG_SSPCLK_SourceSelect                           CMakeFiles/MemoryToMemory.dir/__/__/__/__/Libraries/W7500x_stdPeriph_Driver/src/W7500x_crg.c.obj
CRG_SetMonitoringClock                            CMakeFiles/MemoryToMemory.dir/__/__/__/__/Libraries/W7500x_stdPeriph_Driver/src/W7500x_crg.c.obj
CRG_TIMERCLK_SetPrescale                          CMakeFiles/MemoryToMemory.dir/__/__/__/__/Libraries/W7500x_stdPeriph_Driver/src/W7500x_crg.c.obj
CRG_TIMERCLK_SourceSelect                         CMakeFiles/MemoryToMemory.dir/__/__/__/__/Libraries/W7500x_stdPeriph_Driver/src/W7500x_crg.c.obj
CRG_UARTCLK_SetPrescale                           CMakeFiles/MemoryToMemory.dir/__/__/__/__/Libraries/W7500x_stdPeriph_Driver/src/W7500x_crg.c.obj
CRG_UARTCLK_SourceSelect                          CMakeFiles/MemoryToMemory.dir/__/__/__/__/Libraries/W7500x_stdPeriph_Driver/src/W7500x_crg.c.obj
CRG_WDOGCLK_HS_SetPrescale                        CMakeFiles/MemoryToMemory.dir/__/__/__/__/Libraries/W7500x_stdPeriph_Driver/src/W7500x_crg.c.obj
CRG_WDOGCLK_HS_SourceSelect                       CMakeFiles/MemoryToMemory.dir/__/__/__/__/Libraries/W7500x_stdPeriph_Driver/src/W7500x_crg.c.obj
DMA_Handler                                       CMakeFiles/MemoryToMemory.dir/W7500x_it.c.obj
DUALTIMER0_Handler                                CMakeFiles/MemoryToMemory.dir/W7500x_it.c.obj
DUALTIMER1_Handler                                CMakeFiles/MemoryToMemory.dir/W7500x_it.c.obj
DebugMon_Handler                                  CMakeFiles/MemoryToMemory.dir/__/__/__/__/Libraries/Startup/startup_W7500.s.obj
EXTI_Handler                                      CMakeFiles/MemoryToMemory.dir/W7500x_it.c.obj
GPIO_Configuration                                CMakeFiles/MemoryToMemory.dir/__/__/__/__/Libraries/W7500x_stdPeriph_Driver/src/W7500x_gpio.c.obj
GPIO_DeInit                                       CMakeFiles/MemoryToMemory.dir/__/__/__/__/Libraries/W7500x_stdPeriph_Driver/src/W7500x_gpio.c.obj
GPIO_INT_Clear                                    CMakeFiles/MemoryToMemory.dir/__/__/__/__/Libraries/W7500x_stdPeriph_Driver/src/W7500x_gpio.c.obj
GPIO_INT_Configuration                            CMakeFiles/MemoryToMemory.dir/__/__/__/__/Libraries/W7500x_stdPeriph_Driver/src/W7500x_gpio.c.obj
GPIO_INT_Enable                                   CMakeFiles/MemoryToMemory.dir/__/__/__/__/Libraries/W7500x_stdPeriph_Driver/src/W7500x_gpio.c.obj
GPIO_INT_Enable_Bits                              CMakeFiles/MemoryToMemory.dir/__/__/__/__/Libraries/W7500x_stdPeriph_Driver/src/W7500x_gpio.c.obj
GPIO_INT_Polarity                                 CMakeFiles/MemoryToMemory.dir/__/__/__/__/Libraries/W7500x_stdPeriph_Driver/src/W7500x_gpio.c.obj
GPIO_INT_Polarity_Bits                            CMakeFiles/MemoryToMemory.dir/__/__/__/__/Libraries/W7500x_stdPeriph_Driver/src/W7500x_gpio.c.obj
GPIO_Init                                         CMakeFiles/MemoryToMemory.dir/__/__/__/__/Libraries/W7500x_stdPeriph_Driver/src/W7500x_gpio.c.obj
GPIO_ReadInputData                                CMakeFiles/MemoryToMemory.dir/__/__/__/__/Libraries/W7500x_stdPeriph_Driver/src/W7500x_gpio.c.obj
GPIO_ReadInputDataBit                             CMakeFiles/MemoryToMemory.dir/__/__/__/__/Libraries/W7500x_stdPeriph_Driver/src/W7500x_gpio.c.obj
GPIO_ReadOutputData                               CMakeFiles/MemoryToMemory.dir/__/__/__/__/Libraries/W7500x_stdPeriph_Driver/src/W7500x_gpio.c.obj
GPIO_ReadOutputDataBit                            CMakeFiles/MemoryToMemory.dir/__/__/__/__/Libraries/W7500x_stdPeriph_Driver/src/W7500x_gpio.c.obj
GPIO_Read_INTstatus                               CMakeFiles/MemoryToMemory.dir/__/__/__/__/Libraries/W7500x_stdPeriph_Driver/src/W7500x_gpio.c.obj
GPIO_ResetBits                                    CMakeFiles/MemoryToMemory.dir/__/__/__/__/Libraries/W7500x_stdPeriph_Driver/src/W7500x_gpio.c.obj
GPIO_SetBits                                      CMakeFiles/MemoryToMemory.dir/__/__/__/__/Libraries/W7500x_stdPeriph_Driver/src/W7500x_gpio.c.obj
GPIO_StructInit                                   CMakeFiles/MemoryToMemory.dir/__/__/__/__/Libraries/W7500x_stdPeriph_Driver/src/W7500x_gpio.c.obj
GPIO_ToggleBits                                   CMakeFiles/MemoryToMemory.dir/__/__/__/__/Libraries/W7500x_stdPeriph_Driver/src/W7500x_gpio.c.obj
GPIO_Write                                        CMakeFiles/MemoryToMemory.dir/__/__/__/__/Libraries/W7500x_stdPeriph_Driver/src/W7500x_gpio.c.obj
GPIO_WriteBit                                     CMakeFiles/MemoryToMemory.dir/__/__/__/__/Libraries/W7500x_stdPeriph_Driver/src/W7500x_gpio.c.obj
GetSystemClock                                    CMakeFiles/MemoryToMemory.dir/__/__/__/__/Libraries/CMSIS/Device/WIZnet/W7500/Source/system_W7500x.c.obj
                                                  CMakeFiles/MemoryToMemory.dir/__/__/__/__/Libraries/W7500x_stdPeriph_Driver/src/W7500x_uart.c.obj
                                                  CMakeFiles/MemoryToMemory.dir/main.c.obj
HardFault_Handler                                 CMakeFiles/MemoryToMemory.dir/W7500x_it.c.obj
I2C0_Handler                                      CMakeFiles/MemoryToMemory.dir/W7500x_it.c.obj
I2C1_Handler                                      CMakeFiles/MemoryToMemory.dir/W7500x_it.c.obj
MemManage_Handler                                 CMakeFiles/MemoryToMemory.dir/__/__/__/__/Libraries/Startup/startup_W7500.s.obj
NMI_Handler                                       CMakeFiles/MemoryToMemory.dir/W7500x_it.c.obj
PAD_AFConfig                                      CMakeFiles/MemoryToMemory.dir/__/__/__/__/Libraries/W7500x_stdPeriph_Driver/src/W7500x_gpio.c.obj
PORT0_Handler                                     CMakeFiles/MemoryToMemory.dir/W7500x_it.c.obj
PORT1_Handler                                     CMakeFiles/MemoryToMemory.dir/W7500x_it.c.obj
PORT2_Handler                                     CMakeFiles/MemoryToMemory.dir/W7500x_it.c.obj
PORT3_Handler                                     CMakeFiles/MemoryToMemory.dir/W7500x_it.c.obj
PWM0_Handler                                      CMakeFiles/MemoryToMemory.dir/W7500x_it.c.obj
PWM1_Handler                                      CMakeFiles/MemoryToMemory.dir/W7500x_it.c.obj
PWM2_Handler                                      CMakeFiles/MemoryToMemory.dir/W7500x_it.c.obj
PWM3_Handler                                      CMakeFiles/MemoryToMemory.dir/W7500x_it.c.obj
PWM4_Handler                                      CMakeFiles/MemoryToMemory.dir/W7500x_it.c.obj
PWM5_Handler                                      CMakeFiles/MemoryToMemory.dir/W7500x_it.c.obj
PWM6_Handler                                      CMakeFiles/MemoryToMemory.dir/W7500x_it.c.obj
PWM7_Handler                                      CMakeFiles/MemoryToMemory.dir/W7500x_it.c.obj
PendSV_Handler                                    CMakeFiles/MemoryToMemory.dir/W7500x_it.c.obj
RTC_Handler                                       CMakeFiles/MemoryToMemory.dir/__/__/__/__/Libraries/Startup/startup_W7500.s.obj
Reset_Handler                                     CMakeFiles/MemoryToMemory.dir/__/__/__/__/Libraries/Startup/startup_W7500.s.obj
SSP0_Handler                                      CMakeFiles/MemoryToMemory.dir/W7500x_it.c.obj
SSP1_Handler                                      CMakeFiles/MemoryToMemory.dir/W7500x_it.c.obj
SVC_Handler                                       CMakeFiles/MemoryToMemory.dir/W7500x_it.c.obj
S_UART_ClearITPendingBit                          CMakeFiles/MemoryToMemory.dir/__/__/__/__/Libraries/W7500x_stdPeriph_Driver/src/W7500x_uart.c.obj
S_UART_DeInit                                     CMakeFiles/MemoryToMemory.dir/__/__/__/__/Libraries/W7500x_stdPeriph_Driver/src/W7500x_uart.c.obj
S_UART_GetFlagStatus                              CMakeFiles/MemoryToMemory.dir/__/__/__/__/Libraries/W7500x_stdPeriph_Driver/src/W7500x_uart.c.obj
S_UART_GetITStatus                                CMakeFiles/MemoryToMemory.dir/__/__/__/__/Libraries/W7500x_stdPeriph_Driver/src/W7500x_uart.c.obj
S_UART_ITConfig                                   CMakeFiles/MemoryToMemory.dir/__/__/__/__/Libraries/W7500x_stdPeriph_Driver/src/W7500x_uart.c.obj
S_UART_Init                                       CMakeFiles/MemoryToMemory.dir/__/__/__/__/Libraries/W7500x_stdPeriph_Driver/src/W7500x_uart.c.obj
                                                  CMakeFiles/MemoryToMemory.dir/main.c.obj
S_UART_ReceiveData                                CMakeFiles/MemoryToMemory.dir/__/__/__/__/Libraries/W7500x_stdPeriph_Driver/src/W7500x_uart.c.obj
S_UART_SendData                                   CMakeFiles/MemoryToMemory.dir/__/__/__/__/Libraries/W7500x_stdPeriph_Driver/src/W7500x_uart.c.obj
S_UART_SetBaud                                    CMakeFiles/MemoryToMemory.dir/__/__/__/__/Libraries/W7500x_stdPeriph_Driver/src/W7500x_uart.c.obj
S_UART_SetCTRL                                    CMakeFiles/MemoryToMemory.dir/__/__/__/__/Libraries/W7500x_stdPeriph_Driver/src/W7500x_uart.c.obj
S_UartGetc                                        CMakeFiles/MemoryToMemory.dir/__/__/__/__/Libraries/W7500x_stdPeriph_Driver/src/W7500x_uart.c.obj
S_UartPutc                                        CMakeFiles/MemoryToMemory.dir/__/__/__/__/Libraries/W7500x_stdPeriph_Driver/src/W7500x_uart.c.obj
                                                  CMakeFiles/MemoryToMemory.dir/retarget.c.obj
S_UartPuts                                        CMakeFiles/MemoryToMemory.dir/__/__/__/__/Libraries/W7500x_stdPeriph_Driver/src/W7500x_uart.c.obj
SysTick_Handler                                   CMakeFiles/MemoryToMemory.dir/W7500x_it.c.obj
SystemCoreClock                                   CMakeFiles/MemoryToMemory.dir/__/__/__/__/Libraries/CMSIS/Device/WIZnet/W7500/Source/system_W7500x.c.obj
SystemCoreClockUpdate                             CMakeFiles/MemoryToMemory.dir/__/__/__/__/Libraries/CMSIS/Device/WIZnet/W7500/Source/system_W7500x.c.obj
SystemFrequency                                   CMakeFiles/MemoryToMemory.dir/__/__/__/__/Libraries/CMSIS/Device/WIZnet/W7500/Source/system_W7500x.c.obj
SystemInit                                        CMakeFiles/MemoryToMemory.dir/__/__/__/__/Libraries/CMSIS/Device/WIZnet/W7500/Source/system_W7500x.c.obj
                                                  CMakeFiles/MemoryToMemory.dir/main.c.obj
TimingDelay_Decrement                             CMakeFiles/MemoryToMemory.dir/main.c.obj
                                                  CMakeFiles/MemoryToMemory.dir/W7500x_it.c.obj
UART0_Handler                                     CMakeFiles/MemoryToMemory.dir/W7500x_it.c.obj
UART1_Handler                                     CMakeFiles/MemoryToMemory.dir/W7500x_it.c.obj
UART2_Handler                                     CMakeFiles/MemoryToMemory.dir/W7500x_it.c.obj
UART_ClearFlag                                    CMakeFiles/MemoryToMemory.dir/__/__/__/__/Libraries/W7500x_stdPeriph_Driver/src/W7500x_uart.c.obj
UART_ClearITPendingBit                            CMakeFiles/MemoryToMemory.dir/__/__/__/__/Libraries/W7500x_stdPeriph_Driver/src/W7500x_uart.c.obj
UART_ClearRecvStatus                              CMakeFiles/MemoryToMemory.dir/__/__/__/__/Libraries/W7500x_stdPeriph_Driver/src/W7500x_uart.c.obj
UART_DMA_Config                                   CMakeFiles/MemoryToMemory.dir/__/__/__/__/Libraries/W7500x_stdPeriph_Driver/src/W7500x_uart.c.obj
UART_DeInit                                       CMakeFiles/MemoryToMemory.dir/__/__/__/__/Libraries/W7500x_stdPeriph_Driver/src/W7500x_uart.c.obj
UART_FIFO_Disable                                 CMakeFiles/MemoryToMemory.dir/__/__/__/__/Libraries/W7500x_stdPeriph_Driver/src/W7500x_uart.c.obj
UART_FIFO_Enable                                  CMakeFiles/MemoryToMemory.dir/__/__/__/__/Libraries/W7500x_stdPeriph_Driver/src/W7500x_uart.c.obj
UART_GetFlagStatus                                CMakeFiles/MemoryToMemory.dir/__/__/__/__/Libraries/W7500x_stdPeriph_Driver/src/W7500x_uart.c.obj
UART_GetITStatus                                  CMakeFiles/MemoryToMemory.dir/__/__/__/__/Libraries/W7500x_stdPeriph_Driver/src/W7500x_uart.c.obj
UART_GetRecvStatus                                CMakeFiles/MemoryToMemory.dir/__/__/__/__/Libraries/W7500x_stdPeriph_Driver/src/W7500x_uart.c.obj
UART_ITConfig                                     CMakeFiles/MemoryToMemory.dir/__/__/__/__/Libraries/W7500x_stdPeriph_Driver/src/W7500x_uart.c.obj
UART_Init                                         CMakeFiles/MemoryToMemory.dir/__/__/__/__/Libraries/W7500x_stdPeriph_Driver/src/W7500x_uart.c.obj
UART_InitStructure                                CMakeFiles/MemoryToMemory.dir/main.c.obj
UART_ReceiveData                                  CMakeFiles/MemoryToMemory.dir/__/__/__/__/Libraries/W7500x_stdPeriph_Driver/src/W7500x_uart.c.obj
UART_SendBreak                                    CMakeFiles/MemoryToMemory.dir/__/__/__/__/Libraries/W7500x_stdPeriph_Driver/src/W7500x_uart.c.obj
UART_SendData                                     CMakeFiles/MemoryToMemory.dir/__/__/__/__/Libraries/W7500x_stdPeriph_Driver/src/W7500x_uart.c.obj
UART_StructInit                                   CMakeFiles/MemoryToMemory.dir/__/__/__/__/Libraries/W7500x_stdPeriph_Driver/src/W7500x_uart.c.obj
UartGetc                                          CMakeFiles/MemoryToMemory.dir/__/__/__/__/Libraries/W7500x_stdPeriph_Driver/src/W7500x_uart.c.obj
UartPutc                                          CMakeFiles/MemoryToMemory.dir/__/__/__/__/Libraries/W7500x_stdPeriph_Driver/src/W7500x_uart.c.obj
UartPuts                                          CMakeFiles/MemoryToMemory.dir/__/__/__/__/Libraries/W7500x_stdPeriph_Driver/src/W7500x_uart.c.obj
UsageFault_Handler                                CMakeFiles/MemoryToMemory.dir/__/__/__/__/Libraries/Startup/startup_W7500.s.obj
WZTOE_Handler                                     CMakeFiles/MemoryToMemory.dir/W7500x_it.c.obj
__HEAP_SIZE                                       CMakeFiles/MemoryToMemory.dir/__/__/__/__/Libraries/Startup/startup_W7500.s.obj
__HeapBase                                        CMakeFiles/MemoryToMemory.dir/__/__/__/__/Libraries/Startup/startup_W7500.s.obj
__HeapLimit                                       CMakeFiles/MemoryToMemory.dir/__/__/__/__/Libraries/Startup/startup_W7500.s.obj
__STACK_SIZE                                      CMakeFiles/MemoryToMemory.dir/__/__/__/__/Libraries/Startup/startup_W7500.s.obj
__StackLimit                                      CMakeFiles/MemoryToMemory.dir/__/__/__/__/Libraries/Startup/startup_W7500.s.obj
__StackTop                                        CMakeFiles/MemoryToMemory.dir/__/__/__/__/Libraries/Startup/startup_W7500.s.obj
__aeabi_cdcmpeq                                   c:/program files (x86)/gnu arm embedded toolchain/10 2021.10/bin/../lib/gcc/arm-none-eabi/10.3.1/thumb/v6-m/nofp\libgcc.a(_arm_cmpdf2.o)
__aeabi_cdcmple                                   c:/program files (x86)/gnu arm embedded toolchain/10 2021.10/bin/../lib/gcc/arm-none-eabi/10.3.1/thumb/v6-m/nofp\libgcc.a(_arm_cmpdf2.o)
__aeabi_cdrcmple                                  c:/program files (x86)/gnu arm embedded toolchain/10 2021.10/bin/../lib/gcc/arm-none-eabi/10.3.1/thumb/v6-m/nofp\libgcc.a(_arm_cmpdf2.o)
__aeabi_cfcmpeq                                   c:/program files (x86)/gnu arm embedded toolchain/10 2021.10/bin/../lib/gcc/arm-none-eabi/10.3.1/thumb/v6-m/nofp\libgcc.a(_arm_cmpsf2.o)
__aeabi_cfcmple                                   c:/program files (x86)/gnu arm embedded toolchain/10 2021.10/bin/../lib/gcc/arm-none-eabi/10.3.1/thumb/v6-m/nofp\libgcc.a(_arm_cmpsf2.o)
__aeabi_cfrcmple                                  c:/program files (x86)/gnu arm embedded toolchain/10 2021.10/bin/../lib/gcc/arm-none-eabi/10.3.1/thumb/v6-m/nofp\libgcc.a(_arm_cmpsf2.o)
__aeabi_d2iz                                      c:/program files (x86)/gnu arm embedded toolchain/10 2021.10/bin/../lib/gcc/arm-none-eabi/10.3.1/thumb/v6-m/nofp\libgcc.a(fixdfsi.o)
                                                  c:/program files (x86)/gnu arm embedded toolchain/10 2021.10/bin/../lib/gcc/arm-none-eabi/10.3.1/thumb/v6-m/nofp\libgcc.a(_fixunsdfsi.o)
__aeabi_d2uiz                                     c:/program files (x86)/gnu arm embedded toolchain/10 2021.10/bin/../lib/gcc/arm-none-eabi/10.3.1/thumb/v6-m/nofp\libgcc.a(_fixunsdfsi.o)
                                                  CMakeFiles/MemoryToMemory.dir/__/__/__/__/Libraries/W7500x_stdPeriph_Driver/src/W7500x_uart.c.obj
__aeabi_dadd                                      c:/program files (x86)/gnu arm embedded toolchain/10 2021.10/bin/../lib/gcc/arm-none-eabi/10.3.1/thumb/v6-m/nofp\libgcc.a(adddf3.o)
                                                  CMakeFiles/MemoryToMemory.dir/__/__/__/__/Libraries/W7500x_stdPeriph_Driver/src/W7500x_uart.c.obj
__aeabi_dcmpeq                                    c:/program files (x86)/gnu arm embedded toolchain/10 2021.10/bin/../lib/gcc/arm-none-eabi/10.3.1/thumb/v6-m/nofp\libgcc.a(_arm_cmpdf2.o)
__aeabi_dcmpge                                    c:/program files (x86)/gnu arm embedded toolchain/10 2021.10/bin/../lib/gcc/arm-none-eabi/10.3.1/thumb/v6-m/nofp\libgcc.a(_arm_cmpdf2.o)
                                                  c:/program files (x86)/gnu arm embedded toolchain/10 2021.10/bin/../lib/gcc/arm-none-eabi/10.3.1/thumb/v6-m/nofp\libgcc.a(_fixunsdfsi.o)
__aeabi_dcmpgt                                    c:/program files (x86)/gnu arm embedded toolchain/10 2021.10/bin/../lib/gcc/arm-none-eabi/10.3.1/thumb/v6-m/nofp\libgcc.a(_arm_cmpdf2.o)
__aeabi_dcmple                                    c:/program files (x86)/gnu arm embedded toolchain/10 2021.10/bin/../lib/gcc/arm-none-eabi/10.3.1/thumb/v6-m/nofp\libgcc.a(_arm_cmpdf2.o)
__aeabi_dcmplt                                    c:/program files (x86)/gnu arm embedded toolchain/10 2021.10/bin/../lib/gcc/arm-none-eabi/10.3.1/thumb/v6-m/nofp\libgcc.a(_arm_cmpdf2.o)
__aeabi_dsub                                      c:/program files (x86)/gnu arm embedded toolchain/10 2021.10/bin/../lib/gcc/arm-none-eabi/10.3.1/thumb/v6-m/nofp\libgcc.a(subdf3.o)
                                                  c:/program files (x86)/gnu arm embedded toolchain/10 2021.10/bin/../lib/gcc/arm-none-eabi/10.3.1/thumb/v6-m/nofp\libgcc.a(_fixunsdfsi.o)
__aeabi_f2d                                       c:/program files (x86)/gnu arm embedded toolchain/10 2021.10/bin/../lib/gcc/arm-none-eabi/10.3.1/thumb/v6-m/nofp\libgcc.a(extendsfdf2.o)
                                                  CMakeFiles/MemoryToMemory.dir/__/__/__/__/Libraries/W7500x_stdPeriph_Driver/src/W7500x_uart.c.obj
__aeabi_f2iz                                      c:/program files (x86)/gnu arm embedded toolchain/10 2021.10/bin/../lib/gcc/arm-none-eabi/10.3.1/thumb/v6-m/nofp\libgcc.a(fixsfsi.o)
                                                  c:/program files (x86)/gnu arm embedded toolchain/10 2021.10/bin/../lib/gcc/arm-none-eabi/10.3.1/thumb/v6-m/nofp\libgcc.a(_fixunssfsi.o)
__aeabi_f2uiz                                     c:/program files (x86)/gnu arm embedded toolchain/10 2021.10/bin/../lib/gcc/arm-none-eabi/10.3.1/thumb/v6-m/nofp\libgcc.a(_fixunssfsi.o)
                                                  CMakeFiles/MemoryToMemory.dir/__/__/__/__/Libraries/W7500x_stdPeriph_Driver/src/W7500x_uart.c.obj
__aeabi_fcmpeq                                    c:/program files (x86)/gnu arm embedded toolchain/10 2021.10/bin/../lib/gcc/arm-none-eabi/10.3.1/thumb/v6-m/nofp\libgcc.a(_arm_cmpsf2.o)
__aeabi_fcmpge                                    c:/program files (x86)/gnu arm embedded toolchain/10 2021.10/bin/../lib/gcc/arm-none-eabi/10.3.1/thumb/v6-m/nofp\libgcc.a(_arm_cmpsf2.o)
                                                  c:/program files (x86)/gnu arm embedded toolchain/10 2021.10/bin/../lib/gcc/arm-none-eabi/10.3.1/thumb/v6-m/nofp\libgcc.a(_fixunssfsi.o)
__aeabi_fcmpgt                                    c:/program files (x86)/gnu arm embedded toolchain/10 2021.10/bin/../lib/gcc/arm-none-eabi/10.3.1/thumb/v6-m/nofp\libgcc.a(_arm_cmpsf2.o)
__aeabi_fcmple                                    c:/program files (x86)/gnu arm embedded toolchain/10 2021.10/bin/../lib/gcc/arm-none-eabi/10.3.1/thumb/v6-m/nofp\libgcc.a(_arm_cmpsf2.o)
__aeabi_fcmplt                                    c:/program files (x86)/gnu arm embedded toolchain/10 2021.10/bin/../lib/gcc/arm-none-eabi/10.3.1/thumb/v6-m/nofp\libgcc.a(_arm_cmpsf2.o)
__aeabi_fdiv                                      c:/program files (x86)/gnu arm embedded toolchain/10 2021.10/bin/../lib/gcc/arm-none-eabi/10.3.1/thumb/v6-m/nofp\libgcc.a(divsf3.o)
                                                  CMakeFiles/MemoryToMemory.dir/__/__/__/__/Libraries/W7500x_stdPeriph_Driver/src/W7500x_uart.c.obj
__aeabi_fmul                                      c:/program files (x86)/gnu arm embedded toolchain/10 2021.10/bin/../lib/gcc/arm-none-eabi/10.3.1/thumb/v6-m/nofp\libgcc.a(mulsf3.o)
                                                  CMakeFiles/MemoryToMemory.dir/__/__/__/__/Libraries/W7500x_stdPeriph_Driver/src/W7500x_uart.c.obj
__aeabi_fsub                                      c:/program files (x86)/gnu arm embedded toolchain/10 2021.10/bin/../lib/gcc/arm-none-eabi/10.3.1/thumb/v6-m/nofp\libgcc.a(subsf3.o)
                                                  c:/program files (x86)/gnu arm embedded toolchain/10 2021.10/bin/../lib/gcc/arm-none-eabi/10.3.1/thumb/v6-m/nofp\libgcc.a(_fixunssfsi.o)
                                                  CMakeFiles/MemoryToMemory.dir/__/__/__/__/Libraries/W7500x_stdPeriph_Driver/src/W7500x_uart.c.obj