Archive member included to satisfy reference by file (symbol)

c:/program files (x86)/gnu arm embedded toolchain/10 2021.10/bin/../lib/gcc/arm-none-eabi/10.3.1/../../../../arm-none-eabi/lib/thumb/v6-m/nofp\libc_nano.a(lib_a-exit.o)
                              c:/program files (x86)/gnu arm embedded toolchain/10 2021.10/bin/../lib/gcc/arm-none-eabi/10.3.1/../../../../arm-none-eabi/lib/thumb/v6-m/nofp/crt0.o (exit)
c:/program files (x86)/gnu arm embedded toolchain/10 2021.10/bin/../lib/gcc/arm-none-eabi/10.3.1/../../../../arm-none-eabi/lib/thumb/v6-m/nofp\libc_nano.a(lib_a-impure.o)
                              c:/program files (x86)/gnu arm embedded toolchain/10 2021.10/bin/../lib/gcc/arm-none-eabi/10.3.1/../../../../arm-none-eabi/lib/thumb/v6-m/nofp\libc_nano.a(lib_a-exit.o) (_global_impure_ptr)
c:/program files (x86)/gnu arm embedded toolchain/10 2021.10/bin/../lib/gcc/arm-none-eabi/10.3.1/../../../../arm-none-eabi/lib/thumb/v6-m/nofp\libc_nano.a(lib_a-init.o)
                              c:/program files (x86)/gnu arm embedded toolchain/10 2021.10/bin/../lib/gcc/arm-none-eabi/10.3.1/../../../../arm-none-eabi/lib/thumb/v6-m/nofp/crt0.o (__libc_init_array)
c:/program files (x86)/gnu arm embedded toolchain/10 2021.10/bin/../lib/gcc/arm-none-eabi/10.3.1/../../../../arm-none-eabi/lib/thumb/v6-m/nofp\libc_nano.a(lib_a-memset.o)
                              c:/program files (x86)/gnu arm embedded toolchain/10 2021.10/bin/../lib/gcc/arm-none-eabi/10.3.1/../../../../arm-none-eabi/lib/thumb/v6-m/nofp/crt0.o (memset)
c:/program files (x86)/gnu arm embedded toolchain/10 2021.10/bin/../lib/gcc/arm-none-eabi/10.3.1/thumb/v6-m/nofp\libgcc.a(_udivsi3.o)
                              CMakeFiles/WDTReset.dir/__/__/__/__/Libraries/CMSIS/Device/WIZnet/W7500/Source/system_W7500x.c.obj (__aeabi_uidiv)
c:/program files (x86)/gnu arm embedded toolchain/10 2021.10/bin/../lib/gcc/arm-none-eabi/10.3.1/thumb/v6-m/nofp\libgcc.a(_dvmd_tls.o)
                              c:/program files (x86)/gnu arm embedded toolchain/10 2021.10/bin/../lib/gcc/arm-none-eabi/10.3.1/thumb/v6-m/nofp\libgcc.a(_udivsi3.o) (__aeabi_idiv0)
c:/program files (x86)/gnu arm embedded toolchain/10 2021.10/bin/../lib/gcc/arm-none-eabi/10.3.1/../../../../arm-none-eabi/lib/thumb/v6-m/nofp\libnosys.a(_exit.o)
                              c:/program files (x86)/gnu arm embedded toolchain/10 2021.10/bin/../lib/gcc/arm-none-eabi/10.3.1/../../../../arm-none-eabi/lib/thumb/v6-m/nofp\libc_nano.a(lib_a-exit.o) (_exit)

Discarded input sections

 .text          0x00000000        0x0 c:/program files (x86)/gnu arm embedded toolchain/10 2021.10/bin/../lib/gcc/arm-none-eabi/10.3.1/thumb/v6-m/nofp/crti.o
 .data          0x00000000        0x0 c:/program files (x86)/gnu arm embedded toolchain/10 2021.10/bin/../lib/gcc/arm-none-eabi/10.3.1/thumb/v6-m/nofp/crti.o
 .bss           0x00000000        0x0 c:/program files (x86)/gnu arm embedded toolchain/10 2021.10/bin/../lib/gcc/arm-none-eabi/10.3.1/thumb/v6-m/nofp/crti.o
 .data          0x00000000        0x4 c:/program files (x86)/gnu arm embedded toolchain/10 2021.10/bin/../lib/gcc/arm-none-eabi/10.3.1/thumb/v6-m/nofp/crtbegin.o
 .rodata        0x00000000       0x24 c:/program files (x86)/gnu arm embedded toolchain/10 2021.10/bin/../lib/gcc/arm-none-eabi/10.3.1/thumb/v6-m/nofp/crtbegin.o
 .text          0x00000000       0x80 c:/program files (x86)/gnu arm embedded toolchain/10 2021.10/bin/../lib/gcc/arm-none-eabi/10.3.1/../../../../arm-none-eabi/lib/thumb/v6-m/nofp/crt0.o
 .data          0x00000000        0x0 c:/program files (x86)/gnu arm embedded toolchain/10 2021.10/bin/../lib/gcc/arm-none-eabi/10.3.1/../../../../arm-none-eabi/lib/thumb/v6-m/nofp/crt0.o
 .bss           0x00000000        0x0 c:/program files (x86)/gnu arm embedded toolchain/10 2021.10/bin/../lib/gcc/arm-none-eabi/10.3.1/../../../../arm-none-eabi/lib/thumb/v6-m/nofp/crt0.o
 .ARM.extab     0x00000000        0x0 c:/program files (x86)/gnu arm embedded toolchain/10 2021.10/bin/../lib/gcc/arm-none-eabi/10.3.1/../../../../arm-none-eabi/lib/thumb/v6-m/nofp/crt0.o
 .ARM.exidx     0x00000000       0x10 c:/program files (x86)/gnu arm embedded toolchain/10 2021.10/bin/../lib/gcc/arm-none-eabi/10.3.1/../../../../arm-none-eabi/lib/thumb/v6-m/nofp/crt0.o
 .ARM.attributes
                0x00000000       0x1b c:/program files (x86)/gnu arm embedded toolchain/10 2021.10/bin/../lib/gcc/arm-none-eabi/10.3.1/../../../../arm-none-eabi/lib/thumb/v6-m/nofp/crt0.o
 .text          0x00000000        0x0 c:/program files (x86)/gnu arm embedded toolchain/10 2021.10/bin/../lib/gcc/arm-none-eabi/10.3.1/../../../../arm-none-eabi/lib/thumb/v6-m/nofp\libc_nano.a(lib_a-exit.o)
 .data          0x00000000        0x0 c:/program files (x86)/gnu arm embedded toolchain/10 2021.10/bin/../lib/gcc/arm-none-eabi/10.3.1/../../../../arm-none-eabi/lib/thumb/v6-m/nofp\libc_nano.a(lib_a-exit.o)
 .bss           0x00000000        0x0 c:/program files (x86)/gnu arm embedded toolchain/10 2021.10/bin/../lib/gcc/arm-none-eabi/10.3.1/../../../../arm-none-eabi/lib/thumb/v6-m/nofp\libc_nano.a(lib_a-exit.o)
 .text.exit     0x00000000       0x2c c:/program files (x86)/gnu arm embedded toolchain/10 2021.10/bin/../lib/gcc/arm-none-eabi/10.3.1/../../../../arm-none-eabi/lib/thumb/v6-m/nofp\libc_nano.a(lib_a-exit.o)
 .debug_frame   0x00000000       0x28 c:/program files (x86)/gnu arm embedded toolchain/10 2021.10/bin/../lib/gcc/arm-none-eabi/10.3.1/../../../../arm-none-eabi/lib/thumb/v6-m/nofp\libc_nano.a(lib_a-exit.o)
 .ARM.attributes
                0x00000000       0x2c c:/program files (x86)/gnu arm embedded toolchain/10 2021.10/bin/../lib/gcc/arm-none-eabi/10.3.1/../../../../arm-none-eabi/lib/thumb/v6-m/nofp\libc_nano.a(lib_a-exit.o)
 .text          0x00000000        0x0 c:/program files (x86)/gnu arm embedded toolchain/10 2021.10/bin/../lib/gcc/arm-none-eabi/10.3.1/../../../../arm-none-eabi/lib/thumb/v6-m/nofp\libc_nano.a(lib_a-impure.o)
 .data          0x00000000        0x0 c:/program files (x86)/gnu arm embedded toolchain/10 2021.10/bin/../lib/gcc/arm-none-eabi/10.3.1/../../../../arm-none-eabi/lib/thumb/v6-m/nofp\libc_nano.a(lib_a-impure.o)
 .bss           0x00000000        0x0 c:/program files (x86)/gnu arm embedded toolchain/10 2021.10/bin/../lib/gcc/arm-none-eabi/10.3.1/../../../../arm-none-eabi/lib/thumb/v6-m/nofp\libc_nano.a(lib_a-impure.o)
 .data._impure_ptr
                0x00000000        0x4 c:/program files (x86)/gnu arm embedded toolchain/10 2021.10/bin/../lib/gcc/arm-none-eabi/10.3.1/../../../../arm-none-eabi/lib/thumb/v6-m/nofp\libc_nano.a(lib_a-impure.o)
 .data.impure_data
                0x00000000       0x60 c:/program files (x86)/gnu arm embedded toolchain/10 2021.10/bin/../lib/gcc/arm-none-eabi/10.3.1/../../../../arm-none-eabi/lib/thumb/v6-m/nofp\libc_nano.a(lib_a-impure.o)
 .rodata._global_impure_ptr
                0x00000000        0x4 c:/program files (x86)/gnu arm embedded toolchain/10 2021.10/bin/../lib/gcc/arm-none-eabi/10.3.1/../../../../arm-none-eabi/lib/thumb/v6-m/nofp\libc_nano.a(lib_a-impure.o)
 .ARM.attributes
                0x00000000       0x2c c:/program files (x86)/gnu arm embedded toolchain/10 2021.10/bin/../lib/gcc/arm-none-eabi/10.3.1/../../../../arm-none-eabi/lib/thumb/v6-m/nofp\libc_nano.a(lib_a-impure.o)
 .text          0x00000000        0x0 c:/program files (x86)/gnu arm embedded toolchain/10 2021.10/bin/../lib/gcc/arm-none-eabi/10.3.1/../../../../arm-none-eabi/lib/thumb/v6-m/nofp\libc_nano.a(lib_a-init.o)
 .data          0x00000000        0x0 c:/program files (x86)/gnu arm embedded toolchain/10 2021.10/bin/../lib/gcc/arm-none-eabi/10.3.1/../../../../arm-none-eabi/lib/thumb/v6-m/nofp\libc_nano.a(lib_a-init.o)
 .bss           0x00000000        0x0 c:/program files (x86)/gnu arm embedded toolchain/10 2021.10/bin/../lib/gcc/arm-none-eabi/10.3.1/../../../../arm-none-eabi/lib/thumb/v6-m/nofp\libc_nano.a(lib_a-init.o)
 .text.__libc_init_array
                0x00000000       0x48 c:/program files (x86)/gnu arm embedded toolchain/10 2021.10/bin/../lib/gcc/arm-none-eabi/10.3.1/../../../../arm-none-eabi/lib/thumb/v6-m/nofp\libc_nano.a(lib_a-init.o)
 .debug_frame   0x00000000       0x2c c:/program files (x86)/gnu arm embedded toolchain/10 2021.10/bin/../lib/gcc/arm-none-eabi/10.3.1/../../../../arm-none-eabi/lib/thumb/v6-m/nofp\libc_nano.a(lib_a-init.o)
 .ARM.attributes
                0x00000000       0x2c c:/program files (x86)/gnu arm embedded toolchain/10 2021.10/bin/../lib/gcc/arm-none-eabi/10.3.1/../../../../arm-none-eabi/lib/thumb/v6-m/nofp\libc_nano.a(lib_a-init.o)
 .text          0x00000000        0x0 c:/program files (x86)/gnu arm embedded toolchain/10 2021.10/bin/../lib/gcc/arm-none-eabi/10.3.1/../../../../arm-none-eabi/lib/thumb/v6-m/nofp\libc_nano.a(lib_a-memset.o)
 .data          0x00000000        0x0 c:/program files (x86)/gnu arm embedded toolchain/10 2021.10/bin/../lib/gcc/arm-none-eabi/10.3.1/../../../../arm-none-eabi/lib/thumb/v6-m/nofp\libc_nano.a(lib_a-memset.o)
 .bss           0x00000000        0x0 c:/program files (x86)/gnu arm embedded toolchain/10 2021.10/bin/../lib/gcc/arm-none-eabi/10.3.1/../../../../arm-none-eabi/lib/thumb/v6-m/nofp\libc_nano.a(lib_a-memset.o)
 .text.memset   0x00000000       0x10 c:/program files (x86)/gnu arm embedded toolchain/10 2021.10/bin/../lib/gcc/arm-none-eabi/10.3.1/../../../../arm-none-eabi/lib/thumb/v6-m/nofp\libc_nano.a(lib_a-memset.o)
 .debug_frame   0x00000000       0x20 c:/program files (x86)/gnu arm embedded toolchain/10 2021.10/bin/../lib/gcc/arm-none-eabi/10.3.1/../../../../arm-none-eabi/lib/thumb/v6-m/nofp\libc_nano.a(lib_a-memset.o)
 .ARM.attributes
                0x00000000       0x2c c:/program files (x86)/gnu arm embedded toolchain/10 2021.10/bin/../lib/gcc/arm-none-eabi/10.3.1/../../../../arm-none-eabi/lib/thumb/v6-m/nofp\libc_nano.a(lib_a-memset.o)
 .group         0x00000000        0xc CMakeFiles/WDTReset.dir/main.c.obj
 .group         0x00000000        0xc CMakeFiles/WDTReset.dir/main.c.obj
 .group         0x00000000        0xc CMakeFiles/WDTReset.dir/main.c.obj
 .group         0x00000000        0xc CMakeFiles/WDTReset.dir/main.c.obj
 .group         0x00000000        0xc CMakeFiles/WDTReset.dir/main.c.obj
 .group         0x00000000        0xc CMakeFiles/WDTReset.dir/main.c.obj
 .group         0x00000000        0xc CMakeFiles/WDTReset.dir/main.c.obj
 .group         0x00000000        0xc CMakeFiles/WDTReset.dir/main.c.obj
 .group         0x00000000        0xc CMakeFiles/WDTReset.dir/main.c.obj
 .group         0x00000000        0xc CMakeFiles/WDTReset.dir/main.c.obj
 .group         0x00000000        0xc CMakeFiles/WDTReset.dir/main.c.obj
 .group         0x00000000        0xc CMakeFiles/WDTReset.dir/main.c.obj
 .group         0x00000000        0xc CMakeFiles/WDTReset.dir/main.c.obj
 .group         0x00000000        0xc CMakeFiles/WDTReset.dir/main.c.obj
 .group         0x00000000        0xc CMakeFiles/WDTReset.dir/main.c.obj
 .group         0x00000000        0xc CMakeFiles/WDTReset.dir/main.c.obj
 .text          0x00000000        0x0 CMakeFiles/WDTReset.dir/main.c.obj
 .data          0x00000000        0x0 CMakeFiles/WDTReset.dir/main.c.obj
 .bss           0x00000000        0x0 CMakeFiles/WDTReset.dir/main.c.obj
 .bss.reset_test
                0x00000000        0x4 CMakeFiles/WDTReset.dir/main.c.obj
 .group         0x00000000        0xc CMakeFiles/WDTReset.dir/W7500x_it.c.obj
 .group         0x00000000        0xc CMakeFiles/WDTReset.dir/W7500x_it.c.obj
 .group         0x00000000        0xc CMakeFiles/WDTReset.dir/W7500x_it.c.obj
 .group         0x00000000        0xc CMakeFiles/WDTReset.dir/W7500x_it.c.obj
 .group         0x00000000        0xc CMakeFiles/WDTReset.dir/W7500x_it.c.obj
 .group         0x00000000        0xc CMakeFiles/WDTReset.dir/W7500x_it.c.obj
 .group         0x00000000        0xc CMakeFiles/WDTReset.dir/W7500x_it.c.obj
 .group         0x00000000        0xc CMakeFiles/WDTReset.dir/W7500x_it.c.obj
 .group         0x00000000        0xc CMakeFiles/WDTReset.dir/W7500x_it.c.obj
 .group         0x00000000        0xc CMakeFiles/WDTReset.dir/W7500x_it.c.obj
 .group         0x00000000        0xc CMakeFiles/WDTReset.dir/W7500x_it.c.obj
 .group         0x00000000        0xc CMakeFiles/WDTReset.dir/W7500x_it.c.obj
 .group         0x00000000        0xc CMakeFiles/WDTReset.dir/W7500x_it.c.obj
 .text          0x00000000        0x0 CMakeFiles/WDTReset.dir/W7500x_it.c.obj
 .data          0x00000000        0x0 CMakeFiles/WDTReset.dir/W7500x_it.c.obj
 .bss           0x00000000        0x0 CMakeFiles/WDTReset.dir/W7500x_it.c.obj
 .debug_macro   0x00000000      0xa3c CMakeFiles/WDTReset.dir/W7500x_it.c.obj
 .debug_macro   0x00000000       0x22 CMakeFiles/WDTReset.dir/W7500x_it.c.obj
 .debug_macro   0x00000000       0x3a CMakeFiles/WDTReset.dir/W7500x_it.c.obj
 .debug_macro   0x00000000       0x22 CMakeFiles/WDTReset.dir/W7500x_it.c.obj
 .debug_macro   0x00000000       0x8e CMakeFiles/WDTReset.dir/W7500x_it.c.obj
 .debug_macro   0x00000000       0x51 CMakeFiles/WDTReset.dir/W7500x_it.c.obj
 .debug_macro   0x00000000      0x103 CMakeFiles/WDTReset.dir/W7500x_it.c.obj
 .debug_macro   0x00000000       0x6a CMakeFiles/WDTReset.dir/W7500x_it.c.obj
 .debug_macro   0x00000000      0x1df CMakeFiles/WDTReset.dir/W7500x_it.c.obj
 .debug_macro   0x00000000       0x1f CMakeFiles/WDTReset.dir/W7500x_it.c.obj
 .debug_macro   0x00000000      0x242 CMakeFiles/WDTReset.dir/W7500x_it.c.obj
 .debug_macro   0x00000000       0x10 CMakeFiles/WDTReset.dir/W7500x_it.c.obj
 .debug_macro   0x00000000      0xa22 CMakeFiles/WDTReset.dir/W7500x_it.c.obj
 .data          0x00000000        0x0 CMakeFiles/WDTReset.dir/__/__/__/__/Libraries/Startup/startup_W7500.s.obj
 .bss           0x00000000        0x0 CMakeFiles/WDTReset.dir/__/__/__/__/Libraries/Startup/startup_W7500.s.obj
 .group         0x00000000        0xc CMakeFiles/WDTReset.dir/__/__/__/__/Libraries/W7500x_stdPeriph_Driver/src/W7500x_gpio.c.obj
 .group         0x00000000        0xc CMakeFiles/WDTReset.dir/__/__/__/__/Libraries/W7500x_stdPeriph_Driver/src/W7500x_gpio.c.obj
 .group         0x00000000        0xc CMakeFiles/WDTReset.dir/__/__/__/__/Libraries/W7500x_stdPeriph_Driver/src/W7500x_gpio.c.obj
 .group         0x00000000        0xc CMakeFiles/WDTReset.dir/__/__/__/__/Libraries/W7500x_stdPeriph_Driver/src/W7500x_gpio.c.obj
 .group         0x00000000        0xc CMakeFiles/WDTReset.dir/__/__/__/__/Libraries/W7500x_stdPeriph_Driver/src/W7500x_gpio.c.obj
 .group         0x00000000        0xc CMakeFiles/WDTReset.dir/__/__/__/__/Libraries/W7500x_stdPeriph_Driver/src/W7500x_gpio.c.obj
 .group         0x00000000        0xc CMakeFiles/WDTReset.dir/__/__/__/__/Libraries/W7500x_stdPeriph_Driver/src/W7500x_gpio.c.obj
 .group         0x00000000        0xc CMakeFiles/WDTReset.dir/__/__/__/__/Libraries/W7500x_stdPeriph_Driver/src/W7500x_gpio.c.obj
 .group         0x00000000        0xc CMakeFiles/WDTReset.dir/__/__/__/__/Libraries/W7500x_stdPeriph_Driver/src/W7500x_gpio.c.obj
 .group         0x00000000        0xc CMakeFiles/WDTReset.dir/__/__/__/__/Libraries/W7500x_stdPeriph_Driver/src/W7500x_gpio.c.obj
 .group         0x00000000        0xc CMakeFiles/WDTReset.dir/__/__/__/__/Libraries/W7500x_stdPeriph_Driver/src/W7500x_gpio.c.obj
 .group         0x00000000        0xc CMakeFiles/WDTReset.dir/__/__/__/__/Libraries/W7500x_stdPeriph_Driver/src/W7500x_gpio.c.obj
 .group         0x00000000        0xc CMakeFiles/WDTReset.dir/__/__/__/__/Libraries/W7500x_stdPeriph_Driver/src/W7500x_gpio.c.obj
 .group         0x00000000        0xc CMakeFiles/WDTReset.dir/__/__/__/__/Libraries/W7500x_stdPeriph_Driver/src/W7500x_gpio.c.obj
 .text          0x00000000        0x0 CMakeFiles/WDTReset.dir/__/__/__/__/Libraries/W7500x_stdPeriph_Driver/src/W7500x_gpio.c.obj
 .data          0x00000000        0x0 CMakeFiles/WDTReset.dir/__/__/__/__/Libraries/W7500x_stdPeriph_Driver/src/W7500x_gpio.c.obj
 .bss           0x00000000        0x0 CMakeFiles/WDTReset.dir/__/__/__/__/Libraries/W7500x_stdPeriph_Driver/src/W7500x_gpio.c.obj
 .text.NVIC_EnableIRQ
                0x00000000       0x2c CMakeFiles/WDTReset.dir/__/__/__/__/Libraries/W7500x_stdPeriph_Driver/src/W7500x_gpio.c.obj
 .text.GPIO_DeInit
                0x00000000       0xb0 CMakeFiles/WDTReset.dir/__/__/__/__/Libraries/W7500x_stdPeriph_Driver/src/W7500x_gpio.c.obj
 .text.GPIO_StructInit
                0x00000000       0x28 CMakeFiles/WDTReset.dir/__/__/__/__/Libraries/W7500x_stdPeriph_Driver/src/W7500x_gpio.c.obj
 .text.GPIO_ReadInputDataBit
                0x00000000       0x40 CMakeFiles/WDTReset.dir/__/__/__/__/Libraries/W7500x_stdPeriph_Driver/src/W7500x_gpio.c.obj
 .text.GPIO_ReadInputData
                0x00000000       0x16 CMakeFiles/WDTReset.dir/__/__/__/__/Libraries/W7500x_stdPeriph_Driver/src/W7500x_gpio.c.obj
 .text.GPIO_ReadOutputData
                0x00000000       0x16 CMakeFiles/WDTReset.dir/__/__/__/__/Libraries/W7500x_stdPeriph_Driver/src/W7500x_gpio.c.obj
 .text.GPIO_WriteBit
                0x00000000       0xdc CMakeFiles/WDTReset.dir/__/__/__/__/Libraries/W7500x_stdPeriph_Driver/src/W7500x_gpio.c.obj
 .text.GPIO_Write
                0x00000000       0x1e CMakeFiles/WDTReset.dir/__/__/__/__/Libraries/W7500x_stdPeriph_Driver/src/W7500x_gpio.c.obj
 .text.GPIO_ToggleBits
                0x00000000       0x24 CMakeFiles/WDTReset.dir/__/__/__/__/Libraries/W7500x_stdPeriph_Driver/src/W7500x_gpio.c.obj
 .text.GPIO_INT_Enable_Bits
                0x00000000       0x54 CMakeFiles/WDTReset.dir/__/__/__/__/Libraries/W7500x_stdPeriph_Driver/src/W7500x_gpio.c.obj
 .text.GPIO_INT_Enable
                0x00000000       0x38 CMakeFiles/WDTReset.dir/__/__/__/__/Libraries/W7500x_stdPeriph_Driver/src/W7500x_gpio.c.obj
 .text.GPIO_INT_Polarity_Bits
                0x00000000       0x46 CMakeFiles/WDTReset.dir/__/__/__/__/Libraries/W7500x_stdPeriph_Driver/src/W7500x_gpio.c.obj
 .text.GPIO_INT_Polarity
                0x00000000       0x30 CMakeFiles/WDTReset.dir/__/__/__/__/Libraries/W7500x_stdPeriph_Driver/src/W7500x_gpio.c.obj
 .text.GPIO_INT_Clear
                0x00000000       0x1c CMakeFiles/WDTReset.dir/__/__/__/__/Libraries/W7500x_stdPeriph_Driver/src/W7500x_gpio.c.obj
 .text.GPIO_Read_INTstatus
                0x00000000       0x40 CMakeFiles/WDTReset.dir/__/__/__/__/Libraries/W7500x_stdPeriph_Driver/src/W7500x_gpio.c.obj
 .text.GPIO_Configuration
                0x00000000       0xb4 CMakeFiles/WDTReset.dir/__/__/__/__/Libraries/W7500x_stdPeriph_Driver/src/W7500x_gpio.c.obj
 .text.GPIO_INT_Configuration
                0x00000000       0xe2 CMakeFiles/WDTReset.dir/__/__/__/__/Libraries/W7500x_stdPeriph_Driver/src/W7500x_gpio.c.obj
 .debug_macro   0x00000000      0xa3c CMakeFiles/WDTReset.dir/__/__/__/__/Libraries/W7500x_stdPeriph_Driver/src/W7500x_gpio.c.obj
 .debug_macro   0x00000000       0x22 CMakeFiles/WDTReset.dir/__/__/__/__/Libraries/W7500x_stdPeriph_Driver/src/W7500x_gpio.c.obj
 .debug_macro   0x00000000       0x3a CMakeFiles/WDTReset.dir/__/__/__/__/Libraries/W7500x_stdPeriph_Driver/src/W7500x_gpio.c.obj
 .debug_macro   0x00000000       0x22 CMakeFiles/WDTReset.dir/__/__/__/__/Libraries/W7500x_stdPeriph_Driver/src/W7500x_gpio.c.obj
 .debug_macro   0x00000000       0x8e CMakeFiles/WDTReset.dir/__/__/__/__/Libraries/W7500x_stdPeriph_Driver/src/W7500x_gpio.c.obj
 .debug_macro   0x00000000       0x51 CMakeFiles/WDTReset.dir/__/__/__/__/Libraries/W7500x_stdPeriph_Driver/src/W7500x_gpio.c.obj
 .debug_macro   0x00000000      0x103 CMakeFiles/WDTReset.dir/__/__/__/__/Libraries/W7500x_stdPeriph_Driver/src/W7500x_gpio.c.obj
 .debug_macro   0x00000000       0x6a CMakeFiles/WDTReset.dir/__/__/__/__/Libraries/W7500x_stdPeriph_Driver/src/W7500x_gpio.c.obj
 .debug_macro   0x00000000      0x1df CMakeFiles/WDTReset.dir/__/__/__/__/Libraries/W7500x_stdPeriph_Driver/src/W7500x_gpio.c.obj
 .debug_macro   0x00000000       0x1f CMakeFiles/WDTReset.dir/__/__/__/__/Libraries/W7500x_stdPeriph_Driver/src/W7500x_gpio.c.obj
 .debug_macro   0x00000000      0x242 CMakeFiles/WDTReset.dir/__/__/__/__/Libraries/W7500x_stdPeriph_Driver/src/W7500x_gpio.c.obj
 .debug_macro   0x00000000       0x10 CMakeFiles/WDTReset.dir/__/__/__/__/Libraries/W7500x_stdPeriph_Driver/src/W7500x_gpio.c.obj
 .debug_macro   0x00000000      0xa22 CMakeFiles/WDTReset.dir/__/__/__/__/Libraries/W7500x_stdPeriph_Driver/src/W7500x_gpio.c.obj
 .debug_macro   0x00000000       0xac CMakeFiles/WDTReset.dir/__/__/__/__/Libraries/W7500x_stdPeriph_Driver/src/W7500x_gpio.c.obj
 .group         0x00000000        0xc CMakeFiles/WDTReset.dir/__/__/__/__/Libraries/CMSIS/Device/WIZnet/W7500/Source/system_W7500x.c.obj
 .group         0x00000000        0xc CMakeFiles/WDTReset.dir/__/__/__/__/Libraries/CMSIS/Device/WIZnet/W7500/Source/system_W7500x.c.obj
 .group         0x00000000        0xc CMakeFiles/WDTReset.dir/__/__/__/__/Libraries/CMSIS/Device/WIZnet/W7500/Source/system_W7500x.c.obj
 .group         0x00000000        0xc CMakeFiles/WDTReset.dir/__/__/__/__/Libraries/CMSIS/Device/WIZnet/W7500/Source/system_W7500x.c.obj
 .group         0x00000000        0xc CMakeFiles/WDTReset.dir/__/__/__/__/Libraries/CMSIS/Device/WIZnet/W7500/Source/system_W7500x.c.obj
 .group         0x00000000        0xc CMakeFiles/WDTReset.dir/__/__/__/__/Libraries/CMSIS/Device/WIZnet/W7500/Source/system_W7500x.c.obj
 .group         0x00000000        0xc CMakeFiles/WDTReset.dir/__/__/__/__/Libraries/CMSIS/Device/WIZnet/W7500/Source/system_W7500x.c.obj
 .group         0x00000000        0xc CMakeFiles/WDTReset.dir/__/__/__/__/Libraries/CMSIS/Device/WIZnet/W7500/Source/system_W7500x.c.obj
 .group         0x00000000        0xc CMakeFiles/WDTReset.dir/__/__/__/__/Libraries/CMSIS/Device/WIZnet/W7500/Source/system_W7500x.c.obj
 .group         0x00000000        0xc CMakeFiles/WDTReset.dir/__/__/__/__/Libraries/CMSIS/Device/WIZnet/W7500/Source/system_W7500x.c.obj
 .group         0x00000000        0xc CMakeFiles/WDTReset.dir/__/__/__/__/Libraries/CMSIS/Device/WIZnet/W7500/Source/system_W7500x.c.obj
 .group         0x00000000        0xc CMakeFiles/WDTReset.dir/__/__/__/__/Libraries/CMSIS/Device/WIZnet/W7500/Source/system_W7500x.c.obj
 .group         0x00000000        0xc CMakeFiles/WDTReset.dir/__/__/__/__/Libraries/CMSIS/Device/WIZnet/W7500/Source/system_W7500x.c.obj
 .text          0x00000000        0x0 CMakeFiles/WDTReset.dir/__/__/__/__/Libraries/CMSIS/Device/WIZnet/W7500/Source/system_W7500x.c.obj
 .data          0x00000000        0x0 CMakeFiles/WDTReset.dir/__/__/__/__/Libraries/CMSIS/Device/WIZnet/W7500/Source/system_W7500x.c.obj
 .bss           0x00000000        0x0 CMakeFiles/WDTReset.dir/__/__/__/__/Libraries/CMSIS/Device/WIZnet/W7500/Source/system_W7500x.c.obj
 .bss.SystemCoreClock
                0x00000000        0x4 CMakeFiles/WDTReset.dir/__/__/__/__/Libraries/CMSIS/Device/WIZnet/W7500/Source/system_W7500x.c.obj
 .text.SystemCoreClockUpdate
                0x00000000       0x94 CMakeFiles/WDTReset.dir/__/__/__/__/Libraries/CMSIS/Device/WIZnet/W7500/Source/system_W7500x.c.obj
 .text.GetSystemClock
                0x00000000       0x14 CMakeFiles/WDTReset.dir/__/__/__/__/Libraries/CMSIS/Device/WIZnet/W7500/Source/system_W7500x.c.obj
 .debug_macro   0x00000000      0xa3c CMakeFiles/WDTReset.dir/__/__/__/__/Libraries/CMSIS/Device/WIZnet/W7500/Source/system_W7500x.c.obj
 .debug_macro   0x00000000       0x22 CMakeFiles/WDTReset.dir/__/__/__/__/Libraries/CMSIS/Device/WIZnet/W7500/Source/system_W7500x.c.obj
 .debug_macro   0x00000000       0x3a CMakeFiles/WDTReset.dir/__/__/__/__/Libraries/CMSIS/Device/WIZnet/W7500/Source/system_W7500x.c.obj
 .debug_macro   0x00000000       0x22 CMakeFiles/WDTReset.dir/__/__/__/__/Libraries/CMSIS/Device/WIZnet/W7500/Source/system_W7500x.c.obj
 .debug_macro   0x00000000       0x8e CMakeFiles/WDTReset.dir/__/__/__/__/Libraries/CMSIS/Device/WIZnet/W7500/Source/system_W7500x.c.obj
 .debug_macro   0x00000000       0x51 CMakeFiles/WDTReset.dir/__/__/__/__/Libraries/CMSIS/Device/WIZnet/W7500/Source/system_W7500x.c.obj
 .debug_macro   0x00000000      0x103 CMakeFiles/WDTReset.dir/__/__/__/__/Libraries/CMSIS/Device/WIZnet/W7500/Source/system_W7500x.c.obj
 .debug_macro   0x00000000       0x6a CMakeFiles/WDTReset.dir/__/__/__/__/Libraries/CMSIS/Device/WIZnet/W7500/Source/system_W7500x.c.obj
 .debug_macro   0x00000000      0x1df CMakeFiles/WDTReset.dir/__/__/__/__/Libraries/CMSIS/Device/WIZnet/W7500/Source/system_W7500x.c.obj
 .debug_macro   0x00000000       0x1f CMakeFiles/WDTReset.dir/__/__/__/__/Libraries/CMSIS/Device/WIZnet/W7500/Source/system_W7500x.c.obj
 .debug_macro   0x00000000      0x242 CMakeFiles/WDTReset.dir/__/__/__/__/Libraries/CMSIS/Device/WIZnet/W7500/Source/system_W7500x.c.obj
 .debug_macro   0x00000000      0xa22 CMakeFiles/WDTReset.dir/__/__/__/__/Libraries/CMSIS/Device/WIZnet/W7500/Source/system_W7500x.c.obj
 .debug_macro   0x00000000       0x10 CMakeFiles/WDTReset.dir/__/__/__/__/Libraries/CMSIS/Device/WIZnet/W7500/Source/system_W7500x.c.obj
 .group         0x00000000        0xc CMakeFiles/WDTReset.dir/__/__/__/__/Libraries/W7500x_stdPeriph_Driver/src/W7500x_exti.c.obj
 .group         0x00000000        0xc CMakeFiles/WDTReset.dir/__/__/__/__/Libraries/W7500x_stdPeriph_Driver/src/W7500x_exti.c.obj
 .group         0x00000000        0xc CMakeFiles/WDTReset.dir/__/__/__/__/Libraries/W7500x_stdPeriph_Driver/src/W7500x_exti.c.obj
 .group         0x00000000        0xc CMakeFiles/WDTReset.dir/__/__/__/__/Libraries/W7500x_stdPeriph_Driver/src/W7500x_exti.c.obj
 .group         0x00000000        0xc CMakeFiles/WDTReset.dir/__/__/__/__/Libraries/W7500x_stdPeriph_Driver/src/W7500x_exti.c.obj
 .group         0x00000000        0xc CMakeFiles/WDTReset.dir/__/__/__/__/Libraries/W7500x_stdPeriph_Driver/src/W7500x_exti.c.obj
 .group         0x00000000        0xc CMakeFiles/WDTReset.dir/__/__/__/__/Libraries/W7500x_stdPeriph_Driver/src/W7500x_exti.c.obj
 .group         0x00000000        0xc CMakeFiles/WDTReset.dir/__/__/__/__/Libraries/W7500x_stdPeriph_Driver/src/W7500x_exti.c.obj
 .group         0x00000000        0xc CMakeFiles/WDTReset.dir/__/__/__/__/Libraries/W7500x_stdPeriph_Driver/src/W7500x_exti.c.obj
 .group         0x00000000        0xc CMakeFiles/WDTReset.dir/__/__/__/__/Libraries/W7500x_stdPeriph_Driver/src/W7500x_exti.c.obj
 .group         0x00000000        0xc CMakeFiles/WDTReset.dir/__/__/__/__/Libraries/W7500x_stdPeriph_Driver/src/W7500x_exti.c.obj
 .group         0x00000000        0xc CMakeFiles/WDTReset.dir/__/__/__/__/Libraries/W7500x_stdPeriph_Driver/src/W7500x_exti.c.obj
 .group         0x00000000        0xc CMakeFiles/WDTReset.dir/__/__/__/__/Libraries/W7500x_stdPeriph_Driver/src/W7500x_exti.c.obj
 .group         0x00000000        0xc CMakeFiles/WDTReset.dir/__/__/__/__/Libraries/W7500x_stdPeriph_Driver/src/W7500x_exti.c.obj
 .group         0x00000000        0xc CMakeFiles/WDTReset.dir/__/__/__/__/Libraries/W7500x_stdPeriph_Driver/src/W7500x_exti.c.obj
 .text          0x00000000        0x0 CMakeFiles/WDTReset.dir/__/__/__/__/Libraries/W7500x_stdPeriph_Driver/src/W7500x_exti.c.obj
 .data          0x00000000        0x0 CMakeFiles/WDTReset.dir/__/__/__/__/Libraries/W7500x_stdPeriph_Driver/src/W7500x_exti.c.obj
 .bss           0x00000000        0x0 CMakeFiles/WDTReset.dir/__/__/__/__/Libraries/W7500x_stdPeriph_Driver/src/W7500x_exti.c.obj
 .text.EXTI_DeInit
                0x00000000       0x70 CMakeFiles/WDTReset.dir/__/__/__/__/Libraries/W7500x_stdPeriph_Driver/src/W7500x_exti.c.obj
 .text.EXTI_Polarity_Set
                0x00000000       0xd0 CMakeFiles/WDTReset.dir/__/__/__/__/Libraries/W7500x_stdPeriph_Driver/src/W7500x_exti.c.obj
 .text.EXTI_StructInit
                0x00000000       0x22 CMakeFiles/WDTReset.dir/__/__/__/__/Libraries/W7500x_stdPeriph_Driver/src/W7500x_exti.c.obj
 .text.EXTI_Px_GetEXTEN
                0x00000000       0x94 CMakeFiles/WDTReset.dir/__/__/__/__/Libraries/W7500x_stdPeriph_Driver/src/W7500x_exti.c.obj
 .text.EXTI_Px_GetEXTINTPOL
                0x00000000       0x94 CMakeFiles/WDTReset.dir/__/__/__/__/Libraries/W7500x_stdPeriph_Driver/src/W7500x_exti.c.obj
 .debug_macro   0x00000000      0xa3c CMakeFiles/WDTReset.dir/__/__/__/__/Libraries/W7500x_stdPeriph_Driver/src/W7500x_exti.c.obj
 .debug_macro   0x00000000       0x22 CMakeFiles/WDTReset.dir/__/__/__/__/Libraries/W7500x_stdPeriph_Driver/src/W7500x_exti.c.obj
 .debug_macro   0x00000000       0x3a CMakeFiles/WDTReset.dir/__/__/__/__/Libraries/W7500x_stdPeriph_Driver/src/W7500x_exti.c.obj
 .debug_macro   0x00000000       0x22 CMakeFiles/WDTReset.dir/__/__/__/__/Libraries/W7500x_stdPeriph_Driver/src/W7500x_exti.c.obj
 .debug_macro   0x00000000       0x8e CMakeFiles/WDTReset.dir/__/__/__/__/Libraries/W7500x_stdPeriph_Driver/src/W7500x_exti.c.obj
 .debug_macro   0x00000000       0x51 CMakeFiles/WDTReset.dir/__/__/__/__/Libraries/W7500x_stdPeriph_Driver/src/W7500x_exti.c.obj
 .debug_macro   0x00000000      0x103 CMakeFiles/WDTReset.dir/__/__/__/__/Libraries/W7500x_stdPeriph_Driver/src/W7500x_exti.c.obj
 .debug_macro   0x00000000       0x6a CMakeFiles/WDTReset.dir/__/__/__/__/Libraries/W7500x_stdPeriph_Driver/src/W7500x_exti.c.obj
 .debug_macro   0x00000000      0x1df CMakeFiles/WDTReset.dir/__/__/__/__/Libraries/W7500x_stdPeriph_Driver/src/W7500x_exti.c.obj
 .debug_macro   0x00000000       0x1f CMakeFiles/WDTReset.dir/__/__/__/__/Libraries/W7500x_stdPeriph_Driver/src/W7500x_exti.c.obj
 .debug_macro   0x00000000      0x242 CMakeFiles/WDTReset.dir/__/__/__/__/Libraries/W7500x_stdPeriph_Driver/src/W7500x_exti.c.obj
 .debug_macro   0x00000000       0x10 CMakeFiles/WDTReset.dir/__/__/__/__/Libraries/W7500x_stdPeriph_Driver/src/W7500x_exti.c.obj
 .debug_macro   0x00000000      0xa22 CMakeFiles/WDTReset.dir/__/__/__/__/Libraries/W7500x_stdPeriph_Driver/src/W7500x_exti.c.obj
 .debug_macro   0x00000000       0x10 CMakeFiles/WDTReset.dir/__/__/__/__/Libraries/W7500x_stdPeriph_Driver/src/W7500x_exti.c.obj
 .group         0x00000000        0xc CMakeFiles/WDTReset.dir/__/__/__/__/Libraries/W7500x_stdPeriph_Driver/src/W7500x_wdt.c.obj
 .group         0x00000000        0xc CMakeFiles/WDTReset.dir/__/__/__/__/Libraries/W7500x_stdPeriph_Driver/src/W7500x_wdt.c.obj
 .group         0x00000000        0xc CMakeFiles/WDTReset.dir/__/__/__/__/Libraries/W7500x_stdPeriph_Driver/src/W7500x_wdt.c.obj
 .group         0x00000000        0xc CMakeFiles/WDTReset.dir/__/__/__/__/Libraries/W7500x_stdPeriph_Driver/src/W7500x_wdt.c.obj
 .group         0x00000000        0xc CMakeFiles/WDTReset.dir/__/__/__/__/Libraries/W7500x_stdPeriph_Driver/src/W7500x_wdt.c.obj
 .group         0x00000000        0xc CMakeFiles/WDTReset.dir/__/__/__/__/Libraries/W7500x_stdPeriph_Driver/src/W7500x_wdt.c.obj
 .group         0x00000000        0xc CMakeFiles/WDTReset.dir/__/__/__/__/Libraries/W7500x_stdPeriph_Driver/src/W7500x_wdt.c.obj
 .group         0x00000000        0xc CMakeFiles/WDTReset.dir/__/__/__/__/Libraries/W7500x_stdPeriph_Driver/src/W7500x_wdt.c.obj
 .group         0x00000000        0xc CMakeFiles/WDTReset.dir/__/__/__/__/Libraries/W7500x_stdPeriph_Driver/src/W7500x_wdt.c.obj
 .group         0x00000000        0xc CMakeFiles/WDTReset.dir/__/__/__/__/Libraries/W7500x_stdPeriph_Driver/src/W7500x_wdt.c.obj
 .group         0x00000000        0xc CMakeFiles/WDTReset.dir/__/__/__/__/Libraries/W7500x_stdPeriph_Driver/src/W7500x_wdt.c.obj
 .group         0x00000000        0xc CMakeFiles/WDTReset.dir/__/__/__/__/Libraries/W7500x_stdPeriph_Driver/src/W7500x_wdt.c.obj
 .group         0x00000000        0xc CMakeFiles/WDTReset.dir/__/__/__/__/Libraries/W7500x_stdPeriph_Driver/src/W7500x_wdt.c.obj
 .group         0x00000000        0xc CMakeFiles/WDTReset.dir/__/__/__/__/Libraries/W7500x_stdPeriph_Driver/src/W7500x_wdt.c.obj
 .text          0x00000000        0x0 CMakeFiles/WDTReset.dir/__/__/__/__/Libraries/W7500x_stdPeriph_Driver/src/W7500x_wdt.c.obj
 .data          0x00000000        0x0 CMakeFiles/WDTReset.dir/__/__/__/__/Libraries/W7500x_stdPeriph_Driver/src/W7500x_wdt.c.obj
 .bss           0x00000000        0x0 CMakeFiles/WDTReset.dir/__/__/__/__/Libraries/W7500x_stdPeriph_Driver/src/W7500x_wdt.c.obj
 .text.WDT_DeInit
                0x00000000       0x20 CMakeFiles/WDTReset.dir/__/__/__/__/Libraries/W7500x_stdPeriph_Driver/src/W7500x_wdt.c.obj
 .text.WDT_INT_Enable
                0x00000000       0x46 CMakeFiles/WDTReset.dir/__/__/__/__/Libraries/W7500x_stdPeriph_Driver/src/W7500x_wdt.c.obj
 .text.WDT_GetWDTRIS
                0x00000000       0x12 CMakeFiles/WDTReset.dir/__/__/__/__/Libraries/W7500x_stdPeriph_Driver/src/W7500x_wdt.c.obj
 .text.WDT_GetWDTMIS
                0x00000000       0x12 CMakeFiles/WDTReset.dir/__/__/__/__/Libraries/W7500x_stdPeriph_Driver/src/W7500x_wdt.c.obj
 .text.WDT_GetWDTLoad
                0x00000000       0x10 CMakeFiles/WDTReset.dir/__/__/__/__/Libraries/W7500x_stdPeriph_Driver/src/W7500x_wdt.c.obj
 .text.WDT_GetWDTControl
                0x00000000       0x10 CMakeFiles/WDTReset.dir/__/__/__/__/Libraries/W7500x_stdPeriph_Driver/src/W7500x_wdt.c.obj
 .text.WDT_SetWDTControl
                0x00000000       0x20 CMakeFiles/WDTReset.dir/__/__/__/__/Libraries/W7500x_stdPeriph_Driver/src/W7500x_wdt.c.obj
 .debug_macro   0x00000000      0xa3c CMakeFiles/WDTReset.dir/__/__/__/__/Libraries/W7500x_stdPeriph_Driver/src/W7500x_wdt.c.obj
 .debug_macro   0x00000000       0x22 CMakeFiles/WDTReset.dir/__/__/__/__/Libraries/W7500x_stdPeriph_Driver/src/W7500x_wdt.c.obj
 .debug_macro   0x00000000       0x3a CMakeFiles/WDTReset.dir/__/__/__/__/Libraries/W7500x_stdPeriph_Driver/src/W7500x_wdt.c.obj
 .debug_macro   0x00000000       0x22 CMakeFiles/WDTReset.dir/__/__/__/__/Libraries/W7500x_stdPeriph_Driver/src/W7500x_wdt.c.obj
 .debug_macro   0x00000000       0x8e CMakeFiles/WDTReset.dir/__/__/__/__/Libraries/W7500x_stdPeriph_Driver/src/W7500x_wdt.c.obj
 .debug_macro   0x00000000       0x51 CMakeFiles/WDTReset.dir/__/__/__/__/Libraries/W7500x_stdPeriph_Driver/src/W7500x_wdt.c.obj
 .debug_macro   0x00000000      0x103 CMakeFiles/WDTReset.dir/__/__/__/__/Libraries/W7500x_stdPeriph_Driver/src/W7500x_wdt.c.obj
 .debug_macro   0x00000000       0x6a CMakeFiles/WDTReset.dir/__/__/__/__/Libraries/W7500x_stdPeriph_Driver/src/W7500x_wdt.c.obj
 .debug_macro   0x00000000      0x1df CMakeFiles/WDTReset.dir/__/__/__/__/Libraries/W7500x_stdPeriph_Driver/src/W7500x_wdt.c.obj
 .debug_macro   0x00000000       0x1f CMakeFiles/WDTReset.dir/__/__/__/__/Libraries/W7500x_stdPeriph_Driver/src/W7500x_wdt.c.obj
 .debug_macro   0x00000000      0x242 CMakeFiles/WDTReset.dir/__/__/__/__/Libraries/W7500x_stdPeriph_Driver/src/W7500x_wdt.c.obj
 .debug_macro   0x00000000       0x10 CMakeFiles/WDTReset.dir/__/__/__/__/Libraries/W7500x_stdPeriph_Driver/src/W7500x_wdt.c.obj
 .debug_macro   0x00000000      0xa22 CMakeFiles/WDTReset.dir/__/__/__/__/Libraries/W7500x_stdPeriph_Driver/src/W7500x_wdt.c.obj
 .data          0x00000000        0x0 c:/program files (x86)/gnu arm embedded toolchain/10 2021.10/bin/../lib/gcc/arm-none-eabi/10.3.1/thumb/v6-m/nofp\libgcc.a(_udivsi3.o)
 .bss           0x00000000        0x0 c:/program files (x86)/gnu arm embedded toolchain/10 2021.10/bin/../lib/gcc/arm-none-eabi/10.3.1/thumb/v6-m/nofp\libgcc.a(_udivsi3.o)
 .data          0x00000000        0x0 c:/program files (x86)/gnu arm embedded toolchain/10 2021.10/bin/../lib/gcc/arm-none-eabi/10.3.1/thumb/v6-m/nofp\libgcc.a(_dvmd_tls.o)
 .bss           0x00000000        0x0 c:/program files (x86)/gnu arm embedded toolchain/10 2021.10/bin/../lib/gcc/arm-none-eabi/10.3.1/thumb/v6-m/nofp\libgcc.a(_dvmd_tls.o)
 .text          0x00000000        0x0 c:/program files (x86)/gnu arm embedded toolchain/10 2021.10/bin/../lib/gcc/arm-none-eabi/10.3.1/thumb/v6-m/nofp/crtend.o
 .data          0x00000000        0x0 c:/program files (x86)/gnu arm embedded toolchain/10 2021.10/bin/../lib/gcc/arm-none-eabi/10.3.1/thumb/v6-m/nofp/crtend.o
 .bss           0x00000000        0x0 c:/program files (x86)/gnu arm embedded toolchain/10 2021.10/bin/../lib/gcc/arm-none-eabi/10.3.1/thumb/v6-m/nofp/crtend.o
 .rodata        0x00000000       0x24 c:/program files (x86)/gnu arm embedded toolchain/10 2021.10/bin/../lib/gcc/arm-none-eabi/10.3.1/thumb/v6-m/nofp/crtend.o
 .text          0x00000000        0x0 c:/program files (x86)/gnu arm embedded toolchain/10 2021.10/bin/../lib/gcc/arm-none-eabi/10.3.1/thumb/v6-m/nofp/crtn.o
 .data          0x00000000        0x0 c:/program files (x86)/gnu arm embedded toolchain/10 2021.10/bin/../lib/gcc/arm-none-eabi/10.3.1/thumb/v6-m/nofp/crtn.o
 .bss           0x00000000        0x0 c:/program files (x86)/gnu arm embedded toolchain/10 2021.10/bin/../lib/gcc/arm-none-eabi/10.3.1/thumb/v6-m/nofp/crtn.o
 .text          0x00000000        0x0 c:/program files (x86)/gnu arm embedded toolchain/10 2021.10/bin/../lib/gcc/arm-none-eabi/10.3.1/../../../../arm-none-eabi/lib/thumb/v6-m/nofp\libnosys.a(_exit.o)
 .data          0x00000000        0x0 c:/program files (x86)/gnu arm embedded toolchain/10 2021.10/bin/../lib/gcc/arm-none-eabi/10.3.1/../../../../arm-none-eabi/lib/thumb/v6-m/nofp\libnosys.a(_exit.o)
 .bss           0x00000000        0x0 c:/program files (x86)/gnu arm embedded toolchain/10 2021.10/bin/../lib/gcc/arm-none-eabi/10.3.1/../../../../arm-none-eabi/lib/thumb/v6-m/nofp\libnosys.a(_exit.o)
 .text._exit    0x00000000        0x4 c:/program files (x86)/gnu arm embedded toolchain/10 2021.10/bin/../lib/gcc/arm-none-eabi/10.3.1/../../../../arm-none-eabi/lib/thumb/v6-m/nofp\libnosys.a(_exit.o)
 .debug_frame   0x00000000       0x20 c:/program files (x86)/gnu arm embedded toolchain/10 2021.10/bin/../lib/gcc/arm-none-eabi/10.3.1/../../../../arm-none-eabi/lib/thumb/v6-m/nofp\libnosys.a(_exit.o)
 .ARM.attributes
                0x00000000       0x2c c:/program files (x86)/gnu arm embedded toolchain/10 2021.10/bin/../lib/gcc/arm-none-eabi/10.3.1/../../../../arm-none-eabi/lib/thumb/v6-m/nofp\libnosys.a(_exit.o)

Memory Configuration

Name             Origin             Length             Attributes
FLASH            0x00000000         0x00020000         xr
RAM              0x20000000         0x00003fc0         xrw
*default*        0x00000000         0xffffffff

Linker script and memory map

LOAD c:/program files (x86)/gnu arm embedded toolchain/10 2021.10/bin/../lib/gcc/arm-none-eabi/10.3.1/thumb/v6-m/nofp/crti.o
LOAD c:/program files (x86)/gnu arm embedded toolchain/10 2021.10/bin/../lib/gcc/arm-none-eabi/10.3.1/thumb/v6-m/nofp/crtbegin.o
LOAD c:/program files (x86)/gnu arm embedded toolchain/10 2021.10/bin/../lib/gcc/arm-none-eabi/10.3.1/../../../../arm-none-eabi/lib/thumb/v6-m/nofp/crt0.o
LOAD c:/program files (x86)/gnu arm embedded toolchain/10 2021.10/bin/../lib/gcc/arm-none-eabi/10.3.1/../../../../arm-none-eabi/lib/thumb/v6-m/nofp\libc_nano.a
LOAD c:/program files (x86)/gnu arm embedded toolchain/10 2021.10/bin/../lib/gcc/arm-none-eabi/10.3.1/../../../../arm-none-eabi/lib/thumb/v6-m/nofp\libm.a
LOAD CMakeFiles/WDTReset.dir/main.c.obj
LOAD CMakeFiles/WDTReset.dir/W7500x_it.c.obj
LOAD CMakeFiles/WDTReset.dir/__/__/__/__/Libraries/Startup/startup_W7500.s.obj
LOAD CMakeFiles/WDTReset.dir/__/__/__/__/Libraries/W7500x_stdPeriph_Driver/src/W7500x_gpio.c.obj
LOAD CMakeFiles/WDTReset.dir/__/__/__/__/Libraries/CMSIS/Device/WIZnet/W7500/Source/system_W7500x.c.obj
LOAD CMakeFiles/WDTReset.dir/__/__/__/__/Libraries/W7500x_stdPeriph_Driver/src/W7500x_exti.c.obj
LOAD CMakeFiles/WDTReset.dir/__/__/__/__/Libraries/W7500x_stdPeriph_Driver/src/W7500x_wdt.c.obj
LOAD ../../../../Libraries/libGPIO_FILES.a
LOAD ../../../../Libraries/libEXTI_FILES.a
LOAD ../../../../Libraries/libWDT_FILES.a
LOAD ../../../../Libraries/libSYSTEM_W7500X_FILES.a
LOAD ../../../../Libraries/libGPIO_FILES.a
LOAD ../../../../Libraries/libSYSTEM_W7500X_FILES.a
START GROUP
LOAD c:/program files (x86)/gnu arm embedded toolchain/10 2021.10/bin/../lib/gcc/arm-none-eabi/10.3.1/thumb/v6-m/nofp\libgcc.a
LOAD c:/program files (x86)/gnu arm embedded toolchain/10 2021.10/bin/../lib/gcc/arm-none-eabi/10.3.1/../../../../arm-none-eabi/lib/thumb/v6-m/nofp\libg_nano.a
LOAD c:/program files (x86)/gnu arm embedded toolchain/10 2021.10/bin/../lib/gcc/arm-none-eabi/10.3.1/../../../../arm-none-eabi/lib/thumb/v6-m/nofp\libc_nano.a
END GROUP
START GROUP
LOAD c:/program files (x86)/gnu arm embedded toolchain/10 2021.10/bin/../lib/gcc/arm-none-eabi/10.3.1/thumb/v6-m/nofp\libgcc.a
LOAD c:/program files (x86)/gnu arm embedded toolchain/10 2021.10/bin/../lib/gcc/arm-none-eabi/10.3.1/../../../../arm-none-eabi/lib/thumb/v6-m/nofp\libc_nano.a
END GROUP
LOAD c:/program files (x86)/gnu arm embedded toolchain/10 2021.10/bin/../lib/gcc/arm-none-eabi/10.3.1/thumb/v6-m/nofp/crtend.o
LOAD c:/program files (x86)/gnu arm embedded toolchain/10 2021.10/bin/../lib/gcc/arm-none-eabi/10.3.1/thumb/v6-m/nofp/crtn.o
START GROUP
LOAD c:/program files (x86)/gnu arm embedded toolchain/10 2021.10/bin/../lib/gcc/arm-none-eabi/10.3.1/thumb/v6-m/nofp\libgcc.a
LOAD c:/program files (x86)/gnu arm embedded toolchain/10 2021.10/bin/../lib/gcc/arm-none-eabi/10.3.1/../../../../arm-none-eabi/lib/thumb/v6-m/nofp\libc.a
LOAD c:/program files (x86)/gnu arm embedded toolchain/10 2021.10/bin/../lib/gcc/arm-none-eabi/10.3.1/../../../../arm-none-eabi/lib/thumb/v6-m/nofp\libm.a
LOAD c:/program files (x86)/gnu arm embedded toolchain/10 2021.10/bin/../lib/gcc/arm-none-eabi/10.3.1/../../../../arm-none-eabi/lib/thumb/v6-m/nofp\libnosys.a
END GROUP

.text           0x00000000      0xbb8
 *(.isr_vector)
 .isr_vector    0x00000000       0xa8 CMakeFiles/WDTReset.dir/__/__/__/__/Libraries/Startup/startup_W7500.s.obj
                0x00000000                __isr_vector
 *(.text*)
 .text          0x000000a8       0x48 c:/program files (x86)/gnu arm embedded toolchain/10 2021.10/bin/../lib/gcc/arm-none-eabi/10.3.1/thumb/v6-m/nofp/crtbegin.o
 .text.NVIC_EnableIRQ
                0x000000f0       0x2c CMakeFiles/WDTReset.dir/main.c.obj
 .text.main     0x0000011c       0xb8 CMakeFiles/WDTReset.dir/main.c.obj
                0x0000011c                main
 .text.GPIO_Setting
                0x000001d4       0xa2 CMakeFiles/WDTReset.dir/main.c.obj
                0x000001d4                GPIO_Setting
 .text.NVIC_Configuration
                0x00000276       0x10 CMakeFiles/WDTReset.dir/main.c.obj
                0x00000276                NVIC_Configuration
 *fill*         0x00000286        0x2 
 .text.NVIC_ClearPendingIRQ
                0x00000288       0x34 CMakeFiles/WDTReset.dir/W7500x_it.c.obj
 .text.NMI_Handler
                0x000002bc        0xa CMakeFiles/WDTReset.dir/W7500x_it.c.obj
                0x000002bc                NMI_Handler
 .text.HardFault_Handler
                0x000002c6        0xa CMakeFiles/WDTReset.dir/W7500x_it.c.obj
                0x000002c6                HardFault_Handler
 .text.SVC_Handler
                0x000002d0        0xa CMakeFiles/WDTReset.dir/W7500x_it.c.obj
                0x000002d0                SVC_Handler
 .text.PendSV_Handler
                0x000002da        0xa CMakeFiles/WDTReset.dir/W7500x_it.c.obj
                0x000002da                PendSV_Handler
 .text.SysTick_Handler
                0x000002e4        0xa CMakeFiles/WDTReset.dir/W7500x_it.c.obj
                0x000002e4                SysTick_Handler
 .text.SSP0_Handler
                0x000002ee        0xa CMakeFiles/WDTReset.dir/W7500x_it.c.obj
                0x000002ee                SSP0_Handler
 .text.SSP1_Handler
                0x000002f8        0xa CMakeFiles/WDTReset.dir/W7500x_it.c.obj
                0x000002f8                SSP1_Handler
 .text.UART0_Handler
                0x00000302        0xa CMakeFiles/WDTReset.dir/W7500x_it.c.obj
                0x00000302                UART0_Handler
 .text.UART1_Handler
                0x0000030c        0xa CMakeFiles/WDTReset.dir/W7500x_it.c.obj
                0x0000030c                UART1_Handler
 .text.UART2_Handler
                0x00000316        0xa CMakeFiles/WDTReset.dir/W7500x_it.c.obj
                0x00000316                UART2_Handler
 .text.I2C0_Handler
                0x00000320        0xa CMakeFiles/WDTReset.dir/W7500x_it.c.obj
                0x00000320                I2C0_Handler
 .text.I2C1_Handler
                0x0000032a        0xa CMakeFiles/WDTReset.dir/W7500x_it.c.obj
                0x0000032a                I2C1_Handler
 .text.PORT0_Handler
                0x00000334        0xa CMakeFiles/WDTReset.dir/W7500x_it.c.obj
                0x00000334                PORT0_Handler
 .text.PORT1_Handler
                0x0000033e        0xa CMakeFiles/WDTReset.dir/W7500x_it.c.obj
                0x0000033e                PORT1_Handler
 .text.PORT2_Handler
                0x00000348        0xa CMakeFiles/WDTReset.dir/W7500x_it.c.obj
                0x00000348                PORT2_Handler
 .text.PORT3_Handler
                0x00000352        0xa CMakeFiles/WDTReset.dir/W7500x_it.c.obj
                0x00000352                PORT3_Handler
 .text.DMA_Handler
                0x0000035c        0xa CMakeFiles/WDTReset.dir/W7500x_it.c.obj
                0x0000035c                DMA_Handler
 .text.DUALTIMER0_Handler
                0x00000366        0xa CMakeFiles/WDTReset.dir/W7500x_it.c.obj
                0x00000366                DUALTIMER0_Handler
 .text.DUALTIMER1_Handler
                0x00000370        0xa CMakeFiles/WDTReset.dir/W7500x_it.c.obj
                0x00000370                DUALTIMER1_Handler
 .text.PWM0_Handler
                0x0000037a        0xa CMakeFiles/WDTReset.dir/W7500x_it.c.obj
                0x0000037a                PWM0_Handler
 .text.PWM1_Handler
                0x00000384        0xa CMakeFiles/WDTReset.dir/W7500x_it.c.obj
                0x00000384                PWM1_Handler
 .text.PWM2_Handler
                0x0000038e        0xa CMakeFiles/WDTReset.dir/W7500x_it.c.obj
                0x0000038e                PWM2_Handler
 .text.PWM3_Handler
                0x00000398        0xa CMakeFiles/WDTReset.dir/W7500x_it.c.obj
                0x00000398                PWM3_Handler
 .text.PWM4_Handler
                0x000003a2        0xa CMakeFiles/WDTReset.dir/W7500x_it.c.obj
                0x000003a2                PWM4_Handler
 .text.PWM5_Handler
                0x000003ac        0xa CMakeFiles/WDTReset.dir/W7500x_it.c.obj
                0x000003ac                PWM5_Handler
 .text.PWM6_Handler
                0x000003b6        0xa CMakeFiles/WDTReset.dir/W7500x_it.c.obj
                0x000003b6                PWM6_Handler
 .text.PWM7_Handler
                0x000003c0        0xa CMakeFiles/WDTReset.dir/W7500x_it.c.obj
                0x000003c0                PWM7_Handler
 .text.ADC_Handler
                0x000003ca        0xa CMakeFiles/WDTReset.dir/W7500x_it.c.obj
                0x000003ca                ADC_Handler
 .text.WZTOE_Handler
                0x000003d4        0xa CMakeFiles/WDTReset.dir/W7500x_it.c.obj
                0x000003d4                WZTOE_Handler
 *fill*         0x000003de        0x2 
 .text.EXTI_Handler
                0x000003e0       0x1c CMakeFiles/WDTReset.dir/W7500x_it.c.obj
                0x000003e0                EXTI_Handler
 .text          0x000003fc       0x84 CMakeFiles/WDTReset.dir/__/__/__/__/Libraries/Startup/startup_W7500.s.obj
                0x000003fc                Reset_Handler
                0x0000043c                MemManage_Handler
                0x0000043e                BusFault_Handler
                0x00000440                UsageFault_Handler
                0x00000444                DebugMon_Handler
                0x00000476                RTC_Handler
 .text.GPIO_Init
                0x00000480      0x1b8 CMakeFiles/WDTReset.dir/__/__/__/__/Libraries/W7500x_stdPeriph_Driver/src/W7500x_gpio.c.obj
                0x00000480                GPIO_Init
 .text.GPIO_ReadOutputDataBit
                0x00000638       0x40 CMakeFiles/WDTReset.dir/__/__/__/__/Libraries/W7500x_stdPeriph_Driver/src/W7500x_gpio.c.obj
                0x00000638                GPIO_ReadOutputDataBit
 .text.GPIO_SetBits
                0x00000678       0x4a CMakeFiles/WDTReset.dir/__/__/__/__/Libraries/W7500x_stdPeriph_Driver/src/W7500x_gpio.c.obj
                0x00000678                GPIO_SetBits
 .text.GPIO_ResetBits
                0x000006c2       0x4e CMakeFiles/WDTReset.dir/__/__/__/__/Libraries/W7500x_stdPeriph_Driver/src/W7500x_gpio.c.obj
                0x000006c2                GPIO_ResetBits
 .text.PAD_AFConfig
                0x00000710       0xfc CMakeFiles/WDTReset.dir/__/__/__/__/Libraries/W7500x_stdPeriph_Driver/src/W7500x_gpio.c.obj
                0x00000710                PAD_AFConfig
 .text.SystemInit
                0x0000080c       0xb4 CMakeFiles/WDTReset.dir/__/__/__/__/Libraries/CMSIS/Device/WIZnet/W7500/Source/system_W7500x.c.obj
                0x0000080c                SystemInit
 .text.EXTI_Init
                0x000008c0       0xd8 CMakeFiles/WDTReset.dir/__/__/__/__/Libraries/W7500x_stdPeriph_Driver/src/W7500x_exti.c.obj
                0x000008c0                EXTI_Init
 .text.WDT_Init
                0x00000998       0x2e CMakeFiles/WDTReset.dir/__/__/__/__/Libraries/W7500x_stdPeriph_Driver/src/W7500x_wdt.c.obj
                0x00000998                WDT_Init
 .text.WDT_Start
                0x000009c6       0x22 CMakeFiles/WDTReset.dir/__/__/__/__/Libraries/W7500x_stdPeriph_Driver/src/W7500x_wdt.c.obj
                0x000009c6                WDT_Start
 .text.WDT_Stop
                0x000009e8       0x1e CMakeFiles/WDTReset.dir/__/__/__/__/Libraries/W7500x_stdPeriph_Driver/src/W7500x_wdt.c.obj
                0x000009e8                WDT_Stop
 *fill*         0x00000a06        0x2 
 .text.WDT_Unlock
                0x00000a08       0x1c CMakeFiles/WDTReset.dir/__/__/__/__/Libraries/W7500x_stdPeriph_Driver/src/W7500x_wdt.c.obj
                0x00000a08                WDT_Unlock
 .text.WDT_Lock
                0x00000a24       0x16 CMakeFiles/WDTReset.dir/__/__/__/__/Libraries/W7500x_stdPeriph_Driver/src/W7500x_wdt.c.obj
                0x00000a24                WDT_Lock
 .text.WDT_IntClear
                0x00000a3a       0x1a CMakeFiles/WDTReset.dir/__/__/__/__/Libraries/W7500x_stdPeriph_Driver/src/W7500x_wdt.c.obj
                0x00000a3a                WDT_IntClear
 .text.WDT_SetWDTLoad
                0x00000a54       0x20 CMakeFiles/WDTReset.dir/__/__/__/__/Libraries/W7500x_stdPeriph_Driver/src/W7500x_wdt.c.obj
                0x00000a54                WDT_SetWDTLoad
 .text.WDT_GetWDTValue
                0x00000a74       0x10 CMakeFiles/WDTReset.dir/__/__/__/__/Libraries/W7500x_stdPeriph_Driver/src/W7500x_wdt.c.obj
                0x00000a74                WDT_GetWDTValue
 .text          0x00000a84      0x114 c:/program files (x86)/gnu arm embedded toolchain/10 2021.10/bin/../lib/gcc/arm-none-eabi/10.3.1/thumb/v6-m/nofp\libgcc.a(_udivsi3.o)
                0x00000a84                __aeabi_uidiv
                0x00000a84                __udivsi3
                0x00000b90                __aeabi_uidivmod
 .text          0x00000b98        0x4 c:/program files (x86)/gnu arm embedded toolchain/10 2021.10/bin/../lib/gcc/arm-none-eabi/10.3.1/thumb/v6-m/nofp\libgcc.a(_dvmd_tls.o)
                0x00000b98                __aeabi_idiv0
                0x00000b98                __aeabi_ldiv0
 *(.init)
 .init          0x00000b9c        0x4 c:/program files (x86)/gnu arm embedded toolchain/10 2021.10/bin/../lib/gcc/arm-none-eabi/10.3.1/thumb/v6-m/nofp/crti.o
                0x00000b9c                _init
 .init          0x00000ba0        0x8 c:/program files (x86)/gnu arm embedded toolchain/10 2021.10/bin/../lib/gcc/arm-none-eabi/10.3.1/thumb/v6-m/nofp/crtn.o
 *(.fini)
 .fini          0x00000ba8        0x4 c:/program files (x86)/gnu arm embedded toolchain/10 2021.10/bin/../lib/gcc/arm-none-eabi/10.3.1/thumb/v6-m/nofp/crti.o
                0x00000ba8                _fini
 .fini          0x00000bac        0x8 c:/program files (x86)/gnu arm embedded toolchain/10 2021.10/bin/../lib/gcc/arm-none-eabi/10.3.1/thumb/v6-m/nofp/crtn.o
 *crtbegin.o(.ctors)
 *crtbegin?.o(.ctors)
 *(EXCLUDE_FILE(*crtend.o *crtend?.o) .ctors)
 *(SORT_BY_NAME(.ctors.*))
 *(.ctors)
 *crtbegin.o(.dtors)
 *crtbegin?.o(.dtors)
 *(EXCLUDE_FILE(*crtend.o *crtend?.o) .dtors)
 *(SORT_BY_NAME(.dtors.*))
 *(.dtors)
 *(.rodata*)
 *(.eh_frame*)
 .eh_frame      0x00000bb4        0x0 c:/program files (x86)/gnu arm embedded toolchain/10 2021.10/bin/../lib/gcc/arm-none-eabi/10.3.1/thumb/v6-m/nofp/crtbegin.o
 .eh_frame      0x00000bb4        0x4 c:/program files (x86)/gnu arm embedded toolchain/10 2021.10/bin/../lib/gcc/arm-none-eabi/10.3.1/thumb/v6-m/nofp/crtend.o

.glue_7         0x00000bb8        0x0
 .glue_7        0x00000bb8        0x0 linker stubs

.glue_7t        0x00000bb8        0x0
 .glue_7t       0x00000bb8        0x0 linker stubs

.vfp11_veneer   0x00000bb8        0x0
 .vfp11_veneer  0x00000bb8        0x0 linker stubs

.v4_bx          0x00000bb8        0x0
 .v4_bx         0x00000bb8        0x0 linker stubs

.iplt           0x00000bb8        0x0
 .iplt          0x00000bb8        0x0 c:/program files (x86)/gnu arm embedded toolchain/10 2021.10/bin/../lib/gcc/arm-none-eabi/10.3.1/thumb/v6-m/nofp/crtbegin.o

.rel.dyn        0x00000bb8        0x0
 .rel.iplt      0x00000bb8        0x0 c:/program files (x86)/gnu arm embedded toolchain/10 2021.10/bin/../lib/gcc/arm-none-eabi/10.3.1/thumb/v6-m/nofp/crtbegin.o

.ARM.extab
 *(.ARM.extab* .gnu.linkonce.armextab.*)
                0x00000bb8                __exidx_start = .

.ARM.exidx
 *(.ARM.exidx* .gnu.linkonce.armexidx.*)
                0x00000bb8                __exidx_end = .
                0x00000bb8                __etext = .

.data           0x20000000        0x8 load address 0x00000bb8
                0x20000000                __data_start__ = .
 *(vtable)
 *(.data*)
                0x20000000                . = ALIGN (0x4)
                0x20000000                PROVIDE (__preinit_array_start = .)
 *(.preinit_array)
                0x20000000                PROVIDE (__preinit_array_end = .)
                0x20000000                . = ALIGN (0x4)
                0x20000000                PROVIDE (__init_array_start = .)
 *(SORT_BY_NAME(.init_array.*))
 *(.init_array)
 .init_array    0x20000000        0x4 c:/program files (x86)/gnu arm embedded toolchain/10 2021.10/bin/../lib/gcc/arm-none-eabi/10.3.1/thumb/v6-m/nofp/crtbegin.o
                0x20000004                PROVIDE (__init_array_end = .)
                0x20000004                . = ALIGN (0x4)
                [!provide]                PROVIDE (__fini_array_start = .)
 *(SORT_BY_NAME(.fini_array.*))
 *(.fini_array)
 .fini_array    0x20000004        0x4 c:/program files (x86)/gnu arm embedded toolchain/10 2021.10/bin/../lib/gcc/arm-none-eabi/10.3.1/thumb/v6-m/nofp/crtbegin.o
                [!provide]                PROVIDE (__fini_array_end = .)
 *(.jcr*)
                0x20000008                . = ALIGN (0x4)
                0x20000008                __data_end__ = .

.igot.plt       0x20000008        0x0 load address 0x00000bc0
 .igot.plt      0x20000008        0x0 c:/program files (x86)/gnu arm embedded toolchain/10 2021.10/bin/../lib/gcc/arm-none-eabi/10.3.1/thumb/v6-m/nofp/crtbegin.o

.bss            0x20000008       0x2c load address 0x00000bc0
                0x20000008                . = ALIGN (0x4)
                0x20000008                __bss_start__ = .
 *(.bss*)
 .bss           0x20000008       0x1c c:/program files (x86)/gnu arm embedded toolchain/10 2021.10/bin/../lib/gcc/arm-none-eabi/10.3.1/thumb/v6-m/nofp/crtbegin.o
 .bss.WDT_InitStructure
                0x20000024        0x8 CMakeFiles/WDTReset.dir/main.c.obj
                0x20000024                WDT_InitStructure
 .bss.rst_info  0x2000002c        0x4 CMakeFiles/WDTReset.dir/main.c.obj
                0x2000002c                rst_info
 .bss.SystemFrequency
                0x20000030        0x4 CMakeFiles/WDTReset.dir/__/__/__/__/Libraries/CMSIS/Device/WIZnet/W7500/Source/system_W7500x.c.obj
                0x20000030                SystemFrequency
 *(COMMON)
                0x20000034                . = ALIGN (0x4)
                0x20000034                __bss_end__ = .

.heap           0x20000038        0x0
                0x20000038                __end__ = .
                0x20000038                end = __end__
 *(.heap*)
 .heap          0x20000038        0x0 CMakeFiles/WDTReset.dir/__/__/__/__/Libraries/Startup/startup_W7500.s.obj
                0x20000038                __HeapLimit = .

.stack_dummy    0x20000038      0x200
 *(.stack*)
 .stack         0x20000038      0x200 CMakeFiles/WDTReset.dir/__/__/__/__/Libraries/Startup/startup_W7500.s.obj
                0x20003fc0                __StackTop = (ORIGIN (RAM) + LENGTH (RAM))
                0x20003dc0                __StackLimit = (__StackTop - SIZEOF (.stack_dummy))
                0x20003fc0                PROVIDE (__stack = __StackTop)
                0x00000001                ASSERT ((__StackLimit >= __HeapLimit), region RAM overflowed with stack)
OUTPUT(WDTReset elf32-littlearm)
LOAD linker stubs

.ARM.attributes
                0x00000000       0x28
 .ARM.attributes
                0x00000000       0x1e c:/program files (x86)/gnu arm embedded toolchain/10 2021.10/bin/../lib/gcc/arm-none-eabi/10.3.1/thumb/v6-m/nofp/crti.o
 .ARM.attributes
                0x0000001e       0x2c c:/program files (x86)/gnu arm embedded toolchain/10 2021.10/bin/../lib/gcc/arm-none-eabi/10.3.1/thumb/v6-m/nofp/crtbegin.o
 .ARM.attributes
                0x0000004a       0x2c CMakeFiles/WDTReset.dir/main.c.obj
 .ARM.attributes
                0x00000076       0x2c CMakeFiles/WDTReset.dir/W7500x_it.c.obj
 .ARM.attributes
                0x000000a2       0x1b CMakeFiles/WDTReset.dir/__/__/__/__/Libraries/Startup/startup_W7500.s.obj
 .ARM.attributes
                0x000000bd       0x2c CMakeFiles/WDTReset.dir/__/__/__/__/Libraries/W7500x_stdPeriph_Driver/src/W7500x_gpio.c.obj
 .ARM.attributes
                0x000000e9       0x2c CMakeFiles/WDTReset.dir/__/__/__/__/Libraries/CMSIS/Device/WIZnet/W7500/Source/system_W7500x.c.obj
 .ARM.attributes
                0x00000115       0x2c CMakeFiles/WDTReset.dir/__/__/__/__/Libraries/W7500x_stdPeriph_Driver/src/W7500x_exti.c.obj
 .ARM.attributes
                0x00000141       0x2c CMakeFiles/WDTReset.dir/__/__/__/__/Libraries/W7500x_stdPeriph_Driver/src/W7500x_wdt.c.obj
 .ARM.attributes
                0x0000016d       0x1e c:/program files (x86)/gnu arm embedded toolchain/10 2021.10/bin/../lib/gcc/arm-none-eabi/10.3.1/thumb/v6-m/nofp\libgcc.a(_udivsi3.o)
 .ARM.attributes
                0x0000018b       0x1e c:/program files (x86)/gnu arm embedded toolchain/10 2021.10/bin/../lib/gcc/arm-none-eabi/10.3.1/thumb/v6-m/nofp\libgcc.a(_dvmd_tls.o)
 .ARM.attributes
                0x000001a9       0x2c c:/program files (x86)/gnu arm embedded toolchain/10 2021.10/bin/../lib/gcc/arm-none-eabi/10.3.1/thumb/v6-m/nofp/crtend.o
 .ARM.attributes
                0x000001d5       0x1e c:/program files (x86)/gnu arm embedded toolchain/10 2021.10/bin/../lib/gcc/arm-none-eabi/10.3.1/thumb/v6-m/nofp/crtn.o

.comment        0x00000000       0x49
 .comment       0x00000000       0x49 CMakeFiles/WDTReset.dir/main.c.obj
                                 0x4a (size before relaxing)
 .comment       0x00000049       0x4a CMakeFiles/WDTReset.dir/W7500x_it.c.obj
 .comment       0x00000049       0x4a CMakeFiles/WDTReset.dir/__/__/__/__/Libraries/W7500x_stdPeriph_Driver/src/W7500x_gpio.c.obj
 .comment       0x00000049       0x4a CMakeFiles/WDTReset.dir/__/__/__/__/Libraries/CMSIS/Device/WIZnet/W7500/Source/system_W7500x.c.obj
 .comment       0x00000049       0x4a CMakeFiles/WDTReset.dir/__/__/__/__/Libraries/W7500x_stdPeriph_Driver/src/W7500x_exti.c.obj
 .comment       0x00000049       0x4a CMakeFiles/WDTReset.dir/__/__/__/__/Libraries/W7500x_stdPeriph_Driver/src/W7500x_wdt.c.obj

.debug_info     0x00000000     0x2339
 .debug_info    0x00000000      0x6af CMakeFiles/WDTReset.dir/main.c.obj
 .debug_info    0x000006af      0x4a1 CMakeFiles/WDTReset.dir/W7500x_it.c.obj
 .debug_info    0x00000b50       0x26 CMakeFiles/WDTReset.dir/__/__/__/__/Libraries/Startup/startup_W7500.s.obj
 .debug_info    0x00000b76      0xbda CMakeFiles/WDTReset.dir/__/__/__/__/Libraries/W7500x_stdPeriph_Driver/src/W7500x_gpio.c.obj
 .debug_info    0x00001750      0x4f2 CMakeFiles/WDTReset.dir/__/__/__/__/Libraries/CMSIS/Device/WIZnet/W7500/Source/system_W7500x.c.obj
 .debug_info    0x00001c42      0x3c9 CMakeFiles/WDTReset.dir/__/__/__/__/Libraries/W7500x_stdPeriph_Driver/src/W7500x_exti.c.obj
 .debug_info    0x0000200b      0x32e CMakeFiles/WDTReset.dir/__/__/__/__/Libraries/W7500x_stdPeriph_Driver/src/W7500x_wdt.c.obj

.debug_abbrev   0x00000000      0x9b2
 .debug_abbrev  0x00000000      0x1c2 CMakeFiles/WDTReset.dir/main.c.obj
 .debug_abbrev  0x000001c2      0x144 CMakeFiles/WDTReset.dir/W7500x_it.c.obj
 .debug_abbrev  0x00000306       0x14 CMakeFiles/WDTReset.dir/__/__/__/__/Libraries/Startup/startup_W7500.s.obj
 .debug_abbrev  0x0000031a      0x247 CMakeFiles/WDTReset.dir/__/__/__/__/Libraries/W7500x_stdPeriph_Driver/src/W7500x_gpio.c.obj
 .debug_abbrev  0x00000561      0x10b CMakeFiles/WDTReset.dir/__/__/__/__/Libraries/CMSIS/Device/WIZnet/W7500/Source/system_W7500x.c.obj
 .debug_abbrev  0x0000066c      0x1b2 CMakeFiles/WDTReset.dir/__/__/__/__/Libraries/W7500x_stdPeriph_Driver/src/W7500x_exti.c.obj
 .debug_abbrev  0x0000081e      0x194 CMakeFiles/WDTReset.dir/__/__/__/__/Libraries/W7500x_stdPeriph_Driver/src/W7500x_wdt.c.obj

.debug_aranges  0x00000000      0x338
 .debug_aranges
                0x00000000       0x38 CMakeFiles/WDTReset.dir/main.c.obj
 .debug_aranges
                0x00000038      0x110 CMakeFiles/WDTReset.dir/W7500x_it.c.obj
 .debug_aranges
                0x00000148       0x20 CMakeFiles/WDTReset.dir/__/__/__/__/Libraries/Startup/startup_W7500.s.obj
 .debug_aranges
                0x00000168       0xc8 CMakeFiles/WDTReset.dir/__/__/__/__/Libraries/W7500x_stdPeriph_Driver/src/W7500x_gpio.c.obj
 .debug_aranges
                0x00000230       0x30 CMakeFiles/WDTReset.dir/__/__/__/__/Libraries/CMSIS/Device/WIZnet/W7500/Source/system_W7500x.c.obj
 .debug_aranges
                0x00000260       0x48 CMakeFiles/WDTReset.dir/__/__/__/__/Libraries/W7500x_stdPeriph_Driver/src/W7500x_exti.c.obj
 .debug_aranges
                0x000002a8       0x90 CMakeFiles/WDTReset.dir/__/__/__/__/Libraries/W7500x_stdPeriph_Driver/src/W7500x_wdt.c.obj

.debug_ranges   0x00000000      0x2b8
 .debug_ranges  0x00000000       0x28 CMakeFiles/WDTReset.dir/main.c.obj
 .debug_ranges  0x00000028      0x100 CMakeFiles/WDTReset.dir/W7500x_it.c.obj
 .debug_ranges  0x00000128       0xb8 CMakeFiles/WDTReset.dir/__/__/__/__/Libraries/W7500x_stdPeriph_Driver/src/W7500x_gpio.c.obj
 .debug_ranges  0x000001e0       0x20 CMakeFiles/WDTReset.dir/__/__/__/__/Libraries/CMSIS/Device/WIZnet/W7500/Source/system_W7500x.c.obj
 .debug_ranges  0x00000200       0x38 CMakeFiles/WDTReset.dir/__/__/__/__/Libraries/W7500x_stdPeriph_Driver/src/W7500x_exti.c.obj
 .debug_ranges  0x00000238       0x80 CMakeFiles/WDTReset.dir/__/__/__/__/Libraries/W7500x_stdPeriph_Driver/src/W7500x_wdt.c.obj

.debug_macro    0x00000000     0x21cb
 .debug_macro   0x00000000       0xe9 CMakeFiles/WDTReset.dir/main.c.obj
 .debug_macro   0x000000e9      0xa3c CMakeFiles/WDTReset.dir/main.c.obj
 .debug_macro   0x00000b25       0x22 CMakeFiles/WDTReset.dir/main.c.obj
 .debug_macro   0x00000b47       0x3a CMakeFiles/WDTReset.dir/main.c.obj
 .debug_macro   0x00000b81       0x22 CMakeFiles/WDTReset.dir/main.c.obj
 .debug_macro   0x00000ba3       0x8e CMakeFiles/WDTReset.dir/main.c.obj
 .debug_macro   0x00000c31       0x51 CMakeFiles/WDTReset.dir/main.c.obj
 .debug_macro   0x00000c82      0x103 CMakeFiles/WDTReset.dir/main.c.obj
 .debug_macro   0x00000d85       0x6a CMakeFiles/WDTReset.dir/main.c.obj
 .debug_macro   0x00000def      0x1df CMakeFiles/WDTReset.dir/main.c.obj
 .debug_macro   0x00000fce       0x1f CMakeFiles/WDTReset.dir/main.c.obj
 .debug_macro   0x00000fed      0x242 CMakeFiles/WDTReset.dir/main.c.obj
 .debug_macro   0x0000122f       0x10 CMakeFiles/WDTReset.dir/main.c.obj
 .debug_macro   0x0000123f      0xa22 CMakeFiles/WDTReset.dir/main.c.obj
 .debug_macro   0x00001c61       0xac CMakeFiles/WDTReset.dir/main.c.obj
 .debug_macro   0x00001d0d       0x10 CMakeFiles/WDTReset.dir/main.c.obj
 .debug_macro   0x00001d1d       0x40 CMakeFiles/WDTReset.dir/main.c.obj
 .debug_macro   0x00001d5d       0xb0 CMakeFiles/WDTReset.dir/W7500x_it.c.obj
 .debug_macro   0x00001e0d       0xb5 CMakeFiles/WDTReset.dir/__/__/__/__/Libraries/W7500x_stdPeriph_Driver/src/W7500x_gpio.c.obj
 .debug_macro   0x00001ec2       0xa6 CMakeFiles/WDTReset.dir/__/__/__/__/Libraries/CMSIS/Device/WIZnet/W7500/Source/system_W7500x.c.obj
 .debug_macro   0x00001f68       0xc2 CMakeFiles/WDTReset.dir/__/__/__/__/Libraries/W7500x_stdPeriph_Driver/src/W7500x_exti.c.obj
 .debug_macro   0x0000202a       0xb2 CMakeFiles/WDTReset.dir/__/__/__/__/Libraries/W7500x_stdPeriph_Driver/src/W7500x_exti.c.obj
 .debug_macro   0x000020dc       0xb5 CMakeFiles/WDTReset.dir/__/__/__/__/Libraries/W7500x_stdPeriph_Driver/src/W7500x_wdt.c.obj
 .debug_macro   0x00002191       0x3a CMakeFiles/WDTReset.dir/__/__/__/__/Libraries/W7500x_stdPeriph_Driver/src/W7500x_wdt.c.obj

.debug_line     0x00000000     0x1fbb
 .debug_line    0x00000000      0x402 CMakeFiles/WDTReset.dir/main.c.obj
 .debug_line    0x00000402      0x5c2 CMakeFiles/WDTReset.dir/W7500x_it.c.obj
 .debug_line    0x000009c4       0x9d CMakeFiles/WDTReset.dir/__/__/__/__/Libraries/Startup/startup_W7500.s.obj
 .debug_line    0x00000a61      0x773 CMakeFiles/WDTReset.dir/__/__/__/__/Libraries/W7500x_stdPeriph_Driver/src/W7500x_gpio.c.obj
 .debug_line    0x000011d4      0x3b3 CMakeFiles/WDTReset.dir/__/__/__/__/Libraries/CMSIS/Device/WIZnet/W7500/Source/system_W7500x.c.obj
 .debug_line    0x00001587      0x559 CMakeFiles/WDTReset.dir/__/__/__/__/Libraries/W7500x_stdPeriph_Driver/src/W7500x_exti.c.obj
 .debug_line    0x00001ae0      0x4db CMakeFiles/WDTReset.dir/__/__/__/__/Libraries/W7500x_stdPeriph_Driver/src/W7500x_wdt.c.obj

.debug_str      0x00000000     0x904b
 .debug_str     0x00000000     0x865d CMakeFiles/WDTReset.dir/main.c.obj
                               0x87eb (size before relaxing)
 .debug_str     0x0000865d      0x204 CMakeFiles/WDTReset.dir/W7500x_it.c.obj
                               0x7d75 (size before relaxing)
 .debug_str     0x00008861       0x3a CMakeFiles/WDTReset.dir/__/__/__/__/Libraries/Startup/startup_W7500.s.obj
                                 0x74 (size before relaxing)
 .debug_str     0x0000889b      0x283 CMakeFiles/WDTReset.dir/__/__/__/__/Libraries/W7500x_stdPeriph_Driver/src/W7500x_gpio.c.obj
                               0x8680 (size before relaxing)
 .debug_str     0x00008b1e      0x319 CMakeFiles/WDTReset.dir/__/__/__/__/Libraries/CMSIS/Device/WIZnet/W7500/Source/system_W7500x.c.obj
                               0x7d13 (size before relaxing)
 .debug_str     0x00008e37       0xb4 CMakeFiles/WDTReset.dir/__/__/__/__/Libraries/W7500x_stdPeriph_Driver/src/W7500x_exti.c.obj
                               0x82d7 (size before relaxing)
 .debug_str     0x00008eeb      0x160 CMakeFiles/WDTReset.dir/__/__/__/__/Libraries/W7500x_stdPeriph_Driver/src/W7500x_wdt.c.obj
                               0x7ca2 (size before relaxing)

.debug_frame    0x00000000      0x9f0
 .debug_frame   0x00000000       0x88 CMakeFiles/WDTReset.dir/main.c.obj
 .debug_frame   0x00000088      0x378 CMakeFiles/WDTReset.dir/W7500x_it.c.obj
 .debug_frame   0x00000400      0x2d0 CMakeFiles/WDTReset.dir/__/__/__/__/Libraries/W7500x_stdPeriph_Driver/src/W7500x_gpio.c.obj
 .debug_frame   0x000006d0       0x6c CMakeFiles/WDTReset.dir/__/__/__/__/Libraries/CMSIS/Device/WIZnet/W7500/Source/system_W7500x.c.obj
 .debug_frame   0x0000073c       0xd0 CMakeFiles/WDTReset.dir/__/__/__/__/Libraries/W7500x_stdPeriph_Driver/src/W7500x_exti.c.obj
 .debug_frame   0x0000080c      0x1c4 CMakeFiles/WDTReset.dir/__/__/__/__/Libraries/W7500x_stdPeriph_Driver/src/W7500x_wdt.c.obj
 .debug_frame   0x000009d0       0x20 c:/program files (x86)/gnu arm embedded toolchain/10 2021.10/bin/../lib/gcc/arm-none-eabi/10.3.1/thumb/v6-m/nofp\libgcc.a(_udivsi3.o)

Cross Reference Table

Symbol                                            File
ADC_Handler                                       CMakeFiles/WDTReset.dir/W7500x_it.c.obj
BusFault_Handler                                  CMakeFiles/WDTReset.dir/__/__/__/__/Libraries/Startup/startup_W7500.s.obj
DMA_Handler                                       CMakeFiles/WDTReset.dir/W7500x_it.c.obj
DUALTIMER0_Handler                                CMakeFiles/WDTReset.dir/W7500x_it.c.obj
DUALTIMER1_Handler                                CMakeFiles/WDTReset.dir/W7500x_it.c.obj
DebugMon_Handler                                  CMakeFiles/WDTReset.dir/__/__/__/__/Libraries/Startup/startup_W7500.s.obj
EXTI_DeInit                                       CMakeFiles/WDTReset.dir/__/__/__/__/Libraries/W7500x_stdPeriph_Driver/src/W7500x_exti.c.obj
EXTI_Handler                                      CMakeFiles/WDTReset.dir/W7500x_it.c.obj
EXTI_Init                                         CMakeFiles/WDTReset.dir/__/__/__/__/Libraries/W7500x_stdPeriph_Driver/src/W7500x_exti.c.obj
                                                  CMakeFiles/WDTReset.dir/main.c.obj
EXTI_Polarity_Set                                 CMakeFiles/WDTReset.dir/__/__/__/__/Libraries/W7500x_stdPeriph_Driver/src/W7500x_exti.c.obj
EXTI_Px_GetEXTEN                                  CMakeFiles/WDTReset.dir/__/__/__/__/Libraries/W7500x_stdPeriph_Driver/src/W7500x_exti.c.obj
EXTI_Px_GetEXTINTPOL                              CMakeFiles/WDTReset.dir/__/__/__/__/Libraries/W7500x_stdPeriph_Driver/src/W7500x_exti.c.obj
EXTI_StructInit                                   CMakeFiles/WDTReset.dir/__/__/__/__/Libraries/W7500x_stdPeriph_Driver/src/W7500x_exti.c.obj
GPIO_Configuration                                CMakeFiles/WDTReset.dir/__/__/__/__/Libraries/W7500x_stdPeriph_Driver/src/W7500x_gpio.c.obj
GPIO_DeInit                                       CMakeFiles/WDTReset.dir/__/__/__/__/Libraries/W7500x_stdPeriph_Driver/src/W7500x_gpio.c.obj
GPIO_INT_Clear                                    CMakeFiles/WDTReset.dir/__/__/__/__/Libraries/W7500x_stdPeriph_Driver/src/W7500x_gpio.c.obj
GPIO_INT_Configuration                            CMakeFiles/WDTReset.dir/__/__/__/__/Libraries/W7500x_stdPeriph_Driver/src/W7500x_gpio.c.obj
GPIO_INT_Enable                                   CMakeFiles/WDTReset.dir/__/__/__/__/Libraries/W7500x_stdPeriph_Driver/src/W7500x_gpio.c.obj
GPIO_INT_Enable_Bits                              CMakeFiles/WDTReset.dir/__/__/__/__/Libraries/W7500x_stdPeriph_Driver/src/W7500x_gpio.c.obj
GPIO_INT_Polarity                                 CMakeFiles/WDTReset.dir/__/__/__/__/Libraries/W7500x_stdPeriph_Driver/src/W7500x_gpio.c.obj
GPIO_INT_Polarity_Bits                            CMakeFiles/WDTReset.dir/__/__/__/__/Libraries/W7500x_stdPeriph_Driver/src/W7500x_gpio.c.obj
GPIO_Init                                         CMakeFiles/WDTReset.dir/__/__/__/__/Libraries/W7500x_stdPeriph_Driver/src/W7500x_gpio.c.obj
                                                  CMakeFiles/WDTReset.dir/main.c.obj
GPIO_ReadInputData                                CMakeFiles/WDTReset.dir/__/__/__/__/Libraries/W7500x_stdPeriph_Driver/src/W7500x_gpio.c.obj
GPIO_ReadInputDataBit                             CMakeFiles/WDTReset.dir/__/__/__/__/Libraries/W7500x_stdPeriph_Driver/src/W7500x_gpio.c.obj
GPIO_ReadOutputData                               CMakeFiles/WDTReset.dir/__/__/__/__/Libraries/W7500x_stdPeriph_Driver/src/W7500x_gpio.c.obj
GPIO_ReadOutputDataBit                            CMakeFiles/WDTReset.dir/__/__/__/__/Libraries/W7500x_stdPeriph_Driver/src/W7500x_gpio.c.obj
                                                  CMakeFiles/WDTReset.dir/main.c.obj
GPIO_Read_INTstatus                               CMakeFiles/WDTReset.dir/__/__/__/__/Libraries/W7500x_stdPeriph_Driver/src/W7500x_gpio.c.obj
GPIO_ResetBits                                    CMakeFiles/WDTReset.dir/__/__/__/__/Libraries/W7500x_stdPeriph_Driver/src/W7500x_gpio.c.obj
                                                  CMakeFiles/WDTReset.dir/main.c.obj
GPIO_SetBits                                      CMakeFiles/WDTReset.dir/__/__/__/__/Libraries/W7500x_stdPeriph_Driver/src/W7500x_gpio.c.obj
                                                  CMakeFiles/WDTReset.dir/main.c.obj
GPIO_Setting                                      CMakeFiles/WDTReset.dir/main.c.obj
GPIO_StructInit                                   CMakeFiles/WDTReset.dir/__/__/__/__/Libraries/W7500x_stdPeriph_Driver/src/W7500x_gpio.c.obj
GPIO_ToggleBits                                   CMakeFiles/WDTReset.dir/__/__/__/__/Libraries/W7500x_stdPeriph_Driver/src/W7500x_gpio.c.obj
GPIO_Write                                        CMakeFiles/WDTReset.dir/__/__/__/__/Libraries/W7500x_stdPeriph_Driver/src/W7500x_gpio.c.obj
GPIO_WriteBit                                     CMakeFiles/WDTReset.dir/__/__/__/__/Libraries/W7500x_stdPeriph_Driver/src/W7500x_gpio.c.obj
GetSystemClock                                    CMakeFiles/WDTReset.dir/__/__/__/__/Libraries/CMSIS/Device/WIZnet/W7500/Source/system_W7500x.c.obj
HardFault_Handler                                 CMakeFiles/WDTReset.dir/W7500x_it.c.obj
I2C0_Handler                                      CMakeFiles/WDTReset.dir/W7500x_it.c.obj
I2C1_Handler                                      CMakeFiles/WDTReset.dir/W7500x_it.c.obj
MemManage_Handler                                 CMakeFiles/WDTReset.dir/__/__/__/__/Libraries/Startup/startup_W7500.s.obj
NMI_Handler                                       CMakeFiles/WDTReset.dir/W7500x_it.c.obj
NVIC_Configuration                                CMakeFiles/WDTReset.dir/main.c.obj
PAD_AFConfig                                      CMakeFiles/WDTReset.dir/__/__/__/__/Libraries/W7500x_stdPeriph_Driver/src/W7500x_gpio.c.obj
                                                  CMakeFiles/WDTReset.dir/main.c.obj
PORT0_Handler                                     CMakeFiles/WDTReset.dir/W7500x_it.c.obj
PORT1_Handler                                     CMakeFiles/WDTReset.dir/W7500x_it.c.obj
PORT2_Handler                                     CMakeFiles/WDTReset.dir/W7500x_it.c.obj
PORT3_Handler                                     CMakeFiles/WDTReset.dir/W7500x_it.c.obj
PWM0_Handler                                      CMakeFiles/WDTReset.dir/W7500x_it.c.obj
PWM1_Handler                                      CMakeFiles/WDTReset.dir/W7500x_it.c.obj
PWM2_Handler                                      CMakeFiles/WDTReset.dir/W7500x_it.c.obj
PWM3_Handler                                      CMakeFiles/WDTReset.dir/W7500x_it.c.obj
PWM4_Handler                                      CMakeFiles/WDTReset.dir/W7500x_it.c.obj
PWM5_Handler                                      CMakeFiles/WDTReset.dir/W7500x_it.c.obj
PWM6_Handler                                      CMakeFiles/WDTReset.dir/W7500x_it.c.obj
PWM7_Handler                                      CMakeFiles/WDTReset.dir/W7500x_it.c.obj
PendSV_Handler                                    CMakeFiles/WDTReset.dir/W7500x_it.c.obj
RTC_Handler                                       CMakeFiles/WDTReset.dir/__/__/__/__/Libraries/Startup/startup_W7500.s.obj
Reset_Handler                                     CMakeFiles/WDTReset.dir/__/__/__/__/Libraries/Startup/startup_W7500.s.obj
SSP0_Handler                                      CMakeFiles/WDTReset.dir/W7500x_it.c.obj
SSP1_Handler                                      CMakeFiles/WDTReset.dir/W7500x_it.c.obj
SVC_Handler                                       CMakeFiles/WDTReset.dir/W7500x_it.c.obj
SysTick_Handler                                   CMakeFiles/WDTReset.dir/W7500x_it.c.obj
SystemCoreClock                                   CMakeFiles/WDTReset.dir/__/__/__/__/Libraries/CMSIS/Device/WIZnet/W7500/Source/system_W7500x.c.obj
SystemCoreClockUpdate                             CMakeFiles/WDTReset.dir/__/__/__/__/Libraries/CMSIS/Device/WIZnet/W7500/Source/system_W7500x.c.obj
SystemFrequency                                   CMakeFiles/WDTReset.dir/__/__/__/__/Libraries/CMSIS/Device/WIZnet/W7500/Source/system_W7500x.c.obj
SystemInit                                        CMakeFiles/WDTReset.dir/__/__/__/__/Libraries/CMSIS/Device/WIZnet/W7500/Source/system_W7500x.c.obj
                                                  CMakeFiles/WDTReset.dir/main.c.obj
UART0_Handler                                     CMakeFiles/WDTReset.dir/W7500x_it.c.obj
UART1_Handler                                     CMakeFiles/WDTReset.dir/W7500x_it.c.obj
UART2_Handler                                     CMakeFiles/WDTReset.dir/W7500x_it.c.obj
UsageFault_Handler                                CMakeFiles/WDTReset.dir/__/__/__/__/Libraries/Startup/startup_W7500.s.obj
WDT_DeInit                                        CMakeFiles/WDTReset.dir/__/__/__/__/Libraries/W7500x_stdPeriph_Driver/src/W7500x_wdt.c.obj
WDT_GetWDTControl                                 CMakeFiles/WDTReset.dir/__/__/__/__/Libraries/W7500x_stdPeriph_Driver/src/W7500x_wdt.c.obj
WDT_GetWDTLoad                                    CMakeFiles/WDTReset.dir/__/__/__/__/Libraries/W7500x_stdPeriph_Driver/src/W7500x_wdt.c.obj
WDT_GetWDTMIS                                     CMakeFiles/WDTReset.dir/__/__/__/__/Libraries/W7500x_stdPeriph_Driver/src/W7500x_wdt.c.obj
WDT_GetWDTRIS                                     CMakeFiles/WDTReset.dir/__/__/__/__/Libraries/W7500x_stdPeriph_Driver/src/W7500x_wdt.c.obj
WDT_GetWDTValue                                   CMakeFiles/WDTReset.dir/__/__/__/__/Libraries/W7500x_stdPeriph_Driver/src/W7500x_wdt.c.obj
                                                  CMakeFiles/WDTReset.dir/main.c.obj
WDT_INT_Enable                                    CMakeFiles/WDTReset.dir/__/__/__/__/Libraries/W7500x_stdPeriph_Driver/src/W7500x_wdt.c.obj
WDT_Init                                          CMakeFiles/WDTReset.dir/__/__/__/__/Libraries/W7500x_stdPeriph_Driver/src/W7500x_wdt.c.obj
                                                  CMakeFiles/WDTReset.dir/main.c.obj
WDT_InitStructure                                 CMakeFiles/WDTReset.dir/main.c.obj
WDT_IntClear                                      CMakeFiles/WDTReset.dir/__/__/__/__/Libraries/W7500x_stdPeriph_Driver/src/W7500x_wdt.c.obj
                                                  CMakeFiles/WDTReset.dir/main.c.obj
WDT_Lock                                          CMakeFiles/WDTReset.dir/__/__/__/__/Libraries/W7500x_stdPeriph_Driver/src/W7500x_wdt.c.obj
WDT_SetWDTControl                                 CMakeFiles/WDTReset.dir/__/__/__/__/Libraries/W7500x_stdPeriph_Driver/src/W7500x_wdt.c.obj
WDT_SetWDTLoad                                    CMakeFiles/WDTReset.dir/__/__/__/__/Libraries/W7500x_stdPeriph_Driver/src/W7500x_wdt.c.obj
                                                  CMakeFiles/WDTReset.dir/main.c.obj
WDT_Start                                         CMakeFiles/WDTReset.dir/__/__/__/__/Libraries/W7500x_stdPeriph_Driver/src/W7500x_wdt.c.obj
                                                  CMakeFiles/WDTReset.dir/main.c.obj
WDT_Stop                                          CMakeFiles/WDTReset.dir/__/__/__/__/Libraries/W7500x_stdPeriph_Driver/src/W7500x_wdt.c.obj
WDT_Unlock                                        CMakeFiles/WDTReset.dir/__/__/__/__/Libraries/W7500x_stdPeriph_Driver/src/W7500x_wdt.c.obj
WZTOE_Handler                                     CMakeFiles/WDTReset.dir/W7500x_it.c.obj
__HEAP_SIZE                                       CMakeFiles/WDTReset.dir/__/__/__/__/Libraries/Startup/startup_W7500.s.obj
__HeapBase                                        CMakeFiles/WDTReset.dir/__/__/__/__/Libraries/Startup/startup_W7500.s.obj
__HeapLimit                                       CMakeFiles/WDTReset.dir/__/__/__/__/Libraries/Startup/startup_W7500.s.obj
__STACK_SIZE                                      CMakeFiles/WDTReset.dir/__/__/__/__/Libraries/Startup/startup_W7500.s.obj
__StackLimit                                      CMakeFiles/WDTReset.dir/__/__/__/__/Libraries/Startup/startup_W7500.s.obj
__StackTop                                        CMakeFiles/WDTReset.dir/__/__/__/__/Libraries/Startup/startup_W7500.s.obj
__aeabi_idiv0                                     c:/program files (x86)/gnu arm embedded toolchain/10 2021.10/bin/../lib/gcc/arm-none-eabi/10.3.1/thumb/v6-m/nofp\libgcc.a(_dvmd_tls.o)
                                                  c:/program files (x86)/gnu arm embedded toolchain/10 2021.10/bin/../lib/gcc/arm-none-eabi/10.3.1/thumb/v6-m/nofp\libgcc.a(_udivsi3.o)
__aeabi_ldiv0                                     c:/program files (x86)/gnu arm embedded toolchain/10 2021.10/bin/../lib/gcc/arm-none-eabi/10.3.1/thumb/v6-m/nofp\libgcc.a(_dvmd_tls.o)
__aeabi_uidiv                                     c:/program files (x86)/gnu arm embedded toolchain/10 2021.10/bin/../lib/gcc/arm-none-eabi/10.3.1/thumb/v6-m/nofp\libgcc.a(_udivsi3.o)
                                                  CMakeFiles/WDTReset.dir/__/__/__/__/Libraries/CMSIS/Device/WIZnet/W7500/Source/system_W7500x.c.obj
__aeabi_uidivmod                                  c:/program files (x86)/gnu arm embedded toolchain/10 2021.10/bin/../lib/gcc/arm-none-eabi/10.3.1/thumb/v6-m/nofp\libgcc.a(_udivsi3.o)
__bss_end__                                       CMakeFiles/WDTReset.dir/__/__/__/__/Libraries/Startup/startup_W7500.s.obj
                                                  c:/program files (x86)/gnu arm embedded toolchain/10 2021.10/bin/../lib/gcc/arm-none-eabi/10.3.1/../../../../arm-none-eabi/lib/thumb/v6-m/nofp/crt0.o
__bss_start__                                     CMakeFiles/WDTReset.dir/__/__/__/__/Libraries/Startup/startup_W7500.s.obj
                                                  c:/program files (x86)/gnu arm embedded toolchain/10 2021.10/bin/../lib/gcc/arm-none-eabi/10.3.1/../../../../arm-none-eabi/lib/thumb/v6-m/nofp/crt0.o
__call_exitprocs                                  c:/program files (x86)/gnu arm embedded toolchain/10 2021.10/bin/../lib/gcc/arm-none-eabi/10.3.1/../../../../arm-none-eabi/lib/thumb/v6-m/nofp\libc_nano.a(lib_a-exit.o)
__data_end__                                      CMakeFiles/WDTReset.dir/__/__/__/__/Libraries/Startup/startup_W7500.s.obj
__data_start__                                    CMakeFiles/WDTReset.dir/__/__/__/__/Libraries/Startup/startup_W7500.s.obj
__deregister_frame_info                           c:/program files (x86)/gnu arm embedded toolchain/10 2021.10/bin/../lib/gcc/arm-none-eabi/10.3.1/thumb/v6-m/nofp/crtbegin.o
__dso_handle                                      c:/program files (x86)/gnu arm embedded toolchain/10 2021.10/bin/../lib/gcc/arm-none-eabi/10.3.1/thumb/v6-m/nofp/crtbegin.o
__etext                                           CMakeFiles/WDTReset.dir/__/__/__/__/Libraries/Startup/startup_W7500.s.obj
__init_array_end                                  c:/program files (x86)/gnu arm embedded toolchain/10 2021.10/bin/../lib/gcc/arm-none-eabi/10.3.1/../../../../arm-none-eabi/lib/thumb/v6-m/nofp\libc_nano.a(lib_a-init.o)
__init_array_start                                c:/program files (x86)/gnu arm embedded toolchain/10 2021.10/bin/../lib/gcc/arm-none-eabi/10.3.1/../../../../arm-none-eabi/lib/thumb/v6-m/nofp\libc_nano.a(lib_a-init.o)
__isr_vector                                      CMakeFiles/WDTReset.dir/__/__/__/__/Libraries/Startup/startup_W7500.s.obj
__libc_fini_array                                 c:/program files (x86)/gnu arm embedded toolchain/10 2021.10/bin/../lib/gcc/arm-none-eabi/10.3.1/../../../../arm-none-eabi/lib/thumb/v6-m/nofp/crt0.o
__libc_init_array                                 c:/program files (x86)/gnu arm embedded toolchain/10 2021.10/bin/../lib/gcc/arm-none-eabi/10.3.1/../../../../arm-none-eabi/lib/thumb/v6-m/nofp\libc_nano.a(lib_a-init.o)
                                                  c:/program files (x86)/gnu arm embedded toolchain/10 2021.10/bin/../lib/gcc/arm-none-eabi/10.3.1/../../../../arm-none-eabi/lib/thumb/v6-m/nofp/crt0.o
__preinit_array_end                               c:/program files (x86)/gnu arm embedded toolchain/10 2021.10/bin/../lib/gcc/arm-none-eabi/10.3.1/../../../../arm-none-eabi/lib/thumb/v6-m/nofp\libc_nano.a(lib_a-init.o)
__preinit_array_start                             c:/program files (x86)/gnu arm embedded toolchain/10 2021.10/bin/../lib/gcc/arm-none-eabi/10.3.1/../../../../arm-none-eabi/lib/thumb/v6-m/nofp\libc_nano.a(lib_a-init.o)
__register_frame_info                             c:/program files (x86)/gnu arm embedded toolchain/10 2021.10/bin/../lib/gcc/arm-none-eabi/10.3.1/thumb/v6-m/nofp/crtbegin.o
__sf_fake_stderr                                  c:/program files (x86)/gnu arm embedded toolchain/10 2021.10/bin/../lib/gcc/arm-none-eabi/10.3.1/../../../../arm-none-eabi/lib/thumb/v6-m/nofp\libc_nano.a(lib_a-impure.o)
__sf_fake_stdin                                   c:/program files (x86)/gnu arm embedded toolchain/10 2021.10/bin/../lib/gcc/arm-none-eabi/10.3.1/../../../../arm-none-eabi/lib/thumb/v6-m/nofp\libc_nano.a(lib_a-impure.o)
__sf_fake_stdout                                  c:/program files (x86)/gnu arm embedded toolchain/10 2021.10/bin/../lib/gcc/arm-none-eabi/10.3.1/../../../../arm-none-eabi/lib/thumb/v6-m/nofp\libc_nano.a(lib_a-impure.o)
__stack                                           c:/program files (x86)/gnu arm embedded toolchain/10 2021.10/bin/../lib/gcc/arm-none-eabi/10.3.1/../../../../arm-none-eabi/lib/thumb/v6-m/nofp/crt0.o
__udivsi3                                         c:/program files (x86)/gnu arm embedded toolchain/10 2021.10/bin/../lib/gcc/arm-none-eabi/10.3.1/thumb/v6-m/nofp\libgcc.a(_udivsi3.o)
_exit                                             c:/program files (x86)/gnu arm embedded toolchain/10 2021.10/bin/../lib/gcc/arm-none-eabi/10.3.1/../../../../arm-none-eabi/lib/thumb/v6-m/nofp\libnosys.a(_exit.o)
                                                  c:/program files (x86)/gnu arm embedded toolchain/10 2021.10/bin/../lib/gcc/arm-none-eabi/10.3.1/../../../../arm-none-eabi/lib/thumb/v6-m/nofp\libc_nano.a(lib_a-exit.o)
_fini                                             c:/program files (x86)/gnu arm embedded toolchain/10 2021.10/bin/../lib/gcc/arm-none-eabi/10.3.1/thumb/v6-m/nofp/crti.o
_global_impure_ptr                                c:/program files (x86)/gnu arm embedded toolchain/10 2021.10/bin/../lib/gcc/arm-none-eabi/10.3.1/../../../../arm-none-eabi/lib/thumb/v6-m/nofp\libc_nano.a(lib_a-impure.o)
                                                  c:/program files (x86)/gnu arm embedded toolchain/10 2021.10/bin/../lib/gcc/arm-none-eabi/10.3.1/../../../../arm-none-eabi/lib/thumb/v6-m/nofp\libc_nano.a(lib_a-exit.o)
_impure_ptr                                       c:/program files (x86)/gnu arm embedded toolchain/10 2021.10/bin/../lib/gcc/arm-none-eabi/10.3.1/../../../../arm-none-eabi/lib/thumb/v6-m/nofp\libc_nano.a(lib_a-impure.o)
_init                                             c:/program files (x86)/gnu arm embedded toolchain/10 2021.10/bin/../lib/gcc/arm-none-eabi/10.3.1/thumb/v6-m/nofp/crti.o
                                                  c:/program files (x86)/gnu arm embedded toolchain/10 2021.10/bin/../lib/gcc/arm-none-eabi/10.3.1/../../../../arm-none-eabi/lib/thumb/v6-m/nofp\libc_nano.a(lib_a-init.o)
_mainCRTStartup                                   c:/program files (x86)/gnu arm embedded toolchain/10 2021.10/bin/../lib/gcc/arm-none-eabi/10.3.1/../../../../arm-none-eabi/lib/thumb/v6-m/nofp/crt0.o
_stack_init                                       c:/program files (x86)/gnu arm embedded toolchain/10 2021.10/bin/../lib/gcc/arm-none-eabi/10.3.1/../../../../arm-none-eabi/lib/thumb/v6-m/nofp/crt0.o
_start                                            c:/program files (x86)/gnu arm embedded toolchain/10 2021.10/bin/../lib/gcc/arm-none-eabi/10.3.1/../../../../arm-none-eabi/lib/thumb/v6-m/nofp/crt0.o
atexit                                            c:/program files (x86)/gnu arm embedded toolchain/10 2021.10/bin/../lib/gcc/arm-none-eabi/10.3.1/../../../../arm-none-eabi/lib/thumb/v6-m/nofp/crt0.o
exit                                              c:/program files (x86)/gnu arm embedded toolchain/10 2021.10/bin/../lib/gcc/arm-none-eabi/10.3.1/../../../../arm-none-eabi/lib/thumb/v6-m/nofp\libc_nano.a(lib_a-exit.o)
                                                  c:/program files (x86)/gnu arm embedded toolchain/10 2021.10/bin/../lib/gcc/arm-none-eabi/10.3.1/../../../../arm-none-eabi/lib/thumb/v6-m/nofp/crt0.o
hardware_init_hook                                c:/program files (x86)/gnu arm embedded toolchain/10 2021.10/bin/../lib/gcc/arm-none-eabi/10.3.1/../../../../arm-none-eabi/lib/thumb/v6-m/nofp/crt0.o
main                                              CMakeFiles/WDTReset.dir/main.c.obj
                                                  CMakeFiles/WDTReset.dir/__/__/__/__/Libraries/Startup/startup_W7500.s.obj
                                                  c:/program files (x86)/gnu arm embedded toolchain/10 2021.10/bin/../lib/gcc/arm-none-eabi/10.3.1/../../../../arm-none-eabi/lib/thumb/v6-m/nofp/crt0.o
memset                                            c:/program files (x86)/gnu arm embedded toolchain/10 2021.10/bin/../lib/gcc/arm-none-eabi/10.3.1/../../../../arm-none-eabi/lib/thumb/v6-m/nofp\libc_nano.a(lib_a-memset.o)
                                                  c:/program files (x86)/gnu arm embedded toolchain/10 2021.10/bin/../lib/gcc/arm-none-eabi/10.3.1/../../../../arm-none-eabi/lib/thumb/v6-m/nofp/crt0.o
reset_test                                        CMakeFiles/WDTReset.dir/main.c.obj
rst_info                                          CMakeFiles/WDTReset.dir/main.c.obj
software_init_hook                                c:/program files (x86)/gnu arm embedded toolchain/10 2021.10/bin/../lib/gcc/arm-none-eabi/10.3.1/../../../../arm-none-eabi/lib/thumb/v6-m/nofp/crt0.o
